node_modules/@testing-library/react/types/index.d.ts(9,24): error TS7016: Could not find a declaration file for module 'react-dom'. '/Users/andre.araujocosta/dev/fps/blackout/node_modules/react-dom/index.js' implicitly has an 'any' type.
  Try `npm i --save-dev @types/react-dom` if it exists or add a new declaration (.d.ts) file containing `declare module 'react-dom';`
node_modules/@testing-library/react/types/index.d.ts(10,31): error TS7016: Could not find a declaration file for module 'react-dom/test-utils'. '/Users/andre.araujocosta/dev/fps/blackout/node_modules/react-dom/test-utils.js' implicitly has an 'any' type.
  Try `npm i --save-dev @types/react-dom` if it exists or add a new declaration (.d.ts) file containing `declare module 'react-dom/test-utils';`
packages/analytics/src/integrations/index.ts(2,41): error TS7016: Could not find a declaration file for module './Omnitracking'. '/Users/andre.araujocosta/dev/fps/blackout/packages/analytics/src/integrations/Omnitracking/index.js' implicitly has an 'any' type.
packages/analytics/src/integrations/index.ts(3,45): error TS7016: Could not find a declaration file for module './AnalyticsService'. '/Users/andre.araujocosta/dev/fps/blackout/packages/analytics/src/integrations/AnalyticsService/index.js' implicitly has an 'any' type.
packages/client/src/addresses/__fixtures__/getPredictionDetails.fixtures.ts(12,92): error TS2532: Object is possibly 'undefined'.
packages/client/src/addresses/__fixtures__/getPredictionDetails.fixtures.ts(24,92): error TS2532: Object is possibly 'undefined'.
packages/client/src/addresses/__fixtures__/getPredictions.fixtures.ts(5,19): error TS7006: Parameter 'params' implicitly has an 'any' type.
packages/client/src/addresses/__tests__/getPredictions.test.ts(50,39): error TS2345: Argument of type 'null' is not assignable to parameter of type 'GetPredictionsQuery | undefined'.
packages/client/src/addresses/getPredictions.ts(5,19): error TS7006: Parameter 'params' implicitly has an 'any' type.
packages/client/src/authentication/__tests__/deleteTokens.test.ts(29,18): error TS2554: Expected 2 arguments, but got 1.
packages/client/src/authentication/__tests__/deleteTokens.test.ts(39,18): error TS2554: Expected 2 arguments, but got 1.
packages/client/src/authentication/__tests__/postGuestTokens.test.ts(40,20): error TS2554: Expected 2 arguments, but got 1.
packages/client/src/authentication/__tests__/postGuestTokens.test.ts(50,20): error TS2554: Expected 2 arguments, but got 1.
packages/client/src/authentication/__tests__/postLogin.test.ts(24,24): error TS2740: Type '{ bagId: string; dateOfBirth: null; email: string; gender: number; id: number; name: string; phoneNumber: null; segments: never[]; username: string; wishlistId: string; isExternalLogin: boolean; isGuest: boolean; guestBagItemsMerged: number; }' is missing the following properties from type 'LoginResponse': title, whishlistId, status, lastName, and 6 more.
packages/client/src/authentication/__tests__/postRegister.test.ts(28,24): error TS2322: Type '{ bagId: string; dateOfBirth: null; email: string; gender: number; id: number; name: string; phoneNumber: null; segments: never[]; username: string; wishlistId: string; isExternalLogin: boolean; isGuest: boolean; guestBagItemsMerged: number; }' is not assignable to type 'LoginResponse'.
packages/client/src/authentication/__tests__/postTokens.test.ts(44,20): error TS2554: Expected 2 arguments, but got 1.
packages/client/src/authentication/__tests__/postTokens.test.ts(54,20): error TS2554: Expected 2 arguments, but got 1.
packages/client/src/bags/__tests__/deleteBagItem.test.ts(22,9): error TS2741: Property 'hadUnavailableItems' is missing in type '{ id: string; count: number; items: { attributes: { type: string; value: string; }[]; brandId: string; brandName: string; dateCreated: string; id: number; images: {}; labels: never[]; merchantId: number; merchantName: string; ... 6 more ...; type: number; }[]; bagSummary: { ...; }; }' but required in type 'Bag'.
packages/client/src/bags/__tests__/getBag.test.ts(14,36): error TS2345: Argument of type '{ id: string; count: number; items: { attributes: { type: string; value: string; }[]; brandId: string; brandName: string; dateCreated: string; id: number; images: {}; labels: never[]; merchantId: number; merchantName: string; ... 6 more ...; type: number; }[]; bagSummary: { ...; }; }' is not assignable to parameter of type 'Bag'.
packages/client/src/bags/__tests__/patchBagItem.test.ts(19,36): error TS2345: Argument of type '{ id: string; count: number; items: { attributes: { type: string; value: string; }[]; brandId: string; brandName: string; dateCreated: string; id: number; images: {}; labels: never[]; merchantId: number; merchantName: string; ... 6 more ...; type: number; }[]; bagSummary: { ...; }; }' is not assignable to parameter of type 'Bag'.
packages/client/src/bags/__tests__/patchBagItem.test.ts(24,46): error TS2345: Argument of type '{ merchant: { id: number; }; product: { id: number; }; size: { id: number; }; scale: string; quantity: number; }' is not assignable to parameter of type 'PatchBagItemData'.
  Type '{ merchant: { id: number; }; product: { id: number; }; size: { id: number; }; scale: string; quantity: number; }' is missing the following properties from type 'PatchBagItemData': productId, merchantId
packages/client/src/bags/__tests__/patchBagItem.test.ts(40,46): error TS2345: Argument of type '{ merchant: { id: number; }; product: { id: number; }; size: { id: number; }; scale: string; quantity: number; }' is not assignable to parameter of type 'PatchBagItemData'.
packages/client/src/bags/__tests__/postBagItem.test.ts(14,36): error TS2345: Argument of type '{ id: string; count: number; items: { attributes: { type: string; value: string; }[]; brandId: string; brandName: string; dateCreated: string; id: number; images: {}; labels: never[]; merchantId: number; merchantName: string; ... 6 more ...; type: number; }[]; bagSummary: { ...; }; }' is not assignable to parameter of type 'Bag'.
packages/client/src/bags/__tests__/postBagItem.test.ts(18,41): error TS2345: Argument of type '{ merchant: { id: number; }; product: { id: number; }; size: { id: number; }; scale: string; quantity: number; }' is not assignable to parameter of type 'PostBagItemData'.
  Property 'productId' is missing in type '{ merchant: { id: number; }; product: { id: number; }; size: { id: number; }; scale: string; quantity: number; }' but required in type 'PostBagItemData'.
packages/client/src/bags/__tests__/postBagItem.test.ts(34,41): error TS2345: Argument of type '{ merchant: { id: number; }; product: { id: number; }; size: { id: number; }; scale: string; quantity: number; }' is not assignable to parameter of type 'PostBagItemData'.
packages/client/src/brands/__tests__/getBrands.test.ts(21,30): error TS2345: Argument of type '{ id: string; }' is not assignable to parameter of type 'BrandsQuery'.
  Types of property 'id' are incompatible.
    Type 'string' is not assignable to type 'number | undefined'.
packages/client/src/brands/__tests__/getBrands.test.ts(34,30): error TS2345: Argument of type '{ id: string; }' is not assignable to parameter of type 'BrandsQuery'.
packages/client/src/categories/__tests__/getCategories.test.ts(14,36): error TS2345: Argument of type '{ id: number; name: string; gender: string; }[]' is not assignable to parameter of type 'Category[]'.
  Property 'parentId' is missing in type '{ id: number; name: string; gender: string; }' but required in type 'Category'.
packages/client/src/categories/__tests__/getTopCategories.test.ts(14,36): error TS2345: Argument of type '{ id: number; name: string; gender: string; }[]' is not assignable to parameter of type 'Category[]'.
packages/client/src/checkout/__fixtures__/getCharges.fixtures.ts(1,1): error TS1371: This import is never used as a value and must use 'import type' because 'importsNotUsedAsValues' is set to 'error'.
packages/client/src/checkout/__fixtures__/getCheckout.fixtures.ts(1,1): error TS1371: This import is never used as a value and must use 'import type' because 'importsNotUsedAsValues' is set to 'error'.
packages/client/src/checkout/__fixtures__/getCheckoutDetails.fixtures.ts(1,1): error TS1371: This import is never used as a value and must use 'import type' because 'importsNotUsedAsValues' is set to 'error'.
packages/client/src/checkout/__fixtures__/getCollectPoints.fixtures.ts(1,1): error TS1371: This import is never used as a value and must use 'import type' because 'importsNotUsedAsValues' is set to 'error'.
packages/client/src/checkout/__fixtures__/getCollectPoints.fixtures.ts(1,24): error TS2305: Module '"../types"' has no exported member 'Query'.
packages/client/src/checkout/__fixtures__/getDeliveryBundleUpgrades.fixtures.ts(1,1): error TS1371: This import is never used as a value and must use 'import type' because 'importsNotUsedAsValues' is set to 'error'.
packages/client/src/checkout/__fixtures__/getItemDeliveryProvisioning.fixtures.ts(1,1): error TS1371: This import is never used as a value and must use 'import type' because 'importsNotUsedAsValues' is set to 'error'.
packages/client/src/checkout/__fixtures__/getUpgradeItemDeliveryProvisioning.fixtures.ts(1,1): error TS1371: This import is never used as a value and must use 'import type' because 'importsNotUsedAsValues' is set to 'error'.
packages/client/src/checkout/__fixtures__/patchCheckout.fixtures.ts(1,1): error TS1371: This import is never used as a value and must use 'import type' because 'importsNotUsedAsValues' is set to 'error'.
packages/client/src/checkout/__fixtures__/patchCheckout.fixtures.ts(16,7): error TS2769: No overload matches this call.
  Overload 1 of 11, '(p1: PathArg, p2: PathArg, options?: Options | undefined): string', gave the following error.
    Type 'PatchCheckoutData' is not assignable to type '{ [k: string]: string | number | readonly (string | number)[]; }'.
      Property 'shippingAddress' is incompatible with index signature.
        Type 'FlatAddress' is not assignable to type 'string | number | readonly (string | number)[]'.
          Type 'FlatAddress' is missing the following properties from type 'readonly (string | number)[]': length, concat, join, slice, and 18 more.
  Overload 2 of 11, '(p1: PathArg, p2: PathArg, p3: PathArg, options?: Options | undefined): string', gave the following error.
    Argument of type '{ query: PatchCheckoutData; }' is not assignable to parameter of type 'PathArg'.
      Type '{ query: PatchCheckoutData; }' is not assignable to type 'number'.
packages/client/src/checkout/__fixtures__/patchCheckout.fixtures.ts(30,7): error TS2769: No overload matches this call.
  Overload 1 of 11, '(p1: PathArg, p2: PathArg, options?: Options | undefined): string', gave the following error.
    Type 'PatchCheckoutData' is not assignable to type '{ [k: string]: string | number | readonly (string | number)[]; }'.
  Overload 2 of 11, '(p1: PathArg, p2: PathArg, p3: PathArg, options?: Options | undefined): string', gave the following error.
    Argument of type '{ query: PatchCheckoutData; }' is not assignable to parameter of type 'PathArg'.
      Type '{ query: PatchCheckoutData; }' is not assignable to type 'number'.
packages/client/src/checkout/__fixtures__/patchCheckoutCompletePayment.fixtures.ts(1,1): error TS1371: This import is never used as a value and must use 'import type' because 'importsNotUsedAsValues' is set to 'error'.
packages/client/src/checkout/__fixtures__/patchDeliveryBundleUpgrades.fixtures.ts(1,1): error TS1371: This import is never used as a value and must use 'import type' because 'importsNotUsedAsValues' is set to 'error'.
packages/client/src/checkout/__fixtures__/patchGiftMessage.fixtures.ts(1,1): error TS1371: This import is never used as a value and must use 'import type' because 'importsNotUsedAsValues' is set to 'error'.
packages/client/src/checkout/__fixtures__/postCharges.fixtures.ts(1,1): error TS1371: This import is never used as a value and must use 'import type' because 'importsNotUsedAsValues' is set to 'error'.
packages/client/src/checkout/__fixtures__/postCheckout.fixtures.ts(1,1): error TS1371: This import is never used as a value and must use 'import type' because 'importsNotUsedAsValues' is set to 'error'.
packages/client/src/checkout/__fixtures__/putItemTags.fixtures.ts(1,1): error TS1371: This import is never used as a value and must use 'import type' because 'importsNotUsedAsValues' is set to 'error'.
packages/client/src/checkout/__fixtures__/putPromocode.fixtures.ts(1,1): error TS1371: This import is never used as a value and must use 'import type' because 'importsNotUsedAsValues' is set to 'error'.
packages/client/src/checkout/__fixtures__/putTags.fixtures.ts(1,1): error TS1371: This import is never used as a value and must use 'import type' because 'importsNotUsedAsValues' is set to 'error'.
packages/client/src/checkout/__tests__/getCollectPoints.test.ts(88,52): error TS2345: Argument of type '{ orderId: number; }' is not assignable to parameter of type 'GetCollectPointsQuery'.
  Type '{ orderId: number; }' is missing the following properties from type 'GetCollectPointsQuery': IsStockAvailable, IsClickAndCollectAvailable
packages/client/src/checkout/__tests__/getCollectPoints.test.ts(98,41): error TS2345: Argument of type '{ orderId: number; }' is not assignable to parameter of type 'GetCollectPointsQuery'.
packages/client/src/checkout/__tests__/getDeliveryBundleUpgrades.test.ts(26,7): error TS2322: Type '{ additionalProp1: { Nominated: { id: string; name: string; isSelected: boolean; price: number; formattedPrice: string; currency: string; rank: number; itemId: number; deliveryWindow: { type: DeliveryWindowType; min: string; max: string; }; index: number; }[]; Estimated: { ...; }[]; }; additionalProp2: { ...; }; add...' is not assignable to type 'GetDeliveryBundleUpgradesResponse'.
  Object literal may only specify known properties, and 'additionalProp1' does not exist in type 'GetDeliveryBundleUpgradesResponse'.
packages/client/src/checkout/__tests__/getItemDeliveryProvisioning.test.ts(2,1): error TS1371: This import is never used as a value and must use 'import type' because 'importsNotUsedAsValues' is set to 'error'.
packages/client/src/checkout/__tests__/getUpgradeItemDeliveryProvisioning.test.ts(2,1): error TS1371: This import is never used as a value and must use 'import type' because 'importsNotUsedAsValues' is set to 'error'.
packages/client/src/checkout/__tests__/getUpgradeItemDeliveryProvisioning.test.ts(51,9): error TS2345: Argument of type 'number' is not assignable to parameter of type 'string'.
packages/client/src/checkout/__tests__/getUpgradeItemDeliveryProvisioning.test.ts(68,9): error TS2345: Argument of type 'number' is not assignable to parameter of type 'string'.
packages/client/src/checkout/__tests__/patchCheckoutCompletePayment.test.ts(2,1): error TS1371: This import is never used as a value and must use 'import type' because 'importsNotUsedAsValues' is set to 'error'.
packages/client/src/checkout/__tests__/patchGiftMessage.test.ts(2,1): error TS1371: This import is never used as a value and must use 'import type' because 'importsNotUsedAsValues' is set to 'error'.
packages/client/src/checkout/__tests__/postCharges.test.ts(50,47): error TS2345: Argument of type 'number' is not assignable to parameter of type 'string'.
packages/client/src/checkout/__tests__/postCharges.test.ts(60,36): error TS2345: Argument of type 'number' is not assignable to parameter of type 'string'.
packages/client/src/checkout/getCollectPoints.ts(29,10): error TS2769: No overload matches this call.
  Overload 1 of 11, '(p1: PathArg, options?: Options | undefined): string', gave the following error.
    Type 'GetCollectPointsQuery | undefined' is not assignable to type '{ [k: string]: string | number | readonly (string | number)[]; } | undefined'.
      Type 'GetCollectPointsQuery' is not assignable to type '{ [k: string]: string | number | readonly (string | number)[]; }'.
        Property 'IsStockAvailable' is incompatible with index signature.
          Type 'boolean' is not assignable to type 'string | number | readonly (string | number)[]'.
  Overload 2 of 11, '(p1: PathArg, p2: PathArg, options?: Options | undefined): string', gave the following error.
    Argument of type '{ query: GetCollectPointsQuery | undefined; }' is not assignable to parameter of type 'PathArg'.
      Type '{ query: GetCollectPointsQuery | undefined; }' is not assignable to type 'number'.
packages/client/src/contents/getSearchContents.ts(51,10): error TS2769: No overload matches this call.
  Overload 1 of 11, '(p1: PathArg, options?: Options | undefined): string', gave the following error.
    Type 'QueryContents' is not assignable to type '{ [k: string]: string | number | readonly (string | number)[]; } | undefined'.
      Type 'QueryContents' is not assignable to type '{ [k: string]: string | number | readonly (string | number)[]; }'.
        'string' index signatures are incompatible.
          Type 'string | number | string[] | undefined' is not assignable to type 'string | number | readonly (string | number)[]'.
            Type 'undefined' is not assignable to type 'string | number | readonly (string | number)[]'.
  Overload 2 of 11, '(p1: PathArg, p2: PathArg, options?: Options | undefined): string', gave the following error.
    Argument of type '{ query: QueryContents; }' is not assignable to parameter of type 'PathArg'.
      Type '{ query: QueryContents; }' is not assignable to type 'number'.
packages/client/src/contents/getSEO.ts(23,10): error TS2769: No overload matches this call.
  Overload 1 of 11, '(p1: PathArg, options?: Options | undefined): string', gave the following error.
    Type 'QuerySEO' is not assignable to type '{ [k: string]: string | number | readonly (string | number)[]; }'.
      Property 'param' is incompatible with index signature.
        Type 'string | null' is not assignable to type 'string | number | readonly (string | number)[]'.
          Type 'null' is not assignable to type 'string | number | readonly (string | number)[]'.
  Overload 2 of 11, '(p1: PathArg, p2: PathArg, options?: Options | undefined): string', gave the following error.
    Argument of type '{ query: QuerySEO; }' is not assignable to parameter of type 'PathArg'.
      Type '{ query: QuerySEO; }' is not assignable to type 'number'.
packages/client/src/designers/__tests__/getDesigners.test.ts(19,38): error TS2345: Argument of type '{ title: string; slug: string; gender: string; list: { title: string; description: string; image: string; slug: string; slugSuffix: null; }[]; }[]' is not assignable to parameter of type 'Designers'.
  Target requires 1 element(s) but source may have fewer.
packages/client/src/designers/__tests__/getDesigners.test.ts(22,33): error TS2559: Type '{ categoryid: string; }' has no properties in common with type 'GetDesignersQuery'.
packages/client/src/designers/__tests__/getDesigners.test.ts(34,33): error TS2559: Type '{ categoryid: string; }' has no properties in common with type 'GetDesignersQuery'.
packages/client/src/forms/__fixtures__/getFormSchema.fixtures.ts(9,15): error TS7006: Parameter 'schemaCode' implicitly has an 'any' type.
packages/client/src/forms/__fixtures__/getFormSchema.fixtures.ts(9,27): error TS7006: Parameter 'query' implicitly has an 'any' type.
packages/client/src/forms/__fixtures__/getFormSchema.fixtures.ts(9,34): error TS7006: Parameter 'response' implicitly has an 'any' type.
packages/client/src/forms/__fixtures__/getFormSchema.fixtures.ts(15,11): error TS2345: Argument of type '{ method: string; response: any; status: number; }' is not assignable to parameter of type 'Item'.
  Object literal may only specify known properties, and 'method' does not exist in type 'Item'.
packages/client/src/forms/__fixtures__/getFormSchema.fixtures.ts(23,9): error TS2345: Argument of type '{ method: string; response: string; status: number; }' is not assignable to parameter of type 'Item'.
  Object literal may only specify known properties, and 'method' does not exist in type 'Item'.
packages/client/src/forms/__fixtures__/postFormData.fixtures.ts(8,15): error TS7006: Parameter 'schemaCode' implicitly has an 'any' type.
packages/client/src/forms/__fixtures__/postFormData.fixtures.ts(8,27): error TS7006: Parameter 'response' implicitly has an 'any' type.
packages/client/src/forms/__fixtures__/postFormData.fixtures.ts(10,9): error TS2345: Argument of type '{ method: string; response: any; status: number; }' is not assignable to parameter of type 'Item'.
  Object literal may only specify known properties, and 'method' does not exist in type 'Item'.
packages/client/src/forms/__fixtures__/postFormData.fixtures.ts(15,12): error TS7006: Parameter 'schemaCode' implicitly has an 'any' type.
packages/client/src/forms/__fixtures__/postFormData.fixtures.ts(17,9): error TS2345: Argument of type '{ method: string; response: string; status: number; }' is not assignable to parameter of type 'Item'.
  Object literal may only specify known properties, and 'method' does not exist in type 'Item'.
packages/client/src/forms/__tests__/getFormSchema.test.ts(35,9): error TS2769: No overload matches this call.
  Overload 1 of 11, '(p1: PathArg, options?: Options | undefined): string', gave the following error.
    Type '{ resolveJsonSchemaPresets: boolean; includeJsonSchema: boolean; }' is not assignable to type '{ [k: string]: string | number | readonly (string | number)[]; }'.
      Property 'resolveJsonSchemaPresets' is incompatible with index signature.
        Type 'boolean' is not assignable to type 'string | number | readonly (string | number)[]'.
  Overload 2 of 11, '(p1: PathArg, p2: PathArg, options?: Options | undefined): string', gave the following error.
    Argument of type '{ query: { resolveJsonSchemaPresets: boolean; includeJsonSchema: boolean; }; }' is not assignable to parameter of type 'PathArg'.
      Type '{ query: { resolveJsonSchemaPresets: boolean; includeJsonSchema: boolean; }; }' is not assignable to type 'number'.
packages/client/src/forms/__tests__/getFormSchema.test.ts(43,28): error TS2554: Expected 0 arguments, but got 1.
packages/client/src/forms/__tests__/getFormSchema.test.ts(54,9): error TS2769: No overload matches this call.
  Overload 1 of 11, '(p1: PathArg, options?: Options | undefined): string', gave the following error.
    Type '{ resolveJsonSchemaPresets: boolean; includeJsonSchema: boolean; }' is not assignable to type '{ [k: string]: string | number | readonly (string | number)[]; }'.
  Overload 2 of 11, '(p1: PathArg, p2: PathArg, options?: Options | undefined): string', gave the following error.
    Argument of type '{ query: { resolveJsonSchemaPresets: boolean; includeJsonSchema: boolean; }; }' is not assignable to parameter of type 'PathArg'.
      Type '{ query: { resolveJsonSchemaPresets: boolean; includeJsonSchema: boolean; }; }' is not assignable to type 'number'.
packages/client/src/forms/getFormSchema.ts(21,10): error TS2769: No overload matches this call.
  Overload 1 of 11, '(p1: PathArg, options?: Options | undefined): string', gave the following error.
    Type 'FormSchemaQuery | undefined' is not assignable to type '{ [k: string]: string | number | readonly (string | number)[]; } | undefined'.
      Type 'FormSchemaQuery' is not assignable to type '{ [k: string]: string | number | readonly (string | number)[]; }'.
        Property 'includeJsonSchema' is incompatible with index signature.
          Type 'boolean' is not assignable to type 'string | number | readonly (string | number)[]'.
  Overload 2 of 11, '(p1: PathArg, p2: PathArg, options?: Options | undefined): string', gave the following error.
    Argument of type '{ query: FormSchemaQuery | undefined; }' is not assignable to parameter of type 'PathArg'.
      Type '{ query: FormSchemaQuery | undefined; }' is not assignable to type 'number'.
packages/client/src/helpers/__tests__/Logger.test.ts(11,7): error TS7034: Variable 'logger' implicitly has type 'any' in some locations where its type cannot be determined.
packages/client/src/helpers/__tests__/Logger.test.ts(19,5): error TS7005: Variable 'logger' implicitly has an 'any' type.
packages/client/src/helpers/__tests__/Logger.test.ts(38,5): error TS7005: Variable 'logger' implicitly has an 'any' type.
packages/client/src/helpers/__tests__/Logger.test.ts(46,5): error TS7005: Variable 'logger' implicitly has an 'any' type.
packages/client/src/helpers/__tests__/Logger.test.ts(54,5): error TS7005: Variable 'logger' implicitly has an 'any' type.
packages/client/src/helpers/__tests__/Logger.test.ts(62,5): error TS7005: Variable 'logger' implicitly has an 'any' type.
packages/client/src/helpers/__tests__/warnDeprecatedMethod.test.ts(16,12): error TS2532: Object is possibly 'undefined'.
packages/client/src/helpers/__tests__/warnDeprecatedMethod.test.ts(22,5): error TS2554: Expected 3 arguments, but got 2.
packages/client/src/helpers/__tests__/warnDeprecatedMethod.test.ts(24,12): error TS2532: Object is possibly 'undefined'.
packages/client/src/helpers/__tests__/warnDeprecatedProp.test.ts(18,12): error TS2532: Object is possibly 'undefined'.
packages/client/src/helpers/adapters/__fixtures__/adapters.fixtures.ts(34,26): error TS7006: Parameter 'size' implicitly has an 'any' type.
packages/client/src/helpers/adapters/__fixtures__/adapters.fixtures.ts(34,32): error TS7006: Parameter 'pos' implicitly has an 'any' type.
packages/client/src/helpers/adapters/__tests__/adaptAttributes.test.ts(15,39): error TS2345: Argument of type '{ sizeId: string; sizeDescription: string; isOneSize: boolean; scale: string; scaleAbbreviation: string; variants: { barcodes: string[]; quantity: number; merchantId: number; formattedPrice: string; formattedPriceWithoutDiscount: string; }[]; }[]' is not assignable to parameter of type 'Size[]'.
  Type '{ sizeId: string; sizeDescription: string; isOneSize: boolean; scale: string; scaleAbbreviation: string; variants: { barcodes: string[]; quantity: number; merchantId: number; formattedPrice: string; formattedPriceWithoutDiscount: string; }[]; }' is not assignable to type 'Size'.
    Types of property 'variants' are incompatible.
      Type '{ barcodes: string[]; quantity: number; merchantId: number; formattedPrice: string; formattedPriceWithoutDiscount: string; }[]' is not assignable to type 'SizeVariant[]'.
        Type '{ barcodes: string[]; quantity: number; merchantId: number; formattedPrice: string; formattedPriceWithoutDiscount: string; }' is missing the following properties from type 'SizeVariant': priceInclTaxes, priceInclTaxesWithoutDiscount
packages/client/src/helpers/adapters/__tests__/adaptAttributes.test.ts(37,7): error TS2345: Argument of type '{ sizeId: string; sizeDescription: string; isOneSize: boolean; scale: string; scaleAbbreviation: string; variants: { barcodes: string[]; quantity: number; merchantId: number; formattedPrice: string; formattedPriceWithoutDiscount: string; }[]; }[]' is not assignable to parameter of type 'Size[]'.
packages/client/src/helpers/adapters/__tests__/adaptAttributes.test.ts(46,44): error TS2345: Argument of type '{ sizeId: string; sizeDescription: string; scale: string; isOneSize: boolean; variants: { barcodes: string[]; quantity: number; merchantId: number; formattedPrice: string; formattedPriceWithoutDiscount: string; }[]; }[]' is not assignable to parameter of type 'Size[]'.
  Property 'scaleAbbreviation' is missing in type '{ sizeId: string; sizeDescription: string; scale: string; isOneSize: boolean; variants: { barcodes: string[]; quantity: number; merchantId: number; formattedPrice: string; formattedPriceWithoutDiscount: string; }[]; }' but required in type 'Size'.
packages/client/src/helpers/adapters/__tests__/adaptPrice.test.ts(40,23): error TS2345: Argument of type '{ discountRate: undefined; promotionPercentage: number; discountExclTaxes: number; discountInclTaxes: number; formattedPrice: string; formattedPriceWithoutCurrency: string; formattedPriceWithoutDiscount: string; ... 11 more ...; type: number; }' is not assignable to parameter of type 'Price | ProductSummaryPrice | ProductSummaryTypedPrice | PriceAdapted'.
  Type '{ discountRate: undefined; promotionPercentage: number; discountExclTaxes: number; discountInclTaxes: number; formattedPrice: string; formattedPriceWithoutCurrency: string; formattedPriceWithoutDiscount: string; ... 11 more ...; type: number; }' is not assignable to type 'Price'.
    Types of property 'discountRate' are incompatible.
      Type 'undefined' is not assignable to type 'number'.
packages/client/src/helpers/adapters/__tests__/adaptPrice.test.ts(46,12): error TS2532: Object is possibly 'undefined'.
packages/client/src/helpers/adapters/__tests__/adaptPrice.test.ts(51,12): error TS2532: Object is possibly 'undefined'.
packages/client/src/helpers/adapters/__tests__/adaptProductImages.test.ts(49,5): error TS2532: Object is possibly 'undefined'.
packages/client/src/helpers/adapters/__tests__/adaptProductImages.test.ts(49,5): error TS2571: Object is of type 'unknown'.
packages/client/src/helpers/adapters/__tests__/adaptProductImages.test.ts(49,20): error TS7006: Parameter 'image' implicitly has an 'any' type.
packages/client/src/helpers/adapters/__tests__/adaptProductImages.test.ts(60,5): error TS2532: Object is possibly 'undefined'.
packages/client/src/helpers/adapters/__tests__/adaptProductImages.test.ts(60,5): error TS2571: Object is of type 'unknown'.
packages/client/src/helpers/adapters/__tests__/adaptProductImages.test.ts(60,20): error TS7006: Parameter 'image' implicitly has an 'any' type.
packages/client/src/helpers/adapters/__tests__/adaptProductSizes.test.ts(15,12): error TS2554: Expected 1-2 arguments, but got 0.
packages/client/src/helpers/adapters/__tests__/adaptProductSizes.test.ts(19,30): error TS2345: Argument of type '{ sizeId: string; sizeDescription: string; isOneSize: boolean; scale: string; scaleAbbreviation: string; variants: { barcodes: string[]; quantity: number; merchantId: number; formattedPrice: string; formattedPriceWithoutDiscount: string; }[]; }[]' is not assignable to parameter of type 'Size[]'.
packages/client/src/helpers/adapters/__tests__/adaptProductSizes.test.ts(26,7): error TS2345: Argument of type '{ sizeId: string; sizeDescription: string; isOneSize: boolean; scale: string; scaleAbbreviation: string; variants: { barcodes: string[]; quantity: number; merchantId: number; formattedPrice: string; formattedPriceWithoutDiscount: string; }[]; }[]' is not assignable to parameter of type 'Size[]'.
packages/client/src/helpers/adapters/__tests__/adaptProductSizes.test.ts(42,38): error TS2345: Argument of type '{ sizeId: string; sizeDescription: string; scale: string; isOneSize: boolean; variants: { barcodes: string[]; quantity: number; merchantId: number; formattedPrice: string; formattedPriceWithoutDiscount: string; }[]; }[]' is not assignable to parameter of type 'Size[]'.
packages/client/src/helpers/adapters/__tests__/adaptProductSizes.test.ts(51,38): error TS2345: Argument of type '{ sizeId: string; sizeDescription: string; scale: string; isOneSize: boolean; variants: { barcodes: string[]; quantity: number; merchantId: number; formattedPrice: string; formattedPriceWithoutDiscount: string; }[]; }[]' is not assignable to parameter of type 'Size[]'.
  Property 'scaleAbbreviation' is missing in type '{ sizeId: string; sizeDescription: string; scale: string; isOneSize: boolean; variants: { barcodes: string[]; quantity: number; merchantId: number; formattedPrice: string; formattedPriceWithoutDiscount: string; }[]; }' but required in type 'Size'.
packages/client/src/helpers/adapters/__tests__/adaptProductSizes.test.ts(62,36): error TS2345: Argument of type '({ size: string; scale: string; merchantId: number; purchaseChannel: number; attributes: { type: number; description: string; value: string; }[]; } | { size: string; scale: string; merchantId: number; purchaseChannel: number; attributes: { ...; }[][]; })[]' is not assignable to parameter of type 'ProductVariant[]'.
  Type '{ size: string; scale: string; merchantId: number; purchaseChannel: number; attributes: { type: number; description: string; value: string; }[]; } | { size: string; scale: string; merchantId: number; purchaseChannel: number; attributes: { ...; }[][]; }' is not assignable to type 'ProductVariant'.
    Type '{ size: string; scale: string; merchantId: number; purchaseChannel: number; attributes: { type: number; description: string; value: string; }[]; }' is missing the following properties from type 'ProductVariant': id, availableAt, price, formattedPrice, and 6 more.
packages/client/src/helpers/adapters/__tests__/adaptProductSizes.test.ts(70,39): error TS2345: Argument of type '({ size: string; scale: string; merchantId: number; purchaseChannel: number; attributes: { type: number; description: string; value: string; }[]; } | { size: string; scale: string; merchantId: number; purchaseChannel: number; attributes: { ...; }[][]; })[]' is not assignable to parameter of type 'ProductVariant[]'.
packages/client/src/helpers/adapters/__tests__/adaptProductSizes.test.ts(75,35): error TS2345: Argument of type '({ size: string; scale: string; merchantId: number; purchaseChannel: number; attributes: { type: number; description: string; value: string; }[]; } | { size: string; scale: string; merchantId: number; purchaseChannel: number; attributes: { ...; }[][]; })[]' is not assignable to parameter of type 'ProductVariant[]'.
packages/client/src/helpers/adapters/adaptProductRecommendations.ts(25,7): error TS2532: Object is possibly 'undefined'.
packages/client/src/helpers/adapters/adaptProductRecommendations.ts(26,11): error TS2532: Object is possibly 'undefined'.
packages/client/src/loyalty/__fixtures__/getProgramMembershipStatements.fixtures.ts(21,7): error TS2769: No overload matches this call.
  Overload 1 of 11, '(p1: PathArg, p2: PathArg, p3: PathArg, p4: PathArg, p5: PathArg, options?: Options | undefined): string', gave the following error.
    Type 'GetProgramMembershipStatementsQuery' is not assignable to type '{ [k: string]: string | number | readonly (string | number)[]; }'.
  Overload 2 of 11, '(p1: PathArg, p2: PathArg, p3: PathArg, p4: PathArg, p5: PathArg, p6: PathArg, options?: Options | undefined): string', gave the following error.
    Argument of type '{ query: GetProgramMembershipStatementsQuery; }' is not assignable to parameter of type 'PathArg'.
      Type '{ query: GetProgramMembershipStatementsQuery; }' is not assignable to type 'number'.
packages/client/src/loyalty/__fixtures__/getProgramMembershipStatements.fixtures.ts(41,7): error TS2769: No overload matches this call.
  Overload 1 of 11, '(p1: PathArg, p2: PathArg, p3: PathArg, p4: PathArg, p5: PathArg, options?: Options | undefined): string', gave the following error.
    Type 'GetProgramMembershipStatementsQuery' is not assignable to type '{ [k: string]: string | number | readonly (string | number)[]; }'.
  Overload 2 of 11, '(p1: PathArg, p2: PathArg, p3: PathArg, p4: PathArg, p5: PathArg, p6: PathArg, options?: Options | undefined): string', gave the following error.
    Argument of type '{ query: GetProgramMembershipStatementsQuery; }' is not assignable to parameter of type 'PathArg'.
      Type '{ query: GetProgramMembershipStatementsQuery; }' is not assignable to type 'number'.
packages/client/src/loyalty/__tests__/getProgramMembershipStatements.test.ts(30,7): error TS2740: Type '{ id: string; points: number; category: string; referenceDate: string; }' is missing the following properties from type 'ProgramMembershipStatement[]': length, pop, push, concat, and 28 more.
packages/client/src/loyalty/__tests__/getProgramUsersMembership.test.ts(27,9): error TS2322: Type '{ id: string; externalId: string; userId: number; rewardPoints: number; cashBalance: number; status: string; createdDate: string; updatedDate: string; }' is not assignable to type 'ProgramMembership'.
  Types of property 'status' are incompatible.
    Type 'string' is not assignable to type 'ProgramMembershipStatus'.
packages/client/src/loyalty/__tests__/postProgramMembership.test.ts(36,7): error TS2322: Type '{ id: string; externalId: string; userId: number; rewardPoints: number; cashBalance: number; status: string; createdDate: string; updatedDate: string; }' is not assignable to type 'ProgramMembership'.
packages/client/src/loyalty/__tests__/postProgramMembershipReplacement.test.ts(34,7): error TS2322: Type '{ id: string; reason: string; createdDate: string; }' is not assignable to type 'ProgramMembershipReplacement'.
  Types of property 'reason' are incompatible.
    Type 'string' is not assignable to type 'ProgramMembershipReplacementReason'.
packages/client/src/loyalty/getProgramMembershipStatements.ts(45,7): error TS2769: No overload matches this call.
  Overload 1 of 11, '(p1: PathArg, p2: PathArg, p3: PathArg, p4: PathArg, p5: PathArg, options?: Options | undefined): string', gave the following error.
    Type 'GetProgramMembershipStatementsQuery | undefined' is not assignable to type '{ [k: string]: string | number | readonly (string | number)[]; } | undefined'.
      Type 'GetProgramMembershipStatementsQuery' is not assignable to type '{ [k: string]: string | number | readonly (string | number)[]; }'.
        Property 'pageFilter' is incompatible with index signature.
          Type 'PageFilter' is not assignable to type 'string | number | readonly (string | number)[]'.
            Type 'PageFilter' is missing the following properties from type 'readonly (string | number)[]': length, concat, join, slice, and 18 more.
  Overload 2 of 11, '(p1: PathArg, p2: PathArg, p3: PathArg, p4: PathArg, p5: PathArg, p6: PathArg, options?: Options | undefined): string', gave the following error.
    Argument of type '{ query: GetProgramMembershipStatementsQuery | undefined; }' is not assignable to parameter of type 'PathArg'.
      Type '{ query: GetProgramMembershipStatementsQuery | undefined; }' is not assignable to type 'number'.
packages/client/src/merchantsLocations/__tests__/getMerchantsLocations.test.ts(19,36): error TS2345: Argument of type '{ address: { addressLine1: string; addressLine2: string; addressLine3: null; city: { countryId: number; id: number; name: string; stateId: null; }; country: { alpha2Code: string; alpha3Code: string; culture: string; ... 7 more ...; continentId: number; }; ... 14 more ...; customsClearanceCode: null; }; ... 9 more .....' is not assignable to parameter of type 'MerchantLocation[]'.
  Property 'deliveryPoints' is missing in type '{ address: { addressLine1: string; addressLine2: string; addressLine3: null; city: { countryId: number; id: number; name: string; stateId: null; }; country: { alpha2Code: string; alpha3Code: string; culture: string; ... 7 more ...; continentId: number; }; ... 14 more ...; customsClearanceCode: null; }; ... 9 more .....' but required in type 'MerchantLocation'.
packages/client/src/orders/__tests__/getOrderDetails.test.ts(21,28): error TS2740: Type '{ billingAddress: { addressLine1: string; addressLine2: string; addressLine3: null; city: { countryId: number; id: number; name: string; stateId: null; }; country: { alpha2Code: string; alpha3Code: string; ... 8 more ...; subfolder: null; }; ... 12 more ...; zipCode: string; }; ... 24 more ...; userId: number; }' is missing the following properties from type 'Order': checkoutOrderId, currency, customerType, FormattedCredit, and 7 more.
packages/client/src/orders/__tests__/getOrderDocuments.test.ts(23,40): error TS2739: Type '{ id: string; fileId: string; type: string[]; createdAt: string; updatedAt: string; }[]' is missing the following properties from type 'OrderDocuments': id, fileId, type, createdAt, updatedAt
packages/client/src/orders/__tests__/getOrders.test.ts(22,50): error TS2322: Type '{ entries: ({ checkoutOrderId: number; createdDate: string; id: string; merchantId: number; merchantName: string; merchantOrderCode: string; returnAvailable: boolean; returnId: null; status: string; tags: never[]; totalQuantity: number; userId: number; } | { ...; })[]; number: number; totalItems: number; totalPages:...' is not assignable to type 'OrderSummary'.
  Types of property 'entries' are incompatible.
    Type '({ checkoutOrderId: number; createdDate: string; id: string; merchantId: number; merchantName: string; merchantOrderCode: string; returnAvailable: boolean; returnId: null; status: string; tags: never[]; totalQuantity: number; userId: number; } | { ...; })[]' is not assignable to type 'string[]'.
      Type '{ checkoutOrderId: number; createdDate: string; id: string; merchantId: number; merchantName: string; merchantOrderCode: string; returnAvailable: boolean; returnId: null; status: string; tags: never[]; totalQuantity: number; userId: number; } | { ...; }' is not assignable to type 'string'.
        Type '{ checkoutOrderId: number; createdDate: string; id: string; merchantId: number; merchantName: string; merchantOrderCode: string; returnAvailable: boolean; returnId: null; status: string; tags: never[]; totalQuantity: number; userId: number; }' is not assignable to type 'string'.
packages/client/src/orders/__tests__/getOrders.test.ts(37,39): error TS2322: Type '{ entries: ({ checkoutOrderId: number; createdDate: string; id: string; merchantId: number; merchantName: string; merchantOrderCode: string; returnAvailable: boolean; returnId: null; status: string; tags: never[]; totalQuantity: number; userId: number; } | { ...; })[]; number: number; totalItems: number; totalPages:...' is not assignable to type 'OrderSummary'.
packages/client/src/orders/__tests__/getTrackings.test.ts(23,39): error TS2740: Type '{ number: number; totalPages: number; totalItems: number; entries: { numberOfTrackings: number; parcels: number; pickupDate: string; estimatedDeliveryDate: string; events: { type: string; description: string; date: string; }[]; labelTrackings: { ...; }[]; }[]; }' is missing the following properties from type 'Tracking[]': length, pop, push, concat, and 27 more.
packages/client/src/payments/__fixtures__/getPaymentTokens.fixtures.ts(11,7): error TS2769: No overload matches this call.
  Overload 1 of 11, '(p1: PathArg, options?: Options | undefined): string', gave the following error.
    Type 'GetPaymentTokensQuery' is not assignable to type '{ [k: string]: string | number | readonly (string | number)[]; } | undefined'.
      Type 'GetPaymentTokensQuery' is not assignable to type '{ [k: string]: string | number | readonly (string | number)[]; }'.
  Overload 2 of 11, '(p1: PathArg, p2: PathArg, options?: Options | undefined): string', gave the following error.
    Argument of type '{ query: GetPaymentTokensQuery; }' is not assignable to parameter of type 'PathArg'.
      Type '{ query: GetPaymentTokensQuery; }' is not assignable to type 'number'.
packages/client/src/payments/__fixtures__/getPaymentTokens.fixtures.ts(22,7): error TS2769: No overload matches this call.
  Overload 1 of 11, '(p1: PathArg, options?: Options | undefined): string', gave the following error.
    Type 'GetPaymentTokensQuery' is not assignable to type '{ [k: string]: string | number | readonly (string | number)[]; } | undefined'.
      Type 'GetPaymentTokensQuery' is not assignable to type '{ [k: string]: string | number | readonly (string | number)[]; }'.
  Overload 2 of 11, '(p1: PathArg, p2: PathArg, options?: Options | undefined): string', gave the following error.
    Argument of type '{ query: GetPaymentTokensQuery; }' is not assignable to parameter of type 'PathArg'.
      Type '{ query: GetPaymentTokensQuery; }' is not assignable to type 'number'.
packages/client/src/payments/__tests__/getCharges.test.ts(1,23): error TS2724: '"../types"' has no exported member named 'GetChargesResponse'. Did you mean 'PostChargesResponse'?
packages/client/src/payments/__tests__/getIntent.test.ts(4,3): error TS2724: '"../types"' has no exported member named 'Intents'. Did you mean 'Intent'?
packages/client/src/payments/__tests__/getPaymentMethods.test.ts(2,1): error TS1371: This import is never used as a value and must use 'import type' because 'importsNotUsedAsValues' is set to 'error'.
packages/client/src/payments/__tests__/getPaymentMethodsByCountryAndCurrency.test.ts(2,1): error TS1371: This import is never used as a value and must use 'import type' because 'importsNotUsedAsValues' is set to 'error'.
packages/client/src/payments/__tests__/getPaymentMethodsByIntent.test.ts(2,1): error TS1371: This import is never used as a value and must use 'import type' because 'importsNotUsedAsValues' is set to 'error'.
packages/client/src/payments/__tests__/getPaymentTokens.test.ts(2,1): error TS1371: This import is never used as a value and must use 'import type' because 'importsNotUsedAsValues' is set to 'error'.
packages/client/src/payments/__tests__/getPaymentTokens.test.ts(12,23): error TS2769: No overload matches this call.
  Overload 1 of 11, '(p1: PathArg, options?: Options | undefined): string', gave the following error.
    Type 'GetPaymentTokensQuery' is not assignable to type '{ [k: string]: string | number | readonly (string | number)[]; } | undefined'.
      Type 'GetPaymentTokensQuery' is not assignable to type '{ [k: string]: string | number | readonly (string | number)[]; }'.
  Overload 2 of 11, '(p1: PathArg, p2: PathArg, options?: Options | undefined): string', gave the following error.
    Argument of type '{ query: GetPaymentTokensQuery; }' is not assignable to parameter of type 'PathArg'.
      Type '{ query: GetPaymentTokensQuery; }' is not assignable to type 'number'.
packages/client/src/payments/__tests__/postCheckCreditBalance.test.ts(1,1): error TS1371: This import is never used as a value and must use 'import type' because 'importsNotUsedAsValues' is set to 'error'.
packages/client/src/payments/__tests__/postCheckGiftCardBalance.test.ts(1,1): error TS1371: This import is never used as a value and must use 'import type' because 'importsNotUsedAsValues' is set to 'error'.
packages/client/src/payments/getPaymentTokens.ts(32,10): error TS2769: No overload matches this call.
  Overload 1 of 11, '(p1: PathArg, options?: Options | undefined): string', gave the following error.
    Type 'GetPaymentTokensQuery | undefined' is not assignable to type '{ [k: string]: string | number | readonly (string | number)[]; } | undefined'.
      Type 'GetPaymentTokensQuery' is not assignable to type '{ [k: string]: string | number | readonly (string | number)[]; } | undefined'.
        Type 'GetPaymentTokensQuery' is not assignable to type '{ [k: string]: string | number | readonly (string | number)[]; }'.
          'string' index signatures are incompatible.
            Type 'number | boolean | undefined' is not assignable to type 'string | number | readonly (string | number)[]'.
              Type 'undefined' is not assignable to type 'string | number | readonly (string | number)[]'.
  Overload 2 of 11, '(p1: PathArg, p2: PathArg, options?: Options | undefined): string', gave the following error.
    Argument of type '{ query: GetPaymentTokensQuery | undefined; }' is not assignable to parameter of type 'PathArg'.
      Type '{ query: GetPaymentTokensQuery | undefined; }' is not assignable to type 'number'.
packages/client/src/products/__tests__/getListing.test.ts(18,36): error TS2345: Argument of type '{ result: { entries: { id: number; shortDescription: string; slug: string; }[]; }; }' is not assignable to parameter of type 'Listing'.
  Type '{ result: { entries: { id: number; shortDescription: string; slug: string; }[]; }; }' is missing the following properties from type 'Listing': name, products, facetGroups, filterSegments, and 11 more.
packages/client/src/products/__tests__/getProductColorGrouping.test.ts(20,36): error TS2345: Argument of type '{ entries: ({ digitalAssets: { mediaType: string; displayOrder: number; size: string; url: string; type: number; }[]; color: string; slug: string; hasStock: boolean; id: number; order: number; isDefault: boolean; variantId: null; } | { ...; })[]; number: number; totalItems: number; totalPages: number; }' is not assignable to parameter of type 'ProductColorGrouping'.
  Types of property 'entries' are incompatible.
    Type '({ digitalAssets: { mediaType: string; displayOrder: number; size: string; url: string; type: number; }[]; color: string; slug: string; hasStock: boolean; id: number; order: number; isDefault: boolean; variantId: null; } | { ...; })[]' is not assignable to type 'ProductColorGroupingEntry[]'.
      Type '{ digitalAssets: { mediaType: string; displayOrder: number; size: string; url: string; type: number; }[]; color: string; slug: string; hasStock: boolean; id: number; order: number; isDefault: boolean; variantId: null; } | { ...; }' is not assignable to type 'ProductColorGroupingEntry'.
        Type '{ digitalAssets: { mediaType: string; displayOrder: number; size: string; url: string; type: number; }[]; color: string; slug: string; hasStock: boolean; id: number; order: number; isDefault: boolean; variantId: null; }' is not assignable to type 'ProductColorGroupingEntry'.
          Types of property 'variantId' are incompatible.
            Type 'null' is not assignable to type 'string'.
packages/client/src/products/__tests__/getProductDetails.test.ts(14,36): error TS2345: Argument of type '{ slug: string; breadCrumbs: { text: string; slug: string; link: string; }[]; complementaryInformation: { title: string; value: string; }[]; sizes: { sizeId: string; sizeDescription: string; scale: string; scaleAbbreviation: string; isOneSize: boolean; variants: { ...; }[]; }[]; ... 9 more ...; liveModel: { ...; }; }' is not assignable to parameter of type 'Product'.
  Type '{ slug: string; breadCrumbs: { text: string; slug: string; link: string; }[]; complementaryInformation: { title: string; value: string; }[]; sizes: { sizeId: string; sizeDescription: string; scale: string; scaleAbbreviation: string; isOneSize: boolean; variants: { ...; }[]; }[]; ... 9 more ...; liveModel: { ...; }; }' is missing the following properties from type 'Product': currencyIsoCode, productRef, productSize, redirectInfo, and 2 more.
packages/client/src/products/__tests__/getProductSizeGuides.test.ts(17,36): error TS2345: Argument of type '{ brand: { id: number; name: string; }; maps: { sizeScaleId: number; description: string; abbreviation: string; maps: { description: string; position: number; }[]; }[]; annotations: never[]; order: number; }[]' is not assignable to parameter of type 'ProductSizeGuide[]'.
  Type '{ brand: { id: number; name: string; }; maps: { sizeScaleId: number; description: string; abbreviation: string; maps: { description: string; position: number; }[]; }[]; annotations: never[]; order: number; }' is not assignable to type 'ProductSizeGuide'.
    Types of property 'maps' are incompatible.
      Type '{ sizeScaleId: number; description: string; abbreviation: string; maps: { description: string; position: number; }[]; }[]' is not assignable to type '{ sizeScaleId: number; description: string; abbreviation: string; maps: { description: string; position: number; }[]; isDefault: boolean; categoryId: number; }[]'.
        Type '{ sizeScaleId: number; description: string; abbreviation: string; maps: { description: string; position: number; }[]; }' is missing the following properties from type '{ sizeScaleId: number; description: string; abbreviation: string; maps: { description: string; position: number; }[]; isDefault: boolean; categoryId: number; }': isDefault, categoryId
packages/client/src/products/__tests__/getProductSizes.test.ts(17,36): error TS2345: Argument of type '{ sizeId: string; sizeDescription: string; scale: string; scaleAbbreviation: string; isOneSize: boolean; variants: { merchantId: number; formattedPrice: string; formattedPriceWithoutDiscount: string; quantity: number; barcodes: string[]; }[]; }[]' is not assignable to parameter of type 'Size[]'.
  Type '{ sizeId: string; sizeDescription: string; scale: string; scaleAbbreviation: string; isOneSize: boolean; variants: { merchantId: number; formattedPrice: string; formattedPriceWithoutDiscount: string; quantity: number; barcodes: string[]; }[]; }' is not assignable to type 'Size'.
    Types of property 'variants' are incompatible.
      Type '{ merchantId: number; formattedPrice: string; formattedPriceWithoutDiscount: string; quantity: number; barcodes: string[]; }[]' is not assignable to type 'SizeVariant[]'.
        Type '{ merchantId: number; formattedPrice: string; formattedPriceWithoutDiscount: string; quantity: number; barcodes: string[]; }' is missing the following properties from type 'SizeVariant': priceInclTaxes, priceInclTaxesWithoutDiscount
packages/client/src/products/__tests__/getProductVariantsByMerchantsLocations.test.ts(20,9): error TS2345: Argument of type '{ entities: { products: { 11766695: { id: number; colorGrouping: undefined; customAttributes: undefined; groupedEntries: undefined; images: undefined; merchant: undefined; price: { discount: { excludingTaxes: undefined; includingTaxes: undefined; rate: undefined; }; ... 10 more ...; type: undefined; }; prices: undef...' is not assignable to parameter of type 'ProductVariantByMerchantLocation[]'.
  Type '{ entities: { products: { 11766695: { id: number; colorGrouping: undefined; customAttributes: undefined; groupedEntries: undefined; images: undefined; merchant: undefined; price: { discount: { excludingTaxes: undefined; includingTaxes: undefined; rate: undefined; }; ... 10 more ...; type: undefined; }; prices: undef...' is missing the following properties from type 'ProductVariantByMerchantLocation[]': length, pop, push, concat, and 28 more.
packages/client/src/products/__tests__/getSet.test.ts(14,36): error TS2345: Argument of type '{ name: string; gender: number; genderName: string; products: { entries: { id: number; shortDescription: string; images: { order: number; size: string; url: string; }[]; price: number; prices: never[]; slug: string; quantity: number; }[]; number: number; totalItems: number; totalPages: number; }; facetGroups: { ...;...' is not assignable to parameter of type 'Set'.
  Type '{ name: string; gender: number; genderName: string; products: { entries: { id: number; shortDescription: string; images: { order: number; size: string; url: string; }[]; price: number; prices: never[]; slug: string; quantity: number; }[]; number: number; totalItems: number; totalPages: number; }; facetGroups: { ...;...' is missing the following properties from type 'Set': id, filterSegments, config, breadCrumbs, and 5 more.
packages/client/src/products/getProductSizes.ts(31,10): error TS2769: No overload matches this call.
  Overload 1 of 11, '(p1: PathArg, p2: PathArg, p3: PathArg, options?: Options | undefined): string', gave the following error.
    Type 'ProductSizesQuery' is not assignable to type '{ [k: string]: string | number | readonly (string | number)[]; }'.
      Property 'includeOutOfStock' is incompatible with index signature.
        Type 'boolean' is not assignable to type 'string | number | readonly (string | number)[]'.
  Overload 2 of 11, '(p1: PathArg, p2: PathArg, p3: PathArg, p4: PathArg, options?: Options | undefined): string', gave the following error.
    Argument of type '{ query: ProductSizesQuery; }' is not assignable to parameter of type 'PathArg'.
      Type '{ query: ProductSizesQuery; }' is not assignable to type 'number'.
packages/client/src/promotionEvaluations/__tests__/getPromotionEvaluationItems.test.ts(20,36): error TS2345: Argument of type '{ id: string; eligiblePromotions: { promocode: null; displayName: string; eligibleOffers: { type: number; offerMoneyOff: { discount: number; currencyCode: string; formattedDiscount: string; }; offerPercentOff: null; }[]; }[]; }[]' is not assignable to parameter of type 'PromotionEvaluationItem[]'.
  Type '{ id: string; eligiblePromotions: { promocode: null; displayName: string; eligibleOffers: { type: number; offerMoneyOff: { discount: number; currencyCode: string; formattedDiscount: string; }; offerPercentOff: null; }[]; }[]; }' is not assignable to type 'PromotionEvaluationItem'.
    Types of property 'eligiblePromotions' are incompatible.
      Type '{ promocode: null; displayName: string; eligibleOffers: { type: number; offerMoneyOff: { discount: number; currencyCode: string; formattedDiscount: string; }; offerPercentOff: null; }[]; }[]' is not assignable to type '{ promocode: string; displayName: string; eligibleOffers: { type: number; offerMoneyOff: { discount: number; currencyCode: string; formattedDiscount: string; }; offerPercentOff: { discount: number; currencyCode: string; formattedDiscount: string; }; }[]; }[]'.
        Type '{ promocode: null; displayName: string; eligibleOffers: { type: number; offerMoneyOff: { discount: number; currencyCode: string; formattedDiscount: string; }; offerPercentOff: null; }[]; }' is not assignable to type '{ promocode: string; displayName: string; eligibleOffers: { type: number; offerMoneyOff: { discount: number; currencyCode: string; formattedDiscount: string; }; offerPercentOff: { discount: number; currencyCode: string; formattedDiscount: string; }; }[]; }'.
          Types of property 'promocode' are incompatible.
            Type 'null' is not assignable to type 'string'.
packages/client/src/recentlyViewed/__tests__/deleteRecentlyViewedProduct.test.ts(3,22): error TS7016: Could not find a declaration file for module '../__mocks__/deleteRecentlyViewedProduct.fixtures'. '/Users/andre.araujocosta/dev/fps/blackout/packages/client/src/recentlyViewed/__mocks__/deleteRecentlyViewedProduct.fixtures.js' implicitly has an 'any' type.
packages/client/src/recentlyViewed/__tests__/getRecentlyViewedProducts.test.ts(3,22): error TS7016: Could not find a declaration file for module '../__mocks__/getRecentlyViewedProducts.fixtures'. '/Users/andre.araujocosta/dev/fps/blackout/packages/client/src/recentlyViewed/__mocks__/getRecentlyViewedProducts.fixtures.js' implicitly has an 'any' type.
packages/client/src/recommendations/__fixtures__/getProductRecommendations.fixtures.ts(8,12): error TS7006: Parameter 'params' implicitly has an 'any' type.
packages/client/src/recommendations/__fixtures__/getProductRecommendations.fixtures.ts(14,9): error TS2345: Argument of type '{ method: string; response: any; status: number; }' is not assignable to parameter of type 'Item'.
  Object literal may only specify known properties, and 'method' does not exist in type 'Item'.
packages/client/src/recommendations/__fixtures__/getProductRecommendations.fixtures.ts(20,12): error TS7006: Parameter 'params' implicitly has an 'any' type.
packages/client/src/recommendations/__fixtures__/getProductRecommendations.fixtures.ts(26,9): error TS2345: Argument of type '{ method: string; response: string; status: number; }' is not assignable to parameter of type 'Item'.
  Object literal may only specify known properties, and 'method' does not exist in type 'Item'.
packages/client/src/returns/__tests__/getPickupCapabilities.test.ts(27,7): error TS2322: Type '{ start: string; end: string; }[]' is not assignable to type 'PickupCapabilities[]'.
  Property 'availableTimeSlots' is missing in type '{ start: string; end: string; }' but required in type 'PickupCapabilities'.
packages/client/src/returns/__tests__/getPickupCapabilities.test.ts(31,40): error TS2345: Argument of type 'string' is not assignable to parameter of type 'number'.
packages/client/src/returns/__tests__/getPickupCapabilities.test.ts(43,29): error TS2345: Argument of type 'string' is not assignable to parameter of type 'number'.
packages/client/src/returns/__tests__/getReturn.test.ts(24,34): error TS2739: Type '{ availableDates: string[]; id: number; orderId: string; merchantId: number; userId: number; type: string; status: string; courier: string; numberOfBoxes: number; numberOfItems: number; maximumDateForPickup: string; ... 4 more ...; references: { ...; }[]; }' is missing the following properties from type 'Return': userPickupAddress, pickupSchedule, merchantLocationId, refundPreference
packages/client/src/returns/__tests__/getReturn.test.ts(27,28): error TS2345: Argument of type 'string' is not assignable to parameter of type 'number'.
packages/client/src/returns/__tests__/getReturn.test.ts(38,28): error TS2345: Argument of type 'string' is not assignable to parameter of type 'number'.
packages/client/src/returns/__tests__/getReturnsFromOrder.test.ts(23,32): error TS2322: Type '{ availableDates: string[]; id: number; orderId: string; merchantId: number; userId: number; type: string; status: string; courier: string; numberOfBoxes: number; numberOfItems: number; maximumDateForPickup: string; ... 4 more ...; references: { ...; }[]; }' is not assignable to type 'Return'.
packages/client/src/returns/__tests__/patchReturn.test.ts(25,27): error TS2322: Type '{ availableDates: string[]; id: number; orderId: string; merchantId: number; userId: number; type: string; status: string; courier: string; numberOfBoxes: number; numberOfItems: number; maximumDateForPickup: string; ... 4 more ...; references: { ...; }[]; }' is not assignable to type 'Return'.
packages/client/src/returns/__tests__/patchReturn.test.ts(28,30): error TS2345: Argument of type 'string' is not assignable to parameter of type 'number'.
packages/client/src/returns/__tests__/patchReturn.test.ts(40,30): error TS2345: Argument of type 'string' is not assignable to parameter of type 'number'.
packages/client/src/returns/__tests__/postReturn.test.ts(24,23): error TS2739: Type '{ availableDates: string[]; id: number; orderId: string; merchantId: number; userId: number; type: string; status: string; courier: string; numberOfBoxes: number; numberOfItems: number; maximumDateForPickup: string; ... 4 more ...; references: { ...; }[]; }' is missing the following properties from type 'Return': userPickupAddress, pickupSchedule, merchantLocationId, refundPreference
packages/client/src/returns/__tests__/postReturn.test.ts(24,36): error TS2739: Type '{ availableDates: string[]; id: number; orderId: string; merchantId: number; userId: number; type: string; status: string; courier: string; numberOfBoxes: number; numberOfItems: number; maximumDateForPickup: string; ... 4 more ...; references: { ...; }[]; }' is missing the following properties from type 'Return': userPickupAddress, pickupSchedule, merchantLocationId, refundPreference
packages/client/src/returns/__tests__/postReturn.test.ts(27,29): error TS2345: Argument of type '{ availableDates: string[]; id: number; orderId: string; merchantId: number; userId: number; type: string; status: string; courier: string; numberOfBoxes: number; numberOfItems: number; maximumDateForPickup: string; ... 4 more ...; references: { ...; }[]; }' is not assignable to parameter of type 'Return'.
packages/client/src/returns/__tests__/postReturn.test.ts(36,23): error TS2322: Type '{ availableDates: string[]; id: number; orderId: string; merchantId: number; userId: number; type: string; status: string; courier: string; numberOfBoxes: number; numberOfItems: number; maximumDateForPickup: string; ... 4 more ...; references: { ...; }[]; }' is not assignable to type 'Return'.
packages/client/src/returns/__tests__/postReturn.test.ts(39,29): error TS2345: Argument of type '{ availableDates: string[]; id: number; orderId: string; merchantId: number; userId: number; type: string; status: string; courier: string; numberOfBoxes: number; numberOfItems: number; maximumDateForPickup: string; ... 4 more ...; references: { ...; }[]; }' is not assignable to parameter of type 'Return'.
packages/client/src/search/__tests__/getSearchDidYouMean.test.ts(22,38): error TS2345: Argument of type '{ suggestion: string; type: number; resourceId: number; }[]' is not assignable to parameter of type 'SearchDidYouMean[]'.
  Property 'slug' is missing in type '{ suggestion: string; type: number; resourceId: number; }' but required in type 'SearchDidYouMean'.
packages/client/src/search/__tests__/getSearchDidYouMean.test.ts(25,40): error TS2345: Argument of type '{ genders: number[]; searchTerms: string; }' is not assignable to parameter of type 'SearchDidYouMeanQuery'.
  Types of property 'genders' are incompatible.
    Type 'number[]' is not assignable to type 'string[]'.
      Type 'number' is not assignable to type 'string'.
packages/client/src/search/__tests__/getSearchDidYouMean.test.ts(37,40): error TS2345: Argument of type '{ genders: number[]; searchTerms: string; }' is not assignable to parameter of type 'SearchDidYouMeanQuery'.
packages/client/src/search/getSearchSuggestions.ts(33,10): error TS2769: No overload matches this call.
  Overload 1 of 11, '(p1: PathArg, options?: Options | undefined): string', gave the following error.
    Type 'SearchSuggestionsQuery' is not assignable to type '{ [k: string]: string | number | readonly (string | number)[]; }'.
      Property 'ignoreFilterExclusions' is incompatible with index signature.
        Type 'boolean' is not assignable to type 'string | number | readonly (string | number)[]'.
  Overload 2 of 11, '(p1: PathArg, p2: PathArg, options?: Options | undefined): string', gave the following error.
    Argument of type '{ query: SearchSuggestionsQuery; }' is not assignable to parameter of type 'PathArg'.
      Type '{ query: SearchSuggestionsQuery; }' is not assignable to type 'number'.
packages/client/src/sizeGuides/__tests__/getSizeGuides.test.ts(21,36): error TS2345: Argument of type '({ categoryId: number; brandId: null; maps: { sizeScaleId: number; description: string; abbreviation: string; maps: { description: string; position: number; }[]; }[]; } | { categoryId: number; brandId: number; maps: { ...; }[]; })[]' is not assignable to parameter of type 'SizeGuide[]'.
  Type '{ categoryId: number; brandId: null; maps: { sizeScaleId: number; description: string; abbreviation: string; maps: { description: string; position: number; }[]; }[]; } | { categoryId: number; brandId: number; maps: { ...; }[]; }' is not assignable to type 'SizeGuide'.
    Type '{ categoryId: number; brandId: null; maps: { sizeScaleId: number; description: string; abbreviation: string; maps: { description: string; position: number; }[]; }[]; }' is missing the following properties from type 'SizeGuide': description, annotations
packages/client/src/sizeScales/__tests__/getSizeScaleMappings.test.ts(24,38): error TS2345: Argument of type '{ scales: { id: number; name: string; gender: number; country: { alpha2Code: string; }; brand: { id: number; }; sizes: { position: number; code: string; }[]; }[]; }[]' is not assignable to parameter of type 'SizeScaleMapping'.
  Type '{ scales: { id: number; name: string; gender: number; country: { alpha2Code: string; }; brand: { id: number; }; sizes: { position: number; code: string; }[]; }[]; }' is not assignable to type '{ scales: { id: number; name: string; country: { alpha2Code: string; }; brand: { id: number; }; gender: GenderString; sizes: { position: number; code: string; }[]; }[]; }'.
    Types of property 'scales' are incompatible.
      Type '{ id: number; name: string; gender: number; country: { alpha2Code: string; }; brand: { id: number; }; sizes: { position: number; code: string; }[]; }[]' is not assignable to type '{ id: number; name: string; country: { alpha2Code: string; }; brand: { id: number; }; gender: GenderString; sizes: { position: number; code: string; }[]; }[]'.
        Type '{ id: number; name: string; gender: number; country: { alpha2Code: string; }; brand: { id: number; }; sizes: { position: number; code: string; }[]; }' is not assignable to type '{ id: number; name: string; country: { alpha2Code: string; }; brand: { id: number; }; gender: GenderString; sizes: { position: number; code: string; }[]; }'.
          Types of property 'gender' are incompatible.
            Type 'number' is not assignable to type 'GenderString'.
packages/client/src/sizeScales/__tests__/getSizeScaleMappings.test.ts(28,30): error TS2345: Argument of type '{ brand: number; gender: number; sizeScale: number; }' is not assignable to parameter of type 'SizeScaleMappingsQuery'.
  Property 'category' is missing in type '{ brand: number; gender: number; sizeScale: number; }' but required in type 'SizeScaleMappingsQuery'.
packages/client/src/sizeScales/__tests__/getSizeScaleMappings.test.ts(42,30): error TS2345: Argument of type '{ brand: number; gender: number; sizeScale: number; }' is not assignable to parameter of type 'SizeScaleMappingsQuery'.
packages/client/src/subscriptions/__fixtures__/deleteRecipientFromTopic.fixtures.ts(5,13): error TS7006: Parameter 'subscriptionId' implicitly has an 'any' type.
packages/client/src/subscriptions/__fixtures__/deleteRecipientFromTopic.fixtures.ts(5,29): error TS7006: Parameter 'topicId' implicitly has an 'any' type.
packages/client/src/subscriptions/__fixtures__/deleteRecipientFromTopic.fixtures.ts(5,38): error TS7006: Parameter 'recipientId' implicitly has an 'any' type.
packages/client/src/subscriptions/__fixtures__/deleteRecipientFromTopic.fixtures.ts(5,51): error TS7006: Parameter 'response' implicitly has an 'any' type.
packages/client/src/subscriptions/__fixtures__/deleteRecipientFromTopic.fixtures.ts(16,9): error TS2345: Argument of type '{ method: string; response: any; status: number; }' is not assignable to parameter of type 'Item'.
  Object literal may only specify known properties, and 'method' does not exist in type 'Item'.
packages/client/src/subscriptions/__fixtures__/deleteRecipientFromTopic.fixtures.ts(22,13): error TS7006: Parameter 'subscriptionId' implicitly has an 'any' type.
packages/client/src/subscriptions/__fixtures__/deleteRecipientFromTopic.fixtures.ts(22,29): error TS7006: Parameter 'topicId' implicitly has an 'any' type.
packages/client/src/subscriptions/__fixtures__/deleteRecipientFromTopic.fixtures.ts(22,38): error TS7006: Parameter 'recipientId' implicitly has an 'any' type.
packages/client/src/subscriptions/__fixtures__/deleteRecipientFromTopic.fixtures.ts(33,9): error TS2345: Argument of type '{ method: string; response: string; status: number; }' is not assignable to parameter of type 'Item'.
  Object literal may only specify known properties, and 'method' does not exist in type 'Item'.
packages/client/src/subscriptions/__fixtures__/deleteSubscription.fixtures.ts(5,15): error TS7031: Binding element 'id' implicitly has an 'any' type.
packages/client/src/subscriptions/__fixtures__/deleteSubscription.fixtures.ts(5,19): error TS7031: Binding element 'emailHash' implicitly has an 'any' type.
packages/client/src/subscriptions/__fixtures__/deleteSubscription.fixtures.ts(5,32): error TS7006: Parameter 'response' implicitly has an 'any' type.
packages/client/src/subscriptions/__fixtures__/deleteSubscription.fixtures.ts(9,9): error TS2345: Argument of type '{ method: string; status: number; response: any; }' is not assignable to parameter of type 'Item'.
  Object literal may only specify known properties, and 'method' does not exist in type 'Item'.
packages/client/src/subscriptions/__fixtures__/deleteSubscription.fixtures.ts(15,15): error TS7031: Binding element 'id' implicitly has an 'any' type.
packages/client/src/subscriptions/__fixtures__/deleteSubscription.fixtures.ts(15,19): error TS7031: Binding element 'emailHash' implicitly has an 'any' type.
packages/client/src/subscriptions/__fixtures__/deleteSubscription.fixtures.ts(19,9): error TS2345: Argument of type '{ method: string; response: string; status: number; }' is not assignable to parameter of type 'Item'.
  Object literal may only specify known properties, and 'method' does not exist in type 'Item'.
packages/client/src/subscriptions/__fixtures__/getSubscriptionPackages.fixtures.ts(5,13): error TS7006: Parameter 'query' implicitly has an 'any' type.
packages/client/src/subscriptions/__fixtures__/getSubscriptionPackages.fixtures.ts(5,20): error TS7006: Parameter 'response' implicitly has an 'any' type.
packages/client/src/subscriptions/__fixtures__/getSubscriptionPackages.fixtures.ts(9,9): error TS2345: Argument of type '{ method: string; status: number; response: any; }' is not assignable to parameter of type 'Item'.
  Object literal may only specify known properties, and 'method' does not exist in type 'Item'.
packages/client/src/subscriptions/__fixtures__/getSubscriptionPackages.fixtures.ts(15,12): error TS7006: Parameter 'query' implicitly has an 'any' type.
packages/client/src/subscriptions/__fixtures__/getSubscriptionPackages.fixtures.ts(19,9): error TS2345: Argument of type '{ method: string; response: string; status: number; }' is not assignable to parameter of type 'Item'.
  Object literal may only specify known properties, and 'method' does not exist in type 'Item'.
packages/client/src/subscriptions/__fixtures__/getSubscriptions.fixtures.ts(5,13): error TS7006: Parameter 'query' implicitly has an 'any' type.
packages/client/src/subscriptions/__fixtures__/getSubscriptions.fixtures.ts(5,20): error TS7006: Parameter 'response' implicitly has an 'any' type.
packages/client/src/subscriptions/__fixtures__/getSubscriptions.fixtures.ts(11,9): error TS2345: Argument of type '{ method: string; response: any; status: number; }' is not assignable to parameter of type 'Item'.
  Object literal may only specify known properties, and 'method' does not exist in type 'Item'.
packages/client/src/subscriptions/__fixtures__/getSubscriptions.fixtures.ts(17,12): error TS7006: Parameter 'query' implicitly has an 'any' type.
packages/client/src/subscriptions/__fixtures__/getSubscriptions.fixtures.ts(23,9): error TS2345: Argument of type '{ method: string; response: string; status: number; }' is not assignable to parameter of type 'Item'.
  Object literal may only specify known properties, and 'method' does not exist in type 'Item'.
packages/client/src/subscriptions/__fixtures__/putSubscriptions.fixtures.ts(6,7): error TS2345: Argument of type '{ method: string; status: number; response: unknown; }' is not assignable to parameter of type 'Item'.
  Object literal may only specify known properties, and 'method' does not exist in type 'Item'.
packages/client/src/subscriptions/__fixtures__/putSubscriptions.fixtures.ts(13,7): error TS2345: Argument of type '{ method: string; response: string; status: number; }' is not assignable to parameter of type 'Item'.
  Object literal may only specify known properties, and 'method' does not exist in type 'Item'.
packages/client/src/subscriptions/__tests__/getSubscriptions.test.ts(24,35): error TS2345: Argument of type '{ customerId: string; }' is not assignable to parameter of type 'GetSubscriptionsQuery'.
  Property 'recipientHash' is missing in type '{ customerId: string; }' but required in type 'GetSubscriptionsQuery'.
packages/client/src/subscriptions/__tests__/getSubscriptions.test.ts(40,24): error TS2345: Argument of type '{ customerId: string; }' is not assignable to parameter of type 'GetSubscriptionsQuery'.
packages/client/src/users/__fixtures__/deleteContact.fixtures.ts(5,12): error TS7006: Parameter 'params' implicitly has an 'any' type.
packages/client/src/users/__fixtures__/deleteContact.fixtures.ts(18,12): error TS7006: Parameter 'params' implicitly has an 'any' type.
packages/client/src/users/__fixtures__/getBenefits.fixtures.ts(5,12): error TS7006: Parameter 'params' implicitly has an 'any' type.
packages/client/src/users/__fixtures__/getContact.fixtures.ts(6,12): error TS7006: Parameter 'params' implicitly has an 'any' type.
packages/client/src/users/__fixtures__/getContact.fixtures.ts(20,12): error TS7006: Parameter 'params' implicitly has an 'any' type.
packages/client/src/users/__fixtures__/getContacts.fixtures.ts(6,12): error TS7006: Parameter 'params' implicitly has an 'any' type.
packages/client/src/users/__fixtures__/getContacts.fixtures.ts(15,12): error TS7006: Parameter 'params' implicitly has an 'any' type.
packages/client/src/users/__fixtures__/getCreditMovements.fixtures.ts(5,18): error TS7006: Parameter 'params' implicitly has an 'any' type.
packages/client/src/users/__fixtures__/getCreditMovements.fixtures.ts(8,12): error TS7006: Parameter 'params' implicitly has an 'any' type.
packages/client/src/users/__fixtures__/getCreditMovements.fixtures.ts(19,12): error TS7006: Parameter 'params' implicitly has an 'any' type.
packages/client/src/users/__fixtures__/getCredits.fixtures.ts(6,12): error TS7006: Parameter 'params' implicitly has an 'any' type.
packages/client/src/users/__fixtures__/getCredits.fixtures.ts(12,12): error TS7006: Parameter 'params' implicitly has an 'any' type.
packages/client/src/users/__fixtures__/getGuestUser.fixtures.ts(6,12): error TS7006: Parameter 'params' implicitly has an 'any' type.
packages/client/src/users/__fixtures__/getGuestUser.fixtures.ts(12,12): error TS7006: Parameter 'params' implicitly has an 'any' type.
packages/client/src/users/__fixtures__/getPreferences.fixtures.ts(6,12): error TS7006: Parameter 'params' implicitly has an 'any' type.
packages/client/src/users/__fixtures__/getPreferences.fixtures.ts(19,12): error TS7006: Parameter 'params' implicitly has an 'any' type.
packages/client/src/users/__fixtures__/getTitles.fixtures.ts(5,18): error TS7006: Parameter 'params' implicitly has an 'any' type.
packages/client/src/users/__fixtures__/getTitles.fixtures.ts(8,12): error TS7006: Parameter 'params' implicitly has an 'any' type.
packages/client/src/users/__fixtures__/getTitles.fixtures.ts(19,12): error TS7006: Parameter 'params' implicitly has an 'any' type.
packages/client/src/users/__fixtures__/getUser.fixtures.ts(4,12): error TS7006: Parameter 'params' implicitly has an 'any' type.
packages/client/src/users/__fixtures__/getUserAttributes.fixtures.ts(16,7): error TS2769: No overload matches this call.
  Overload 1 of 11, '(p1: PathArg, p2: PathArg, p3: PathArg, options?: Options | undefined): string', gave the following error.
    Type 'UserAttributesQuery' is not assignable to type '{ [k: string]: string | number | readonly (string | number)[]; }'.
      Index signature for type 'string' is missing in type 'UserAttributesQuery'.
  Overload 2 of 11, '(p1: PathArg, p2: PathArg, p3: PathArg, p4: PathArg, options?: Options | undefined): string', gave the following error.
    Argument of type '{ query: UserAttributesQuery; }' is not assignable to parameter of type 'PathArg'.
      Type '{ query: UserAttributesQuery; }' is not assignable to type 'number'.
packages/client/src/users/__fixtures__/getUserAttributes.fixtures.ts(27,7): error TS2769: No overload matches this call.
  Overload 1 of 11, '(p1: PathArg, p2: PathArg, p3: PathArg, options?: Options | undefined): string', gave the following error.
    Type 'UserAttributesQuery' is not assignable to type '{ [k: string]: string | number | readonly (string | number)[]; }'.
  Overload 2 of 11, '(p1: PathArg, p2: PathArg, p3: PathArg, p4: PathArg, options?: Options | undefined): string', gave the following error.
    Argument of type '{ query: UserAttributesQuery; }' is not assignable to parameter of type 'PathArg'.
      Type '{ query: UserAttributesQuery; }' is not assignable to type 'number'.
packages/client/src/users/__fixtures__/patchContact.fixtures.ts(6,12): error TS7006: Parameter 'params' implicitly has an 'any' type.
packages/client/src/users/__fixtures__/patchContact.fixtures.ts(20,12): error TS7006: Parameter 'params' implicitly has an 'any' type.
packages/client/src/users/__fixtures__/postContact.fixtures.ts(6,12): error TS7006: Parameter 'params' implicitly has an 'any' type.
packages/client/src/users/__fixtures__/postContact.fixtures.ts(15,12): error TS7006: Parameter 'params' implicitly has an 'any' type.
packages/client/src/users/__fixtures__/postGuestUser.fixtures.ts(5,12): error TS7006: Parameter 'params' implicitly has an 'any' type.
packages/client/src/users/__fixtures__/putPreferences.fixtures.ts(5,12): error TS7006: Parameter 'userId' implicitly has an 'any' type.
packages/client/src/users/__fixtures__/putPreferences.fixtures.ts(10,12): error TS7006: Parameter 'userId' implicitly has an 'any' type.
packages/client/src/users/__fixtures__/putUser.fixtures.ts(7,14): error TS7006: Parameter 'params' implicitly has an 'any' type.
packages/client/src/users/__fixtures__/putUser.fixtures.ts(18,14): error TS7006: Parameter 'params' implicitly has an 'any' type.
packages/client/src/users/__tests__/getCreditMovements.test.ts(27,30): error TS2554: Expected 3 arguments, but got 2.
packages/client/src/users/__tests__/getCreditMovements.test.ts(47,30): error TS2554: Expected 3 arguments, but got 2.
packages/client/src/users/__tests__/getCreditMovements.test.ts(97,30): error TS2554: Expected 3 arguments, but got 2.
packages/client/src/users/__tests__/getCreditMovements.test.ts(110,19): error TS2554: Expected 3 arguments, but got 2.
packages/client/src/users/__tests__/patchUserAttribute.test.ts(8,9): error TS7034: Variable 'data' implicitly has type 'any[]' in some locations where its type cannot be determined.
packages/client/src/users/__tests__/patchUserAttribute.test.ts(28,61): error TS7005: Variable 'data' implicitly has an 'any[]' type.
packages/client/src/users/__tests__/patchUserAttribute.test.ts(32,7): error TS7005: Variable 'data' implicitly has an 'any[]' type.
packages/client/src/users/__tests__/patchUserAttribute.test.ts(43,61): error TS7005: Variable 'data' implicitly has an 'any[]' type.
packages/client/src/users/__tests__/patchUserAttribute.test.ts(47,7): error TS7005: Variable 'data' implicitly has an 'any[]' type.
packages/client/src/users/__tests__/putUser.test.ts(26,38): error TS2345: Argument of type 'string' is not assignable to parameter of type 'number'.
packages/client/src/users/__tests__/putUser.test.ts(39,38): error TS2345: Argument of type 'string' is not assignable to parameter of type 'number'.
packages/client/src/users/deleteContact.ts(23,7): error TS2769: No overload matches this call.
  Overload 1 of 11, '(p1: PathArg, p2: PathArg, p3: PathArg, p4: PathArg, options?: Options | undefined): string', gave the following error.
    Type 'DeleteContactQuery | undefined' is not assignable to type '{ [k: string]: string | number | readonly (string | number)[]; } | undefined'.
      Type 'DeleteContactQuery' is not assignable to type '{ [k: string]: string | number | readonly (string | number)[]; }'.
        Index signature for type 'string' is missing in type 'DeleteContactQuery'.
  Overload 2 of 11, '(p1: PathArg, p2: PathArg, p3: PathArg, p4: PathArg, p5: PathArg, options?: Options | undefined): string', gave the following error.
    Argument of type '{ query: DeleteContactQuery | undefined; }' is not assignable to parameter of type 'PathArg'.
      Type '{ query: DeleteContactQuery | undefined; }' is not assignable to type 'number'.
packages/client/src/users/getContact.ts(23,7): error TS2769: No overload matches this call.
  Overload 1 of 11, '(p1: PathArg, p2: PathArg, p3: PathArg, p4: PathArg, options?: Options | undefined): string', gave the following error.
    Type 'GetContactQuery | undefined' is not assignable to type '{ [k: string]: string | number | readonly (string | number)[]; } | undefined'.
      Type 'GetContactQuery' is not assignable to type '{ [k: string]: string | number | readonly (string | number)[]; }'.
        Index signature for type 'string' is missing in type 'GetContactQuery'.
  Overload 2 of 11, '(p1: PathArg, p2: PathArg, p3: PathArg, p4: PathArg, p5: PathArg, options?: Options | undefined): string', gave the following error.
    Argument of type '{ query: GetContactQuery | undefined; }' is not assignable to parameter of type 'PathArg'.
      Type '{ query: GetContactQuery | undefined; }' is not assignable to type 'number'.
packages/client/src/users/getContacts.ts(21,10): error TS2769: No overload matches this call.
  Overload 1 of 11, '(p1: PathArg, p2: PathArg, p3: PathArg, options?: Options | undefined): string', gave the following error.
    Type 'GetContactsQuery | undefined' is not assignable to type '{ [k: string]: string | number | readonly (string | number)[]; } | undefined'.
      Type 'GetContactsQuery' is not assignable to type '{ [k: string]: string | number | readonly (string | number)[]; }'.
        Index signature for type 'string' is missing in type 'GetContactsQuery'.
  Overload 2 of 11, '(p1: PathArg, p2: PathArg, p3: PathArg, p4: PathArg, options?: Options | undefined): string', gave the following error.
    Argument of type '{ query: GetContactsQuery | undefined; }' is not assignable to parameter of type 'PathArg'.
      Type '{ query: GetContactsQuery | undefined; }' is not assignable to type 'number'.
packages/client/src/users/getCreditMovements.ts(34,29): error TS7006: Parameter 'id' implicitly has an 'any' type.
packages/client/src/users/getCreditMovements.ts(34,33): error TS7006: Parameter 'query' implicitly has an 'any' type.
packages/client/src/users/getCreditMovements.ts(34,40): error TS7006: Parameter 'config' implicitly has an 'any' type.
packages/client/src/users/getPreferences.ts(22,7): error TS2769: No overload matches this call.
  Overload 1 of 11, '(p1: PathArg, p2: PathArg, p3: PathArg, options?: Options | undefined): string', gave the following error.
    Type 'string | undefined' is not assignable to type 'string | number | readonly (string | number)[]'.
      Type 'undefined' is not assignable to type 'string | number | readonly (string | number)[]'.
  Overload 2 of 11, '(p1: PathArg, p2: PathArg, p3: PathArg, p4: PathArg, options?: Options | undefined): string', gave the following error.
    Argument of type '{ query: { code: string | undefined; }; }' is not assignable to parameter of type 'PathArg'.
      Type '{ query: { code: string | undefined; }; }' is not assignable to type 'number'.
packages/client/src/users/getTitles.ts(32,10): error TS2769: No overload matches this call.
  Overload 1 of 11, '(p1: PathArg, options?: Options | undefined): string', gave the following error.
    Type 'GetTitlesQuery | undefined' is not assignable to type '{ [k: string]: string | number | readonly (string | number)[]; } | undefined'.
      Type 'GetTitlesQuery' is not assignable to type '{ [k: string]: string | number | readonly (string | number)[]; }'.
        Index signature for type 'string' is missing in type 'GetTitlesQuery'.
  Overload 2 of 11, '(p1: PathArg, p2: PathArg, options?: Options | undefined): string', gave the following error.
    Argument of type '{ query: GetTitlesQuery | undefined; }' is not assignable to parameter of type 'PathArg'.
      Type '{ query: GetTitlesQuery | undefined; }' is not assignable to type 'number'.
packages/client/src/users/patchContact.ts(25,7): error TS2769: No overload matches this call.
  Overload 1 of 11, '(p1: PathArg, p2: PathArg, p3: PathArg, p4: PathArg, options?: Options | undefined): string', gave the following error.
    Type 'PatchContactQuery | undefined' is not assignable to type '{ [k: string]: string | number | readonly (string | number)[]; } | undefined'.
      Type 'PatchContactQuery' is not assignable to type '{ [k: string]: string | number | readonly (string | number)[]; }'.
        Index signature for type 'string' is missing in type 'PatchContactQuery'.
  Overload 2 of 11, '(p1: PathArg, p2: PathArg, p3: PathArg, p4: PathArg, p5: PathArg, options?: Options | undefined): string', gave the following error.
    Argument of type '{ query: PatchContactQuery | undefined; }' is not assignable to parameter of type 'PathArg'.
      Type '{ query: PatchContactQuery | undefined; }' is not assignable to type 'number'.
packages/client/src/users/postContact.ts(23,7): error TS2769: No overload matches this call.
  Overload 1 of 11, '(p1: PathArg, p2: PathArg, p3: PathArg, options?: Options | undefined): string', gave the following error.
    Type 'PostContactQuery | undefined' is not assignable to type '{ [k: string]: string | number | readonly (string | number)[]; } | undefined'.
      Type 'PostContactQuery' is not assignable to type '{ [k: string]: string | number | readonly (string | number)[]; }'.
        Index signature for type 'string' is missing in type 'PostContactQuery'.
  Overload 2 of 11, '(p1: PathArg, p2: PathArg, p3: PathArg, p4: PathArg, options?: Options | undefined): string', gave the following error.
    Argument of type '{ query: PostContactQuery | undefined; }' is not assignable to parameter of type 'PathArg'.
      Type '{ query: PostContactQuery | undefined; }' is not assignable to type 'number'.
packages/client/src/wishlists/__tests__/deleteWishlistItem.test.ts(21,36): error TS2345: Argument of type '{ count: number; id: string; items: { id: number; productId: number; productName: string; quantity: number; createdByStaffMemberId: null; dateCreated: string; brandId: number; brandName: string; }[]; userId: null; }' is not assignable to parameter of type 'Wishlist'.
  Types of property 'items' are incompatible.
    Type '{ id: number; productId: number; productName: string; quantity: number; createdByStaffMemberId: null; dateCreated: string; brandId: number; brandName: string; }[]' is not assignable to type 'WishlistItem[]'.
      Type '{ id: number; productId: number; productName: string; quantity: number; createdByStaffMemberId: null; dateCreated: string; brandId: number; brandName: string; }' is missing the following properties from type 'WishlistItem': attributes, categories, colors, fulfillmentDate, and 12 more.
packages/client/src/wishlists/__tests__/getWishlist.test.ts(20,36): error TS2345: Argument of type '{ count: number; id: string; items: { id: number; productId: number; productName: string; quantity: number; createdByStaffMemberId: null; dateCreated: string; brandId: number; brandName: string; }[]; userId: null; }' is not assignable to parameter of type 'Wishlist'.
packages/client/src/wishlists/__tests__/patchWishlistItem.test.ts(23,36): error TS2345: Argument of type '{ count: number; id: string; items: { id: number; productId: number; productName: string; quantity: number; createdByStaffMemberId: null; dateCreated: string; brandId: number; brandName: string; }[]; userId: null; }' is not assignable to parameter of type 'Wishlist'.
packages/client/src/wishlists/__tests__/postWishlistItem.test.ts(22,36): error TS2345: Argument of type '{ count: number; id: string; items: { id: number; productId: number; productName: string; quantity: number; createdByStaffMemberId: null; dateCreated: string; brandId: number; brandName: string; }[]; userId: null; }' is not assignable to parameter of type 'Wishlist'.
packages/react/src/analytics/integrations/index.ts(7,45): error TS7016: Could not find a declaration file for module './AnalyticsService'. '/Users/andre.araujocosta/dev/fps/blackout/packages/react/src/analytics/integrations/AnalyticsService/index.js' implicitly has an 'any' type.
packages/react/src/analytics/integrations/index.ts(11,37): error TS7016: Could not find a declaration file for module './Vitorino'. '/Users/andre.araujocosta/dev/fps/blackout/packages/react/src/analytics/integrations/Vitorino/index.js' implicitly has an 'any' type.
packages/react/src/analytics/integrations/index.ts(12,32): error TS7016: Could not find a declaration file for module './GA4'. '/Users/andre.araujocosta/dev/fps/blackout/packages/react/src/analytics/integrations/GA4/index.js' implicitly has an 'any' type.
packages/react/src/analytics/integrations/index.ts(13,41): error TS7016: Could not find a declaration file for module './Omnitracking'. '/Users/andre.araujocosta/dev/fps/blackout/packages/react/src/analytics/integrations/Omnitracking/index.js' implicitly has an 'any' type.
packages/react/src/contents/hooks/useMetaTags.ts(55,71): error TS2345: Argument of type 'import("/Users/andre.araujocosta/dev/fps/blackout/packages/client/src/contents/types/seoMetadata.types").QuerySEO' is not assignable to parameter of type 'import("/Users/andre.araujocosta/dev/fps/blackout/packages/redux/src/contents/types/selectors.types").QuerySEO'.
  Types of property 'param' are incompatible.
    Type 'string | null' is not assignable to type 'string | undefined'.
      Type 'null' is not assignable to type 'string | undefined'.
packages/react/src/contents/hooks/useMetaTags.ts(57,25): error TS2345: Argument of type 'import("/Users/andre.araujocosta/dev/fps/blackout/packages/client/src/contents/types/seoMetadata.types").QuerySEO' is not assignable to parameter of type 'import("/Users/andre.araujocosta/dev/fps/blackout/packages/redux/src/contents/types/selectors.types").QuerySEO'.
packages/react/src/contents/hooks/useMetaTags.ts(59,64): error TS2345: Argument of type 'import("/Users/andre.araujocosta/dev/fps/blackout/packages/client/src/contents/types/seoMetadata.types").QuerySEO' is not assignable to parameter of type 'import("/Users/andre.araujocosta/dev/fps/blackout/packages/redux/src/contents/types/selectors.types").QuerySEO'.
packages/react/src/contents/hooks/useMetaTags.ts(198,5): error TS2322: Type '{ title: string | null | undefined; description: string | null | undefined; canonical: string | null | undefined; meta: ({ content?: undefined; } | { [x: string]: string; content: string; })[]; link: ({ ...; } | { ...; })[]; }' is not assignable to type '{ title?: string | undefined; description?: string | undefined; canonical?: string | undefined; meta: Partial<IndexSignature<string> & Meta>[]; link: (MaskIcon | Link)[]; }'.
  Types of property 'title' are incompatible.
    Type 'string | null | undefined' is not assignable to type 'string | undefined'.
      Type 'null' is not assignable to type 'string | undefined'.
packages/react/src/contents/structured-data/article.ts(71,5): error TS2322: Type '"Article"' is not assignable to type '"APIReference"'.
packages/react/src/contents/structured-data/article.ts(111,5): error TS2322: Type 'string | null' is not assignable to type 'SchemaValue<DefinedTerm | IdReference | Text> | undefined'.
  Type 'null' is not assignable to type 'SchemaValue<DefinedTerm | IdReference | Text> | undefined'.
packages/react/src/contents/structured-data/article.ts(114,26): error TS2345: Argument of type 'WithContext<Article>' is not assignable to parameter of type 'Thing'.
  Type 'Graph' is not assignable to type 'Thing'.
    Property '"@type"' is missing in type 'Graph' but required in type 'MotorizedBicycleLeaf'.
packages/react/tests/helpers/react.tsx(17,21): error TS7006: Parameter 'component' implicitly has an 'any' type.
packages/react/tests/helpers/redux.ts(5,26): error TS7006: Parameter 'state' implicitly has an 'any' type.
packages/redux/src/addresses/__tests__/reducer.test.ts(4,5): error TS7034: Variable 'initialState' implicitly has type 'any' in some locations where its type cannot be determined.
packages/redux/src/addresses/__tests__/reducer.test.ts(20,17): error TS7005: Variable 'initialState' implicitly has an 'any' type.
packages/redux/src/addresses/__tests__/reducer.test.ts(28,17): error TS7005: Variable 'initialState' implicitly has an 'any' type.
packages/redux/src/addresses/__tests__/reducer.test.ts(58,9): error TS2345: Argument of type '{ [x: number]: { id: number; name: string; isCurrentShipping: boolean; isCurrentBilling: boolean; }; }' is not assignable to parameter of type 'AddressesEntity'.
  'number' and 'string' index signatures are incompatible.
    Type '{ id: number; name: string; isCurrentShipping: boolean; isCurrentBilling: boolean; }' is missing the following properties from type 'Address': firstName, lastName, addressLine1, city, and 7 more.
packages/redux/src/addresses/__tests__/reducer.test.ts(64,9): error TS2345: Argument of type '{ [x: number]: { id: number; name: string; isCurrentShipping: boolean; isCurrentBilling: boolean; }; }' is not assignable to parameter of type 'AddressesEntity'.
packages/redux/src/addresses/__tests__/reducer.test.ts(75,26): error TS7005: Variable 'initialState' implicitly has an 'any' type.
packages/redux/src/addresses/__tests__/reducer.test.ts(90,26): error TS7005: Variable 'initialState' implicitly has an 'any' type.
packages/redux/src/addresses/__tests__/reducer.test.ts(111,26): error TS7005: Variable 'initialState' implicitly has an 'any' type.
packages/redux/src/addresses/__tests__/reducer.test.ts(124,26): error TS7005: Variable 'initialState' implicitly has an 'any' type.
packages/redux/src/addresses/__tests__/reducer.test.ts(134,26): error TS7005: Variable 'initialState' implicitly has an 'any' type.
packages/redux/src/addresses/__tests__/reducer.test.ts(161,26): error TS7005: Variable 'initialState' implicitly has an 'any' type.
packages/redux/src/addresses/__tests__/reducer.test.ts(171,26): error TS7005: Variable 'initialState' implicitly has an 'any' type.
packages/redux/src/addresses/__tests__/reducer.test.ts(214,14): error TS7005: Variable 'initialState' implicitly has an 'any' type.
packages/redux/src/addresses/__tests__/reducer.test.ts(235,14): error TS7005: Variable 'initialState' implicitly has an 'any' type.
packages/redux/src/addresses/__tests__/reducer.test.ts(239,26): error TS7005: Variable 'initialState' implicitly has an 'any' type.
packages/redux/src/addresses/__tests__/reducer.test.ts(250,18): error TS7005: Variable 'initialState' implicitly has an 'any' type.
packages/redux/src/addresses/__tests__/reducer.test.ts(284,18): error TS7005: Variable 'initialState' implicitly has an 'any' type.
packages/redux/src/addresses/__tests__/reducer.test.ts(300,39): error TS7005: Variable 'initialState' implicitly has an 'any' type.
packages/redux/src/addresses/__tests__/reducer.test.ts(327,62): error TS2345: Argument of type '{ addresses: { 1: { id: number; address: string; }; 2: { id: number; address: string; }; }; }' is not assignable to parameter of type 'Partial<{ [k: string]: any; addresses: Record<string, Address>; availableTimeSlots: Record<string, Return>; bagItems: Record<number, BagItemEntity>; ... 33 more ...; wishlistSets: Record<...>; }>'.
  Types of property 'addresses' are incompatible.
    Type '{ 1: { id: number; address: string; }; 2: { id: number; address: string; }; }' is not assignable to type 'Record<string, Address>'.
      Property '1' is incompatible with index signature.
        Type '{ id: number; address: string; }' is missing the following properties from type 'Address': firstName, lastName, addressLine1, city, and 9 more.
packages/redux/src/addresses/__tests__/reducer.test.ts(362,62): error TS2345: Argument of type '{ addresses: { 1: { id: number; address: string; zipCode: string; otherprop: string; }; }; }' is not assignable to parameter of type 'Partial<{ [k: string]: any; addresses: Record<string, Address>; availableTimeSlots: Record<string, Return>; bagItems: Record<number, BagItemEntity>; ... 33 more ...; wishlistSets: Record<...>; }>'.
  Types of property 'addresses' are incompatible.
    Type '{ 1: { id: number; address: string; zipCode: string; otherprop: string; }; }' is not assignable to type 'Record<string, Address>'.
      Property '1' is incompatible with index signature.
        Type '{ id: number; address: string; zipCode: string; otherprop: string; }' is missing the following properties from type 'Address': firstName, lastName, addressLine1, city, and 8 more.
packages/redux/src/addresses/__tests__/reducer.test.ts(393,62): error TS2345: Argument of type '{ addresses: { 1: { id: number; address: string; }; 2: { id: number; address: string; }; }; }' is not assignable to parameter of type 'Partial<{ [k: string]: any; addresses: Record<string, Address>; availableTimeSlots: Record<string, Return>; bagItems: Record<number, BagItemEntity>; ... 33 more ...; wishlistSets: Record<...>; }>'.
  Types of property 'addresses' are incompatible.
    Type '{ 1: { id: number; address: string; }; 2: { id: number; address: string; }; }' is not assignable to type 'Record<string, Address>'.
      Property '1' is incompatible with index signature.
        Type '{ id: number; address: string; }' is missing the following properties from type 'Address': firstName, lastName, addressLine1, city, and 9 more.
packages/redux/src/addresses/__tests__/reducer.test.ts(437,13): error TS2345: Argument of type '{ addresses: { 1: { id: number; address: string; isCurrentShipping: boolean; }; 2: { id: number; address: string; isCurrentShipping: boolean; }; }; }' is not assignable to parameter of type 'Partial<{ [k: string]: any; addresses: Record<string, Address>; availableTimeSlots: Record<string, Return>; bagItems: Record<number, BagItemEntity>; ... 33 more ...; wishlistSets: Record<...>; }>'.
  Types of property 'addresses' are incompatible.
    Type '{ 1: { id: number; address: string; isCurrentShipping: boolean; }; 2: { id: number; address: string; isCurrentShipping: boolean; }; }' is not assignable to type 'Record<string, Address>'.
      Property '1' is incompatible with index signature.
        Type '{ id: number; address: string; isCurrentShipping: boolean; }' is missing the following properties from type 'Address': firstName, lastName, addressLine1, city, and 8 more.
packages/redux/src/addresses/__tests__/reducer.test.ts(480,13): error TS2345: Argument of type '{ addresses: { 1: { id: number; address: string; isCurrentShipping: boolean; }; 2: { id: number; address: string; isCurrentShipping: boolean; }; }; }' is not assignable to parameter of type 'Partial<{ [k: string]: any; addresses: Record<string, Address>; availableTimeSlots: Record<string, Return>; bagItems: Record<number, BagItemEntity>; ... 33 more ...; wishlistSets: Record<...>; }>'.
  Types of property 'addresses' are incompatible.
    Type '{ 1: { id: number; address: string; isCurrentShipping: boolean; }; 2: { id: number; address: string; isCurrentShipping: boolean; }; }' is not assignable to type 'Record<string, Address>'.
      Property '1' is incompatible with index signature.
        Type '{ id: number; address: string; isCurrentShipping: boolean; }' is missing the following properties from type 'Address': firstName, lastName, addressLine1, city, and 8 more.
packages/redux/src/addresses/__tests__/reducer.test.ts(525,13): error TS2345: Argument of type '{ addresses: { 1: { id: number; address: string; isCurrentBilling: boolean; }; 2: { id: number; address: string; isCurrentBilling: boolean; }; }; }' is not assignable to parameter of type 'Partial<{ [k: string]: any; addresses: Record<string, Address>; availableTimeSlots: Record<string, Return>; bagItems: Record<number, BagItemEntity>; ... 33 more ...; wishlistSets: Record<...>; }>'.
  Types of property 'addresses' are incompatible.
    Type '{ 1: { id: number; address: string; isCurrentBilling: boolean; }; 2: { id: number; address: string; isCurrentBilling: boolean; }; }' is not assignable to type 'Record<string, Address>'.
      Property '1' is incompatible with index signature.
        Type '{ id: number; address: string; isCurrentBilling: boolean; }' is missing the following properties from type 'Address': firstName, lastName, addressLine1, city, and 8 more.
packages/redux/src/addresses/__tests__/reducer.test.ts(568,13): error TS2345: Argument of type '{ addresses: { 1: { id: number; address: string; isCurrentBilling: boolean; }; 2: { id: number; address: string; isCurrentBilling: boolean; }; }; }' is not assignable to parameter of type 'Partial<{ [k: string]: any; addresses: Record<string, Address>; availableTimeSlots: Record<string, Return>; bagItems: Record<number, BagItemEntity>; ... 33 more ...; wishlistSets: Record<...>; }>'.
  Types of property 'addresses' are incompatible.
    Type '{ 1: { id: number; address: string; isCurrentBilling: boolean; }; 2: { id: number; address: string; isCurrentBilling: boolean; }; }' is not assignable to type 'Record<string, Address>'.
      Property '1' is incompatible with index signature.
        Type '{ id: number; address: string; isCurrentBilling: boolean; }' is missing the following properties from type 'Address': firstName, lastName, addressLine1, city, and 8 more.
packages/redux/src/addresses/__tests__/reducer.test.ts(650,17): error TS2322: Type '{ 2: { addressSchemaLines: { name: string; position: number; type: string; validationRegex: string; apiMapping: string; isMandatory: boolean; maxLength: number; minLength: number; column: number; row: number; }[]; }; }' is not assignable to type 'Record<string, Schema>'.
  Property '2' is incompatible with index signature.
    Type '{ addressSchemaLines: { name: string; position: number; type: string; validationRegex: string; apiMapping: string; isMandatory: boolean; maxLength: number; minLength: number; column: number; row: number; }[]; }' is missing the following properties from type '{ addressSchemaLines: AddressSchemaLine[]; addressType: string; }[]': length, pop, push, concat, and 28 more.
packages/redux/src/addresses/__tests__/reducer.test.ts(697,13): error TS2345: Argument of type '{ addresses: { 1: { id: number; address: string; isCurrentPreferred: boolean; }; 2: { id: number; address: string; isCurrentPreferred: boolean; }; }; }' is not assignable to parameter of type 'Partial<{ [k: string]: any; addresses: Record<string, Address>; availableTimeSlots: Record<string, Return>; bagItems: Record<number, BagItemEntity>; ... 33 more ...; wishlistSets: Record<...>; }>'.
  Types of property 'addresses' are incompatible.
    Type '{ 1: { id: number; address: string; isCurrentPreferred: boolean; }; 2: { id: number; address: string; isCurrentPreferred: boolean; }; }' is not assignable to type 'Record<string, Address>'.
      Property '1' is incompatible with index signature.
        Type '{ id: number; address: string; isCurrentPreferred: boolean; }' is missing the following properties from type 'Address': firstName, lastName, addressLine1, city, and 8 more.
packages/redux/src/addresses/__tests__/reducer.test.ts(740,13): error TS2345: Argument of type '{ addresses: { 1: { id: number; address: string; isCurrentPreferred: boolean; }; 2: { id: number; address: string; isCurrentPreferred: boolean; }; }; }' is not assignable to parameter of type 'Partial<{ [k: string]: any; addresses: Record<string, Address>; availableTimeSlots: Record<string, Return>; bagItems: Record<number, BagItemEntity>; ... 33 more ...; wishlistSets: Record<...>; }>'.
  Types of property 'addresses' are incompatible.
    Type '{ 1: { id: number; address: string; isCurrentPreferred: boolean; }; 2: { id: number; address: string; isCurrentPreferred: boolean; }; }' is not assignable to type 'Record<string, Address>'.
      Property '1' is incompatible with index signature.
        Type '{ id: number; address: string; isCurrentPreferred: boolean; }' is missing the following properties from type 'Address': firstName, lastName, addressLine1, city, and 8 more.
packages/redux/src/addresses/__tests__/reducer.test.ts(775,13): error TS2345: Argument of type '{ addresses: { 1: { id: number; address: string; isCurrentPreferred: boolean; }; }; }' is not assignable to parameter of type 'Partial<{ [k: string]: any; addresses: Record<string, Address>; availableTimeSlots: Record<string, Return>; bagItems: Record<number, BagItemEntity>; ... 33 more ...; wishlistSets: Record<...>; }>'.
  Types of property 'addresses' are incompatible.
    Type '{ 1: { id: number; address: string; isCurrentPreferred: boolean; }; }' is not assignable to type 'Record<string, Address>'.
      Property '1' is incompatible with index signature.
        Type '{ id: number; address: string; isCurrentPreferred: boolean; }' is missing the following properties from type 'Address': firstName, lastName, addressLine1, city, and 8 more.
packages/redux/src/addresses/__tests__/reducer.test.ts(803,47): error TS2345: Argument of type '{ addresses: { 1: { id: number; address: string; isCurrentPreferred: boolean; }; }; checkout: {}; }' is not assignable to parameter of type 'Partial<{ [k: string]: any; addresses: Record<string, Address>; availableTimeSlots: Record<string, Return>; bagItems: Record<number, BagItemEntity>; ... 33 more ...; wishlistSets: Record<...>; }>'.
  Types of property 'addresses' are incompatible.
    Type '{ 1: { id: number; address: string; isCurrentPreferred: boolean; }; }' is not assignable to type 'Record<string, Address>'.
      Property '1' is incompatible with index signature.
        Type '{ id: number; address: string; isCurrentPreferred: boolean; }' is missing the following properties from type 'Address': firstName, lastName, addressLine1, city, and 8 more.
packages/redux/src/addresses/__tests__/reducer.test.ts(812,29): error TS7005: Variable 'initialState' implicitly has an 'any' type.
packages/redux/src/addresses/__tests__/reducer.test.ts(889,26): error TS7005: Variable 'initialState' implicitly has an 'any' type.
packages/redux/src/addresses/__tests__/reducer.test.ts(899,40): error TS7005: Variable 'initialState' implicitly has an 'any' type.
packages/redux/src/addresses/__tests__/reducer.test.ts(907,44): error TS7005: Variable 'initialState' implicitly has an 'any' type.
packages/redux/src/addresses/__tests__/reducer.test.ts(917,41): error TS7005: Variable 'initialState' implicitly has an 'any' type.
packages/redux/src/addresses/__tests__/reducer.test.ts(925,46): error TS7005: Variable 'initialState' implicitly has an 'any' type.
packages/redux/src/addresses/__tests__/reducer.test.ts(937,14): error TS7005: Variable 'initialState' implicitly has an 'any' type.
packages/redux/src/addresses/__tests__/reducer.test.ts(948,44): error TS7005: Variable 'initialState' implicitly has an 'any' type.
packages/redux/src/addresses/__tests__/reducer.test.ts(958,42): error TS7005: Variable 'initialState' implicitly has an 'any' type.
packages/redux/src/addresses/__tests__/reducer.test.ts(969,43): error TS7005: Variable 'initialState' implicitly has an 'any' type.
packages/redux/src/addresses/__tests__/reducer.test.ts(980,14): error TS7005: Variable 'initialState' implicitly has an 'any' type.
packages/redux/src/addresses/__tests__/reducer.test.ts(1013,18): error TS2537: Type 'typeof import("/Users/andre.araujocosta/dev/fps/blackout/packages/redux/src/addresses/reducer")' has no matching index signature for type 'string'.
packages/redux/src/addresses/__tests__/selectors.test.ts(24,34): error TS2345: Argument of type '{ addresses: { error: null; isLoading: boolean; result: string[]; predictions: { result: null; error: null; isLoading: boolean; }; predictionDetails: { result: null; error: null; isLoading: boolean; }; addresses: { ...; }; address: { ...; }; addressSchema: { ...; }; defaultAddressDetails: { ...; }; }; entities: { .....' is not assignable to parameter of type 'Partial<{ entities: Partial<{ [k: string]: any; addresses: Record<string, Address>; availableTimeSlots: Record<string, Return>; bagItems: Record<number, BagItemEntity>; ... 33 more ...; wishlistSets: Record<...>; }>; ... 24 more ...; wishlist: State; }>'.
  The types of 'entities.addresses' are incompatible between these types.
    Type '{ 2222222: { addressLine1?: string | undefined; addressLine2?: string | undefined; addressLine3?: string | undefined; city?: { countryId: number; id: number; name: string; stateId: null; } | undefined; ... 14 more ...; isCurrentPreferred?: boolean | undefined; }; 33333333: { ...; }; }' is not assignable to type 'Record<string, Address>'.
      Property '2222222' is incompatible with index signature.
        Type '{ addressLine1?: string | undefined; addressLine2?: string | undefined; addressLine3?: string | undefined; city?: { countryId: number; id: number; name: string; stateId: null; } | undefined; ... 14 more ...; isCurrentPreferred?: boolean | undefined; }' is missing the following properties from type 'Address': addressType, createdDate
packages/redux/src/addresses/__tests__/selectors.test.ts(35,33): error TS2345: Argument of type '{ addresses: { error: null; isLoading: boolean; result: string[]; predictions: { result: null; error: null; isLoading: boolean; }; predictionDetails: { result: null; error: null; isLoading: boolean; }; addresses: { ...; }; address: { ...; }; addressSchema: { ...; }; defaultAddressDetails: { ...; }; }; entities: { .....' is not assignable to parameter of type 'Partial<{ entities: Partial<{ [k: string]: any; addresses: Record<string, Address>; availableTimeSlots: Record<string, Return>; bagItems: Record<number, BagItemEntity>; ... 33 more ...; wishlistSets: Record<...>; }>; ... 24 more ...; wishlist: State; }>'.
packages/redux/src/addresses/__tests__/selectors.test.ts(44,43): error TS2345: Argument of type '{ addresses: { error: null; isLoading: boolean; result: string[]; predictions: { result: null; error: null; isLoading: boolean; }; predictionDetails: { result: null; error: null; isLoading: boolean; }; addresses: { ...; }; address: { ...; }; addressSchema: { ...; }; defaultAddressDetails: { ...; }; }; entities: { .....' is not assignable to parameter of type 'Partial<{ entities: Partial<{ [k: string]: any; addresses: Record<string, Address>; availableTimeSlots: Record<string, Return>; bagItems: Record<number, BagItemEntity>; ... 33 more ...; wishlistSets: Record<...>; }>; ... 24 more ...; wishlist: State; }>'.
packages/redux/src/addresses/__tests__/selectors.test.ts(54,37): error TS2345: Argument of type '{ addresses: { error: null; isLoading: boolean; result: string[]; predictions: { result: null; error: null; isLoading: boolean; }; predictionDetails: { result: null; error: null; isLoading: boolean; }; addresses: { ...; }; address: { ...; }; addressSchema: { ...; }; defaultAddressDetails: { ...; }; }; entities: { .....' is not assignable to parameter of type 'Partial<{ entities: Partial<{ [k: string]: any; addresses: Record<string, Address>; availableTimeSlots: Record<string, Return>; bagItems: Record<number, BagItemEntity>; ... 33 more ...; wishlistSets: Record<...>; }>; ... 24 more ...; wishlist: State; }>'.
packages/redux/src/addresses/__tests__/selectors.test.ts(62,46): error TS2345: Argument of type '{ addresses: { error: null; isLoading: boolean; result: string[]; predictions: { result: null; error: null; isLoading: boolean; }; predictionDetails: { result: null; error: null; isLoading: boolean; }; addresses: { ...; }; address: { ...; }; addressSchema: { ...; }; defaultAddressDetails: { ...; }; }; entities: { .....' is not assignable to parameter of type 'Partial<{ entities: Partial<{ [k: string]: any; addresses: Record<string, Address>; availableTimeSlots: Record<string, Return>; bagItems: Record<number, BagItemEntity>; ... 33 more ...; wishlistSets: Record<...>; }>; ... 24 more ...; wishlist: State; }>'.
packages/redux/src/addresses/__tests__/selectors.test.ts(69,47): error TS2345: Argument of type '{ addresses: { error: null; isLoading: boolean; result: string[]; predictions: { result: null; error: null; isLoading: boolean; }; predictionDetails: { result: null; error: null; isLoading: boolean; }; addresses: { ...; }; address: { ...; }; addressSchema: { ...; }; defaultAddressDetails: { ...; }; }; entities: { .....' is not assignable to parameter of type 'Partial<{ entities: Partial<{ [k: string]: any; addresses: Record<string, Address>; availableTimeSlots: Record<string, Return>; bagItems: Record<number, BagItemEntity>; ... 33 more ...; wishlistSets: Record<...>; }>; ... 24 more ...; wishlist: State; }>'.
packages/redux/src/addresses/__tests__/selectors.test.ts(78,35): error TS2345: Argument of type '{ addresses: { error: null; isLoading: boolean; result: string[]; predictions: { result: null; error: null; isLoading: boolean; }; predictionDetails: { result: null; error: null; isLoading: boolean; }; addresses: { ...; }; address: { ...; }; addressSchema: { ...; }; defaultAddressDetails: { ...; }; }; entities: { .....' is not assignable to parameter of type 'Partial<{ entities: Partial<{ [k: string]: any; addresses: Record<string, Address>; availableTimeSlots: Record<string, Return>; bagItems: Record<number, BagItemEntity>; ... 33 more ...; wishlistSets: Record<...>; }>; ... 24 more ...; wishlist: State; }>'.
packages/redux/src/addresses/__tests__/selectors.test.ts(87,41): error TS2345: Argument of type '{ addresses: { error: null; isLoading: boolean; result: string[]; predictions: { result: null; error: null; isLoading: boolean; }; predictionDetails: { result: null; error: null; isLoading: boolean; }; addresses: { ...; }; address: { ...; }; addressSchema: { ...; }; defaultAddressDetails: { ...; }; }; entities: { .....' is not assignable to parameter of type 'Partial<{ entities: Partial<{ [k: string]: any; addresses: Record<string, Address>; availableTimeSlots: Record<string, Return>; bagItems: Record<number, BagItemEntity>; ... 33 more ...; wishlistSets: Record<...>; }>; ... 24 more ...; wishlist: State; }>'.
packages/redux/src/addresses/__tests__/selectors.test.ts(92,30): error TS7053: Element implicitly has an 'any' type because expression of type '"2222222"' can't be used to index type '{}'.
  Property '2222222' does not exist on type '{}'.
packages/redux/src/addresses/__tests__/selectors.test.ts(95,40): error TS2345: Argument of type '{ addresses: { error: null; isLoading: boolean; result: string[]; predictions: { result: null; error: null; isLoading: boolean; }; predictionDetails: { result: null; error: null; isLoading: boolean; }; addresses: { ...; }; address: { ...; }; addressSchema: { ...; }; defaultAddressDetails: { ...; }; }; entities: { .....' is not assignable to parameter of type 'Partial<{ entities: Partial<{ [k: string]: any; addresses: Record<string, Address>; availableTimeSlots: Record<string, Return>; bagItems: Record<number, BagItemEntity>; ... 33 more ...; wishlistSets: Record<...>; }>; ... 24 more ...; wishlist: State; }>'.
packages/redux/src/addresses/__tests__/selectors.test.ts(107,35): error TS2345: Argument of type '{ addresses: { error: null; isLoading: boolean; result: string[]; predictions: { result: null; error: null; isLoading: boolean; }; predictionDetails: { result: null; error: null; isLoading: boolean; }; addresses: { ...; }; address: { ...; }; addressSchema: { ...; }; defaultAddressDetails: { ...; }; }; entities: { .....' is not assignable to parameter of type 'Partial<{ entities: Partial<{ [k: string]: any; addresses: Record<string, Address>; availableTimeSlots: Record<string, Return>; bagItems: Record<number, BagItemEntity>; ... 33 more ...; wishlistSets: Record<...>; }>; ... 24 more ...; wishlist: State; }>'.
packages/redux/src/addresses/__tests__/selectors.test.ts(114,34): error TS2345: Argument of type '{ addresses: { error: null; isLoading: boolean; result: string[]; predictions: { result: null; error: null; isLoading: boolean; }; predictionDetails: { result: null; error: null; isLoading: boolean; }; addresses: { ...; }; address: { ...; }; addressSchema: { ...; }; defaultAddressDetails: { ...; }; }; entities: { .....' is not assignable to parameter of type 'Partial<{ entities: Partial<{ [k: string]: any; addresses: Record<string, Address>; availableTimeSlots: Record<string, Return>; bagItems: Record<number, BagItemEntity>; ... 33 more ...; wishlistSets: Record<...>; }>; ... 24 more ...; wishlist: State; }>'.
packages/redux/src/addresses/__tests__/selectors.test.ts(122,47): error TS2345: Argument of type '{ addresses: { error: null; isLoading: boolean; result: string[]; predictions: { result: null; error: null; isLoading: boolean; }; predictionDetails: { result: null; error: null; isLoading: boolean; }; addresses: { ...; }; address: { ...; }; addressSchema: { ...; }; defaultAddressDetails: { ...; }; }; entities: { .....' is not assignable to parameter of type 'Partial<{ entities: Partial<{ [k: string]: any; addresses: Record<string, Address>; availableTimeSlots: Record<string, Return>; bagItems: Record<number, BagItemEntity>; ... 33 more ...; wishlistSets: Record<...>; }>; ... 24 more ...; wishlist: State; }>'.
packages/redux/src/addresses/__tests__/selectors.test.ts(130,46): error TS2345: Argument of type '{ addresses: { error: null; isLoading: boolean; result: string[]; predictions: { result: null; error: null; isLoading: boolean; }; predictionDetails: { result: null; error: null; isLoading: boolean; }; addresses: { ...; }; address: { ...; }; addressSchema: { ...; }; defaultAddressDetails: { ...; }; }; entities: { .....' is not assignable to parameter of type 'Partial<{ entities: Partial<{ [k: string]: any; addresses: Record<string, Address>; availableTimeSlots: Record<string, Return>; bagItems: Record<number, BagItemEntity>; ... 33 more ...; wishlistSets: Record<...>; }>; ... 24 more ...; wishlist: State; }>'.
packages/redux/src/addresses/__tests__/selectors.test.ts(139,39): error TS2345: Argument of type '{ addresses: { error: null; isLoading: boolean; result: string[]; predictions: { result: null; error: null; isLoading: boolean; }; predictionDetails: { result: null; error: null; isLoading: boolean; }; addresses: { ...; }; address: { ...; }; addressSchema: { ...; }; defaultAddressDetails: { ...; }; }; entities: { .....' is not assignable to parameter of type 'Partial<{ entities: Partial<{ [k: string]: any; addresses: Record<string, Address>; availableTimeSlots: Record<string, Return>; bagItems: Record<number, BagItemEntity>; ... 33 more ...; wishlistSets: Record<...>; }>; ... 24 more ...; wishlist: State; }>'.
packages/redux/src/addresses/__tests__/selectors.test.ts(148,44): error TS2345: Argument of type '{ addresses: { error: null; isLoading: boolean; result: string[]; predictions: { result: null; error: null; isLoading: boolean; }; predictionDetails: { result: null; error: null; isLoading: boolean; }; addresses: { ...; }; address: { ...; }; addressSchema: { ...; }; defaultAddressDetails: { ...; }; }; entities: { .....' is not assignable to parameter of type 'Partial<{ entities: Partial<{ [k: string]: any; addresses: Record<string, Address>; availableTimeSlots: Record<string, Return>; bagItems: Record<number, BagItemEntity>; ... 33 more ...; wishlistSets: Record<...>; }>; ... 24 more ...; wishlist: State; }>'.
packages/redux/src/addresses/__tests__/selectors.test.ts(157,45): error TS2345: Argument of type '{ addresses: { error: null; isLoading: boolean; result: string[]; predictions: { result: null; error: null; isLoading: boolean; }; predictionDetails: { result: null; error: null; isLoading: boolean; }; addresses: { ...; }; address: { ...; }; addressSchema: { ...; }; defaultAddressDetails: { ...; }; }; entities: { .....' is not assignable to parameter of type 'Partial<{ entities: Partial<{ [k: string]: any; addresses: Record<string, Address>; availableTimeSlots: Record<string, Return>; bagItems: Record<number, BagItemEntity>; ... 33 more ...; wishlistSets: Record<...>; }>; ... 24 more ...; wishlist: State; }>'.
packages/redux/src/addresses/__tests__/selectors.test.ts(168,45): error TS2345: Argument of type '{ addresses: { error: null; isLoading: boolean; result: string[]; predictions: { result: null; error: null; isLoading: boolean; }; predictionDetails: { result: null; error: null; isLoading: boolean; }; addresses: { ...; }; address: { ...; }; addressSchema: { ...; }; defaultAddressDetails: { ...; }; }; entities: { .....' is not assignable to parameter of type 'Partial<{ entities: Partial<{ [k: string]: any; addresses: Record<string, Address>; availableTimeSlots: Record<string, Return>; bagItems: Record<number, BagItemEntity>; ... 33 more ...; wishlistSets: Record<...>; }>; ... 24 more ...; wishlist: State; }>'.
packages/redux/src/addresses/__tests__/selectors.test.ts(177,50): error TS2345: Argument of type '{ addresses: { error: null; isLoading: boolean; result: string[]; predictions: { result: null; error: null; isLoading: boolean; }; predictionDetails: { result: null; error: null; isLoading: boolean; }; addresses: { ...; }; address: { ...; }; addressSchema: { ...; }; defaultAddressDetails: { ...; }; }; entities: { .....' is not assignable to parameter of type 'Partial<{ entities: Partial<{ [k: string]: any; addresses: Record<string, Address>; availableTimeSlots: Record<string, Return>; bagItems: Record<number, BagItemEntity>; ... 33 more ...; wishlistSets: Record<...>; }>; ... 24 more ...; wishlist: State; }>'.
packages/redux/src/addresses/__tests__/selectors.test.ts(186,51): error TS2345: Argument of type '{ addresses: { error: null; isLoading: boolean; result: string[]; predictions: { result: null; error: null; isLoading: boolean; }; predictionDetails: { result: null; error: null; isLoading: boolean; }; addresses: { ...; }; address: { ...; }; addressSchema: { ...; }; defaultAddressDetails: { ...; }; }; entities: { .....' is not assignable to parameter of type 'Partial<{ entities: Partial<{ [k: string]: any; addresses: Record<string, Address>; availableTimeSlots: Record<string, Return>; bagItems: Record<number, BagItemEntity>; ... 33 more ...; wishlistSets: Record<...>; }>; ... 24 more ...; wishlist: State; }>'.
packages/redux/src/addresses/__tests__/selectors.test.ts(197,55): error TS2345: Argument of type '{ addresses: { error: null; isLoading: boolean; result: string[]; predictions: { result: null; error: null; isLoading: boolean; }; predictionDetails: { result: null; error: null; isLoading: boolean; }; addresses: { ...; }; address: { ...; }; addressSchema: { ...; }; defaultAddressDetails: { ...; }; }; entities: { .....' is not assignable to parameter of type 'Partial<{ entities: Partial<{ [k: string]: any; addresses: Record<string, Address>; availableTimeSlots: Record<string, Return>; bagItems: Record<number, BagItemEntity>; ... 33 more ...; wishlistSets: Record<...>; }>; ... 24 more ...; wishlist: State; }>'.
packages/redux/src/addresses/__tests__/selectors.test.ts(207,54): error TS2345: Argument of type '{ addresses: { error: null; isLoading: boolean; result: string[]; predictions: { result: null; error: null; isLoading: boolean; }; predictionDetails: { result: null; error: null; isLoading: boolean; }; addresses: { ...; }; address: { ...; }; addressSchema: { ...; }; defaultAddressDetails: { ...; }; }; entities: { .....' is not assignable to parameter of type 'Partial<{ entities: Partial<{ [k: string]: any; addresses: Record<string, Address>; availableTimeSlots: Record<string, Return>; bagItems: Record<number, BagItemEntity>; ... 33 more ...; wishlistSets: Record<...>; }>; ... 24 more ...; wishlist: State; }>'.
packages/redux/src/addresses/__tests__/selectors.test.ts(217,55): error TS2345: Argument of type '{ addresses: { error: null; isLoading: boolean; result: string[]; predictions: { result: null; error: null; isLoading: boolean; }; predictionDetails: { result: null; error: null; isLoading: boolean; }; addresses: { ...; }; address: { ...; }; addressSchema: { ...; }; defaultAddressDetails: { ...; }; }; entities: { .....' is not assignable to parameter of type 'Partial<{ entities: Partial<{ [k: string]: any; addresses: Record<string, Address>; availableTimeSlots: Record<string, Return>; bagItems: Record<number, BagItemEntity>; ... 33 more ...; wishlistSets: Record<...>; }>; ... 24 more ...; wishlist: State; }>'.
packages/redux/src/addresses/actions/__tests__/createAddress.test.ts(24,5): error TS7034: Variable 'store' implicitly has type 'any' in some locations where its type cannot be determined.
packages/redux/src/addresses/actions/__tests__/createAddress.test.ts(39,17): error TS2339: Property 'mockRejectedValueOnce' does not exist on type 'PostAddress'.
packages/redux/src/addresses/actions/__tests__/createAddress.test.ts(43,13): error TS7005: Variable 'store' implicitly has an 'any' type.
packages/redux/src/addresses/actions/__tests__/createAddress.test.ts(43,50): error TS2345: Argument of type '{ addressLine1: string; }' is not assignable to parameter of type 'Address'.
  Type '{ addressLine1: string; }' is missing the following properties from type 'Address': id, firstName, lastName, city, and 9 more.
packages/redux/src/addresses/actions/__tests__/createAddress.test.ts(52,14): error TS7005: Variable 'store' implicitly has an 'any' type.
packages/redux/src/addresses/actions/__tests__/createAddress.test.ts(67,17): error TS2339: Property 'mockResolvedValueOnce' does not exist on type 'PostAddress'.
packages/redux/src/addresses/actions/__tests__/createAddress.test.ts(68,26): error TS7005: Variable 'store' implicitly has an 'any' type.
packages/redux/src/addresses/actions/__tests__/createAddress.test.ts(68,63): error TS2345: Argument of type '{ addressLine1: string; }' is not assignable to parameter of type 'Address'.
packages/redux/src/addresses/actions/__tests__/createAddress.test.ts(69,27): error TS7005: Variable 'store' implicitly has an 'any' type.
packages/redux/src/addresses/actions/__tests__/fetchAddress.test.ts(25,5): error TS7034: Variable 'store' implicitly has type 'any' in some locations where its type cannot be determined.
packages/redux/src/addresses/actions/__tests__/fetchAddress.test.ts(36,16): error TS2339: Property 'mockRejectedValueOnce' does not exist on type 'GetAddress'.
packages/redux/src/addresses/actions/__tests__/fetchAddress.test.ts(40,13): error TS7005: Variable 'store' implicitly has an 'any' type.
packages/redux/src/addresses/actions/__tests__/fetchAddress.test.ts(48,14): error TS7005: Variable 'store' implicitly has an 'any' type.
packages/redux/src/addresses/actions/__tests__/fetchAddress.test.ts(65,16): error TS2339: Property 'mockResolvedValueOnce' does not exist on type 'GetAddress'.
packages/redux/src/addresses/actions/__tests__/fetchAddress.test.ts(66,11): error TS7005: Variable 'store' implicitly has an 'any' type.
packages/redux/src/addresses/actions/__tests__/fetchAddress.test.ts(68,27): error TS7005: Variable 'store' implicitly has an 'any' type.
packages/redux/src/addresses/actions/__tests__/fetchAddresses.test.ts(24,5): error TS7034: Variable 'store' implicitly has type 'any' in some locations where its type cannot be determined.
packages/redux/src/addresses/actions/__tests__/fetchAddresses.test.ts(35,18): error TS2339: Property 'mockRejectedValueOnce' does not exist on type 'GetAddresses'.
packages/redux/src/addresses/actions/__tests__/fetchAddresses.test.ts(39,13): error TS7005: Variable 'store' implicitly has an 'any' type.
packages/redux/src/addresses/actions/__tests__/fetchAddresses.test.ts(44,14): error TS7005: Variable 'store' implicitly has an 'any' type.
packages/redux/src/addresses/actions/__tests__/fetchAddresses.test.ts(57,18): error TS2339: Property 'mockResolvedValueOnce' does not exist on type 'GetAddresses'.
packages/redux/src/addresses/actions/__tests__/fetchAddresses.test.ts(58,11): error TS7005: Variable 'store' implicitly has an 'any' type.
packages/redux/src/addresses/actions/__tests__/fetchAddresses.test.ts(60,27): error TS7005: Variable 'store' implicitly has an 'any' type.
packages/redux/src/addresses/actions/__tests__/fetchAddressSchema.test.ts(22,5): error TS7034: Variable 'store' implicitly has type 'any' in some locations where its type cannot be determined.
packages/redux/src/addresses/actions/__tests__/fetchAddressSchema.test.ts(33,15): error TS2339: Property 'mockRejectedValueOnce' does not exist on type 'GetSchema'.
packages/redux/src/addresses/actions/__tests__/fetchAddressSchema.test.ts(37,13): error TS7005: Variable 'store' implicitly has an 'any' type.
packages/redux/src/addresses/actions/__tests__/fetchAddressSchema.test.ts(42,14): error TS7005: Variable 'store' implicitly has an 'any' type.
packages/redux/src/addresses/actions/__tests__/fetchAddressSchema.test.ts(58,15): error TS2339: Property 'mockResolvedValueOnce' does not exist on type 'GetSchema'.
packages/redux/src/addresses/actions/__tests__/fetchAddressSchema.test.ts(59,11): error TS7005: Variable 'store' implicitly has an 'any' type.
packages/redux/src/addresses/actions/__tests__/fetchAddressSchema.test.ts(61,27): error TS7005: Variable 'store' implicitly has an 'any' type.
packages/redux/src/addresses/actions/__tests__/fetchDefaultContactAddress.test.ts(18,5): error TS7034: Variable 'store' implicitly has type 'any' in some locations where its type cannot be determined.
packages/redux/src/addresses/actions/__tests__/fetchDefaultContactAddress.test.ts(31,30): error TS2339: Property 'mockRejectedValueOnce' does not exist on type 'GetDefaultContactAddress'.
packages/redux/src/addresses/actions/__tests__/fetchDefaultContactAddress.test.ts(35,13): error TS7005: Variable 'store' implicitly has an 'any' type.
packages/redux/src/addresses/actions/__tests__/fetchDefaultContactAddress.test.ts(35,55): error TS2345: Argument of type 'string' is not assignable to parameter of type 'number'.
packages/redux/src/addresses/actions/__tests__/fetchDefaultContactAddress.test.ts(43,14): error TS7005: Variable 'store' implicitly has an 'any' type.
packages/redux/src/addresses/actions/__tests__/fetchDefaultContactAddress.test.ts(60,30): error TS2339: Property 'mockResolvedValueOnce' does not exist on type 'GetDefaultContactAddress'.
packages/redux/src/addresses/actions/__tests__/fetchDefaultContactAddress.test.ts(61,11): error TS7005: Variable 'store' implicitly has an 'any' type.
packages/redux/src/addresses/actions/__tests__/fetchDefaultContactAddress.test.ts(61,53): error TS2345: Argument of type 'string' is not assignable to parameter of type 'number'.
packages/redux/src/addresses/actions/__tests__/fetchDefaultContactAddress.test.ts(63,27): error TS7005: Variable 'store' implicitly has an 'any' type.
packages/redux/src/addresses/actions/__tests__/fetchPredictionDetails.test.ts(20,5): error TS7034: Variable 'store' implicitly has type 'any' in some locations where its type cannot be determined.
packages/redux/src/addresses/actions/__tests__/fetchPredictionDetails.test.ts(31,26): error TS2339: Property 'mockRejectedValueOnce' does not exist on type 'GetPredictionDetails'.
packages/redux/src/addresses/actions/__tests__/fetchPredictionDetails.test.ts(35,13): error TS7005: Variable 'store' implicitly has an 'any' type.
packages/redux/src/addresses/actions/__tests__/fetchPredictionDetails.test.ts(46,14): error TS7005: Variable 'store' implicitly has an 'any' type.
packages/redux/src/addresses/actions/__tests__/fetchPredictionDetails.test.ts(59,26): error TS2339: Property 'mockResolvedValueOnce' does not exist on type 'GetPredictionDetails'.
packages/redux/src/addresses/actions/__tests__/fetchPredictionDetails.test.ts(60,11): error TS7005: Variable 'store' implicitly has an 'any' type.
packages/redux/src/addresses/actions/__tests__/fetchPredictionDetails.test.ts(64,27): error TS7005: Variable 'store' implicitly has an 'any' type.
packages/redux/src/addresses/actions/__tests__/fetchPredictions.test.ts(18,5): error TS7034: Variable 'store' implicitly has type 'any' in some locations where its type cannot be determined.
packages/redux/src/addresses/actions/__tests__/fetchPredictions.test.ts(29,20): error TS2339: Property 'mockRejectedValueOnce' does not exist on type 'GetPredictions'.
packages/redux/src/addresses/actions/__tests__/fetchPredictions.test.ts(33,13): error TS7005: Variable 'store' implicitly has an 'any' type.
packages/redux/src/addresses/actions/__tests__/fetchPredictions.test.ts(33,49): error TS2559: Type '""' has no properties in common with type 'GetPredictionsQuery'.
packages/redux/src/addresses/actions/__tests__/fetchPredictions.test.ts(38,14): error TS7005: Variable 'store' implicitly has an 'any' type.
packages/redux/src/addresses/actions/__tests__/fetchPredictions.test.ts(51,20): error TS2339: Property 'mockResolvedValueOnce' does not exist on type 'GetPredictions'.
packages/redux/src/addresses/actions/__tests__/fetchPredictions.test.ts(52,11): error TS7005: Variable 'store' implicitly has an 'any' type.
packages/redux/src/addresses/actions/__tests__/fetchPredictions.test.ts(52,47): error TS2559: Type '""' has no properties in common with type 'GetPredictionsQuery'.
packages/redux/src/addresses/actions/__tests__/fetchPredictions.test.ts(54,27): error TS7005: Variable 'store' implicitly has an 'any' type.
packages/redux/src/addresses/actions/__tests__/removeAddress.test.ts(22,5): error TS7034: Variable 'store' implicitly has type 'any' in some locations where its type cannot be determined.
packages/redux/src/addresses/actions/__tests__/removeAddress.test.ts(33,19): error TS2339: Property 'mockRejectedValueOnce' does not exist on type 'DeleteAddress'.
packages/redux/src/addresses/actions/__tests__/removeAddress.test.ts(37,13): error TS7005: Variable 'store' implicitly has an 'any' type.
packages/redux/src/addresses/actions/__tests__/removeAddress.test.ts(45,14): error TS7005: Variable 'store' implicitly has an 'any' type.
packages/redux/src/addresses/actions/__tests__/removeAddress.test.ts(62,19): error TS2339: Property 'mockResolvedValueOnce' does not exist on type 'DeleteAddress'.
packages/redux/src/addresses/actions/__tests__/removeAddress.test.ts(63,11): error TS7005: Variable 'store' implicitly has an 'any' type.
packages/redux/src/addresses/actions/__tests__/removeAddress.test.ts(65,27): error TS7005: Variable 'store' implicitly has an 'any' type.
packages/redux/src/addresses/actions/__tests__/removeDefaultContactAddress.test.ts(18,5): error TS7034: Variable 'store' implicitly has type 'any' in some locations where its type cannot be determined.
packages/redux/src/addresses/actions/__tests__/removeDefaultContactAddress.test.ts(31,33): error TS2339: Property 'mockRejectedValueOnce' does not exist on type 'DeleteDefaultContactAddress'.
packages/redux/src/addresses/actions/__tests__/removeDefaultContactAddress.test.ts(35,13): error TS7005: Variable 'store' implicitly has an 'any' type.
packages/redux/src/addresses/actions/__tests__/removeDefaultContactAddress.test.ts(35,56): error TS2345: Argument of type 'string' is not assignable to parameter of type 'number'.
packages/redux/src/addresses/actions/__tests__/removeDefaultContactAddress.test.ts(43,14): error TS7005: Variable 'store' implicitly has an 'any' type.
packages/redux/src/addresses/actions/__tests__/removeDefaultContactAddress.test.ts(60,33): error TS2339: Property 'mockResolvedValueOnce' does not exist on type 'DeleteDefaultContactAddress'.
packages/redux/src/addresses/actions/__tests__/removeDefaultContactAddress.test.ts(61,11): error TS7005: Variable 'store' implicitly has an 'any' type.
packages/redux/src/addresses/actions/__tests__/removeDefaultContactAddress.test.ts(61,54): error TS2345: Argument of type 'string' is not assignable to parameter of type 'number'.
packages/redux/src/addresses/actions/__tests__/removeDefaultContactAddress.test.ts(63,27): error TS7005: Variable 'store' implicitly has an 'any' type.
packages/redux/src/addresses/actions/__tests__/reset.test.ts(5,5): error TS7034: Variable 'store' implicitly has type 'any' in some locations where its type cannot be determined.
packages/redux/src/addresses/actions/__tests__/reset.test.ts(10,13): error TS2554: Expected 2-3 arguments, but got 0.
packages/redux/src/addresses/actions/__tests__/reset.test.ts(14,5): error TS7005: Variable 'store' implicitly has an 'any' type.
packages/redux/src/addresses/actions/__tests__/reset.test.ts(15,27): error TS7005: Variable 'store' implicitly has an 'any' type.
packages/redux/src/addresses/actions/__tests__/resetPredictions.test.ts(9,5): error TS7034: Variable 'store' implicitly has type 'any' in some locations where its type cannot be determined.
packages/redux/src/addresses/actions/__tests__/resetPredictions.test.ts(18,5): error TS7005: Variable 'store' implicitly has an 'any' type.
packages/redux/src/addresses/actions/__tests__/resetPredictions.test.ts(20,27): error TS7005: Variable 'store' implicitly has an 'any' type.
packages/redux/src/addresses/actions/__tests__/setDefaultBillingAddress.test.ts(22,5): error TS7034: Variable 'store' implicitly has type 'any' in some locations where its type cannot be determined.
packages/redux/src/addresses/actions/__tests__/setDefaultBillingAddress.test.ts(33,30): error TS2339: Property 'mockRejectedValueOnce' does not exist on type 'PutDefaultBillingAddress'.
packages/redux/src/addresses/actions/__tests__/setDefaultBillingAddress.test.ts(37,13): error TS7005: Variable 'store' implicitly has an 'any' type.
packages/redux/src/addresses/actions/__tests__/setDefaultBillingAddress.test.ts(45,14): error TS7005: Variable 'store' implicitly has an 'any' type.
packages/redux/src/addresses/actions/__tests__/setDefaultBillingAddress.test.ts(62,30): error TS2339: Property 'mockResolvedValueOnce' does not exist on type 'PutDefaultBillingAddress'.
packages/redux/src/addresses/actions/__tests__/setDefaultBillingAddress.test.ts(63,11): error TS7005: Variable 'store' implicitly has an 'any' type.
packages/redux/src/addresses/actions/__tests__/setDefaultBillingAddress.test.ts(65,27): error TS7005: Variable 'store' implicitly has an 'any' type.
packages/redux/src/addresses/actions/__tests__/setDefaultContactAddress.test.ts(21,5): error TS7034: Variable 'store' implicitly has type 'any' in some locations where its type cannot be determined.
packages/redux/src/addresses/actions/__tests__/setDefaultContactAddress.test.ts(34,30): error TS2339: Property 'mockRejectedValueOnce' does not exist on type 'PutDefaultContactAddress'.
packages/redux/src/addresses/actions/__tests__/setDefaultContactAddress.test.ts(38,13): error TS7005: Variable 'store' implicitly has an 'any' type.
packages/redux/src/addresses/actions/__tests__/setDefaultContactAddress.test.ts(38,53): error TS2345: Argument of type 'string' is not assignable to parameter of type 'number'.
packages/redux/src/addresses/actions/__tests__/setDefaultContactAddress.test.ts(47,14): error TS7005: Variable 'store' implicitly has an 'any' type.
packages/redux/src/addresses/actions/__tests__/setDefaultContactAddress.test.ts(64,30): error TS2339: Property 'mockResolvedValueOnce' does not exist on type 'PutDefaultContactAddress'.
packages/redux/src/addresses/actions/__tests__/setDefaultContactAddress.test.ts(65,11): error TS7005: Variable 'store' implicitly has an 'any' type.
packages/redux/src/addresses/actions/__tests__/setDefaultContactAddress.test.ts(65,51): error TS2345: Argument of type 'string' is not assignable to parameter of type 'number'.
packages/redux/src/addresses/actions/__tests__/setDefaultContactAddress.test.ts(67,27): error TS7005: Variable 'store' implicitly has an 'any' type.
packages/redux/src/addresses/actions/__tests__/setDefaultShippingAddress.test.ts(22,5): error TS7034: Variable 'store' implicitly has type 'any' in some locations where its type cannot be determined.
packages/redux/src/addresses/actions/__tests__/setDefaultShippingAddress.test.ts(33,31): error TS2339: Property 'mockRejectedValueOnce' does not exist on type 'PutDefaultShippingAddress'.
packages/redux/src/addresses/actions/__tests__/setDefaultShippingAddress.test.ts(37,13): error TS7005: Variable 'store' implicitly has an 'any' type.
packages/redux/src/addresses/actions/__tests__/setDefaultShippingAddress.test.ts(45,14): error TS7005: Variable 'store' implicitly has an 'any' type.
packages/redux/src/addresses/actions/__tests__/setDefaultShippingAddress.test.ts(62,31): error TS2339: Property 'mockResolvedValueOnce' does not exist on type 'PutDefaultShippingAddress'.
packages/redux/src/addresses/actions/__tests__/setDefaultShippingAddress.test.ts(63,11): error TS7005: Variable 'store' implicitly has an 'any' type.
packages/redux/src/addresses/actions/__tests__/setDefaultShippingAddress.test.ts(65,27): error TS7005: Variable 'store' implicitly has an 'any' type.
packages/redux/src/addresses/actions/__tests__/updateAddress.test.ts(25,5): error TS7034: Variable 'store' implicitly has type 'any' in some locations where its type cannot be determined.
packages/redux/src/addresses/actions/__tests__/updateAddress.test.ts(38,16): error TS2339: Property 'mockRejectedValueOnce' does not exist on type 'PutAddress'.
packages/redux/src/addresses/actions/__tests__/updateAddress.test.ts(42,13): error TS7005: Variable 'store' implicitly has an 'any' type.
packages/redux/src/addresses/actions/__tests__/updateAddress.test.ts(42,62): error TS2345: Argument of type '{}' is not assignable to parameter of type 'Address'.
  Type '{}' is missing the following properties from type 'Address': id, firstName, lastName, addressLine1, and 10 more.
packages/redux/src/addresses/actions/__tests__/updateAddress.test.ts(51,14): error TS7005: Variable 'store' implicitly has an 'any' type.
packages/redux/src/addresses/actions/__tests__/updateAddress.test.ts(68,16): error TS2339: Property 'mockResolvedValueOnce' does not exist on type 'PutAddress'.
packages/redux/src/addresses/actions/__tests__/updateAddress.test.ts(69,11): error TS7005: Variable 'store' implicitly has an 'any' type.
packages/redux/src/addresses/actions/__tests__/updateAddress.test.ts(69,60): error TS2345: Argument of type '{}' is not assignable to parameter of type 'Address'.
packages/redux/src/addresses/actions/__tests__/updateAddress.test.ts(71,27): error TS7005: Variable 'store' implicitly has an 'any' type.
packages/redux/src/addresses/actions/factories/createAddressFactory.ts(57,20): error TS2322: Type 'unknown' is not assignable to type 'Error'.
packages/redux/src/addresses/actions/factories/fetchAddressesFactory.ts(55,20): error TS2322: Type 'unknown' is not assignable to type 'Error'.
packages/redux/src/addresses/actions/factories/fetchAddressFactory.ts(58,20): error TS2322: Type 'unknown' is not assignable to type 'Error'.
packages/redux/src/addresses/actions/factories/fetchDefaultContactAddressFactory.ts(56,20): error TS2322: Type 'unknown' is not assignable to type 'Error'.
packages/redux/src/addresses/actions/factories/fetchPredictionDetailsFactory.ts(71,20): error TS2322: Type 'unknown' is not assignable to type 'Error'.
packages/redux/src/addresses/actions/factories/fetchPredictionsFactory.ts(64,20): error TS2322: Type 'unknown' is not assignable to type 'Error'.
packages/redux/src/addresses/actions/factories/removeAddressFactory.ts(56,20): error TS2322: Type 'unknown' is not assignable to type 'Error'.
packages/redux/src/addresses/actions/factories/removeDefaultContactAddressFactory.ts(58,20): error TS2322: Type 'unknown' is not assignable to type 'Error'.
packages/redux/src/addresses/actions/factories/setDefaultBillingAddressFactory.ts(60,20): error TS2322: Type 'unknown' is not assignable to type 'Error'.
packages/redux/src/addresses/actions/factories/setDefaultContactAddressFactory.ts(57,20): error TS2322: Type 'unknown' is not assignable to type 'Error'.
packages/redux/src/addresses/actions/factories/setDefaultShippingAddressFactory.ts(62,20): error TS2322: Type 'unknown' is not assignable to type 'Error'.
packages/redux/src/addresses/actions/factories/updateAddressFactory.ts(65,20): error TS2322: Type 'unknown' is not assignable to type 'Error'.
packages/redux/src/addresses/reducer.ts(70,31): error TS2532: Object is possibly 'undefined'.
packages/redux/src/addresses/reducer.ts(88,18): error TS2488: Type 'string[] | null' must have a '[Symbol.iterator]()' method that returns an iterator.
packages/redux/src/addresses/reducer.ts(281,14): error TS2532: Object is possibly 'undefined'.
packages/redux/src/addresses/reducer.ts(282,11): error TS2532: Object is possibly 'undefined'.
packages/redux/src/addresses/reducer.ts(285,9): error TS2532: Object is possibly 'undefined'.
packages/redux/src/addresses/reducer.ts(285,9): error TS2322: Type '{ [x: string]: WritableDraft<Address> | { id?: string | undefined; firstName?: string | undefined; lastName?: string | undefined; addressLine1?: string | undefined; ... 19 more ...; updatedDate?: string | undefined; }; }' is not assignable to type 'WritableDraft<Record<string, Address>>'.
  'string' index signatures are incompatible.
    Type 'WritableDraft<Address> | { id?: string | undefined; firstName?: string | undefined; lastName?: string | undefined; addressLine1?: string | undefined; ... 19 more ...; updatedDate?: string | undefined; }' is not assignable to type 'WritableDraft<Address>'.
      Type '{ id?: string | undefined; firstName?: string | undefined; lastName?: string | undefined; addressLine1?: string | undefined; addressLine2?: string | undefined; addressLine3?: string | undefined; ... 17 more ...; updatedDate?: string | undefined; }' is not assignable to type 'WritableDraft<Address>'.
        Types of property 'id' are incompatible.
          Type 'string | undefined' is not assignable to type 'string'.
            Type 'undefined' is not assignable to type 'string'.
packages/redux/src/addresses/reducer.ts(286,14): error TS2532: Object is possibly 'undefined'.
packages/redux/src/addresses/reducer.ts(300,14): error TS2532: Object is possibly 'undefined'.
packages/redux/src/addresses/reducer.ts(301,11): error TS2532: Object is possibly 'undefined'.
packages/redux/src/addresses/reducer.ts(304,9): error TS2532: Object is possibly 'undefined'.
packages/redux/src/addresses/reducer.ts(304,9): error TS2322: Type '{ [x: string]: WritableDraft<Address> | { id?: string | undefined; firstName?: string | undefined; lastName?: string | undefined; addressLine1?: string | undefined; ... 19 more ...; updatedDate?: string | undefined; }; }' is not assignable to type 'WritableDraft<Record<string, Address>>'.
  'string' index signatures are incompatible.
    Type 'WritableDraft<Address> | { id?: string | undefined; firstName?: string | undefined; lastName?: string | undefined; addressLine1?: string | undefined; ... 19 more ...; updatedDate?: string | undefined; }' is not assignable to type 'WritableDraft<Address>'.
      Type '{ id?: string | undefined; firstName?: string | undefined; lastName?: string | undefined; addressLine1?: string | undefined; addressLine2?: string | undefined; addressLine3?: string | undefined; ... 17 more ...; updatedDate?: string | undefined; }' is not assignable to type 'WritableDraft<Address>'.
        Types of property 'id' are incompatible.
          Type 'string | undefined' is not assignable to type 'string'.
            Type 'undefined' is not assignable to type 'string'.
packages/redux/src/addresses/reducer.ts(305,14): error TS2532: Object is possibly 'undefined'.
packages/redux/src/addresses/reducer.ts(316,32): error TS2532: Object is possibly 'undefined'.
packages/redux/src/addresses/reducer.ts(319,9): error TS2532: Object is possibly 'undefined'.
packages/redux/src/addresses/reducer.ts(331,9): error TS2532: Object is possibly 'undefined'.
packages/redux/src/addresses/reducer.ts(338,11): error TS2532: Object is possibly 'undefined'.
packages/redux/src/addresses/reducer.ts(338,11): error TS2532: Object is possibly 'undefined'.
packages/redux/src/addresses/reducer.ts(338,11): error TS2532: Object is possibly 'undefined'.
packages/redux/src/addresses/reducer.ts(343,9): error TS2532: Object is possibly 'undefined'.
packages/redux/src/addresses/reducer.ts(343,9): error TS2532: Object is possibly 'undefined'.
packages/redux/src/addresses/reducer.ts(343,9): error TS2532: Object is possibly 'undefined'.
packages/redux/src/addresses/reducer.ts(355,9): error TS2532: Object is possibly 'undefined'.
packages/redux/src/addresses/reducer.ts(362,11): error TS2532: Object is possibly 'undefined'.
packages/redux/src/addresses/reducer.ts(362,11): error TS2532: Object is possibly 'undefined'.
packages/redux/src/addresses/reducer.ts(362,11): error TS2532: Object is possibly 'undefined'.
packages/redux/src/addresses/reducer.ts(366,9): error TS2532: Object is possibly 'undefined'.
packages/redux/src/addresses/reducer.ts(366,9): error TS2532: Object is possibly 'undefined'.
packages/redux/src/addresses/reducer.ts(366,9): error TS2532: Object is possibly 'undefined'.
packages/redux/src/addresses/reducer.ts(400,9): error TS2532: Object is possibly 'undefined'.
packages/redux/src/addresses/reducer.ts(407,11): error TS2532: Object is possibly 'undefined'.
packages/redux/src/addresses/reducer.ts(407,11): error TS2532: Object is possibly 'undefined'.
packages/redux/src/addresses/reducer.ts(407,11): error TS2532: Object is possibly 'undefined'.
packages/redux/src/addresses/reducer.ts(412,9): error TS2532: Object is possibly 'undefined'.
packages/redux/src/addresses/reducer.ts(412,9): error TS2532: Object is possibly 'undefined'.
packages/redux/src/addresses/reducer.ts(412,9): error TS2532: Object is possibly 'undefined'.
packages/redux/src/addresses/reducer.ts(424,9): error TS2532: Object is possibly 'undefined'.
packages/redux/src/addresses/reducer.ts(424,9): error TS2532: Object is possibly 'undefined'.
packages/redux/src/addresses/reducer.ts(424,9): error TS2532: Object is possibly 'undefined'.
packages/redux/src/addresses/selectors.ts(39,10): error TS2345: Argument of type 'State | undefined' is not assignable to parameter of type 'State'.
  Type 'undefined' is not assignable to type 'State'.
    Type 'undefined' is not assignable to type 'EmptyObject'.
packages/redux/src/addresses/selectors.ts(51,15): error TS2345: Argument of type 'State | undefined' is not assignable to parameter of type 'State'.
  Type 'undefined' is not assignable to type 'State'.
packages/redux/src/addresses/selectors.ts(63,16): error TS2345: Argument of type 'State | undefined' is not assignable to parameter of type 'State'.
  Type 'undefined' is not assignable to type 'State'.
packages/redux/src/addresses/selectors.ts(90,21): error TS2322: Type 'unknown' is not assignable to type 'Address'.
packages/redux/src/addresses/selectors.ts(132,56): error TS2345: Argument of type 'State | undefined' is not assignable to parameter of type 'State'.
  Type 'undefined' is not assignable to type 'State'.
packages/redux/src/addresses/selectors.ts(144,55): error TS2345: Argument of type 'State | undefined' is not assignable to parameter of type 'State'.
  Type 'undefined' is not assignable to type 'State'.
packages/redux/src/addresses/selectors.ts(157,21): error TS2345: Argument of type 'State | undefined' is not assignable to parameter of type 'State'.
  Type 'undefined' is not assignable to type 'State'.
packages/redux/src/addresses/selectors.ts(170,28): error TS2345: Argument of type 'State | undefined' is not assignable to parameter of type 'State'.
  Type 'undefined' is not assignable to type 'State'.
packages/redux/src/addresses/selectors.ts(183,28): error TS2345: Argument of type 'State | undefined' is not assignable to parameter of type 'State'.
  Type 'undefined' is not assignable to type 'State'.
packages/redux/src/addresses/selectors.ts(196,28): error TS2345: Argument of type 'State | undefined' is not assignable to parameter of type 'State'.
  Type 'undefined' is not assignable to type 'State'.
packages/redux/src/addresses/selectors.ts(209,19): error TS2345: Argument of type 'State | undefined' is not assignable to parameter of type 'State'.
  Type 'undefined' is not assignable to type 'State'.
packages/redux/src/addresses/selectors.ts(221,51): error TS2345: Argument of type 'State | undefined' is not assignable to parameter of type 'State'.
  Type 'undefined' is not assignable to type 'State'.
packages/redux/src/addresses/selectors.ts(235,41): error TS2345: Argument of type 'State | undefined' is not assignable to parameter of type 'State'.
  Type 'undefined' is not assignable to type 'State'.
packages/redux/src/addresses/selectors.ts(250,46): error TS2345: Argument of type 'State | undefined' is not assignable to parameter of type 'State'.
  Type 'undefined' is not assignable to type 'State'.
packages/redux/src/addresses/selectors.ts(263,23): error TS2345: Argument of type 'State | undefined' is not assignable to parameter of type 'State'.
  Type 'undefined' is not assignable to type 'State'.
packages/redux/src/addresses/selectors.ts(276,23): error TS2345: Argument of type 'State | undefined' is not assignable to parameter of type 'State'.
  Type 'undefined' is not assignable to type 'State'.
packages/redux/src/addresses/selectors.ts(289,28): error TS2345: Argument of type 'State | undefined' is not assignable to parameter of type 'State'.
  Type 'undefined' is not assignable to type 'State'.
packages/redux/src/addresses/selectors.ts(302,28): error TS2345: Argument of type 'State | undefined' is not assignable to parameter of type 'State'.
  Type 'undefined' is not assignable to type 'State'.
packages/redux/src/addresses/selectors.ts(315,28): error TS2345: Argument of type 'State | undefined' is not assignable to parameter of type 'State'.
  Type 'undefined' is not assignable to type 'State'.
packages/redux/src/authentication/__tests__/reducer.test.ts(425,18): error TS2352: Conversion of type '`get${string}`' to type '"login" | "register" | "logout" | "changePassword" | "resetPassword" | "recoverPassword" | "validateEmail" | "refreshEmailToken" | "userToken" | "userImpersonation"' may be a mistake because neither type sufficiently overlaps with the other. If this was intentional, convert the expression to 'unknown' first.
  Type '`get${string}`' is not comparable to type '"userImpersonation"'.
packages/redux/src/authentication/actions/__tests__/changePassword.test.ts(40,28): error TS2345: Argument of type '(dispatch: Dispatch) => Promise<any>' is not assignable to parameter of type 'AnyAction'.
  Property 'type' is missing in type '(dispatch: Dispatch) => Promise<any>' but required in type 'AnyAction'.
packages/redux/src/authentication/actions/__tests__/changePassword.test.ts(62,26): error TS2345: Argument of type '(dispatch: Dispatch) => Promise<any>' is not assignable to parameter of type 'AnyAction'.
packages/redux/src/authentication/actions/__tests__/createClientCredentialsToken.test.ts(37,28): error TS2345: Argument of type '(dispatch: Dispatch) => Promise<any>' is not assignable to parameter of type 'AnyAction'.
  Property 'type' is missing in type '(dispatch: Dispatch) => Promise<any>' but required in type 'AnyAction'.
packages/redux/src/authentication/actions/__tests__/createClientCredentialsToken.test.ts(66,26): error TS2345: Argument of type '(dispatch: Dispatch) => Promise<any>' is not assignable to parameter of type 'AnyAction'.
packages/redux/src/authentication/actions/__tests__/createUserImpersonation.test.ts(43,28): error TS2345: Argument of type '(dispatch: Dispatch) => Promise<any>' is not assignable to parameter of type 'AnyAction'.
  Property 'type' is missing in type '(dispatch: Dispatch) => Promise<any>' but required in type 'AnyAction'.
packages/redux/src/authentication/actions/__tests__/createUserImpersonation.test.ts(68,26): error TS2345: Argument of type '(dispatch: Dispatch) => Promise<any>' is not assignable to parameter of type 'AnyAction'.
packages/redux/src/authentication/actions/__tests__/createUserToken.test.ts(45,28): error TS2345: Argument of type '(dispatch: Dispatch) => Promise<any>' is not assignable to parameter of type 'AnyAction'.
  Property 'type' is missing in type '(dispatch: Dispatch) => Promise<any>' but required in type 'AnyAction'.
packages/redux/src/authentication/actions/__tests__/createUserToken.test.ts(74,26): error TS2345: Argument of type '(dispatch: Dispatch) => Promise<any>' is not assignable to parameter of type 'AnyAction'.
packages/redux/src/authentication/actions/__tests__/login.test.ts(48,28): error TS2345: Argument of type '(dispatch: Dispatch) => Promise<any>' is not assignable to parameter of type 'AnyAction'.
  Property 'type' is missing in type '(dispatch: Dispatch) => Promise<any>' but required in type 'AnyAction'.
packages/redux/src/authentication/actions/__tests__/login.test.ts(67,26): error TS2345: Argument of type '(dispatch: Dispatch) => Promise<any>' is not assignable to parameter of type 'AnyAction'.
packages/redux/src/authentication/actions/__tests__/login.test.ts(90,26): error TS2345: Argument of type '(dispatch: Dispatch) => Promise<any>' is not assignable to parameter of type 'AnyAction'.
packages/redux/src/authentication/actions/__tests__/logout.test.ts(33,28): error TS2345: Argument of type '(dispatch: Dispatch) => Promise<any>' is not assignable to parameter of type 'AnyAction'.
  Property 'type' is missing in type '(dispatch: Dispatch) => Promise<any>' but required in type 'AnyAction'.
packages/redux/src/authentication/actions/__tests__/logout.test.ts(52,26): error TS2345: Argument of type '(dispatch: Dispatch) => Promise<any>' is not assignable to parameter of type 'AnyAction'.
packages/redux/src/authentication/actions/__tests__/recoverPassword.test.ts(38,28): error TS2345: Argument of type '(dispatch: Dispatch) => Promise<any>' is not assignable to parameter of type 'AnyAction'.
  Property 'type' is missing in type '(dispatch: Dispatch) => Promise<any>' but required in type 'AnyAction'.
packages/redux/src/authentication/actions/__tests__/recoverPassword.test.ts(60,26): error TS2345: Argument of type '(dispatch: Dispatch) => Promise<any>' is not assignable to parameter of type 'AnyAction'.
packages/redux/src/authentication/actions/__tests__/refreshEmailToken.test.ts(46,28): error TS2345: Argument of type '(dispatch: Dispatch) => Promise<any>' is not assignable to parameter of type 'AnyAction'.
  Property 'type' is missing in type '(dispatch: Dispatch) => Promise<any>' but required in type 'AnyAction'.
packages/redux/src/authentication/actions/__tests__/refreshEmailToken.test.ts(72,26): error TS2345: Argument of type '(dispatch: Dispatch) => Promise<any>' is not assignable to parameter of type 'AnyAction'.
packages/redux/src/authentication/actions/__tests__/refreshToken.test.ts(38,28): error TS2345: Argument of type '(dispatch: Dispatch) => Promise<any>' is not assignable to parameter of type 'AnyAction'.
  Property 'type' is missing in type '(dispatch: Dispatch) => Promise<any>' but required in type 'AnyAction'.
packages/redux/src/authentication/actions/__tests__/refreshToken.test.ts(67,26): error TS2345: Argument of type '(dispatch: Dispatch) => Promise<any>' is not assignable to parameter of type 'AnyAction'.
packages/redux/src/authentication/actions/__tests__/register.test.ts(51,28): error TS2345: Argument of type '(dispatch: Dispatch) => Promise<any>' is not assignable to parameter of type 'AnyAction'.
  Property 'type' is missing in type '(dispatch: Dispatch) => Promise<any>' but required in type 'AnyAction'.
packages/redux/src/authentication/actions/__tests__/register.test.ts(73,26): error TS2345: Argument of type '(dispatch: Dispatch) => Promise<any>' is not assignable to parameter of type 'AnyAction'.
packages/redux/src/authentication/actions/__tests__/register.test.ts(98,26): error TS2345: Argument of type '(dispatch: Dispatch) => Promise<any>' is not assignable to parameter of type 'AnyAction'.
packages/redux/src/authentication/actions/__tests__/removeUserImpersonation.test.ts(39,28): error TS2345: Argument of type '(dispatch: Dispatch) => Promise<any>' is not assignable to parameter of type 'AnyAction'.
  Property 'type' is missing in type '(dispatch: Dispatch) => Promise<any>' but required in type 'AnyAction'.
packages/redux/src/authentication/actions/__tests__/removeUserImpersonation.test.ts(65,26): error TS2345: Argument of type '(dispatch: Dispatch) => Promise<any>' is not assignable to parameter of type 'AnyAction'.
packages/redux/src/authentication/actions/__tests__/removeUserToken.test.ts(39,28): error TS2345: Argument of type '(dispatch: Dispatch) => Promise<any>' is not assignable to parameter of type 'AnyAction'.
  Property 'type' is missing in type '(dispatch: Dispatch) => Promise<any>' but required in type 'AnyAction'.
packages/redux/src/authentication/actions/__tests__/removeUserToken.test.ts(62,26): error TS2345: Argument of type '(dispatch: Dispatch) => Promise<any>' is not assignable to parameter of type 'AnyAction'.
packages/redux/src/authentication/actions/__tests__/reset.test.ts(24,26): error TS2345: Argument of type '(dispatch: Dispatch) => void' is not assignable to parameter of type 'AnyAction'.
  Property 'type' is missing in type '(dispatch: Dispatch) => void' but required in type 'AnyAction'.
packages/redux/src/authentication/actions/__tests__/reset.test.ts(50,28): error TS2345: Argument of type '(dispatch: Dispatch) => void' is not assignable to parameter of type 'AnyAction'.
packages/redux/src/authentication/actions/__tests__/resetPassword.test.ts(39,28): error TS2345: Argument of type '(dispatch: Dispatch) => Promise<any>' is not assignable to parameter of type 'AnyAction'.
  Property 'type' is missing in type '(dispatch: Dispatch) => Promise<any>' but required in type 'AnyAction'.
packages/redux/src/authentication/actions/__tests__/resetPassword.test.ts(61,26): error TS2345: Argument of type '(dispatch: Dispatch) => Promise<any>' is not assignable to parameter of type 'AnyAction'.
packages/redux/src/authentication/actions/__tests__/validateEmail.test.ts(47,28): error TS2345: Argument of type '(dispatch: Dispatch) => Promise<any>' is not assignable to parameter of type 'AnyAction'.
  Property 'type' is missing in type '(dispatch: Dispatch) => Promise<any>' but required in type 'AnyAction'.
packages/redux/src/authentication/actions/__tests__/validateEmail.test.ts(73,26): error TS2345: Argument of type '(dispatch: Dispatch) => Promise<any>' is not assignable to parameter of type 'AnyAction'.
packages/redux/src/bags/__tests__/reducer.test.ts(11,5): error TS7034: Variable 'initialState' implicitly has type 'any' in some locations where its type cannot be determined.
packages/redux/src/bags/__tests__/reducer.test.ts(26,17): error TS7005: Variable 'initialState' implicitly has an 'any' type.
packages/redux/src/bags/__tests__/reducer.test.ts(35,17): error TS7005: Variable 'initialState' implicitly has an 'any' type.
packages/redux/src/bags/__tests__/reducer.test.ts(41,13): error TS7005: Variable 'initialState' implicitly has an 'any' type.
packages/redux/src/bags/__tests__/reducer.test.ts(45,17): error TS2345: Argument of type '{ error: { message: string; }; id: string; isLoading: boolean; result: { id: string; bagSummary: { currency: string; currencySymbol: string; dateCreated: string; dateUpdated: string; grandTotal: number; ... 11 more ...; taxType: string; }; }; items: { ...; }; }' is not assignable to parameter of type 'State'.
  Type '{ error: { message: string; }; id: string; isLoading: boolean; result: { id: string; bagSummary: { currency: string; currencySymbol: string; dateCreated: string; dateUpdated: string; grandTotal: number; ... 11 more ...; taxType: string; }; }; items: { ...; }; }' is not assignable to type '{ [k: string]: unknown; error: Error | null; id: string | null; isLoading: boolean; result: NormalizedBag | null; items: BagItemsState; }'.
    Types of property 'result' are incompatible.
      Type '{ id: string; bagSummary: { currency: string; currencySymbol: string; dateCreated: string; dateUpdated: string; grandTotal: number; subTotalAmount: number; subTotalAmountExclTaxes: number; totalDiscount: number; ... 8 more ...; taxType: string; }; }' is not assignable to type 'NormalizedBag'.
        Type '{ id: string; bagSummary: { currency: string; currencySymbol: string; dateCreated: string; dateUpdated: string; grandTotal: number; subTotalAmount: number; subTotalAmountExclTaxes: number; totalDiscount: number; ... 8 more ...; taxType: string; }; }' is missing the following properties from type 'Omit<Bag, "items">': count, hadUnavailableItems
packages/redux/src/bags/__tests__/reducer.test.ts(55,16): error TS7005: Variable 'initialState' implicitly has an 'any' type.
packages/redux/src/bags/__tests__/reducer.test.ts(60,20): error TS7005: Variable 'initialState' implicitly has an 'any' type.
packages/redux/src/bags/__tests__/reducer.test.ts(66,17): error TS2345: Argument of type '{ error: { message: string; }; id: string; isLoading: boolean; result: { id: string; bagSummary: { currency: string; currencySymbol: string; dateCreated: string; dateUpdated: string; grandTotal: number; ... 11 more ...; taxType: string; }; }; items: { ...; }; }' is not assignable to parameter of type 'State'.
packages/redux/src/bags/__tests__/reducer.test.ts(78,26): error TS7005: Variable 'initialState' implicitly has an 'any' type.
packages/redux/src/bags/__tests__/reducer.test.ts(105,26): error TS7005: Variable 'initialState' implicitly has an 'any' type.
packages/redux/src/bags/__tests__/reducer.test.ts(115,26): error TS7005: Variable 'initialState' implicitly has an 'any' type.
packages/redux/src/bags/__tests__/reducer.test.ts(131,26): error TS7005: Variable 'initialState' implicitly has an 'any' type.
packages/redux/src/bags/__tests__/reducer.test.ts(141,26): error TS7005: Variable 'initialState' implicitly has an 'any' type.
packages/redux/src/bags/__tests__/reducer.test.ts(156,26): error TS7005: Variable 'initialState' implicitly has an 'any' type.
packages/redux/src/bags/__tests__/reducer.test.ts(166,26): error TS7005: Variable 'initialState' implicitly has an 'any' type.
packages/redux/src/bags/__tests__/reducer.test.ts(184,14): error TS7005: Variable 'initialState' implicitly has an 'any' type.
packages/redux/src/bags/__tests__/reducer.test.ts(193,14): error TS7005: Variable 'initialState' implicitly has an 'any' type.
packages/redux/src/bags/__tests__/reducer.test.ts(208,14): error TS7005: Variable 'initialState' implicitly has an 'any' type.
packages/redux/src/bags/__tests__/reducer.test.ts(217,14): error TS7005: Variable 'initialState' implicitly has an 'any' type.
packages/redux/src/bags/__tests__/reducer.test.ts(221,26): error TS7005: Variable 'initialState' implicitly has an 'any' type.
packages/redux/src/bags/__tests__/reducer.test.ts(231,29): error TS7005: Variable 'initialState' implicitly has an 'any' type.
packages/redux/src/bags/__tests__/reducer.test.ts(347,12): error TS7005: Variable 'initialState' implicitly has an 'any' type.
packages/redux/src/bags/__tests__/reducer.test.ts(405,70): error TS2345: Argument of type '{ bagItems: { 1: { id: number; customAttributes: string; quantity: number; merchant: number; size: { id: number; scale: string; name: string; stock: { merchantId: number; quantity: number; }[]; }; sizeId: number; isAvailable: boolean; product: number; }; }; products: { ...; }; dummy: { ...; }; dummy2: { ...; }; }' is not assignable to parameter of type 'Partial<{ [k: string]: any; addresses: Record<string, Address>; availableTimeSlots: Record<string, Return>; bagItems: Record<number, BagItemEntity>; ... 33 more ...; wishlistSets: Record<...>; }>'.
  Types of property 'bagItems' are incompatible.
    Type '{ 1: { id: number; customAttributes: string; quantity: number; merchant: number; size: { id: number; scale: string; name: string; stock: { merchantId: number; quantity: number; }[]; }; sizeId: number; isAvailable: boolean; product: number; }; }' is not assignable to type 'Record<number, BagItemEntity>'.
      Property '1' is incompatible with index signature.
        Type '{ id: number; customAttributes: string; quantity: number; merchant: number; size: { id: number; scale: string; name: string; stock: { merchantId: number; quantity: number; }[]; }; sizeId: number; isAvailable: boolean; product: number; }' is not assignable to type 'BagItemEntity'.
          Type '{ id: number; customAttributes: string; quantity: number; merchant: number; size: { id: number; scale: string; name: string; stock: { merchantId: number; quantity: number; }[]; }; sizeId: number; isAvailable: boolean; product: number; }' is missing the following properties from type 'Omit<BagItem, "type" | "labels" | "productId" | "price" | "categories" | "sizes" | "colors" | "images" | "merchantId" | "merchantName" | "merchantShoppingUrl" | "brandId" | ... 6 more ... | "variants">': attributes, gender, isCustomizable, isExclusive, and 3 more.
packages/redux/src/bags/__tests__/reducer.test.ts(410,59): error TS2345: Argument of type '{ bagItems: { 1: { id: number; customAttributes: string; quantity: number; merchant: number; size: { id: number; scale: string; name: string; stock: { merchantId: number; quantity: number; }[]; }; sizeId: number; isAvailable: boolean; product: number; }; }; products: { ...; }; dummy: { ...; }; dummy2: { ...; }; }' is not assignable to parameter of type 'Partial<{ [k: string]: any; addresses: Record<string, Address>; availableTimeSlots: Record<string, Return>; bagItems: Record<number, BagItemEntity>; ... 33 more ...; wishlistSets: Record<...>; }>'.
packages/redux/src/bags/__tests__/reducer.test.ts(421,37): error TS7005: Variable 'initialState' implicitly has an 'any' type.
packages/redux/src/bags/__tests__/reducer.test.ts(429,40): error TS7005: Variable 'initialState' implicitly has an 'any' type.
packages/redux/src/bags/__tests__/reducer.test.ts(437,41): error TS7005: Variable 'initialState' implicitly has an 'any' type.
packages/redux/src/bags/__tests__/reducer.test.ts(445,44): error TS7005: Variable 'initialState' implicitly has an 'any' type.
packages/redux/src/bags/__tests__/reducer.test.ts(456,45): error TS7005: Variable 'initialState' implicitly has an 'any' type.
packages/redux/src/bags/__tests__/reducer.test.ts(465,45): error TS7005: Variable 'initialState' implicitly has an 'any' type.
packages/redux/src/bags/__tests__/reducer.test.ts(475,43): error TS7005: Variable 'initialState' implicitly has an 'any' type.
packages/redux/src/bags/__tests__/selectors.test.ts(25,33): error TS2345: Argument of type '{ bag: { error: { message: string; }; id: string; isLoading: boolean; result: { id: string; bagSummary: { currency: string; currencySymbol: string; dateCreated: string; dateUpdated: string; grandTotal: number; ... 11 more ...; taxType: string; }; }; items: { ...; }; }; entities: { ...; }; }' is not assignable to parameter of type 'Partial<{ entities: Partial<{ [k: string]: any; addresses: Record<string, Address>; availableTimeSlots: Record<string, Return>; bagItems: Record<number, BagItemEntity>; ... 33 more ...; wishlistSets: Record<...>; }>; ... 24 more ...; wishlist: State; }>'.
  The types of 'entities.bagItems' are incompatible between these types.
    Type '{ 134: { product: number; customAttributes: { a: string; b: string; c: string; }; id: number; isAvailable: boolean; merchant: number; merchantId: number; productAggregator: { bundleSlug: string; id: number; }; quantity: number; size: { ...; }; sizeId: number; }; 101: { ...; }; 102: { ...; }; 103: { ...; }; 104: { .....' is not assignable to type 'Record<number, BagItemEntity>'.
      Property '[mockBagItemId]' is incompatible with index signature.
        Type '{ product: number; customAttributes: { a: string; b: string; c: string; }; id: number; isAvailable: boolean; merchant: number; merchantId: number; productAggregator: { bundleSlug: string; id: number; }; quantity: number; size: { ...; }; sizeId: number; }' is not assignable to type 'BagItemEntity'.
          Type '{ product: number; customAttributes: { a: string; b: string; c: string; }; id: number; isAvailable: boolean; merchant: number; merchantId: number; productAggregator: { bundleSlug: string; id: number; }; quantity: number; size: { ...; }; sizeId: number; }' is missing the following properties from type 'Omit<BagItem, "type" | "labels" | "productId" | "price" | "categories" | "sizes" | "colors" | "images" | "merchantId" | "merchantName" | "merchantShoppingUrl" | "brandId" | ... 6 more ... | "variants">': attributes, gender, isCustomizable, isExclusive, and 2 more.
packages/redux/src/bags/__tests__/selectors.test.ts(34,31): error TS2345: Argument of type '{ bag: { error: { message: string; }; id: string; isLoading: boolean; result: { id: string; bagSummary: { currency: string; currencySymbol: string; dateCreated: string; dateUpdated: string; grandTotal: number; ... 11 more ...; taxType: string; }; }; items: { ...; }; }; entities: { ...; }; }' is not assignable to parameter of type 'Partial<{ entities: Partial<{ [k: string]: any; addresses: Record<string, Address>; availableTimeSlots: Record<string, Return>; bagItems: Record<number, BagItemEntity>; ... 33 more ...; wishlistSets: Record<...>; }>; ... 24 more ...; wishlist: State; }>'.
packages/redux/src/bags/__tests__/selectors.test.ts(44,36): error TS2345: Argument of type '{ bag: { error: { message: string; }; id: string; isLoading: boolean; result: { id: string; bagSummary: { currency: string; currencySymbol: string; dateCreated: string; dateUpdated: string; grandTotal: number; ... 11 more ...; taxType: string; }; }; items: { ...; }; }; entities: { ...; }; }' is not assignable to parameter of type 'Partial<{ entities: Partial<{ [k: string]: any; addresses: Record<string, Address>; availableTimeSlots: Record<string, Return>; bagItems: Record<number, BagItemEntity>; ... 33 more ...; wishlistSets: Record<...>; }>; ... 24 more ...; wishlist: State; }>'.
packages/redux/src/bags/__tests__/selectors.test.ts(54,37): error TS2345: Argument of type '{ bag: { error: { message: string; }; id: string; isLoading: boolean; result: { id: string; bagSummary: { currency: string; currencySymbol: string; dateCreated: string; dateUpdated: string; grandTotal: number; ... 11 more ...; taxType: string; }; }; items: { ...; }; }; entities: { ...; }; }' is not assignable to parameter of type 'Partial<{ entities: Partial<{ [k: string]: any; addresses: Record<string, Address>; availableTimeSlots: Record<string, Return>; bagItems: Record<number, BagItemEntity>; ... 33 more ...; wishlistSets: Record<...>; }>; ... 24 more ...; wishlist: State; }>'.
packages/redux/src/bags/__tests__/selectors.test.ts(68,35): error TS2345: Argument of type '{ bag: { error: { message: string; }; id: string; isLoading: boolean; result: { id: string; bagSummary: { currency: string; currencySymbol: string; dateCreated: string; dateUpdated: string; grandTotal: number; ... 11 more ...; taxType: string; }; }; items: { ...; }; }; entities: { ...; }; }' is not assignable to parameter of type '{ entities?: Partial<{ [k: string]: any; addresses: Record<string, Address>; availableTimeSlots: Record<string, Return>; bagItems: Record<number, BagItemEntity>; ... 33 more ...; wishlistSets: Record<...>; }> | undefined; ... 24 more ...; wishlist?: State | undefined; }'.
  Types of property 'entities' are incompatible.
    Type '{ bagItems: { 134: { product: number; customAttributes: { a: string; b: string; c: string; }; id: number; isAvailable: boolean; merchant: number; merchantId: number; productAggregator: { bundleSlug: string; id: number; }; quantity: number; size: { ...; }; sizeId: number; }; 101: { ...; }; 102: { ...; }; 103: { ...; ...' is not assignable to type 'Partial<{ [k: string]: any; addresses: Record<string, Address>; availableTimeSlots: Record<string, Return>; bagItems: Record<number, BagItemEntity>; ... 33 more ...; wishlistSets: Record<...>; }>'.
packages/redux/src/bags/__tests__/selectors.test.ts(79,39): error TS2345: Argument of type '{ bag: { error: { message: string; }; id: string; isLoading: boolean; result: { id: string; bagSummary: { currency: string; currencySymbol: string; dateCreated: string; dateUpdated: string; grandTotal: number; ... 11 more ...; taxType: string; }; }; items: { ...; }; }; entities: { ...; }; }' is not assignable to parameter of type 'Partial<{ entities: Partial<{ [k: string]: any; addresses: Record<string, Address>; availableTimeSlots: Record<string, Return>; bagItems: Record<number, BagItemEntity>; ... 33 more ...; wishlistSets: Record<...>; }>; ... 24 more ...; wishlist: State; }>'.
packages/redux/src/bags/__tests__/selectors.test.ts(108,36): error TS2345: Argument of type '{ bag: { error: { message: string; }; id: string; isLoading: boolean; result: { id: string; bagSummary: { currency: string; currencySymbol: string; dateCreated: string; dateUpdated: string; grandTotal: number; ... 11 more ...; taxType: string; }; }; items: { ...; }; }; entities: { ...; }; }' is not assignable to parameter of type '{ entities?: Partial<{ [k: string]: any; addresses: Record<string, Address>; availableTimeSlots: Record<string, Return>; bagItems: Record<number, BagItemEntity>; ... 33 more ...; wishlistSets: Record<...>; }> | undefined; ... 24 more ...; wishlist?: State | undefined; }'.
packages/redux/src/bags/__tests__/selectors.test.ts(133,36): error TS2345: Argument of type '{ bag: { error: null; id: null; isLoading: boolean; result: null; items: { ids: null; item: { error: {}; isLoading: {}; }; }; }; entities: { bagItems: {}; products: { 11766695: { associationsInformation: { hasColorGrouping: boolean; }; ... 21 more ...; variants: { ...; }[]; }; 1002: { ...; }; }; }; }' is not assignable to parameter of type '{ entities?: Partial<{ [k: string]: any; addresses: Record<string, Address>; availableTimeSlots: Record<string, Return>; bagItems: Record<number, BagItemEntity>; ... 33 more ...; wishlistSets: Record<...>; }> | undefined; ... 24 more ...; wishlist?: State | undefined; }'.
  The types of 'entities.products' are incompatible between these types.
    Type '{ 11766695: { associationsInformation: { hasColorGrouping: boolean; }; attributes: { id: number; name: string; values: { id: number; value: string; }[]; }[]; brand: number; breadCrumbs: { text: string; slug: string; link: string; }[]; ... 18 more ...; variants: { ...; }[]; }; 1002: { ...; }; }' is not assignable to type 'Record<number, ProductEntity>'.
      Property '[mockProductId]' is incompatible with index signature.
        Type '{ associationsInformation: { hasColorGrouping: boolean; }; attributes: { id: number; name: string; values: { id: number; value: string; }[]; }[]; brand: number; breadCrumbs: { text: string; slug: string; link: string; }[]; ... 18 more ...; variants: { ...; }[]; }' is missing the following properties from type 'ProductEntity': categories, associations, brandStyleId, care, and 36 more.
packages/redux/src/bags/__tests__/selectors.test.ts(141,43): error TS2345: Argument of type '{ bag: { error: { message: string; }; id: string; isLoading: boolean; result: { id: string; bagSummary: { currency: string; currencySymbol: string; dateCreated: string; dateUpdated: string; grandTotal: number; ... 11 more ...; taxType: string; }; }; items: { ...; }; }; entities: { ...; }; }' is not assignable to parameter of type 'Partial<{ entities: Partial<{ [k: string]: any; addresses: Record<string, Address>; availableTimeSlots: Record<string, Return>; bagItems: Record<number, BagItemEntity>; ... 33 more ...; wishlistSets: Record<...>; }>; ... 24 more ...; wishlist: State; }>'.
packages/redux/src/bags/__tests__/selectors.test.ts(149,38): error TS2345: Argument of type '{ bag: { error: { message: string; }; id: string; isLoading: boolean; result: { id: string; bagSummary: { currency: string; currencySymbol: string; dateCreated: string; dateUpdated: string; grandTotal: number; ... 11 more ...; taxType: string; }; }; items: { ...; }; }; entities: { ...; }; }' is not assignable to parameter of type 'Partial<{ entities: Partial<{ [k: string]: any; addresses: Record<string, Address>; availableTimeSlots: Record<string, Return>; bagItems: Record<number, BagItemEntity>; ... 33 more ...; wishlistSets: Record<...>; }>; ... 24 more ...; wishlist: State; }>'.
packages/redux/src/bags/__tests__/selectors.test.ts(156,43): error TS2345: Argument of type '{ bag: { error: { message: string; }; id: string; isLoading: boolean; result: { id: string; bagSummary: { currency: string; currencySymbol: string; dateCreated: string; dateUpdated: string; grandTotal: number; ... 11 more ...; taxType: string; }; }; items: { ...; }; }; entities: { ...; }; }' is not assignable to parameter of type 'Partial<{ entities: Partial<{ [k: string]: any; addresses: Record<string, Address>; availableTimeSlots: Record<string, Return>; bagItems: Record<number, BagItemEntity>; ... 33 more ...; wishlistSets: Record<...>; }>; ... 24 more ...; wishlist: State; }>'.
packages/redux/src/bags/__tests__/selectors.test.ts(163,9): error TS2578: Unused '@ts-expect-error' directive.
packages/redux/src/bags/__tests__/selectors.test.ts(165,11): error TS2322: Type '{ items: { ids: never[]; item: { isLoading: { 134: boolean; }; error: { 134: { message: string; }; }; }; }; error: { message: string; }; id: string; isLoading: boolean; result: { id: string; bagSummary: { currency: string; ... 15 more ...; taxType: string; }; }; }' is not assignable to type 'State'.
  Type '{ items: { ids: never[]; item: { isLoading: { 134: boolean; }; error: { 134: { message: string; }; }; }; }; error: { message: string; }; id: string; isLoading: boolean; result: { id: string; bagSummary: { currency: string; ... 15 more ...; taxType: string; }; }; }' is not assignable to type '{ [k: string]: unknown; error: Error | null; id: string | null; isLoading: boolean; result: NormalizedBag | null; items: BagItemsState; }'.
    Types of property 'result' are incompatible.
      Type '{ id: string; bagSummary: { currency: string; currencySymbol: string; dateCreated: string; dateUpdated: string; grandTotal: number; subTotalAmount: number; subTotalAmountExclTaxes: number; totalDiscount: number; ... 8 more ...; taxType: string; }; }' is not assignable to type 'NormalizedBag'.
packages/redux/src/bags/__tests__/selectors.test.ts(176,44): error TS2345: Argument of type '{ bag: { error: { message: string; }; id: string; isLoading: boolean; result: { id: string; bagSummary: { currency: string; currencySymbol: string; dateCreated: string; dateUpdated: string; grandTotal: number; ... 11 more ...; taxType: string; }; }; items: { ...; }; }; entities: { ...; }; }' is not assignable to parameter of type 'Partial<{ entities: Partial<{ [k: string]: any; addresses: Record<string, Address>; availableTimeSlots: Record<string, Return>; bagItems: Record<number, BagItemEntity>; ... 33 more ...; wishlistSets: Record<...>; }>; ... 24 more ...; wishlist: State; }>'.
packages/redux/src/bags/__tests__/selectors.test.ts(184,39): error TS2345: Argument of type '{ bag: { error: { message: string; }; id: string; isLoading: boolean; result: { id: string; bagSummary: { currency: string; currencySymbol: string; dateCreated: string; dateUpdated: string; grandTotal: number; ... 11 more ...; taxType: string; }; }; items: { ...; }; }; entities: { ...; }; }' is not assignable to parameter of type 'Partial<{ entities: Partial<{ [k: string]: any; addresses: Record<string, Address>; availableTimeSlots: Record<string, Return>; bagItems: Record<number, BagItemEntity>; ... 33 more ...; wishlistSets: Record<...>; }>; ... 24 more ...; wishlist: State; }>'.
packages/redux/src/bags/__tests__/selectors.test.ts(192,9): error TS2578: Unused '@ts-expect-error' directive.
packages/redux/src/bags/__tests__/selectors.test.ts(194,11): error TS2322: Type '{ items: { ids: never[]; item: { isLoading: { 134: boolean; }; error: { 134: { message: string; }; }; }; }; error: { message: string; }; id: string; isLoading: boolean; result: { id: string; bagSummary: { currency: string; ... 15 more ...; taxType: string; }; }; }' is not assignable to type 'State'.
  Type '{ items: { ids: never[]; item: { isLoading: { 134: boolean; }; error: { 134: { message: string; }; }; }; }; error: { message: string; }; id: string; isLoading: boolean; result: { id: string; bagSummary: { currency: string; ... 15 more ...; taxType: string; }; }; }' is not assignable to type '{ [k: string]: unknown; error: Error | null; id: string | null; isLoading: boolean; result: NormalizedBag | null; items: BagItemsState; }'.
    Types of property 'result' are incompatible.
      Type '{ id: string; bagSummary: { currency: string; currencySymbol: string; dateCreated: string; dateUpdated: string; grandTotal: number; subTotalAmount: number; subTotalAmountExclTaxes: number; totalDiscount: number; ... 8 more ...; taxType: string; }; }' is not assignable to type 'NormalizedBag'.
packages/redux/src/bags/__tests__/selectors.test.ts(205,41): error TS2345: Argument of type '{ bag: { error: { message: string; }; id: string; isLoading: boolean; result: { id: string; bagSummary: { currency: string; currencySymbol: string; dateCreated: string; dateUpdated: string; grandTotal: number; ... 11 more ...; taxType: string; }; }; items: { ...; }; }; entities: { ...; }; }' is not assignable to parameter of type 'Partial<{ entities: Partial<{ [k: string]: any; addresses: Record<string, Address>; availableTimeSlots: Record<string, Return>; bagItems: Record<number, BagItemEntity>; ... 33 more ...; wishlistSets: Record<...>; }>; ... 24 more ...; wishlist: State; }>'.
packages/redux/src/bags/__tests__/selectors.test.ts(217,40): error TS2345: Argument of type '{ bag: { error: { message: string; }; id: string; isLoading: boolean; result: { id: string; bagSummary: { currency: string; currencySymbol: string; dateCreated: string; dateUpdated: string; grandTotal: number; ... 11 more ...; taxType: string; }; }; items: { ...; }; }; entities: { ...; }; }' is not assignable to parameter of type 'Partial<{ entities: Partial<{ [k: string]: any; addresses: Record<string, Address>; availableTimeSlots: Record<string, Return>; bagItems: Record<number, BagItemEntity>; ... 33 more ...; wishlistSets: Record<...>; }>; ... 24 more ...; wishlist: State; }>'.
packages/redux/src/bags/__tests__/selectors.test.ts(226,47): error TS2345: Argument of type '{ bag: { error: { message: string; }; id: string; isLoading: boolean; result: { id: string; bagSummary: { currency: string; currencySymbol: string; dateCreated: string; dateUpdated: string; grandTotal: number; ... 11 more ...; taxType: string; }; }; items: { ...; }; }; entities: { ...; }; }' is not assignable to parameter of type '{ entities?: Partial<{ [k: string]: any; addresses: Record<string, Address>; availableTimeSlots: Record<string, Return>; bagItems: Record<number, BagItemEntity>; ... 33 more ...; wishlistSets: Record<...>; }> | undefined; ... 24 more ...; wishlist?: State | undefined; }'.
  Types of property 'entities' are incompatible.
    Type '{ bagItems: { 134: { product: number; customAttributes: { a: string; b: string; c: string; }; id: number; isAvailable: boolean; merchant: number; merchantId: number; productAggregator: { bundleSlug: string; id: number; }; quantity: number; size: { ...; }; sizeId: number; }; 101: { ...; }; 102: { ...; }; 103: { ...; ...' is not assignable to type 'Partial<{ [k: string]: any; addresses: Record<string, Address>; availableTimeSlots: Record<string, Return>; bagItems: Record<number, BagItemEntity>; ... 33 more ...; wishlistSets: Record<...>; }>'.
packages/redux/src/bags/__tests__/selectors.test.ts(231,9): error TS2578: Unused '@ts-expect-error' directive.
packages/redux/src/bags/__tests__/selectors.test.ts(241,9): error TS2578: Unused '@ts-expect-error' directive.
packages/redux/src/bags/__tests__/selectors.test.ts(266,47): error TS2345: Argument of type '{ bag: { error: { message: string; }; id: string; isLoading: boolean; result: { id: string; bagSummary: { currency: string; currencySymbol: string; dateCreated: string; dateUpdated: string; grandTotal: number; ... 11 more ...; taxType: string; }; }; items: { ...; }; }; entities: { ...; }; }' is not assignable to parameter of type '{ entities?: Partial<{ [k: string]: any; addresses: Record<string, Address>; availableTimeSlots: Record<string, Return>; bagItems: Record<number, BagItemEntity>; ... 33 more ...; wishlistSets: Record<...>; }> | undefined; ... 24 more ...; wishlist?: State | undefined; }'.
packages/redux/src/bags/__tests__/selectors.test.ts(288,44): error TS2345: Argument of type '{ entities: { products: { 11766695: { sizes: null; associationsInformation: { hasColorGrouping: boolean; }; attributes: { id: number; name: string; values: { id: number; value: string; }[]; }[]; brand: number; ... 18 more ...; variants: { ...; }[]; }; 1002: { ...; }; }; bagItems: { ...; }; }; bag: { ...; }; }' is not assignable to parameter of type '{ entities?: Partial<{ [k: string]: any; addresses: Record<string, Address>; availableTimeSlots: Record<string, Return>; bagItems: Record<number, BagItemEntity>; ... 33 more ...; wishlistSets: Record<...>; }> | undefined; ... 24 more ...; wishlist?: State | undefined; }'.
  The types of 'entities.bagItems' are incompatible between these types.
    Type '{ 134: { product: number; customAttributes: { a: string; b: string; c: string; }; id: number; isAvailable: boolean; merchant: number; merchantId: number; productAggregator: { bundleSlug: string; id: number; }; quantity: number; size: { ...; }; sizeId: number; }; 101: { ...; }; 102: { ...; }; 103: { ...; }; 104: { .....' is not assignable to type 'Record<number, BagItemEntity>'.
packages/redux/src/bags/__tests__/selectors.test.ts(294,44): error TS2345: Argument of type '{ bag: { error: { message: string; }; id: string; isLoading: boolean; result: { id: string; bagSummary: { currency: string; currencySymbol: string; dateCreated: string; dateUpdated: string; grandTotal: number; ... 11 more ...; taxType: string; }; }; items: { ...; }; }; entities: { ...; }; }' is not assignable to parameter of type '{ entities?: Partial<{ [k: string]: any; addresses: Record<string, Address>; availableTimeSlots: Record<string, Return>; bagItems: Record<number, BagItemEntity>; ... 33 more ...; wishlistSets: Record<...>; }> | undefined; ... 24 more ...; wishlist?: State | undefined; }'.
  Types of property 'entities' are incompatible.
    Type '{ bagItems: { 134: { product: number; customAttributes: { a: string; b: string; c: string; }; id: number; isAvailable: boolean; merchant: number; merchantId: number; productAggregator: { bundleSlug: string; id: number; }; quantity: number; size: { ...; }; sizeId: number; }; 101: { ...; }; 102: { ...; }; 103: { ...; ...' is not assignable to type 'Partial<{ [k: string]: any; addresses: Record<string, Address>; availableTimeSlots: Record<string, Return>; bagItems: Record<number, BagItemEntity>; ... 33 more ...; wishlistSets: Record<...>; }>'.
packages/redux/src/bags/__tests__/selectors.test.ts(300,25): error TS7053: Element implicitly has an 'any' type because expression of type 'number' can't be used to index type '{ 134: { product: number; customAttributes: { a: string; b: string; c: string; }; id: number; isAvailable: boolean; merchant: number; merchantId: number; productAggregator: { bundleSlug: string; id: number; }; quantity: number; size: { ...; }; sizeId: number; }; 101: { ...; }; 102: { ...; }; 103: { ...; }; 104: { .....'.
  No index signature with a parameter of type 'number' was found on type '{ 134: { product: number; customAttributes: { a: string; b: string; c: string; }; id: number; isAvailable: boolean; merchant: number; merchantId: number; productAggregator: { bundleSlug: string; id: number; }; quantity: number; size: { ...; }; sizeId: number; }; 101: { ...; }; 102: { ...; }; 103: { ...; }; 104: { .....'.
packages/redux/src/bags/__tests__/selectors.test.ts(301,30): error TS7053: Element implicitly has an 'any' type because expression of type 'any' can't be used to index type '{ 11766695: { associationsInformation: { hasColorGrouping: boolean; }; attributes: { id: number; name: string; values: { id: number; value: string; }[]; }[]; brand: number; breadCrumbs: { text: string; slug: string; link: string; }[]; ... 18 more ...; variants: { ...; }[]; }; 1002: { ...; }; }'.
packages/redux/src/bags/__tests__/selectors.test.ts(303,49): error TS2345: Argument of type '{ bag: { error: { message: string; }; id: string; isLoading: boolean; result: { id: string; bagSummary: { currency: string; currencySymbol: string; dateCreated: string; dateUpdated: string; grandTotal: number; ... 11 more ...; taxType: string; }; }; items: { ...; }; }; entities: { ...; }; }' is not assignable to parameter of type '{ entities?: Partial<{ [k: string]: any; addresses: Record<string, Address>; availableTimeSlots: Record<string, Return>; bagItems: Record<number, BagItemEntity>; ... 33 more ...; wishlistSets: Record<...>; }> | undefined; ... 24 more ...; wishlist?: State | undefined; }'.
packages/redux/src/bags/__tests__/selectors.test.ts(320,36): error TS2345: Argument of type '{ bag: { error: { message: string; }; id: string; isLoading: boolean; result: { id: string; bagSummary: { currency: string; currencySymbol: string; dateCreated: string; dateUpdated: string; grandTotal: number; ... 11 more ...; taxType: string; }; }; items: { ...; }; }; entities: { ...; }; }' is not assignable to parameter of type '{ entities?: Partial<{ [k: string]: any; addresses: Record<string, Address>; availableTimeSlots: Record<string, Return>; bagItems: Record<number, BagItemEntity>; ... 33 more ...; wishlistSets: Record<...>; }> | undefined; ... 24 more ...; wishlist?: State | undefined; }'.
packages/redux/src/bags/__tests__/selectors.test.ts(371,42): error TS2345: Argument of type '{ bag: { error: string; id: string; isLoading: boolean; items: { isLoading: { 134: boolean; }; error: { 134: null; }; }; }; entities: { bagItems: { 134: { product: number; customAttributes: { a: string; b: string; c: string; }; ... 7 more ...; sizeId: number; }; 101: { ...; }; 102: { ...; }; 103: { ...; }; 104: { .....' is not assignable to parameter of type 'Partial<{ entities: Partial<{ [k: string]: any; addresses: Record<string, Address>; availableTimeSlots: Record<string, Return>; bagItems: Record<number, BagItemEntity>; ... 33 more ...; wishlistSets: Record<...>; }>; ... 24 more ...; wishlist: State; }>'.
  Types of property 'entities' are incompatible.
    Type '{ bagItems: { 134: { product: number; customAttributes: { a: string; b: string; c: string; }; id: number; isAvailable: boolean; merchant: number; merchantId: number; productAggregator: { bundleSlug: string; id: number; }; quantity: number; size: { ...; }; sizeId: number; }; 101: { ...; }; 102: { ...; }; 103: { ...; ...' is not assignable to type 'Partial<{ [k: string]: any; addresses: Record<string, Address>; availableTimeSlots: Record<string, Return>; bagItems: Record<number, BagItemEntity>; ... 33 more ...; wishlistSets: Record<...>; }>'.
packages/redux/src/bags/__tests__/selectors.test.ts(397,42): error TS2345: Argument of type '{ bag: { error: null; id: string; isLoading: boolean; items: { ids: number[]; item: { isLoading: { 134: boolean; }; error: { 134: string; }; }; }; }; entities: { bagItems: { 134: { product: number; customAttributes: { ...; }; ... 7 more ...; sizeId: number; }; 101: { ...; }; 102: { ...; }; 103: { ...; }; 104: { ...;...' is not assignable to parameter of type 'Partial<{ entities: Partial<{ [k: string]: any; addresses: Record<string, Address>; availableTimeSlots: Record<string, Return>; bagItems: Record<number, BagItemEntity>; ... 33 more ...; wishlistSets: Record<...>; }>; ... 24 more ...; wishlist: State; }>'.
  Types of property 'entities' are incompatible.
    Type '{ bagItems: { 134: { product: number; customAttributes: { a: string; b: string; c: string; }; id: number; isAvailable: boolean; merchant: number; merchantId: number; productAggregator: { bundleSlug: string; id: number; }; quantity: number; size: { ...; }; sizeId: number; }; 101: { ...; }; 102: { ...; }; 103: { ...; ...' is not assignable to type 'Partial<{ [k: string]: any; addresses: Record<string, Address>; availableTimeSlots: Record<string, Return>; bagItems: Record<number, BagItemEntity>; ... 33 more ...; wishlistSets: Record<...>; }>'.
packages/redux/src/bags/__tests__/selectors.test.ts(419,42): error TS2345: Argument of type '{ bag: { error: null; id: string; isLoading: boolean; items: { isLoading: { 134: boolean; }; error: { 134: null; }; }; }; entities: { bagItems: { 134: { product: number; customAttributes: { a: string; b: string; c: string; }; ... 7 more ...; sizeId: number; }; 101: { ...; }; 102: { ...; }; 103: { ...; }; 104: { ...;...' is not assignable to parameter of type 'Partial<{ entities: Partial<{ [k: string]: any; addresses: Record<string, Address>; availableTimeSlots: Record<string, Return>; bagItems: Record<number, BagItemEntity>; ... 33 more ...; wishlistSets: Record<...>; }>; ... 24 more ...; wishlist: State; }>'.
  Types of property 'entities' are incompatible.
    Type '{ bagItems: { 134: { product: number; customAttributes: { a: string; b: string; c: string; }; id: number; isAvailable: boolean; merchant: number; merchantId: number; productAggregator: { bundleSlug: string; id: number; }; quantity: number; size: { ...; }; sizeId: number; }; 101: { ...; }; 102: { ...; }; 103: { ...; ...' is not assignable to type 'Partial<{ [k: string]: any; addresses: Record<string, Address>; availableTimeSlots: Record<string, Return>; bagItems: Record<number, BagItemEntity>; ... 33 more ...; wishlistSets: Record<...>; }>'.
packages/redux/src/bags/__tests__/selectors.test.ts(435,42): error TS2345: Argument of type '{ bag: { error: null; id: string; isLoading: boolean; items: { isLoading: {}; error: {}; }; }; entities: { bagItems: { 134: { product: number; customAttributes: { a: string; b: string; c: string; }; id: number; isAvailable: boolean; ... 5 more ...; sizeId: number; }; 101: { ...; }; 102: { ...; }; 103: { ...; }; 104:...' is not assignable to parameter of type 'Partial<{ entities: Partial<{ [k: string]: any; addresses: Record<string, Address>; availableTimeSlots: Record<string, Return>; bagItems: Record<number, BagItemEntity>; ... 33 more ...; wishlistSets: Record<...>; }>; ... 24 more ...; wishlist: State; }>'.
  Types of property 'entities' are incompatible.
    Type '{ bagItems: { 134: { product: number; customAttributes: { a: string; b: string; c: string; }; id: number; isAvailable: boolean; merchant: number; merchantId: number; productAggregator: { bundleSlug: string; id: number; }; quantity: number; size: { ...; }; sizeId: number; }; 101: { ...; }; 102: { ...; }; 103: { ...; ...' is not assignable to type 'Partial<{ [k: string]: any; addresses: Record<string, Address>; availableTimeSlots: Record<string, Return>; bagItems: Record<number, BagItemEntity>; ... 33 more ...; wishlistSets: Record<...>; }>'.
packages/redux/src/bags/__tests__/selectors.test.ts(456,42): error TS2345: Argument of type '{ entities: { bag: { 7894746: { id: string; }; }; }; bag: { error: null; id: string; isLoading: boolean; items: { isLoading: {}; error: {}; }; }; }' is not assignable to parameter of type 'Partial<{ entities: Partial<{ [k: string]: any; addresses: Record<string, Address>; availableTimeSlots: Record<string, Return>; bagItems: Record<number, BagItemEntity>; ... 33 more ...; wishlistSets: Record<...>; }>; ... 24 more ...; wishlist: State; }>'.
  Types of property 'bag' are incompatible.
    Type '{ error: null; id: string; isLoading: boolean; items: { isLoading: {}; error: {}; }; }' is not assignable to type 'State'.
      Property 'result' is missing in type '{ error: null; id: string; isLoading: boolean; items: { isLoading: {}; error: {}; }; }' but required in type '{ [k: string]: unknown; error: Error | null; id: string | null; isLoading: boolean; result: NormalizedBag | null; items: BagItemsState; }'.
packages/redux/src/bags/__tests__/selectors.test.ts(468,11): error TS2345: Argument of type '{ bag: { error: { message: string; }; id: string; isLoading: boolean; result: { id: string; bagSummary: { currency: string; currencySymbol: string; dateCreated: string; dateUpdated: string; grandTotal: number; ... 11 more ...; taxType: string; }; }; items: { ...; }; }; entities: { ...; }; }' is not assignable to parameter of type 'Partial<{ entities: Partial<{ [k: string]: any; addresses: Record<string, Address>; availableTimeSlots: Record<string, Return>; bagItems: Record<number, BagItemEntity>; ... 33 more ...; wishlistSets: Record<...>; }>; ... 24 more ...; wishlist: State; }>'.
packages/redux/src/bags/__tests__/selectors.test.ts(478,39): error TS2345: Argument of type '{ bag: { error: { message: string; }; id: string; isLoading: boolean; result: { id: string; bagSummary: { currency: string; currencySymbol: string; dateCreated: string; dateUpdated: string; grandTotal: number; ... 11 more ...; taxType: string; }; }; items: { ...; }; }; entities: { ...; }; }' is not assignable to parameter of type 'Partial<{ entities: Partial<{ [k: string]: any; addresses: Record<string, Address>; availableTimeSlots: Record<string, Return>; bagItems: Record<number, BagItemEntity>; ... 33 more ...; wishlistSets: Record<...>; }>; ... 24 more ...; wishlist: State; }>'.
packages/redux/src/bags/__tests__/selectors.test.ts(484,11): error TS2578: Unused '@ts-expect-error' directive.
packages/redux/src/bags/__tests__/selectors.test.ts(486,13): error TS2322: Type '{ items: { ids: never[]; item: { isLoading: { 134: boolean; }; error: { 134: { message: string; }; }; }; }; error: { message: string; }; id: string; isLoading: boolean; result: { id: string; bagSummary: { currency: string; ... 15 more ...; taxType: string; }; }; }' is not assignable to type 'State'.
  Type '{ items: { ids: never[]; item: { isLoading: { 134: boolean; }; error: { 134: { message: string; }; }; }; }; error: { message: string; }; id: string; isLoading: boolean; result: { id: string; bagSummary: { currency: string; ... 15 more ...; taxType: string; }; }; }' is not assignable to type '{ [k: string]: unknown; error: Error | null; id: string | null; isLoading: boolean; result: NormalizedBag | null; items: BagItemsState; }'.
    Types of property 'result' are incompatible.
      Type '{ id: string; bagSummary: { currency: string; currencySymbol: string; dateCreated: string; dateUpdated: string; grandTotal: number; subTotalAmount: number; subTotalAmountExclTaxes: number; totalDiscount: number; ... 8 more ...; taxType: string; }; }' is not assignable to type 'NormalizedBag'.
packages/redux/src/bags/actions/__tests__/addBagItem.test.ts(32,5): error TS7034: Variable 'store' implicitly has type 'any' in some locations where its type cannot be determined.
packages/redux/src/bags/actions/__tests__/addBagItem.test.ts(41,26): error TS2345: Argument of type '(dispatch: Dispatch, getState: () => StoreState, { getOptions, }: GetOptionsArgument) => Promise<Bag>' is not assignable to parameter of type 'AnyAction'.
  Property 'type' is missing in type '(dispatch: Dispatch, getState: () => StoreState, { getOptions, }: GetOptionsArgument) => Promise<Bag>' but required in type 'AnyAction'.
packages/redux/src/bags/actions/__tests__/addBagItem.test.ts(41,37): error TS2345: Argument of type '{ merchant: { id: number; }; product: { id: number; }; size: { id: number; }; scale: string; quantity: number; }' is not assignable to parameter of type 'PostBagItemData'.
packages/redux/src/bags/actions/__tests__/addBagItem.test.ts(41,54): error TS7006: Parameter 'error' implicitly has an 'any' type.
packages/redux/src/bags/actions/__tests__/addBagItem.test.ts(43,14): error TS7005: Variable 'store' implicitly has an 'any' type.
packages/redux/src/bags/actions/__tests__/addBagItem.test.ts(51,17): error TS2339: Property 'mockRejectedValueOnce' does not exist on type 'PostBagItem'.
packages/redux/src/bags/actions/__tests__/addBagItem.test.ts(55,26): error TS2345: Argument of type '(dispatch: Dispatch, getState: () => StoreState, { getOptions, }: GetOptionsArgument) => Promise<Bag>' is not assignable to parameter of type 'AnyAction'.
packages/redux/src/bags/actions/__tests__/addBagItem.test.ts(55,37): error TS2345: Argument of type '{ merchant: { id: number; }; product: { id: number; }; size: { id: number; }; scale: string; quantity: number; }' is not assignable to parameter of type 'PostBagItemData'.
packages/redux/src/bags/actions/__tests__/addBagItem.test.ts(55,54): error TS7006: Parameter 'error' implicitly has an 'any' type.
packages/redux/src/bags/actions/__tests__/addBagItem.test.ts(64,14): error TS7005: Variable 'store' implicitly has an 'any' type.
packages/redux/src/bags/actions/__tests__/addBagItem.test.ts(86,17): error TS2339: Property 'mockResolvedValueOnce' does not exist on type 'PostBagItem'.
packages/redux/src/bags/actions/__tests__/addBagItem.test.ts(90,26): error TS2345: Argument of type '(dispatch: Dispatch, getState: () => StoreState, { getOptions, }: GetOptionsArgument) => Promise<Bag>' is not assignable to parameter of type 'AnyAction'.
packages/redux/src/bags/actions/__tests__/addBagItem.test.ts(90,37): error TS2345: Argument of type '{ merchant: { id: number; }; product: { id: number; }; size: { id: number; }; scale: string; quantity: number; }' is not assignable to parameter of type 'PostBagItemData'.
packages/redux/src/bags/actions/__tests__/addBagItem.test.ts(90,53): error TS7006: Parameter 'clientResult' implicitly has an 'any' type.
packages/redux/src/bags/actions/__tests__/addBagItem.test.ts(129,17): error TS2339: Property 'mockResolvedValueOnce' does not exist on type 'PostBagItem'.
packages/redux/src/bags/actions/__tests__/addBagItem.test.ts(133,26): error TS2345: Argument of type '(dispatch: Dispatch, getState: () => StoreState, { getOptions, }: GetOptionsArgument) => Promise<Bag>' is not assignable to parameter of type 'AnyAction'.
packages/redux/src/bags/actions/__tests__/addBagItem.test.ts(133,37): error TS2345: Argument of type '{ merchant: { id: number; }; product: { id: number; }; size: { id: number; }; scale: string; quantity: number; }' is not assignable to parameter of type 'PostBagItemData'.
packages/redux/src/bags/actions/__tests__/addBagItem.test.ts(133,53): error TS7006: Parameter 'clientResult' implicitly has an 'any' type.
packages/redux/src/bags/actions/__tests__/fetchBag.test.ts(32,5): error TS7034: Variable 'store' implicitly has type 'any' in some locations where its type cannot be determined.
packages/redux/src/bags/actions/__tests__/fetchBag.test.ts(43,12): error TS2339: Property 'mockRejectedValueOnce' does not exist on type 'GetBag'.
packages/redux/src/bags/actions/__tests__/fetchBag.test.ts(46,11): error TS7005: Variable 'store' implicitly has an 'any' type.
packages/redux/src/bags/actions/__tests__/fetchBag.test.ts(46,53): error TS7006: Parameter 'error' implicitly has an 'any' type.
packages/redux/src/bags/actions/__tests__/fetchBag.test.ts(54,14): error TS7005: Variable 'store' implicitly has an 'any' type.
packages/redux/src/bags/actions/__tests__/fetchBag.test.ts(67,12): error TS2339: Property 'mockResolvedValueOnce' does not exist on type 'GetBag'.
packages/redux/src/bags/actions/__tests__/fetchBag.test.ts(71,11): error TS7005: Variable 'store' implicitly has an 'any' type.
packages/redux/src/bags/actions/__tests__/fetchBag.test.ts(71,52): error TS7006: Parameter 'clientResult' implicitly has an 'any' type.
packages/redux/src/bags/actions/__tests__/fetchBag.test.ts(75,27): error TS7005: Variable 'store' implicitly has an 'any' type.
packages/redux/src/bags/actions/__tests__/fetchBag.test.ts(99,12): error TS2339: Property 'mockResolvedValueOnce' does not exist on type 'GetBag'.
packages/redux/src/bags/actions/__tests__/fetchBag.test.ts(103,26): error TS2345: Argument of type '(dispatch: Dispatch, getState: () => StoreState, { getOptions, }: GetOptionsArgument) => Promise<Bag>' is not assignable to parameter of type 'AnyAction'.
  Property 'type' is missing in type '(dispatch: Dispatch, getState: () => StoreState, { getOptions, }: GetOptionsArgument) => Promise<Bag>' but required in type 'AnyAction'.
packages/redux/src/bags/actions/__tests__/fetchBag.test.ts(103,52): error TS7006: Parameter 'clientResult' implicitly has an 'any' type.
packages/redux/src/bags/actions/__tests__/removeBagItem.test.ts(32,5): error TS7034: Variable 'store' implicitly has type 'any' in some locations where its type cannot be determined.
packages/redux/src/bags/actions/__tests__/removeBagItem.test.ts(44,19): error TS2339: Property 'mockRejectedValueOnce' does not exist on type 'DeleteBagItem'.
packages/redux/src/bags/actions/__tests__/removeBagItem.test.ts(48,11): error TS7005: Variable 'store' implicitly has an 'any' type.
packages/redux/src/bags/actions/__tests__/removeBagItem.test.ts(48,62): error TS7006: Parameter 'error' implicitly has an 'any' type.
packages/redux/src/bags/actions/__tests__/removeBagItem.test.ts(57,14): error TS7005: Variable 'store' implicitly has an 'any' type.
packages/redux/src/bags/actions/__tests__/removeBagItem.test.ts(82,19): error TS2339: Property 'mockResolvedValueOnce' does not exist on type 'DeleteBagItem'.
packages/redux/src/bags/actions/__tests__/removeBagItem.test.ts(86,11): error TS7005: Variable 'store' implicitly has an 'any' type.
packages/redux/src/bags/actions/__tests__/removeBagItem.test.ts(86,61): error TS7006: Parameter 'clientResult' implicitly has an 'any' type.
packages/redux/src/bags/actions/__tests__/removeBagItem.test.ts(90,27): error TS7005: Variable 'store' implicitly has an 'any' type.
packages/redux/src/bags/actions/__tests__/removeBagItem.test.ts(126,19): error TS2339: Property 'mockResolvedValueOnce' does not exist on type 'DeleteBagItem'.
packages/redux/src/bags/actions/__tests__/removeBagItem.test.ts(130,26): error TS2345: Argument of type '(dispatch: Dispatch, getState: () => StoreState, { getOptions, }: GetOptionsArgument) => Promise<Bag>' is not assignable to parameter of type 'AnyAction'.
  Property 'type' is missing in type '(dispatch: Dispatch, getState: () => StoreState, { getOptions, }: GetOptionsArgument) => Promise<Bag>' but required in type 'AnyAction'.
packages/redux/src/bags/actions/__tests__/removeBagItem.test.ts(130,61): error TS7006: Parameter 'clientResult' implicitly has an 'any' type.
packages/redux/src/bags/actions/__tests__/resetBag.test.ts(6,7): error TS7034: Variable 'store' implicitly has type 'any' in some locations where its type cannot be determined.
packages/redux/src/bags/actions/__tests__/resetBag.test.ts(10,13): error TS2554: Expected 2-3 arguments, but got 0.
packages/redux/src/bags/actions/__tests__/resetBag.test.ts(14,5): error TS7005: Variable 'store' implicitly has an 'any' type.
packages/redux/src/bags/actions/__tests__/resetBag.test.ts(15,27): error TS7005: Variable 'store' implicitly has an 'any' type.
packages/redux/src/bags/actions/__tests__/resetBagState.test.ts(6,7): error TS7034: Variable 'store' implicitly has type 'any' in some locations where its type cannot be determined.
packages/redux/src/bags/actions/__tests__/resetBagState.test.ts(10,13): error TS2554: Expected 2-3 arguments, but got 0.
packages/redux/src/bags/actions/__tests__/resetBagState.test.ts(16,5): error TS7005: Variable 'store' implicitly has an 'any' type.
packages/redux/src/bags/actions/__tests__/resetBagState.test.ts(17,27): error TS7005: Variable 'store' implicitly has an 'any' type.
packages/redux/src/bags/actions/__tests__/updateBagItem.test.ts(33,5): error TS7034: Variable 'store' implicitly has type 'any' in some locations where its type cannot be determined.
packages/redux/src/bags/actions/__tests__/updateBagItem.test.ts(44,18): error TS2339: Property 'mockRejectedValueOnce' does not exist on type 'PatchBagItem'.
packages/redux/src/bags/actions/__tests__/updateBagItem.test.ts(48,11): error TS7005: Variable 'store' implicitly has an 'any' type.
packages/redux/src/bags/actions/__tests__/updateBagItem.test.ts(49,46): error TS2345: Argument of type '{ merchant: { id: number; }; product: { id: number; }; size: { id: number; }; scale: string; quantity: number; }' is not assignable to parameter of type 'PatchBagItemData'.
packages/redux/src/bags/actions/__tests__/updateBagItem.test.ts(50,14): error TS7006: Parameter 'error' implicitly has an 'any' type.
packages/redux/src/bags/actions/__tests__/updateBagItem.test.ts(60,16): error TS7005: Variable 'store' implicitly has an 'any' type.
packages/redux/src/bags/actions/__tests__/updateBagItem.test.ts(87,18): error TS2339: Property 'mockResolvedValueOnce' does not exist on type 'PatchBagItem'.
packages/redux/src/bags/actions/__tests__/updateBagItem.test.ts(91,11): error TS7005: Variable 'store' implicitly has an 'any' type.
packages/redux/src/bags/actions/__tests__/updateBagItem.test.ts(92,46): error TS2345: Argument of type '{ merchant: { id: number; }; product: { id: number; }; size: { id: number; }; scale: string; quantity: number; }' is not assignable to parameter of type 'PatchBagItemData'.
packages/redux/src/bags/actions/__tests__/updateBagItem.test.ts(93,13): error TS7006: Parameter 'clientResult' implicitly has an 'any' type.
packages/redux/src/bags/actions/__tests__/updateBagItem.test.ts(97,27): error TS7005: Variable 'store' implicitly has an 'any' type.
packages/redux/src/bags/actions/__tests__/updateBagItem.test.ts(129,18): error TS2339: Property 'mockResolvedValueOnce' does not exist on type 'PatchBagItem'.
packages/redux/src/bags/actions/__tests__/updateBagItem.test.ts(134,17): error TS2345: Argument of type '(dispatch: Dispatch, getState: () => StoreState, { getOptions, }: GetOptionsArgument) => Promise<Bag>' is not assignable to parameter of type 'AnyAction'.
  Property 'type' is missing in type '(dispatch: Dispatch, getState: () => StoreState, { getOptions, }: GetOptionsArgument) => Promise<Bag>' but required in type 'AnyAction'.
packages/redux/src/bags/actions/__tests__/updateBagItem.test.ts(134,46): error TS2345: Argument of type '{ merchant: { id: number; }; product: { id: number; }; size: { id: number; }; scale: string; quantity: number; }' is not assignable to parameter of type 'PatchBagItemData'.
packages/redux/src/bags/actions/__tests__/updateBagItem.test.ts(135,13): error TS7006: Parameter 'clientResult' implicitly has an 'any' type.
packages/redux/src/bags/reducer.ts(187,13): error TS2339: Property 'bagItems' does not exist on type 'Partial<{ [k: string]: any; addresses: Record<string, Address>; availableTimeSlots: Record<string, Return>; bagItems: Record<number, BagItemEntity>; ... 33 more ...; wishlistSets: Record<...>; }> | undefined'.
packages/redux/src/bags/reducer.ts(194,13): error TS2339: Property 'bagItems' does not exist on type 'Partial<{ [k: string]: any; addresses: Record<string, Address>; availableTimeSlots: Record<string, Return>; bagItems: Record<number, BagItemEntity>; ... 33 more ...; wishlistSets: Record<...>; }> | undefined'.
packages/redux/src/bags/reducer.ts(243,13): error TS2532: Object is possibly 'undefined'.
packages/redux/src/bags/reducer.ts(243,35): error TS2532: Object is possibly 'undefined'.
packages/redux/src/bags/selectors.ts(51,13): error TS2345: Argument of type 'State | undefined' is not assignable to parameter of type 'State'.
  Type 'undefined' is not assignable to type 'State'.
    Type 'undefined' is not assignable to type 'EmptyObject'.
packages/redux/src/bags/selectors.ts(70,12): error TS2345: Argument of type 'State | undefined' is not assignable to parameter of type 'State'.
  Type 'undefined' is not assignable to type 'State'.
packages/redux/src/bags/selectors.ts(88,67): error TS2345: Argument of type 'State | undefined' is not assignable to parameter of type 'State'.
  Type 'undefined' is not assignable to type 'State'.
packages/redux/src/bags/selectors.ts(111,7): error TS2322: Type 'unknown' is not assignable to type 'BagItemEntity'.
  Type 'unknown' is not assignable to type 'Omit<BagItem, "type" | "labels" | "productId" | "price" | "categories" | "sizes" | "colors" | "images" | "merchantId" | "merchantName" | "merchantShoppingUrl" | "brandId" | ... 6 more ... | "variants">'.
packages/redux/src/bags/selectors.ts(118,32): error TS2571: Object is of type 'unknown'.
packages/redux/src/bags/selectors.ts(144,46): error TS2345: Argument of type 'State | undefined' is not assignable to parameter of type 'State'.
  Type 'undefined' is not assignable to type 'State'.
packages/redux/src/bags/selectors.ts(165,15): error TS2345: Argument of type 'State | undefined' is not assignable to parameter of type 'State'.
  Type 'undefined' is not assignable to type 'State'.
packages/redux/src/bags/selectors.ts(347,46): error TS2345: Argument of type 'State | undefined' is not assignable to parameter of type 'State'.
  Type 'undefined' is not assignable to type 'State'.
packages/redux/src/bags/selectors.ts(368,16): error TS2345: Argument of type 'State | undefined' is not assignable to parameter of type 'State'.
  Type 'undefined' is not assignable to type 'State'.
packages/redux/src/bags/utils/__tests__/buildBagItem.test.ts(10,9): error TS2322: Type '{ associationsInformation: { hasColorGrouping: boolean; }; attributes: { id: number; name: string; values: { id: number; value: string; }[]; }[]; brand: number; breadCrumbs: { text: string; slug: string; link: string; }[]; ... 18 more ...; variants: { ...; }[]; }' is not assignable to type 'ProductEntity'.
packages/redux/src/bags/utils/__tests__/buildBagItem.test.ts(12,9): error TS2739: Type '{ id: number; name: string; scale: string; stock: { merchantId: number; quantity: number; }[]; }' is missing the following properties from type 'SizeAdapted': globalQuantity, isOneSize, isOutOfStock, scaleAbbreviation, scaleDescription
packages/redux/src/bags/utils/__tests__/buildBagItem.test.ts(31,9): error TS2322: Type '{ associationsInformation: { hasColorGrouping: boolean; }; attributes: { id: number; name: string; values: { id: number; value: string; }[]; }[]; brand: number; breadCrumbs: { text: string; slug: string; link: string; }[]; ... 18 more ...; variants: { ...; }[]; }' is not assignable to type 'ProductEntity'.
packages/redux/src/bags/utils/__tests__/buildBagItem.test.ts(32,9): error TS2322: Type '{ id: number; name: string; scale: string; stock: { merchantId: number; quantity: number; }[]; }' is not assignable to type 'SizeAdapted'.
packages/redux/src/bags/utils/__tests__/buildBagItem.test.ts(50,9): error TS2322: Type '{ associationsInformation: { hasColorGrouping: boolean; }; attributes: { id: number; name: string; values: { id: number; value: string; }[]; }[]; brand: number; breadCrumbs: { text: string; slug: string; link: string; }[]; ... 18 more ...; variants: { ...; }[]; }' is not assignable to type 'ProductEntity'.
packages/redux/src/bags/utils/__tests__/buildBagItem.test.ts(52,9): error TS2322: Type '{ id: number; name: string; scale: string; stock: { merchantId: number; quantity: number; }[]; }' is not assignable to type 'SizeAdapted'.
packages/redux/src/bags/utils/__tests__/buildBagItem.test.ts(74,9): error TS2322: Type '{ associationsInformation: { hasColorGrouping: boolean; }; attributes: { id: number; name: string; values: { id: number; value: string; }[]; }[]; brand: number; breadCrumbs: { text: string; slug: string; link: string; }[]; ... 18 more ...; variants: { ...; }[]; }' is not assignable to type 'ProductEntity'.
packages/redux/src/bags/utils/__tests__/buildBagItem.test.ts(76,9): error TS2322: Type '{ id: number; name: string; scale: string; stock: { merchantId: number; quantity: number; }[]; }' is not assignable to type 'SizeAdapted'.
packages/redux/src/bags/utils/__tests__/buildBagItem.test.ts(96,9): error TS2322: Type '{ associationsInformation: { hasColorGrouping: boolean; }; attributes: { id: number; name: string; values: { id: number; value: string; }[]; }[]; brand: number; breadCrumbs: { text: string; slug: string; link: string; }[]; ... 18 more ...; variants: { ...; }[]; }' is not assignable to type 'ProductEntity'.
packages/redux/src/bags/utils/__tests__/buildBagItem.test.ts(98,9): error TS2322: Type '{ id: number; name: string; scale: string; stock: { merchantId: number; quantity: number; }[]; }' is not assignable to type 'SizeAdapted'.
packages/redux/src/bags/utils/__tests__/generateBagItemHash.test.ts(9,9): error TS2339: Property 'productId' does not exist on type '{ customAttributes: { a: string; b: string; c: string; }; id: number; isAvailable: boolean; merchant: number; merchantId: number; product: { associationsInformation: { hasColorGrouping: boolean; }; ... 21 more ...; variants: { ...; }[]; }; productAggregator: { ...; }; quantity: number; size: { ...; }; sizeId: number...'.
packages/redux/src/bags/utils/__tests__/generateBagItemHash.test.ts(15,29): error TS2345: Argument of type '{ customAttributes: { a: string; b: string; c: string; }; id: number; isAvailable: boolean; merchant: number; merchantId: number; productAggregator: { bundleSlug: string; id: number; }; quantity: number; size: { ...; }; sizeId: number; }' is not assignable to parameter of type 'Partial<{ productId: number; product: ProductEntity; customAttributes: unknown; merchantId: number; merchant: number; productAggregator: { id: number; bundleSlug: string; images: { images: { ...; }[]; liveModel: { ...; }; productSize: string; tag: string; }; } | null; productAggregatorId: number; size: number | Size...'.
  Types of property 'productAggregator' are incompatible.
    Property 'images' is missing in type '{ bundleSlug: string; id: number; }' but required in type '{ id: number; bundleSlug: string; images: { images: { order: number; size: string; url: string; }[]; liveModel: { id: number; measurements: { description: string; unit: string; value: number; }[]; name: string; globalId: string; }; productSize: string; tag: string; }; }'.
packages/redux/src/bags/utils/__tests__/generateBagItemHash.test.ts(29,29): error TS2345: Argument of type '{ customAttributes: { a: string; b: string; c: string; }; id: number; isAvailable: boolean; product: { associationsInformation: { hasColorGrouping: boolean; }; attributes: { id: number; name: string; values: { ...; }[]; }[]; ... 20 more ...; variants: { ...; }[]; }; productAggregator: { ...; }; quantity: number; siz...' is not assignable to parameter of type 'Partial<{ productId: number; product: ProductEntity; customAttributes: unknown; merchantId: number; merchant: number; productAggregator: { id: number; bundleSlug: string; images: { images: { ...; }[]; liveModel: { ...; }; productSize: string; tag: string; }; } | null; productAggregatorId: number; size: number | Size...'.
  Types of property 'product' are incompatible.
    Type '{ associationsInformation: { hasColorGrouping: boolean; }; attributes: { id: number; name: string; values: { id: number; value: string; }[]; }[]; brand: number; breadCrumbs: { text: string; slug: string; link: string; }[]; ... 18 more ...; variants: { ...; }[]; }' is not assignable to type 'ProductEntity'.
packages/redux/src/bags/utils/__tests__/generateBagItemHash.test.ts(43,29): error TS2345: Argument of type '{ customAttributes: { a: string; b: string; c: string; }; id: number; isAvailable: boolean; merchant: number; merchantId: number; product: { associationsInformation: { hasColorGrouping: boolean; }; ... 21 more ...; variants: { ...; }[]; }; productAggregator: { ...; }; quantity: number; }' is not assignable to parameter of type 'Partial<{ productId: number; product: ProductEntity; customAttributes: unknown; merchantId: number; merchant: number; productAggregator: { id: number; bundleSlug: string; images: { images: { ...; }[]; liveModel: { ...; }; productSize: string; tag: string; }; } | null; productAggregatorId: number; size: number | Size...'.
  Types of property 'product' are incompatible.
    Type '{ associationsInformation: { hasColorGrouping: boolean; }; attributes: { id: number; name: string; values: { id: number; value: string; }[]; }[]; brand: number; breadCrumbs: { text: string; slug: string; link: string; }[]; ... 18 more ...; variants: { ...; }[]; }' is not assignable to type 'ProductEntity'.
packages/redux/src/bags/utils/__tests__/generateBagItemHash.test.ts(51,9): error TS2339: Property 'sizeScale' does not exist on type '{ customAttributes: { a: string; b: string; c: string; }; id: number; isAvailable: boolean; merchant: number; merchantId: number; product: { associationsInformation: { hasColorGrouping: boolean; }; ... 21 more ...; variants: { ...; }[]; }; productAggregator: { ...; }; quantity: number; size: { ...; }; sizeId: number...'.
packages/redux/src/bags/utils/__tests__/generateBagItemHash.test.ts(57,29): error TS2345: Argument of type '{ customAttributes: { a: string; b: string; c: string; }; id: number; isAvailable: boolean; merchant: number; merchantId: number; product: { associationsInformation: { hasColorGrouping: boolean; }; ... 21 more ...; variants: { ...; }[]; }; productAggregator: { ...; }; quantity: number; sizeId: number; }' is not assignable to parameter of type 'Partial<{ productId: number; product: ProductEntity; customAttributes: unknown; merchantId: number; merchant: number; productAggregator: { id: number; bundleSlug: string; images: { images: { ...; }[]; liveModel: { ...; }; productSize: string; tag: string; }; } | null; productAggregatorId: number; size: number | Size...'.
  Types of property 'product' are incompatible.
    Type '{ associationsInformation: { hasColorGrouping: boolean; }; attributes: { id: number; name: string; values: { id: number; value: string; }[]; }[]; brand: number; breadCrumbs: { text: string; slug: string; link: string; }[]; ... 18 more ...; variants: { ...; }[]; }' is not assignable to type 'ProductEntity'.
packages/redux/src/bags/utils/__tests__/generateBagItemHash.test.ts(70,11): error TS2345: Argument of type 'Omit<{ customAttributes: { a: string; b: string; c: string; }; id: number; isAvailable: boolean; merchant: number; merchantId: number; product: { associationsInformation: { hasColorGrouping: boolean; }; ... 21 more ...; variants: { ...; }[]; }; productAggregator: { ...; }; quantity: number; size: { ...; }; sizeId: n...' is not assignable to parameter of type 'Partial<{ productId: number; product: ProductEntity; customAttributes: unknown; merchantId: number; merchant: number; productAggregator: { id: number; bundleSlug: string; images: { images: { ...; }[]; liveModel: { ...; }; productSize: string; tag: string; }; } | null; productAggregatorId: number; size: number | Size...'.
  Types of property 'product' are incompatible.
    Type '{ associationsInformation: { hasColorGrouping: boolean; }; attributes: { id: number; name: string; values: { id: number; value: string; }[]; }[]; brand: number; breadCrumbs: { text: string; slug: string; link: string; }[]; ... 18 more ...; variants: { ...; }[]; }' is not assignable to type 'ProductEntity'.
packages/redux/src/bags/utils/__tests__/generateBagItemHash.test.ts(77,29): error TS2345: Argument of type 'Omit<{ customAttributes: { a: string; b: string; c: string; }; id: number; isAvailable: boolean; merchant: number; merchantId: number; product: { associationsInformation: { hasColorGrouping: boolean; }; ... 21 more ...; variants: { ...; }[]; }; productAggregator: { ...; }; quantity: number; size: { ...; }; sizeId: n...' is not assignable to parameter of type 'Partial<{ productId: number; product: ProductEntity; customAttributes: unknown; merchantId: number; merchant: number; productAggregator: { id: number; bundleSlug: string; images: { images: { ...; }[]; liveModel: { ...; }; productSize: string; tag: string; }; } | null; productAggregatorId: number; size: number | Size...'.
  Types of property 'product' are incompatible.
    Type '{ associationsInformation: { hasColorGrouping: boolean; }; attributes: { id: number; name: string; values: { id: number; value: string; }[]; }[]; brand: number; breadCrumbs: { text: string; slug: string; link: string; }[]; ... 18 more ...; variants: { ...; }[]; }' is not assignable to type 'ProductEntity'.
packages/redux/src/bags/utils/__tests__/generateBagItemHash.test.ts(82,34): error TS2345: Argument of type 'Omit<{ customAttributes: { a: string; b: string; c: string; }; id: number; isAvailable: boolean; merchant: number; merchantId: number; product: { associationsInformation: { hasColorGrouping: boolean; }; ... 21 more ...; variants: { ...; }[]; }; productAggregator: { ...; }; quantity: number; size: { ...; }; sizeId: n...' is not assignable to parameter of type 'Partial<{ productId: number; product: ProductEntity; customAttributes: unknown; merchantId: number; merchant: number; productAggregator: { id: number; bundleSlug: string; images: { images: { ...; }[]; liveModel: { ...; }; productSize: string; tag: string; }; } | null; productAggregatorId: number; size: number | Size...'.
  Types of property 'product' are incompatible.
    Type '{ associationsInformation: { hasColorGrouping: boolean; }; attributes: { id: number; name: string; values: { id: number; value: string; }[]; }[]; brand: number; breadCrumbs: { text: string; slug: string; link: string; }[]; ... 18 more ...; variants: { ...; }[]; }' is not assignable to type 'ProductEntity'.
packages/redux/src/bags/utils/__tests__/generateBagItemHash.test.ts(88,34): error TS2345: Argument of type '{ customAttributes: { a: string; b: string; c: string; }; id: number; isAvailable: boolean; merchant: number; merchantId: number; product: { associationsInformation: { hasColorGrouping: boolean; }; ... 21 more ...; variants: { ...; }[]; }; productAggregator: { ...; }; quantity: number; size: { ...; }; sizeId: number...' is not assignable to parameter of type 'Partial<{ productId: number; product: ProductEntity; customAttributes: unknown; merchantId: number; merchant: number; productAggregator: { id: number; bundleSlug: string; images: { images: { ...; }[]; liveModel: { ...; }; productSize: string; tag: string; }; } | null; productAggregatorId: number; size: number | Size...'.
  Types of property 'product' are incompatible.
    Type '{ associationsInformation: { hasColorGrouping: boolean; }; attributes: { id: number; name: string; values: { id: number; value: string; }[]; }[]; brand: number; breadCrumbs: { text: string; slug: string; link: string; }[]; ... 18 more ...; variants: { ...; }[]; }' is not assignable to type 'ProductEntity'.
packages/redux/src/brands/__tests__/reducer.test.ts(13,33): error TS2345: Argument of type '{ id: string; }' is not assignable to parameter of type 'BrandsQuery'.
packages/redux/src/brands/__tests__/reducer.test.ts(14,5): error TS7034: Variable 'initialState' implicitly has type 'any' in some locations where its type cannot be determined.
packages/redux/src/brands/__tests__/reducer.test.ts(27,17): error TS7005: Variable 'initialState' implicitly has an 'any' type.
packages/redux/src/brands/__tests__/reducer.test.ts(35,29): error TS7005: Variable 'initialState' implicitly has an 'any' type.
packages/redux/src/brands/__tests__/reducer.test.ts(93,22): error TS2345: Argument of type '{ error: { foo: string; }; hash: null; isLoading: {}; result: {}; }' is not assignable to parameter of type 'State'.
  Types of property 'error' are incompatible.
    Type '{ foo: string; }' is not assignable to type 'Record<string | number, Error | undefined>'.
      Property 'foo' is incompatible with index signature.
        Type 'string' is not assignable to type 'Error | undefined'.
packages/redux/src/brands/__tests__/reducer.test.ts(101,26): error TS7005: Variable 'initialState' implicitly has an 'any' type.
packages/redux/src/brands/__tests__/reducer.test.ts(131,29): error TS7005: Variable 'initialState' implicitly has an 'any' type.
packages/redux/src/brands/__tests__/reducer.test.ts(227,36): error TS7005: Variable 'initialState' implicitly has an 'any' type.
packages/redux/src/brands/__tests__/reducer.test.ts(255,22): error TS2345: Argument of type '{ error: {}; hash: null; isLoading: {}; result: number; }' is not assignable to parameter of type 'State'.
  Types of property 'result' are incompatible.
    Type 'number' is not assignable to type 'Record<string | number, BrandsResultNormalized>'.
packages/redux/src/brands/__tests__/reducer.test.ts(268,35): error TS2345: Argument of type '{ error: { foo: string; }; hash: null; isLoading: {}; result: {}; }' is not assignable to parameter of type 'State'.
  Types of property 'error' are incompatible.
    Type '{ foo: string; }' is not assignable to type 'Record<string | number, Error | undefined>'.
      Property 'foo' is incompatible with index signature.
        Type 'string' is not assignable to type 'Error | undefined'.
packages/redux/src/brands/__tests__/reducer.test.ts(283,39): error TS2345: Argument of type '{ error: { foo: string; }; hash: null; isLoading: { 211376: boolean; }; result: {}; }' is not assignable to parameter of type 'State'.
  Types of property 'error' are incompatible.
    Type '{ foo: string; }' is not assignable to type 'Record<string | number, Error | undefined>'.
      Property 'foo' is incompatible with index signature.
        Type 'string' is not assignable to type 'Error | undefined'.
packages/redux/src/brands/__tests__/reducer.test.ts(296,36): error TS2345: Argument of type '{ error: { foo: string; }; hash: null; isLoading: {}; result: number; }' is not assignable to parameter of type 'State'.
  Types of property 'error' are incompatible.
    Type '{ foo: string; }' is not assignable to type 'Record<string | number, Error | undefined>'.
      Property 'foo' is incompatible with index signature.
        Type 'string' is not assignable to type 'Error | undefined'.
packages/redux/src/brands/__tests__/selectors.test.ts(11,33): error TS2345: Argument of type '{ id: string; }' is not assignable to parameter of type 'BrandsQuery'.
packages/redux/src/brands/__tests__/selectors.test.ts(20,38): error TS2345: Argument of type '{ brands: { hash: string; isLoading: { 211376: boolean; "brands?id=211376, 110127": boolean; }; error: { 211376: { message: string; }; "brands?id=211376, 110127": { message: string; }; }; result: { "brands?id=211376, 110127": { ...; }; }; }; entities: { ...; }; }' is not assignable to parameter of type 'Partial<{ entities: Partial<{ [k: string]: any; addresses: Record<string, Address>; availableTimeSlots: Record<string, Return>; bagItems: Record<number, BagItemEntity>; ... 33 more ...; wishlistSets: Record<...>; }>; ... 24 more ...; wishlist: State; }>'.
  The types of 'entities.brands' are incompatible between these types.
    Type '{ 211376: { id: number; name: string; description: string; }; 110127: { id: number; name: string; description: string; } | undefined; }' is not assignable to type 'Record<number, Brand>'.
      Property '[mockBrandId2]' is incompatible with index signature.
        Type '{ id: number; name: string; description: string; } | undefined' is not assignable to type 'Brand'.
          Type 'undefined' is not assignable to type 'Brand'.
packages/redux/src/brands/__tests__/selectors.test.ts(29,39): error TS2345: Argument of type '{ brands: { hash: string; isLoading: { 211376: boolean; "brands?id=211376, 110127": boolean; }; error: { 211376: { message: string; }; "brands?id=211376, 110127": { message: string; }; }; result: { "brands?id=211376, 110127": { ...; }; }; }; entities: { ...; }; }' is not assignable to parameter of type 'Partial<{ entities: Partial<{ [k: string]: any; addresses: Record<string, Address>; availableTimeSlots: Record<string, Return>; bagItems: Record<number, BagItemEntity>; ... 33 more ...; wishlistSets: Record<...>; }>; ... 24 more ...; wishlist: State; }>'.
packages/redux/src/brands/__tests__/selectors.test.ts(38,41): error TS2345: Argument of type '{ brands: { hash: string; isLoading: { 211376: boolean; "brands?id=211376, 110127": boolean; }; error: { 211376: { message: string; }; "brands?id=211376, 110127": { message: string; }; }; result: { "brands?id=211376, 110127": { ...; }; }; }; entities: { ...; }; }' is not assignable to parameter of type 'Partial<{ entities: Partial<{ [k: string]: any; addresses: Record<string, Address>; availableTimeSlots: Record<string, Return>; bagItems: Record<number, BagItemEntity>; ... 33 more ...; wishlistSets: Record<...>; }>; ... 24 more ...; wishlist: State; }>'.
packages/redux/src/brands/__tests__/selectors.test.ts(48,38): error TS2345: Argument of type '{ brands: { hash: string; isLoading: { 211376: boolean; "brands?id=211376, 110127": boolean; }; error: { 211376: { message: string; }; "brands?id=211376, 110127": { message: string; }; }; result: { "brands?id=211376, 110127": { ...; }; }; }; entities: { ...; }; }' is not assignable to parameter of type 'Partial<{ entities: Partial<{ [k: string]: any; addresses: Record<string, Address>; availableTimeSlots: Record<string, Return>; bagItems: Record<number, BagItemEntity>; ... 33 more ...; wishlistSets: Record<...>; }>; ... 24 more ...; wishlist: State; }>'.
packages/redux/src/brands/__tests__/selectors.test.ts(57,30): error TS7053: Element implicitly has an 'any' type because expression of type 'string' can't be used to index type '{ 211376: { message: string; }; "brands?id=211376, 110127": { message: string; }; }'.
  No index signature with a parameter of type 'string' was found on type '{ 211376: { message: string; }; "brands?id=211376, 110127": { message: string; }; }'.
packages/redux/src/brands/__tests__/selectors.test.ts(60,39): error TS2345: Argument of type '{ brands: { hash: string; isLoading: { 211376: boolean; "brands?id=211376, 110127": boolean; }; error: { 211376: { message: string; }; "brands?id=211376, 110127": { message: string; }; }; result: { "brands?id=211376, 110127": { ...; }; }; }; entities: { ...; }; }' is not assignable to parameter of type 'Partial<{ entities: Partial<{ [k: string]: any; addresses: Record<string, Address>; availableTimeSlots: Record<string, Return>; bagItems: Record<number, BagItemEntity>; ... 33 more ...; wishlistSets: Record<...>; }>; ... 24 more ...; wishlist: State; }>'.
packages/redux/src/brands/__tests__/selectors.test.ts(67,48): error TS2345: Argument of type '{ brands: { hash: string; isLoading: { 211376: boolean; "brands?id=211376, 110127": boolean; }; error: { 211376: { message: string; }; "brands?id=211376, 110127": { message: string; }; }; result: { "brands?id=211376, 110127": { ...; }; }; }; entities: { ...; }; }' is not assignable to parameter of type 'Partial<{ entities: Partial<{ [k: string]: any; addresses: Record<string, Address>; availableTimeSlots: Record<string, Return>; bagItems: Record<number, BagItemEntity>; ... 33 more ...; wishlistSets: Record<...>; }>; ... 24 more ...; wishlist: State; }>'.
packages/redux/src/brands/__tests__/selectors.test.ts(73,48): error TS2345: Argument of type '{ brands: { hash: string; isLoading: { 211376: boolean; "brands?id=211376, 110127": boolean; }; error: { 211376: { message: string; }; "brands?id=211376, 110127": { message: string; }; }; result: { "brands?id=211376, 110127": { ...; }; }; }; entities: { ...; }; }' is not assignable to parameter of type 'Partial<{ entities: Partial<{ [k: string]: any; addresses: Record<string, Address>; availableTimeSlots: Record<string, Return>; bagItems: Record<number, BagItemEntity>; ... 33 more ...; wishlistSets: Record<...>; }>; ... 24 more ...; wishlist: State; }>'.
packages/redux/src/brands/__tests__/selectors.test.ts(81,45): error TS2345: Argument of type '{ brands: { hash: string; isLoading: { 211376: boolean; "brands?id=211376, 110127": boolean; }; error: { 211376: { message: string; }; "brands?id=211376, 110127": { message: string; }; }; result: { "brands?id=211376, 110127": { ...; }; }; }; entities: { ...; }; }' is not assignable to parameter of type 'Partial<{ entities: Partial<{ [k: string]: any; addresses: Record<string, Address>; availableTimeSlots: Record<string, Return>; bagItems: Record<number, BagItemEntity>; ... 33 more ...; wishlistSets: Record<...>; }>; ... 24 more ...; wishlist: State; }>'.
packages/redux/src/brands/__tests__/selectors.test.ts(85,45): error TS2345: Argument of type '{ brands: { hash: string; isLoading: { 211376: boolean; "brands?id=211376, 110127": boolean; }; error: { 211376: { message: string; }; "brands?id=211376, 110127": { message: string; }; }; result: { "brands?id=211376, 110127": { ...; }; }; }; entities: { ...; }; }' is not assignable to parameter of type 'Partial<{ entities: Partial<{ [k: string]: any; addresses: Record<string, Address>; availableTimeSlots: Record<string, Return>; bagItems: Record<number, BagItemEntity>; ... 33 more ...; wishlistSets: Record<...>; }>; ... 24 more ...; wishlist: State; }>'.
packages/redux/src/brands/__tests__/utils.test.ts(7,39): error TS2345: Argument of type '{ id: string; }' is not assignable to parameter of type 'BrandsQuery'.
packages/redux/src/brands/__tests__/utils.test.ts(14,20): error TS2554: Expected 1 arguments, but got 0.
packages/redux/src/brands/actions/__tests__/fetchBrand.test.ts(22,5): error TS7034: Variable 'store' implicitly has type 'any' in some locations where its type cannot be determined.
packages/redux/src/brands/actions/__tests__/fetchBrand.test.ts(33,14): error TS2339: Property 'mockRejectedValueOnce' does not exist on type 'GetBrand'.
packages/redux/src/brands/actions/__tests__/fetchBrand.test.ts(37,11): error TS7005: Variable 'store' implicitly has an 'any' type.
packages/redux/src/brands/actions/__tests__/fetchBrand.test.ts(37,57): error TS7006: Parameter 'error' implicitly has an 'any' type.
packages/redux/src/brands/actions/__tests__/fetchBrand.test.ts(41,14): error TS7005: Variable 'store' implicitly has an 'any' type.
packages/redux/src/brands/actions/__tests__/fetchBrand.test.ts(56,14): error TS2339: Property 'mockResolvedValueOnce' does not exist on type 'GetBrand'.
packages/redux/src/brands/actions/__tests__/fetchBrand.test.ts(60,11): error TS7005: Variable 'store' implicitly has an 'any' type.
packages/redux/src/brands/actions/__tests__/fetchBrand.test.ts(60,56): error TS7006: Parameter 'clientResult' implicitly has an 'any' type.
packages/redux/src/brands/actions/__tests__/fetchBrand.test.ts(67,12): error TS7005: Variable 'store' implicitly has an 'any' type.
packages/redux/src/brands/actions/__tests__/fetchBrands.test.ts(49,5): error TS7034: Variable 'store' implicitly has type 'any' in some locations where its type cannot be determined.
packages/redux/src/brands/actions/__tests__/fetchBrands.test.ts(63,11): error TS7005: Variable 'store' implicitly has an 'any' type.
packages/redux/src/brands/actions/__tests__/fetchBrands.test.ts(64,29): error TS2345: Argument of type '{ id: string; }' is not assignable to parameter of type 'BrandsQuery'.
packages/redux/src/brands/actions/__tests__/fetchBrands.test.ts(65,13): error TS7006: Parameter 'clientResult' implicitly has an 'any' type.
packages/redux/src/brands/actions/__tests__/fetchBrands.test.ts(78,11): error TS7005: Variable 'store' implicitly has an 'any' type.
packages/redux/src/brands/actions/__tests__/fetchBrands.test.ts(79,29): error TS2345: Argument of type '{ id: string; }' is not assignable to parameter of type 'BrandsQuery'.
packages/redux/src/brands/actions/__tests__/fetchBrands.test.ts(80,13): error TS7006: Parameter 'clientResult' implicitly has an 'any' type.
packages/redux/src/brands/actions/__tests__/fetchBrands.test.ts(86,12): error TS7005: Variable 'store' implicitly has an 'any' type.
packages/redux/src/brands/actions/__tests__/fetchBrands.test.ts(90,15): error TS2339: Property 'mockResolvedValueOnce' does not exist on type 'GetBrands'.
packages/redux/src/brands/actions/__tests__/fetchBrands.test.ts(97,11): error TS7005: Variable 'store' implicitly has an 'any' type.
packages/redux/src/brands/actions/__tests__/fetchBrands.test.ts(98,29): error TS2345: Argument of type '{ id: string; }' is not assignable to parameter of type 'BrandsQuery'.
packages/redux/src/brands/actions/__tests__/fetchBrands.test.ts(99,13): error TS7006: Parameter 'clientResult' implicitly has an 'any' type.
packages/redux/src/brands/actions/__tests__/fetchBrands.test.ts(106,12): error TS7005: Variable 'store' implicitly has an 'any' type.
packages/redux/src/brands/actions/__tests__/fetchBrands.test.ts(116,15): error TS2339: Property 'mockRejectedValueOnce' does not exist on type 'GetBrands'.
packages/redux/src/brands/actions/__tests__/fetchBrands.test.ts(120,11): error TS7005: Variable 'store' implicitly has an 'any' type.
packages/redux/src/brands/actions/__tests__/fetchBrands.test.ts(120,38): error TS2345: Argument of type '{ id: string; }' is not assignable to parameter of type 'BrandsQuery'.
packages/redux/src/brands/actions/__tests__/fetchBrands.test.ts(120,56): error TS7006: Parameter 'error' implicitly has an 'any' type.
packages/redux/src/brands/actions/__tests__/fetchBrands.test.ts(124,14): error TS7005: Variable 'store' implicitly has an 'any' type.
packages/redux/src/brands/actions/__tests__/fetchBrands.test.ts(141,15): error TS2339: Property 'mockResolvedValueOnce' does not exist on type 'GetBrands'.
packages/redux/src/brands/actions/__tests__/fetchBrands.test.ts(145,11): error TS7005: Variable 'store' implicitly has an 'any' type.
packages/redux/src/brands/actions/__tests__/fetchBrands.test.ts(145,38): error TS2345: Argument of type '{ id: string; }' is not assignable to parameter of type 'BrandsQuery'.
packages/redux/src/brands/actions/__tests__/fetchBrands.test.ts(145,55): error TS7006: Parameter 'clientResult' implicitly has an 'any' type.
packages/redux/src/brands/actions/__tests__/fetchBrands.test.ts(152,12): error TS7005: Variable 'store' implicitly has an 'any' type.
packages/redux/src/brands/actions/__tests__/resetBrandsState.test.ts(9,13): error TS2554: Expected 2-3 arguments, but got 0.
packages/redux/src/brands/actions/__tests__/resetBrandsState.test.ts(10,20): error TS2345: Argument of type '(dispatch: Dispatch) => void' is not assignable to parameter of type 'AnyAction'.
  Property 'type' is missing in type '(dispatch: Dispatch) => void' but required in type 'AnyAction'.
packages/redux/src/brands/actions/factories/fetchBrandFactory.ts(54,20): error TS2322: Type 'unknown' is not assignable to type 'Error'.
packages/redux/src/brands/actions/factories/fetchBrandsFactory.ts(127,20): error TS2322: Type 'unknown' is not assignable to type 'Error'.
packages/redux/src/brands/selectors.ts(27,11): error TS2345: Argument of type 'State | undefined' is not assignable to parameter of type 'State'.
  Type 'undefined' is not assignable to type 'State'.
packages/redux/src/brands/selectors.ts(44,34): error TS2345: Argument of type 'State | undefined' is not assignable to parameter of type 'State'.
  Type 'undefined' is not assignable to type 'State'.
packages/redux/src/brands/selectors.ts(61,42): error TS2345: Argument of type 'State | undefined' is not assignable to parameter of type 'State'.
  Type 'undefined' is not assignable to type 'State'.
packages/redux/src/brands/selectors.ts(78,40): error TS2345: Argument of type 'State | undefined' is not assignable to parameter of type 'State'.
  Type 'undefined' is not assignable to type 'State'.
packages/redux/src/brands/selectors.ts(96,23): error TS2345: Argument of type 'State | undefined' is not assignable to parameter of type 'State'.
  Type 'undefined' is not assignable to type 'State'.
packages/redux/src/brands/selectors.ts(113,38): error TS2345: Argument of type 'State | undefined' is not assignable to parameter of type 'State'.
  Type 'undefined' is not assignable to type 'State'.
packages/redux/src/brands/selectors.ts(148,35): error TS2345: Argument of type 'State | undefined' is not assignable to parameter of type 'State'.
  Type 'undefined' is not assignable to type 'State'.
packages/redux/src/categories/actions/__tests__/fetchCategories.test.ts(19,5): error TS7034: Variable 'store' implicitly has type 'any' in some locations where its type cannot be determined.
packages/redux/src/categories/actions/__tests__/fetchCategories.test.ts(30,19): error TS2339: Property 'mockRejectedValueOnce' does not exist on type 'GetCategories'.
packages/redux/src/categories/actions/__tests__/fetchCategories.test.ts(34,11): error TS7005: Variable 'store' implicitly has an 'any' type.
packages/redux/src/categories/actions/__tests__/fetchCategories.test.ts(34,51): error TS7006: Parameter 'error' implicitly has an 'any' type.
packages/redux/src/categories/actions/__tests__/fetchCategories.test.ts(38,14): error TS7005: Variable 'store' implicitly has an 'any' type.
packages/redux/src/categories/actions/__tests__/fetchCategories.test.ts(49,19): error TS2339: Property 'mockResolvedValueOnce' does not exist on type 'GetCategories'.
packages/redux/src/categories/actions/__tests__/fetchCategories.test.ts(52,11): error TS7005: Variable 'store' implicitly has an 'any' type.
packages/redux/src/categories/actions/__tests__/fetchCategories.test.ts(52,50): error TS7006: Parameter 'clientResult' implicitly has an 'any' type.
packages/redux/src/categories/actions/__tests__/fetchCategories.test.ts(58,12): error TS7005: Variable 'store' implicitly has an 'any' type.
packages/redux/src/categories/actions/__tests__/fetchTopCategories.test.ts(19,5): error TS7034: Variable 'store' implicitly has type 'any' in some locations where its type cannot be determined.
packages/redux/src/categories/actions/__tests__/fetchTopCategories.test.ts(30,22): error TS2339: Property 'mockRejectedValueOnce' does not exist on type 'GetCategories'.
packages/redux/src/categories/actions/__tests__/fetchTopCategories.test.ts(34,11): error TS7005: Variable 'store' implicitly has an 'any' type.
packages/redux/src/categories/actions/__tests__/fetchTopCategories.test.ts(34,54): error TS7006: Parameter 'error' implicitly has an 'any' type.
packages/redux/src/categories/actions/__tests__/fetchTopCategories.test.ts(38,14): error TS7005: Variable 'store' implicitly has an 'any' type.
packages/redux/src/categories/actions/__tests__/fetchTopCategories.test.ts(49,22): error TS2339: Property 'mockResolvedValueOnce' does not exist on type 'GetCategories'.
packages/redux/src/categories/actions/__tests__/fetchTopCategories.test.ts(53,11): error TS7005: Variable 'store' implicitly has an 'any' type.
packages/redux/src/categories/actions/__tests__/fetchTopCategories.test.ts(53,53): error TS7006: Parameter 'clientResult' implicitly has an 'any' type.
packages/redux/src/categories/actions/__tests__/fetchTopCategories.test.ts(57,27): error TS7005: Variable 'store' implicitly has an 'any' type.
packages/redux/src/categories/actions/__tests__/resetCategoriesState.test.ts(10,7): error TS7034: Variable 'store' implicitly has type 'any' in some locations where its type cannot be determined.
packages/redux/src/categories/actions/__tests__/resetCategoriesState.test.ts(18,5): error TS7005: Variable 'store' implicitly has an 'any' type.
packages/redux/src/categories/actions/__tests__/resetCategoriesState.test.ts(20,12): error TS7005: Variable 'store' implicitly has an 'any' type.
packages/redux/src/categories/actions/factories/fetchCategoriesFactory.ts(47,20): error TS2322: Type 'unknown' is not assignable to type 'Error'.
packages/redux/src/categories/actions/factories/fetchTopCategoriesFactory.ts(47,20): error TS2322: Type 'unknown' is not assignable to type 'Error'.
packages/redux/src/categories/reducer/__tests__/categories.test.ts(4,5): error TS7034: Variable 'initialState' implicitly has type 'any' in some locations where its type cannot be determined.
packages/redux/src/categories/reducer/__tests__/categories.test.ts(15,17): error TS2345: Argument of type 'undefined' is not assignable to parameter of type 'State'.
packages/redux/src/categories/reducer/__tests__/categories.test.ts(18,17): error TS7005: Variable 'initialState' implicitly has an 'any' type.
packages/redux/src/categories/reducer/__tests__/categories.test.ts(24,29): error TS2345: Argument of type 'undefined' is not assignable to parameter of type 'State'.
packages/redux/src/categories/reducer/__tests__/categories.test.ts(26,26): error TS7005: Variable 'initialState' implicitly has an 'any' type.
packages/redux/src/categories/reducer/__tests__/categories.test.ts(32,17): error TS2345: Argument of type 'undefined' is not assignable to parameter of type 'State'.
packages/redux/src/categories/reducer/__tests__/categories.test.ts(35,14): error TS7005: Variable 'initialState' implicitly has an 'any' type.
packages/redux/src/categories/reducer/__tests__/categories.test.ts(42,17): error TS2345: Argument of type 'undefined' is not assignable to parameter of type 'State'.
packages/redux/src/categories/reducer/__tests__/categories.test.ts(50,26): error TS7005: Variable 'initialState' implicitly has an 'any' type.
packages/redux/src/categories/reducer/__tests__/categories.test.ts(58,29): error TS2345: Argument of type 'undefined' is not assignable to parameter of type 'State'.
packages/redux/src/categories/reducer/__tests__/categories.test.ts(61,29): error TS7005: Variable 'initialState' implicitly has an 'any' type.
packages/redux/src/categories/reducer/__tests__/categories.test.ts(66,17): error TS2345: Argument of type 'undefined' is not assignable to parameter of type 'State'.
packages/redux/src/categories/reducer/__tests__/categories.test.ts(78,17): error TS2345: Argument of type 'undefined' is not assignable to parameter of type 'State'.
packages/redux/src/categories/reducer/__tests__/categories.test.ts(87,17): error TS2345: Argument of type 'undefined' is not assignable to parameter of type 'State'.
packages/redux/src/categories/reducer/__tests__/categories.test.ts(94,17): error TS7005: Variable 'initialState' implicitly has an 'any' type.
packages/redux/src/categories/reducer/__tests__/categories.test.ts(98,26): error TS7005: Variable 'initialState' implicitly has an 'any' type.
packages/redux/src/categories/reducer/__tests__/categories.test.ts(106,29): error TS2345: Argument of type 'undefined' is not assignable to parameter of type 'State'.
packages/redux/src/categories/reducer/__tests__/categories.test.ts(109,29): error TS7005: Variable 'initialState' implicitly has an 'any' type.
packages/redux/src/categories/reducer/__tests__/categories.test.ts(114,17): error TS2345: Argument of type 'undefined' is not assignable to parameter of type 'State'.
packages/redux/src/categories/reducer/__tests__/categories.test.ts(121,17): error TS7005: Variable 'initialState' implicitly has an 'any' type.
packages/redux/src/categories/reducer/__tests__/categories.test.ts(126,17): error TS2345: Argument of type 'undefined' is not assignable to parameter of type 'State'.
packages/redux/src/categories/reducer/__tests__/categories.test.ts(130,17): error TS7005: Variable 'initialState' implicitly has an 'any' type.
packages/redux/src/categories/reducer/__tests__/categories.test.ts(135,17): error TS2345: Argument of type 'undefined' is not assignable to parameter of type 'State'.
packages/redux/src/categories/reducer/__tests__/categories.test.ts(146,26): error TS7005: Variable 'initialState' implicitly has an 'any' type.
packages/redux/src/categories/reducer/__tests__/categories.test.ts(155,26): error TS7005: Variable 'initialState' implicitly has an 'any' type.
packages/redux/src/categories/reducer/__tests__/categories.test.ts(164,26): error TS7005: Variable 'initialState' implicitly has an 'any' type.
packages/redux/src/categories/reducer/__tests__/categories.test.ts(173,26): error TS7005: Variable 'initialState' implicitly has an 'any' type.
packages/redux/src/categories/reducer/__tests__/topCategories.test.ts(8,5): error TS7034: Variable 'initialState' implicitly has type 'any' in some locations where its type cannot be determined.
packages/redux/src/categories/reducer/__tests__/topCategories.test.ts(22,29): error TS7005: Variable 'initialState' implicitly has an 'any' type.
packages/redux/src/categories/reducer/__tests__/topCategories.test.ts(51,17): error TS7005: Variable 'initialState' implicitly has an 'any' type.
packages/redux/src/categories/reducer/__tests__/topCategories.test.ts(55,26): error TS7005: Variable 'initialState' implicitly has an 'any' type.
packages/redux/src/categories/reducer/__tests__/topCategories.test.ts(65,26): error TS7005: Variable 'initialState' implicitly has an 'any' type.
packages/redux/src/categories/reducer/__tests__/topCategories.test.ts(74,14): error TS7005: Variable 'initialState' implicitly has an 'any' type.
packages/redux/src/categories/reducer/__tests__/topCategories.test.ts(89,26): error TS7005: Variable 'initialState' implicitly has an 'any' type.
packages/redux/src/categories/reducer/__tests__/topCategories.test.ts(100,29): error TS7005: Variable 'initialState' implicitly has an 'any' type.
packages/redux/src/categories/reducer/__tests__/topCategories.test.ts(108,19): error TS7053: Element implicitly has an 'any' type because expression of type 'string' can't be used to index type 'typeof import("/Users/andre.araujocosta/dev/fps/blackout/packages/redux/src/categories/actionTypes")'.
  No index signature with a parameter of type 'string' was found on type 'typeof import("/Users/andre.araujocosta/dev/fps/blackout/packages/redux/src/categories/actionTypes")'.
packages/redux/src/categories/reducer/__tests__/topCategories.test.ts(114,19): error TS7005: Variable 'initialState' implicitly has an 'any' type.
packages/redux/src/categories/reducer/__tests__/topCategories.test.ts(123,19): error TS7053: Element implicitly has an 'any' type because expression of type 'string' can't be used to index type 'typeof import("/Users/andre.araujocosta/dev/fps/blackout/packages/redux/src/categories/actionTypes")'.
  No index signature with a parameter of type 'string' was found on type 'typeof import("/Users/andre.araujocosta/dev/fps/blackout/packages/redux/src/categories/actionTypes")'.
packages/redux/src/categories/reducer/__tests__/topCategories.test.ts(126,19): error TS7005: Variable 'initialState' implicitly has an 'any' type.
packages/redux/src/categories/reducer/__tests__/topCategories.test.ts(161,26): error TS7005: Variable 'initialState' implicitly has an 'any' type.
packages/redux/src/categories/reducer/__tests__/topCategories.test.ts(171,12): error TS7005: Variable 'initialState' implicitly has an 'any' type.
packages/redux/src/categories/reducer/__tests__/topCategories.test.ts(183,12): error TS7005: Variable 'initialState' implicitly has an 'any' type.
packages/redux/src/categories/reducer/__tests__/topCategories.test.ts(195,12): error TS7005: Variable 'initialState' implicitly has an 'any' type.
packages/redux/src/categories/selectors/__tests__/categories.test.ts(18,40): error TS2345: Argument of type '{ categories: { error: null; isFetched: boolean; isLoading: boolean; top: { error: null; isLoading: boolean; result: null; }; }; entities: { categories: null; }; }' is not assignable to parameter of type 'Partial<{ entities: Partial<{ [k: string]: any; addresses: Record<string, Address>; availableTimeSlots: Record<string, Return>; bagItems: Record<number, BagItemEntity>; ... 33 more ...; wishlistSets: Record<...>; }>; ... 24 more ...; wishlist: State; }>'.
  The types of 'entities.categories' are incompatible between these types.
    Type 'null' is not assignable to type 'Record<number, Category> | undefined'.
packages/redux/src/categories/selectors/__tests__/topCategories.test.ts(20,43): error TS2345: Argument of type '{ categories: { error: null; isFetched: boolean; isLoading: boolean; top: { error: null; isLoading: boolean; result: null; }; }; entities: { categories: null; }; }' is not assignable to parameter of type 'Partial<{ entities: Partial<{ [k: string]: any; addresses: Record<string, Address>; availableTimeSlots: Record<string, Return>; bagItems: Record<number, BagItemEntity>; ... 33 more ...; wishlistSets: Record<...>; }>; ... 24 more ...; wishlist: State; }>'.
packages/redux/src/categories/selectors/__tests__/topCategories.test.ts(48,11): error TS2322: Type '{ result: null; }' is not assignable to type 'TopCategoryState'.
  Type '{ result: null; }' is missing the following properties from type '{ error: Error | null; isLoading: boolean; result: number[] | null; }': error, isLoading
packages/redux/src/categories/selectors/__tests__/topCategories.test.ts(53,11): error TS2322: Type '{ [x: number]: { id: number; name: string; parentId: number; gender: string; } | undefined; }' is not assignable to type 'Record<number, Category>'.
  'number' index signatures are incompatible.
    Type '{ id: number; name: string; parentId: number; gender: string; } | undefined' is not assignable to type 'Category'.
      Type 'undefined' is not assignable to type 'Category'.
packages/redux/src/categories/selectors/__tests__/topCategories.test.ts(54,14): error TS2532: Object is possibly 'undefined'.
packages/redux/src/categories/selectors/categories.ts(28,12): error TS2345: Argument of type 'State | undefined' is not assignable to parameter of type 'State'.
  Type 'undefined' is not assignable to type 'State'.
    Type 'undefined' is not assignable to type 'EmptyObject'.
packages/redux/src/categories/selectors/categories.ts(47,16): error TS2345: Argument of type 'State | undefined' is not assignable to parameter of type 'State'.
  Type 'undefined' is not assignable to type 'State'.
packages/redux/src/categories/selectors/categories.ts(66,16): error TS2345: Argument of type 'State | undefined' is not assignable to parameter of type 'State'.
  Type 'undefined' is not assignable to type 'State'.
packages/redux/src/categories/selectors/topCategories.ts(31,12): error TS2345: Argument of type 'State | undefined' is not assignable to parameter of type 'State'.
  Type 'undefined' is not assignable to type 'State'.
packages/redux/src/categories/selectors/topCategories.ts(51,38): error TS2345: Argument of type 'State | undefined' is not assignable to parameter of type 'State'.
  Type 'undefined' is not assignable to type 'State'.
packages/redux/src/categories/selectors/topCategories.ts(80,16): error TS2345: Argument of type 'State | undefined' is not assignable to parameter of type 'State'.
  Type 'undefined' is not assignable to type 'State'.
packages/redux/src/categories/selectors/topCategories.ts(99,13): error TS2345: Argument of type 'State | undefined' is not assignable to parameter of type 'State'.
  Type 'undefined' is not assignable to type 'State'.
packages/redux/src/checkout/__tests__/reducer.test.ts(5,5): error TS7034: Variable 'initialState' implicitly has type 'any' in some locations where its type cannot be determined.
packages/redux/src/checkout/__tests__/reducer.test.ts(16,26): error TS7005: Variable 'initialState' implicitly has an 'any' type.
packages/redux/src/checkout/__tests__/reducer.test.ts(30,13): error TS2322: Type 'string' is not assignable to type 'never'.
packages/redux/src/checkout/__tests__/reducer.test.ts(36,14): error TS7005: Variable 'initialState' implicitly has an 'any' type.
packages/redux/src/checkout/__tests__/reducer.test.ts(44,22): error TS2559: Type 'string' has no properties in common with type 'Error'.
packages/redux/src/checkout/__tests__/reducer.test.ts(55,22): error TS2559: Type 'string' has no properties in common with type 'Error'.
packages/redux/src/checkout/__tests__/reducer.test.ts(66,22): error TS2559: Type 'string' has no properties in common with type 'Error'.
packages/redux/src/checkout/__tests__/reducer.test.ts(78,15): error TS2322: Type 'boolean' is not assignable to type 'never'.
packages/redux/src/checkout/__tests__/reducer.test.ts(84,16): error TS7005: Variable 'initialState' implicitly has an 'any' type.
packages/redux/src/checkout/__tests__/reducer.test.ts(91,14): error TS2554: Expected 2 arguments, but got 1.
packages/redux/src/checkout/__tests__/reducer.test.ts(99,26): error TS7005: Variable 'initialState' implicitly has an 'any' type.
packages/redux/src/checkout/__tests__/reducer.test.ts(109,15): error TS2322: Type 'string' is not assignable to type 'never'.
packages/redux/src/checkout/__tests__/reducer.test.ts(115,16): error TS7005: Variable 'initialState' implicitly has an 'any' type.
packages/redux/src/checkout/__tests__/reducer.test.ts(200,17): error TS2345: Argument of type '{ id: number; }' is not assignable to parameter of type 'CombinedState<{ error: never; id: never; isLoading: boolean; completePaymentCheckout: any; checkoutDetails: any; collectPoints: any; itemTags: any; promoCode: any; tags: any; giftMessage: any; charges: never; deliveryBundleUpgrades: never; itemDeliveryProvisioning: any; upgradeItemDeliveryProvisioning: any; }>'.
  Type '{ id: number; }' is missing the following properties from type '{ error: never; id: never; isLoading: boolean; completePaymentCheckout: any; checkoutDetails: any; collectPoints: any; itemTags: any; promoCode: any; tags: any; giftMessage: any; charges: never; deliveryBundleUpgrades: never; itemDeliveryProvisioning: any; upgradeItemDeliveryProvisioning: any; }': error, isLoading, completePaymentCheckout, checkoutDetails, and 9 more.
packages/redux/src/checkout/__tests__/reducer.test.ts(203,14): error TS7005: Variable 'initialState' implicitly has an 'any' type.
packages/redux/src/checkout/__tests__/reducer.test.ts(209,14): error TS2554: Expected 2 arguments, but got 1.
packages/redux/src/checkout/__tests__/reducer.test.ts(217,26): error TS7005: Variable 'initialState' implicitly has an 'any' type.
packages/redux/src/checkout/__tests__/reducer.test.ts(248,22): error TS2559: Type 'string' has no properties in common with type 'Error'.
packages/redux/src/checkout/__tests__/reducer.test.ts(251,14): error TS7005: Variable 'initialState' implicitly has an 'any' type.
packages/redux/src/checkout/__tests__/reducer.test.ts(260,14): error TS7005: Variable 'initialState' implicitly has an 'any' type.
packages/redux/src/checkout/__tests__/reducer.test.ts(266,22): error TS2559: Type 'string' has no properties in common with type 'Error'.
packages/redux/src/checkout/__tests__/reducer.test.ts(269,14): error TS7005: Variable 'initialState' implicitly has an 'any' type.
packages/redux/src/checkout/__tests__/reducer.test.ts(278,14): error TS7005: Variable 'initialState' implicitly has an 'any' type.
packages/redux/src/checkout/__tests__/reducer.test.ts(284,22): error TS2559: Type 'string' has no properties in common with type 'Error'.
packages/redux/src/checkout/__tests__/reducer.test.ts(287,14): error TS7005: Variable 'initialState' implicitly has an 'any' type.
packages/redux/src/checkout/__tests__/reducer.test.ts(296,14): error TS7005: Variable 'initialState' implicitly has an 'any' type.
packages/redux/src/checkout/__tests__/reducer.test.ts(304,13): error TS2345: Argument of type '{ isLoading: true; }' is not assignable to parameter of type 'CombinedState<{ error: never; id: never; isLoading: boolean; completePaymentCheckout: any; checkoutDetails: any; collectPoints: any; itemTags: any; promoCode: any; tags: any; giftMessage: any; charges: never; deliveryBundleUpgrades: never; itemDeliveryProvisioning: any; upgradeItemDeliveryProvisioning: any; }>'.
  Type '{ isLoading: true; }' is missing the following properties from type '{ error: never; id: never; isLoading: boolean; completePaymentCheckout: any; checkoutDetails: any; collectPoints: any; itemTags: any; promoCode: any; tags: any; giftMessage: any; charges: never; deliveryBundleUpgrades: never; itemDeliveryProvisioning: any; upgradeItemDeliveryProvisioning: any; }': error, id, completePaymentCheckout, checkoutDetails, and 9 more.
packages/redux/src/checkout/__tests__/reducer.test.ts(311,16): error TS7005: Variable 'initialState' implicitly has an 'any' type.
packages/redux/src/checkout/__tests__/reducer.test.ts(318,14): error TS2554: Expected 2 arguments, but got 1.
packages/redux/src/checkout/__tests__/reducer.test.ts(326,29): error TS7005: Variable 'initialState' implicitly has an 'any' type.
packages/redux/src/checkout/__tests__/reducer.test.ts(335,16): error TS7005: Variable 'initialState' implicitly has an 'any' type.
packages/redux/src/checkout/__tests__/reducer.test.ts(347,16): error TS7005: Variable 'initialState' implicitly has an 'any' type.
packages/redux/src/checkout/__tests__/reducer.test.ts(358,22): error TS2559: Type 'string' has no properties in common with type 'Error'.
packages/redux/src/checkout/__tests__/reducer.test.ts(368,22): error TS2559: Type 'string' has no properties in common with type 'Error'.
packages/redux/src/checkout/__tests__/reducer.test.ts(378,11): error TS2322: Type 'string' is not assignable to type '{ error: Error; }'.
packages/redux/src/checkout/__tests__/reducer.test.ts(381,16): error TS7005: Variable 'initialState' implicitly has an 'any' type.
packages/redux/src/checkout/__tests__/reducer.test.ts(392,11): error TS2322: Type 'string' is not assignable to type '{ error: Error; }'.
packages/redux/src/checkout/__tests__/reducer.test.ts(395,16): error TS7005: Variable 'initialState' implicitly has an 'any' type.
packages/redux/src/checkout/__tests__/reducer.test.ts(406,17): error TS7005: Variable 'initialState' implicitly has an 'any' type.
packages/redux/src/checkout/__tests__/reducer.test.ts(414,17): error TS7005: Variable 'initialState' implicitly has an 'any' type.
packages/redux/src/checkout/__tests__/reducer.test.ts(422,29): error TS7005: Variable 'initialState' implicitly has an 'any' type.
packages/redux/src/checkout/__tests__/reducer.test.ts(430,17): error TS7005: Variable 'initialState' implicitly has an 'any' type.
packages/redux/src/checkout/__tests__/reducer.test.ts(443,16): error TS7005: Variable 'initialState' implicitly has an 'any' type.
packages/redux/src/checkout/__tests__/reducer.test.ts(458,11): error TS2345: Argument of type '{ type: string; payload: { error: string; }; }' is not assignable to parameter of type 'Action<any> | LogoutAction | GenericCheckoutAction | ResetCheckoutStateAction | ResetChargesStateAction | ... 10 more ... | DeliveryBundleRequestAction'.
  Object literal may only specify known properties, and 'payload' does not exist in type 'Action<any>'.
packages/redux/src/checkout/__tests__/reducer.test.ts(472,16): error TS7005: Variable 'initialState' implicitly has an 'any' type.
packages/redux/src/checkout/__tests__/reducer.test.ts(486,16): error TS7005: Variable 'initialState' implicitly has an 'any' type.
packages/redux/src/checkout/__tests__/reducer.test.ts(535,13): error TS2783: 'checkout' is specified more than once, so this usage will be overwritten.
packages/redux/src/checkout/__tests__/reducer.test.ts(554,11): error TS7053: Element implicitly has an 'any' type because expression of type 'string' can't be used to index type '{ "@farfetch/blackout-redux/COMPLETE_PAYMENT_CHECKOUT_SUCCESS": (state: Partial<{ [k: string]: any; addresses: Record<string, Address>; availableTimeSlots: Record<string, Return>; ... 34 more ...; wishlistSets: Record<...>; }> | undefined, action: CompletePaymentCheckoutSuccessAction | FetchCollectPointsSuccessActio...'.
  No index signature with a parameter of type 'string' was found on type '{ "@farfetch/blackout-redux/COMPLETE_PAYMENT_CHECKOUT_SUCCESS": (state: Partial<{ [k: string]: any; addresses: Record<string, Address>; availableTimeSlots: Record<string, Return>; ... 34 more ...; wishlistSets: Record<...>; }> | undefined, action: CompletePaymentCheckoutSuccessAction | FetchCollectPointsSuccessActio...'.
packages/redux/src/checkout/__tests__/reducer.test.ts(575,70): error TS2345: Argument of type '{ checkout: { 1: { data: string; }; }; checkoutOrders: { 1: { checkout: number; }; }; products: { 1: { id: number; }; 2: { id: number; }; }; }' is not assignable to parameter of type 'Partial<{ [k: string]: any; addresses: Record<string, Address>; availableTimeSlots: Record<string, Return>; bagItems: Record<number, BagItemEntity>; ... 33 more ...; wishlistSets: Record<...>; }>'.
  Types of property 'checkout' are incompatible.
    Type '{ 1: { data: string; }; }' is not assignable to type 'Record<number, CheckoutEntity>'.
      Property '1' is incompatible with index signature.
        Type '{ data: string; }' is not assignable to type 'CheckoutEntity'.
          Type '{ data: string; }' is missing the following properties from type 'Omit<GetCheckoutResponse, "deliveryBundles">': id, orderStatus
packages/redux/src/checkout/__tests__/reducer.test.ts(609,13): error TS2345: Argument of type '{ deliveryBundles: { 12345678: { id: number; }; }; checkout: { 1: { data: string; }; }; checkoutOrders: { 1: { checkout: number; }; }; products: { 1: { id: number; }; 2: { id: number; }; }; }' is not assignable to parameter of type 'Partial<{ [k: string]: any; addresses: Record<string, Address>; availableTimeSlots: Record<string, Return>; bagItems: Record<number, BagItemEntity>; ... 33 more ...; wishlistSets: Record<...>; }>'.
  Types of property 'checkout' are incompatible.
    Type '{ 1: { data: string; }; }' is not assignable to type 'Record<number, CheckoutEntity>'.
packages/redux/src/checkout/__tests__/reducer.test.ts(676,13): error TS2345: Argument of type '{ deliveryBundleUpgrades: { 123: { 1234: { Estimated: { id: number; itemId: number; name: string; }[]; }; 4321: { Estimated: { id: number; itemId: number; name: string; }[]; }; }; }; checkout: { 1: { data: string; }; }; checkoutOrders: { ...; }; products: { ...; }; }' is not assignable to parameter of type 'Partial<{ [k: string]: any; addresses: Record<string, Address>; availableTimeSlots: Record<string, Return>; bagItems: Record<number, BagItemEntity>; ... 33 more ...; wishlistSets: Record<...>; }>'.
  Types of property 'checkout' are incompatible.
    Type '{ 1: { data: string; }; }' is not assignable to type 'Record<number, CheckoutEntity>'.
packages/redux/src/checkout/__tests__/reducer.test.ts(770,11): error TS7053: Element implicitly has an 'any' type because expression of type 'string' can't be used to index type '{ "@farfetch/blackout-redux/COMPLETE_PAYMENT_CHECKOUT_SUCCESS": (state: Partial<{ [k: string]: any; addresses: Record<string, Address>; availableTimeSlots: Record<string, Return>; ... 34 more ...; wishlistSets: Record<...>; }> | undefined, action: CompletePaymentCheckoutSuccessAction | FetchCollectPointsSuccessActio...'.
  No index signature with a parameter of type 'string' was found on type '{ "@farfetch/blackout-redux/COMPLETE_PAYMENT_CHECKOUT_SUCCESS": (state: Partial<{ [k: string]: any; addresses: Record<string, Address>; availableTimeSlots: Record<string, Return>; ... 34 more ...; wishlistSets: Record<...>; }> | undefined, action: CompletePaymentCheckoutSuccessAction | FetchCollectPointsSuccessActio...'.
packages/redux/src/checkout/__tests__/reducer.test.ts(808,63): error TS2345: Argument of type '{ checkout: { 1: { shippingOptions: { id: number; price: number; }[]; paymentMethods: { customerAccounts: { id: number; }[]; }; }; }; }' is not assignable to parameter of type 'Partial<{ [k: string]: any; addresses: Record<string, Address>; availableTimeSlots: Record<string, Return>; bagItems: Record<number, BagItemEntity>; ... 33 more ...; wishlistSets: Record<...>; }>'.
  Types of property 'checkout' are incompatible.
    Type '{ 1: { shippingOptions: { id: number; price: number; }[]; paymentMethods: { customerAccounts: { id: number; }[]; }; }; }' is not assignable to type 'Record<number, CheckoutEntity>'.
      Property '1' is incompatible with index signature.
        Type '{ shippingOptions: { id: number; price: number; }[]; paymentMethods: { customerAccounts: { id: number; }[]; }; }' is not assignable to type 'CheckoutEntity'.
          Type '{ shippingOptions: { id: number; price: number; }[]; paymentMethods: { customerAccounts: { id: number; }[]; }; }' is missing the following properties from type 'Omit<GetCheckoutResponse, "deliveryBundles">': id, orderStatus
packages/redux/src/checkout/__tests__/reducer.test.ts(848,65): error TS2345: Argument of type '{ checkout: { 1: { data: string; }; }; checkoutDetails: { 1: { data: string; }; }; checkoutOrders: { 1: { data: string; }; }; checkoutOrderItems: { 1: { data: string; }; }; dummy: { 1: { data: string; }; }; dummy2: { 1: { data: string; }; }; }' is not assignable to parameter of type 'Partial<{ [k: string]: any; addresses: Record<string, Address>; availableTimeSlots: Record<string, Return>; bagItems: Record<number, BagItemEntity>; ... 33 more ...; wishlistSets: Record<...>; }>'.
  Types of property 'checkout' are incompatible.
    Type '{ 1: { data: string; }; }' is not assignable to type 'Record<number, CheckoutEntity>'.
      Property '1' is incompatible with index signature.
        Type '{ data: string; }' is not assignable to type 'CheckoutEntity'.
          Type '{ data: string; }' is missing the following properties from type 'Omit<GetCheckoutResponse, "deliveryBundles">': id, orderStatus
packages/redux/src/checkout/__tests__/reducer.test.ts(886,47): error TS2345: Argument of type '{ checkout: { 1: { data: string; }; }; checkoutDetails: { 1: { data: string; }; }; checkoutOrders: { 1: { data: string; }; }; checkoutOrderItems: { 1: { data: string; }; }; dummy: { 1: { data: string; }; }; dummy2: { 1: { data: string; }; }; }' is not assignable to parameter of type 'Partial<{ [k: string]: any; addresses: Record<string, Address>; availableTimeSlots: Record<string, Return>; bagItems: Record<number, BagItemEntity>; ... 33 more ...; wishlistSets: Record<...>; }>'.
  Types of property 'checkout' are incompatible.
    Type '{ 1: { data: string; }; }' is not assignable to type 'Record<number, CheckoutEntity>'.
      Property '1' is incompatible with index signature.
        Type '{ data: string; }' is not assignable to type 'CheckoutEntity'.
          Type '{ data: string; }' is missing the following properties from type 'Omit<GetCheckoutResponse, "deliveryBundles">': id, orderStatus
packages/redux/src/checkout/__tests__/reducer.test.ts(895,32): error TS2345: Argument of type '{ id: number; }' is not assignable to parameter of type 'State'.
  Type '{ id: number; }' is missing the following properties from type '{ error: Nullable<Error>; id: number | null; isLoading: boolean; completePaymentCheckout: StateWithoutResult; collectPoints: StateWithoutResult; ... 8 more ...; deliveryBundleUpgrades: StateWithResult; }': error, isLoading, completePaymentCheckout, collectPoints, and 9 more.
packages/redux/src/checkout/__tests__/reducer.test.ts(903,37): error TS2322: Type 'string' is not assignable to type 'Nullable<Error>'.
packages/redux/src/checkout/__tests__/reducer.test.ts(911,41): error TS2322: Type 'string' is not assignable to type 'boolean'.
packages/redux/src/checkout/__tests__/reducer.test.ts(952,18): error TS2537: Type 'typeof import("/Users/andre.araujocosta/dev/fps/blackout/packages/redux/src/checkout/reducer")' has no matching index signature for type 'string'.
packages/redux/src/checkout/__tests__/selectors.test.ts(26,51): error TS2345: Argument of type '{ checkout: { error: null; id: number; isLoading: boolean; completePaymentCheckout: { error: null; isLoading: boolean; }; checkoutDetails: { error: null; isLoading: boolean; }; collectPoints: { error: null; isLoading: boolean; }; ... 7 more ...; upgradeItemDeliveryProvisioning: { ...; }; }; entities: { ...; }; }' is not assignable to parameter of type '{ entities?: Partial<{ [k: string]: any; addresses: Record<string, Address>; availableTimeSlots: Record<string, Return>; bagItems: Record<number, BagItemEntity>; ... 33 more ...; wishlistSets: Record<...>; }> | undefined; ... 24 more ...; wishlist?: State | undefined; }'.
  The types of 'entities.checkout' are incompatible between these types.
    Type '{ 1: { checkoutOrder: number; id: number; shippingOptions: { currency: string; discount: number; merchants: number[]; price: number; formattedPrice: string; shippingCostType: string; shippingService: { ...; }; shippingWithoutCapped: number; baseFlatRate: number; }[]; deliveryBundles: string[]; }; }' is not assignable to type 'Record<number, CheckoutEntity>'.
      Property '[checkoutId]' is incompatible with index signature.
        Type '{ checkoutOrder: number; id: number; shippingOptions: { currency: string; discount: number; merchants: number[]; price: number; formattedPrice: string; shippingCostType: string; shippingService: { ...; }; shippingWithoutCapped: number; baseFlatRate: number; }[]; deliveryBundles: string[]; }' is not assignable to type 'CheckoutEntity'.
          Property 'orderStatus' is missing in type '{ checkoutOrder: number; id: number; shippingOptions: { currency: string; discount: number; merchants: number[]; price: number; formattedPrice: string; shippingCostType: string; shippingService: { ...; }; shippingWithoutCapped: number; baseFlatRate: number; }[]; deliveryBundles: string[]; }' but required in type 'Omit<GetCheckoutResponse, "deliveryBundles">'.
packages/redux/src/checkout/__tests__/selectors.test.ts(37,11): error TS2345: Argument of type '{ checkout: { error: null; id: number; isLoading: boolean; completePaymentCheckout: { error: null; isLoading: boolean; }; checkoutDetails: { error: null; isLoading: boolean; }; collectPoints: { error: null; isLoading: boolean; }; ... 7 more ...; upgradeItemDeliveryProvisioning: { ...; }; }; entities: { ...; }; }' is not assignable to parameter of type 'Partial<{ entities: Partial<{ [k: string]: any; addresses: Record<string, Address>; availableTimeSlots: Record<string, Return>; bagItems: Record<number, BagItemEntity>; ... 33 more ...; wishlistSets: Record<...>; }>; ... 24 more ...; wishlist: State; }>'.
  Types of property 'entities' are incompatible.
    Type '{ checkout: { 1: { checkoutOrder: number; id: number; shippingOptions: { currency: string; discount: number; merchants: number[]; price: number; formattedPrice: string; shippingCostType: string; shippingService: { ...; }; shippingWithoutCapped: number; baseFlatRate: number; }[]; deliveryBundles: string[]; }; }; ... ...' is not assignable to type 'Partial<{ [k: string]: any; addresses: Record<string, Address>; availableTimeSlots: Record<string, Return>; bagItems: Record<number, BagItemEntity>; ... 33 more ...; wishlistSets: Record<...>; }>'.
packages/redux/src/checkout/__tests__/selectors.test.ts(49,49): error TS2345: Argument of type '{ checkout: { error: null; id: number; isLoading: boolean; completePaymentCheckout: { error: null; isLoading: boolean; }; checkoutDetails: { error: null; isLoading: boolean; }; collectPoints: { error: null; isLoading: boolean; }; ... 7 more ...; upgradeItemDeliveryProvisioning: { ...; }; }; entities: { ...; }; }' is not assignable to parameter of type '{ entities?: Partial<{ [k: string]: any; addresses: Record<string, Address>; availableTimeSlots: Record<string, Return>; bagItems: Record<number, BagItemEntity>; ... 33 more ...; wishlistSets: Record<...>; }> | undefined; ... 24 more ...; wishlist?: State | undefined; }'.
packages/redux/src/checkout/__tests__/selectors.test.ts(57,51): error TS2345: Argument of type '{ checkout: { error: null; id: number; isLoading: boolean; completePaymentCheckout: { error: null; isLoading: boolean; }; checkoutDetails: { error: null; isLoading: boolean; }; collectPoints: { error: null; isLoading: boolean; }; ... 7 more ...; upgradeItemDeliveryProvisioning: { ...; }; }; entities: { ...; }; }' is not assignable to parameter of type '{ entities?: Partial<{ [k: string]: any; addresses: Record<string, Address>; availableTimeSlots: Record<string, Return>; bagItems: Record<number, BagItemEntity>; ... 33 more ...; wishlistSets: Record<...>; }> | undefined; ... 24 more ...; wishlist?: State | undefined; }'.
  Types of property 'entities' are incompatible.
    Type '{ checkout: { 1: { checkoutOrder: number; id: number; shippingOptions: { currency: string; discount: number; merchants: number[]; price: number; formattedPrice: string; shippingCostType: string; shippingService: { ...; }; shippingWithoutCapped: number; baseFlatRate: number; }[]; deliveryBundles: string[]; }; }; ... ...' is not assignable to type 'Partial<{ [k: string]: any; addresses: Record<string, Address>; availableTimeSlots: Record<string, Return>; bagItems: Record<number, BagItemEntity>; ... 33 more ...; wishlistSets: Record<...>; }>'.
packages/redux/src/checkout/__tests__/selectors.test.ts(66,55): error TS2345: Argument of type '{ checkout: { error: null; id: number; isLoading: boolean; completePaymentCheckout: { error: null; isLoading: boolean; }; checkoutDetails: { error: null; isLoading: boolean; }; collectPoints: { error: null; isLoading: boolean; }; ... 7 more ...; upgradeItemDeliveryProvisioning: { ...; }; }; entities: { ...; }; }' is not assignable to parameter of type '{ entities?: Partial<{ [k: string]: any; addresses: Record<string, Address>; availableTimeSlots: Record<string, Return>; bagItems: Record<number, BagItemEntity>; ... 33 more ...; wishlistSets: Record<...>; }> | undefined; ... 24 more ...; wishlist?: State | undefined; }'.
packages/redux/src/checkout/__tests__/selectors.test.ts(77,11): error TS2345: Argument of type '{ checkout: { error: null; id: number; isLoading: boolean; completePaymentCheckout: { error: null; isLoading: boolean; }; checkoutDetails: { error: null; isLoading: boolean; }; collectPoints: { error: null; isLoading: boolean; }; ... 7 more ...; upgradeItemDeliveryProvisioning: { ...; }; }; entities: { ...; }; }' is not assignable to parameter of type 'Partial<{ entities: Partial<{ [k: string]: any; addresses: Record<string, Address>; availableTimeSlots: Record<string, Return>; bagItems: Record<number, BagItemEntity>; ... 33 more ...; wishlistSets: Record<...>; }>; ... 24 more ...; wishlist: State; }>'.
packages/redux/src/checkout/__tests__/selectors.test.ts(91,11): error TS2345: Argument of type '{ checkout: { error: null; id: number; isLoading: boolean; completePaymentCheckout: { error: null; isLoading: boolean; }; checkoutDetails: { error: null; isLoading: boolean; }; collectPoints: { error: null; isLoading: boolean; }; ... 7 more ...; upgradeItemDeliveryProvisioning: { ...; }; }; entities: { ...; }; }' is not assignable to parameter of type '{ entities?: Partial<{ [k: string]: any; addresses: Record<string, Address>; availableTimeSlots: Record<string, Return>; bagItems: Record<number, BagItemEntity>; ... 33 more ...; wishlistSets: Record<...>; }> | undefined; ... 24 more ...; wishlist?: State | undefined; }'.
packages/redux/src/checkout/__tests__/selectors.test.ts(110,38): error TS2345: Argument of type '{ checkout: { error: null; id: number; isLoading: boolean; completePaymentCheckout: { error: null; isLoading: boolean; }; checkoutDetails: { error: null; isLoading: boolean; }; collectPoints: { error: null; isLoading: boolean; }; ... 7 more ...; upgradeItemDeliveryProvisioning: { ...; }; }; entities: { ...; }; }' is not assignable to parameter of type 'Partial<{ entities: Partial<{ [k: string]: any; addresses: Record<string, Address>; availableTimeSlots: Record<string, Return>; bagItems: Record<number, BagItemEntity>; ... 33 more ...; wishlistSets: Record<...>; }>; ... 24 more ...; wishlist: State; }>'.
packages/redux/src/checkout/__tests__/selectors.test.ts(121,36): error TS2345: Argument of type '{ checkout: { error: null; id: number; isLoading: boolean; completePaymentCheckout: { error: null; isLoading: boolean; }; checkoutDetails: { error: null; isLoading: boolean; }; collectPoints: { error: null; isLoading: boolean; }; ... 7 more ...; upgradeItemDeliveryProvisioning: { ...; }; }; entities: { ...; }; }' is not assignable to parameter of type 'Partial<{ entities: Partial<{ [k: string]: any; addresses: Record<string, Address>; availableTimeSlots: Record<string, Return>; bagItems: Record<number, BagItemEntity>; ... 33 more ...; wishlistSets: Record<...>; }>; ... 24 more ...; wishlist: State; }>'.
packages/redux/src/checkout/__tests__/selectors.test.ts(134,42): error TS2345: Argument of type '{ checkout: { error: null; id: number; isLoading: boolean; completePaymentCheckout: { error: null; isLoading: boolean; }; checkoutDetails: { error: null; isLoading: boolean; }; collectPoints: { error: null; isLoading: boolean; }; ... 7 more ...; upgradeItemDeliveryProvisioning: { ...; }; }; entities: { ...; }; }' is not assignable to parameter of type 'Partial<{ entities: Partial<{ [k: string]: any; addresses: Record<string, Address>; availableTimeSlots: Record<string, Return>; bagItems: Record<number, BagItemEntity>; ... 33 more ...; wishlistSets: Record<...>; }>; ... 24 more ...; wishlist: State; }>'.
packages/redux/src/checkout/__tests__/selectors.test.ts(149,41): error TS2345: Argument of type '{ checkout: { error: null; id: number; isLoading: boolean; completePaymentCheckout: { error: null; isLoading: boolean; }; checkoutDetails: { error: null; isLoading: boolean; }; collectPoints: { error: null; isLoading: boolean; }; ... 7 more ...; upgradeItemDeliveryProvisioning: { ...; }; }; entities: { ...; }; }' is not assignable to parameter of type 'Partial<{ entities: Partial<{ [k: string]: any; addresses: Record<string, Address>; availableTimeSlots: Record<string, Return>; bagItems: Record<number, BagItemEntity>; ... 33 more ...; wishlistSets: Record<...>; }>; ... 24 more ...; wishlist: State; }>'.
packages/redux/src/checkout/__tests__/selectors.test.ts(168,11): error TS2345: Argument of type '{ checkout: { error: null; id: number; isLoading: boolean; completePaymentCheckout: { error: null; isLoading: boolean; }; checkoutDetails: { error: null; isLoading: boolean; }; collectPoints: { error: null; isLoading: boolean; }; ... 7 more ...; upgradeItemDeliveryProvisioning: { ...; }; }; entities: { ...; }; }' is not assignable to parameter of type 'Partial<{ entities: Partial<{ [k: string]: any; addresses: Record<string, Address>; availableTimeSlots: Record<string, Return>; bagItems: Record<number, BagItemEntity>; ... 33 more ...; wishlistSets: Record<...>; }>; ... 24 more ...; wishlist: State; }>'.
packages/redux/src/checkout/__tests__/selectors.test.ts(184,49): error TS2345: Argument of type '{ checkout: { error: null; id: number; isLoading: boolean; completePaymentCheckout: { error: null; isLoading: boolean; }; checkoutDetails: { error: null; isLoading: boolean; }; collectPoints: { error: null; isLoading: boolean; }; ... 7 more ...; upgradeItemDeliveryProvisioning: { ...; }; }; entities: { ...; }; }' is not assignable to parameter of type '{ entities?: Partial<{ [k: string]: any; addresses: Record<string, Address>; availableTimeSlots: Record<string, Return>; bagItems: Record<number, BagItemEntity>; ... 33 more ...; wishlistSets: Record<...>; }> | undefined; ... 24 more ...; wishlist?: State | undefined; }'.
packages/redux/src/checkout/__tests__/selectors.test.ts(195,49): error TS2345: Argument of type '{ entities: { checkoutOrders: { id: number; }; }; checkout: { error: null; id: number; isLoading: boolean; completePaymentCheckout: { error: null; isLoading: boolean; }; checkoutDetails: { error: null; isLoading: boolean; }; ... 8 more ...; upgradeItemDeliveryProvisioning: { ...; }; }; }' is not assignable to parameter of type '{ entities?: Partial<{ [k: string]: any; addresses: Record<string, Address>; availableTimeSlots: Record<string, Return>; bagItems: Record<number, BagItemEntity>; ... 33 more ...; wishlistSets: Record<...>; }> | undefined; ... 24 more ...; wishlist?: State | undefined; }'.
  Types of property 'checkout' are incompatible.
    Type '{ error: null; id: number; isLoading: boolean; completePaymentCheckout: { error: null; isLoading: boolean; }; checkoutDetails: { error: null; isLoading: boolean; }; collectPoints: { error: null; isLoading: boolean; }; ... 7 more ...; upgradeItemDeliveryProvisioning: { ...; }; }' is not assignable to type 'State'.
      Type '{ error: null; id: number; isLoading: boolean; completePaymentCheckout: { error: null; isLoading: boolean; }; checkoutDetails: { error: null; isLoading: boolean; }; collectPoints: { error: null; isLoading: boolean; }; ... 7 more ...; upgradeItemDeliveryProvisioning: { ...; }; }' is not assignable to type '{ error: Nullable<Error>; id: number | null; isLoading: boolean; completePaymentCheckout: StateWithoutResult; collectPoints: StateWithoutResult; ... 8 more ...; deliveryBundleUpgrades: StateWithResult; }'.
        The types of 'charges.result' are incompatible between these types.
          Type '{ id: string; status: string; redirectUrl: string; returnUrl: string; cancelUrl: string; }' is not assignable to type 'string | GetChargesResponse | null'.
            Type '{ id: string; status: string; redirectUrl: string; returnUrl: string; cancelUrl: string; }' is missing the following properties from type 'GetChargesResponse': chargeId, chargeInstruments
packages/redux/src/checkout/__tests__/selectors.test.ts(203,46): error TS2345: Argument of type '{ checkout: { error: null; id: number; isLoading: boolean; completePaymentCheckout: { error: null; isLoading: boolean; }; checkoutDetails: { error: null; isLoading: boolean; }; collectPoints: { error: null; isLoading: boolean; }; ... 7 more ...; upgradeItemDeliveryProvisioning: { ...; }; }; entities: { ...; }; }' is not assignable to parameter of type '{ entities?: Partial<{ [k: string]: any; addresses: Record<string, Address>; availableTimeSlots: Record<string, Return>; bagItems: Record<number, BagItemEntity>; ... 33 more ...; wishlistSets: Record<...>; }> | undefined; ... 24 more ...; wishlist?: State | undefined; }'.
  Types of property 'entities' are incompatible.
    Type '{ checkout: { 1: { checkoutOrder: number; id: number; shippingOptions: { currency: string; discount: number; merchants: number[]; price: number; formattedPrice: string; shippingCostType: string; shippingService: { ...; }; shippingWithoutCapped: number; baseFlatRate: number; }[]; deliveryBundles: string[]; }; }; ... ...' is not assignable to type 'Partial<{ [k: string]: any; addresses: Record<string, Address>; availableTimeSlots: Record<string, Return>; bagItems: Record<number, BagItemEntity>; ... 33 more ...; wishlistSets: Record<...>; }>'.
packages/redux/src/checkout/__tests__/selectors.test.ts(215,11): error TS2345: Argument of type '{ checkout: { error: null; id: number; isLoading: boolean; completePaymentCheckout: { error: null; isLoading: boolean; }; checkoutDetails: { error: null; isLoading: boolean; }; collectPoints: { error: null; isLoading: boolean; }; ... 7 more ...; upgradeItemDeliveryProvisioning: { ...; }; }; entities: { ...; }; }' is not assignable to parameter of type 'Partial<{ entities: Partial<{ [k: string]: any; addresses: Record<string, Address>; availableTimeSlots: Record<string, Return>; bagItems: Record<number, BagItemEntity>; ... 33 more ...; wishlistSets: Record<...>; }>; ... 24 more ...; wishlist: State; }>'.
packages/redux/src/checkout/__tests__/selectors.test.ts(227,49): error TS2345: Argument of type '{ checkout: { error: null; id: number; isLoading: boolean; completePaymentCheckout: { error: null; isLoading: boolean; }; checkoutDetails: { error: null; isLoading: boolean; }; collectPoints: { error: null; isLoading: boolean; }; ... 7 more ...; upgradeItemDeliveryProvisioning: { ...; }; }; entities: { ...; }; }' is not assignable to parameter of type '{ entities?: Partial<{ [k: string]: any; addresses: Record<string, Address>; availableTimeSlots: Record<string, Return>; bagItems: Record<number, BagItemEntity>; ... 33 more ...; wishlistSets: Record<...>; }> | undefined; ... 24 more ...; wishlist?: State | undefined; }'.
packages/redux/src/checkout/__tests__/selectors.test.ts(237,56): error TS2345: Argument of type '{ checkout: { error: null; id: number; isLoading: boolean; completePaymentCheckout: { error: null; isLoading: boolean; }; checkoutDetails: { error: null; isLoading: boolean; }; collectPoints: { error: null; isLoading: boolean; }; ... 7 more ...; upgradeItemDeliveryProvisioning: { ...; }; }; entities: { ...; }; }' is not assignable to parameter of type '{ entities?: Partial<{ [k: string]: any; addresses: Record<string, Address>; availableTimeSlots: Record<string, Return>; bagItems: Record<number, BagItemEntity>; ... 33 more ...; wishlistSets: Record<...>; }> | undefined; ... 24 more ...; wishlist?: State | undefined; }'.
packages/redux/src/checkout/__tests__/selectors.test.ts(246,51): error TS2345: Argument of type '{ checkout: { error: null; id: number; isLoading: boolean; completePaymentCheckout: { error: null; isLoading: boolean; }; checkoutDetails: { error: null; isLoading: boolean; }; collectPoints: { error: null; isLoading: boolean; }; ... 7 more ...; upgradeItemDeliveryProvisioning: { ...; }; }; entities: { ...; }; }' is not assignable to parameter of type '{ entities?: Partial<{ [k: string]: any; addresses: Record<string, Address>; availableTimeSlots: Record<string, Return>; bagItems: Record<number, BagItemEntity>; ... 33 more ...; wishlistSets: Record<...>; }> | undefined; ... 24 more ...; wishlist?: State | undefined; }'.
packages/redux/src/checkout/__tests__/selectors.test.ts(261,11): error TS2345: Argument of type '{ checkout: { error: null; id: number; isLoading: boolean; completePaymentCheckout: { error: null; isLoading: boolean; }; checkoutDetails: { error: null; isLoading: boolean; }; collectPoints: { error: null; isLoading: boolean; }; ... 7 more ...; upgradeItemDeliveryProvisioning: { ...; }; }; entities: { ...; }; }' is not assignable to parameter of type '{ entities?: Partial<{ [k: string]: any; addresses: Record<string, Address>; availableTimeSlots: Record<string, Return>; bagItems: Record<number, BagItemEntity>; ... 33 more ...; wishlistSets: Record<...>; }> | undefined; ... 24 more ...; wishlist?: State | undefined; }'.
packages/redux/src/checkout/__tests__/selectors.test.ts(277,13): error TS2322: Type '{ 1: { checkoutOrder: number; id: number; shippingOptions: { currency: string; discount: number; merchants: number[]; price: number; formattedPrice: string; shippingCostType: string; shippingService: { ...; }; shippingWithoutCapped: number; baseFlatRate: number; }[]; deliveryBundles: string[]; }; }' is not assignable to type 'Record<number, CheckoutEntity>'.
  Property '[checkoutId]' is incompatible with index signature.
    Type '{ checkoutOrder: number; id: number; shippingOptions: { currency: string; discount: number; merchants: number[]; price: number; formattedPrice: string; shippingCostType: string; shippingService: { ...; }; shippingWithoutCapped: number; baseFlatRate: number; }[]; deliveryBundles: string[]; }' is not assignable to type 'CheckoutEntity'.
packages/redux/src/checkout/__tests__/selectors.test.ts(294,13): error TS2322: Type '{ 1: { clickAndCollect: { id: number; merchantLocationId: number; }; collectpoints: { clickAndCollect: { collectPointId: number; }; storeAdress: { firstName: string; }; }[]; id: number; items: number[]; }; }' is not assignable to type 'Record<number, CheckoutOrderEntity>'.
  Property '[checkoutOrderId]' is incompatible with index signature.
    Type '{ clickAndCollect: { id: number; merchantLocationId: number; }; collectpoints: { clickAndCollect: { collectPointId: number; }; storeAdress: { firstName: string; }; }[]; id: number; items: number[]; }' is not assignable to type 'CheckoutOrderEntity'.
      Type '{ clickAndCollect: { id: number; merchantLocationId: number; }; collectpoints: { clickAndCollect: { collectPointId: number; }; storeAdress: { firstName: string; }; }[]; id: number; items: number[]; }' is missing the following properties from type 'Omit<CheckoutOrder, "items">': status, currency, orderId, createdDate, and 33 more.
packages/redux/src/checkout/__tests__/selectors.test.ts(297,20): error TS7053: Element implicitly has an 'any' type because expression of type 'number' can't be used to index type '{ 1: { clickAndCollect: { id: number; merchantLocationId: number; }; collectpoints: { clickAndCollect: { collectPointId: number; }; storeAdress: { firstName: string; }; }[]; id: number; items: number[]; }; }'.
  No index signature with a parameter of type 'number' was found on type '{ 1: { clickAndCollect: { id: number; merchantLocationId: number; }; collectpoints: { clickAndCollect: { collectPointId: number; }; storeAdress: { firstName: string; }; }[]; id: number; items: number[]; }; }'.
packages/redux/src/checkout/__tests__/selectors.test.ts(317,41): error TS2345: Argument of type '{ checkout: { error: null; id: number; isLoading: boolean; completePaymentCheckout: { error: null; isLoading: boolean; }; checkoutDetails: { error: null; isLoading: boolean; }; collectPoints: { error: null; isLoading: boolean; }; ... 7 more ...; upgradeItemDeliveryProvisioning: { ...; }; }; entities: { ...; }; }' is not assignable to parameter of type 'Partial<{ entities: Partial<{ [k: string]: any; addresses: Record<string, Address>; availableTimeSlots: Record<string, Return>; bagItems: Record<number, BagItemEntity>; ... 33 more ...; wishlistSets: Record<...>; }>; ... 24 more ...; wishlist: State; }>'.
packages/redux/src/checkout/__tests__/selectors.test.ts(329,42): error TS2345: Argument of type '{ checkout: { error: null; id: number; isLoading: boolean; completePaymentCheckout: { error: null; isLoading: boolean; }; checkoutDetails: { error: null; isLoading: boolean; }; collectPoints: { error: null; isLoading: boolean; }; ... 7 more ...; upgradeItemDeliveryProvisioning: { ...; }; }; entities: { ...; }; }' is not assignable to parameter of type 'Partial<{ entities: Partial<{ [k: string]: any; addresses: Record<string, Address>; availableTimeSlots: Record<string, Return>; bagItems: Record<number, BagItemEntity>; ... 33 more ...; wishlistSets: Record<...>; }>; ... 24 more ...; wishlist: State; }>'.
packages/redux/src/checkout/__tests__/selectors.test.ts(341,35): error TS2345: Argument of type '{ checkout: { error: null; id: number; isLoading: boolean; completePaymentCheckout: { error: null; isLoading: boolean; }; checkoutDetails: { error: null; isLoading: boolean; }; collectPoints: { error: null; isLoading: boolean; }; ... 7 more ...; upgradeItemDeliveryProvisioning: { ...; }; }; entities: { ...; }; }' is not assignable to parameter of type 'Partial<{ entities: Partial<{ [k: string]: any; addresses: Record<string, Address>; availableTimeSlots: Record<string, Return>; bagItems: Record<number, BagItemEntity>; ... 33 more ...; wishlistSets: Record<...>; }>; ... 24 more ...; wishlist: State; }>'.
packages/redux/src/checkout/__tests__/selectors.test.ts(351,40): error TS2345: Argument of type '{ checkout: { error: null; id: number; isLoading: boolean; completePaymentCheckout: { error: null; isLoading: boolean; }; checkoutDetails: { error: null; isLoading: boolean; }; collectPoints: { error: null; isLoading: boolean; }; ... 7 more ...; upgradeItemDeliveryProvisioning: { ...; }; }; entities: { ...; }; }' is not assignable to parameter of type 'Partial<{ entities: Partial<{ [k: string]: any; addresses: Record<string, Address>; availableTimeSlots: Record<string, Return>; bagItems: Record<number, BagItemEntity>; ... 33 more ...; wishlistSets: Record<...>; }>; ... 24 more ...; wishlist: State; }>'.
packages/redux/src/checkout/__tests__/selectors.test.ts(361,41): error TS2345: Argument of type '{ checkout: { error: null; id: number; isLoading: boolean; completePaymentCheckout: { error: null; isLoading: boolean; }; checkoutDetails: { error: null; isLoading: boolean; }; collectPoints: { error: null; isLoading: boolean; }; ... 7 more ...; upgradeItemDeliveryProvisioning: { ...; }; }; entities: { ...; }; }' is not assignable to parameter of type 'Partial<{ entities: Partial<{ [k: string]: any; addresses: Record<string, Address>; availableTimeSlots: Record<string, Return>; bagItems: Record<number, BagItemEntity>; ... 33 more ...; wishlistSets: Record<...>; }>; ... 24 more ...; wishlist: State; }>'.
packages/redux/src/checkout/__tests__/selectors.test.ts(377,43): error TS2345: Argument of type '{ checkout: { error: null; id: number; isLoading: boolean; completePaymentCheckout: { error: null; isLoading: boolean; }; checkoutDetails: { error: null; isLoading: boolean; }; collectPoints: { error: null; isLoading: boolean; }; ... 7 more ...; upgradeItemDeliveryProvisioning: { ...; }; }; entities: { ...; }; }' is not assignable to parameter of type 'Partial<{ entities: Partial<{ [k: string]: any; addresses: Record<string, Address>; availableTimeSlots: Record<string, Return>; bagItems: Record<number, BagItemEntity>; ... 33 more ...; wishlistSets: Record<...>; }>; ... 24 more ...; wishlist: State; }>'.
packages/redux/src/checkout/__tests__/selectors.test.ts(386,48): error TS2345: Argument of type '{ checkout: { error: null; id: number; isLoading: boolean; completePaymentCheckout: { error: null; isLoading: boolean; }; checkoutDetails: { error: null; isLoading: boolean; }; collectPoints: { error: null; isLoading: boolean; }; ... 7 more ...; upgradeItemDeliveryProvisioning: { ...; }; }; entities: { ...; }; }' is not assignable to parameter of type 'Partial<{ entities: Partial<{ [k: string]: any; addresses: Record<string, Address>; availableTimeSlots: Record<string, Return>; bagItems: Record<number, BagItemEntity>; ... 33 more ...; wishlistSets: Record<...>; }>; ... 24 more ...; wishlist: State; }>'.
packages/redux/src/checkout/__tests__/selectors.test.ts(413,43): error TS2345: Argument of type '{ entities: { deliveryBundles: { 1234: { itemsDeliveryOptions: never[]; id: string; name: string; isSelected: boolean; price: number; }; '090998': { id: string; name: string; isSelected: boolean; }; }; checkout: { ...; }; ... 4 more ...; deliveryBundleUpgrades: { ...; }; }; checkout: { ...; }; }' is not assignable to parameter of type 'Partial<{ entities: Partial<{ [k: string]: any; addresses: Record<string, Address>; availableTimeSlots: Record<string, Return>; bagItems: Record<number, BagItemEntity>; ... 33 more ...; wishlistSets: Record<...>; }>; ... 24 more ...; wishlist: State; }>'.
  The types of 'entities.checkout' are incompatible between these types.
    Type '{ 1: { checkoutOrder: number; id: number; shippingOptions: { currency: string; discount: number; merchants: number[]; price: number; formattedPrice: string; shippingCostType: string; shippingService: { ...; }; shippingWithoutCapped: number; baseFlatRate: number; }[]; deliveryBundles: string[]; }; }' is not assignable to type 'Record<number, CheckoutEntity>'.
packages/redux/src/checkout/__tests__/selectors.test.ts(448,43): error TS2345: Argument of type '{ entities: { deliveryBundles: { 1234: { itemsDeliveryOptions: { itemId: number; name: string; }[]; id: string; name: string; isSelected: boolean; price: number; }; '090998': { id: string; name: string; isSelected: boolean; }; }; ... 5 more ...; deliveryBundleUpgrades: { ...; }; }; checkout: { ...; }; }' is not assignable to parameter of type 'Partial<{ entities: Partial<{ [k: string]: any; addresses: Record<string, Address>; availableTimeSlots: Record<string, Return>; bagItems: Record<number, BagItemEntity>; ... 33 more ...; wishlistSets: Record<...>; }>; ... 24 more ...; wishlist: State; }>'.
  The types of 'entities.checkout' are incompatible between these types.
    Type '{ 1: { checkoutOrder: number; id: number; shippingOptions: { currency: string; discount: number; merchants: number[]; price: number; formattedPrice: string; shippingCostType: string; shippingService: { ...; }; shippingWithoutCapped: number; baseFlatRate: number; }[]; deliveryBundles: string[]; }; }' is not assignable to type 'Record<number, CheckoutEntity>'.
packages/redux/src/checkout/__tests__/selectors.test.ts(488,43): error TS2345: Argument of type '{ entities: { deliveryBundles: { 1234: { itemsDeliveryOptions: ({ itemId: number; name: string; deliveryWindow: { type: string; min: string; max: string; }; } | { itemId: number; name: string; deliveryWindow?: undefined; })[]; id: string; name: string; isSelected: boolean; price: number; }; '090998': { ...; }; }; .....' is not assignable to parameter of type 'Partial<{ entities: Partial<{ [k: string]: any; addresses: Record<string, Address>; availableTimeSlots: Record<string, Return>; bagItems: Record<number, BagItemEntity>; ... 33 more ...; wishlistSets: Record<...>; }>; ... 24 more ...; wishlist: State; }>'.
  The types of 'entities.checkout' are incompatible between these types.
    Type '{ 1: { checkoutOrder: number; id: number; shippingOptions: { currency: string; discount: number; merchants: number[]; price: number; formattedPrice: string; shippingCostType: string; shippingService: { ...; }; shippingWithoutCapped: number; baseFlatRate: number; }[]; deliveryBundles: string[]; }; }' is not assignable to type 'Record<number, CheckoutEntity>'.
packages/redux/src/checkout/__tests__/selectors.test.ts(512,16): error TS7053: Element implicitly has an 'any' type because expression of type 'string' can't be used to index type 'typeof import("/Users/andre.araujocosta/dev/fps/blackout/packages/redux/src/checkout/selectors")'.
  No index signature with a parameter of type 'string' was found on type 'typeof import("/Users/andre.araujocosta/dev/fps/blackout/packages/redux/src/checkout/selectors")'.
packages/redux/src/checkout/__tests__/selectors.test.ts(522,11): error TS7053: Element implicitly has an 'any' type because expression of type 'string' can't be used to index type '{ error: null; id: number; isLoading: boolean; completePaymentCheckout: { error: null; isLoading: boolean; }; checkoutDetails: { error: null; isLoading: boolean; }; collectPoints: { error: null; isLoading: boolean; }; ... 7 more ...; upgradeItemDeliveryProvisioning: { ...; }; }'.
  No index signature with a parameter of type 'string' was found on type '{ error: null; id: number; isLoading: boolean; completePaymentCheckout: { error: null; isLoading: boolean; }; checkoutDetails: { error: null; isLoading: boolean; }; collectPoints: { error: null; isLoading: boolean; }; ... 7 more ...; upgradeItemDeliveryProvisioning: { ...; }; }'.
packages/redux/src/checkout/__tests__/selectors.test.ts(524,16): error TS7053: Element implicitly has an 'any' type because expression of type 'string' can't be used to index type 'typeof import("/Users/andre.araujocosta/dev/fps/blackout/packages/redux/src/checkout/selectors")'.
  No index signature with a parameter of type 'string' was found on type 'typeof import("/Users/andre.araujocosta/dev/fps/blackout/packages/redux/src/checkout/selectors")'.
packages/redux/src/checkout/__tests__/selectors.test.ts(534,11): error TS7053: Element implicitly has an 'any' type because expression of type 'string' can't be used to index type '{ error: null; id: number; isLoading: boolean; completePaymentCheckout: { error: null; isLoading: boolean; }; checkoutDetails: { error: null; isLoading: boolean; }; collectPoints: { error: null; isLoading: boolean; }; ... 7 more ...; upgradeItemDeliveryProvisioning: { ...; }; }'.
  No index signature with a parameter of type 'string' was found on type '{ error: null; id: number; isLoading: boolean; completePaymentCheckout: { error: null; isLoading: boolean; }; checkoutDetails: { error: null; isLoading: boolean; }; collectPoints: { error: null; isLoading: boolean; }; ... 7 more ...; upgradeItemDeliveryProvisioning: { ...; }; }'.
packages/redux/src/checkout/__tests__/selectors.test.ts(536,16): error TS7053: Element implicitly has an 'any' type because expression of type 'string' can't be used to index type 'typeof import("/Users/andre.araujocosta/dev/fps/blackout/packages/redux/src/checkout/selectors")'.
  No index signature with a parameter of type 'string' was found on type 'typeof import("/Users/andre.araujocosta/dev/fps/blackout/packages/redux/src/checkout/selectors")'.
packages/redux/src/checkout/actions/__tests__/charge.test.ts(20,7): error TS7034: Variable 'store' implicitly has type 'any' in some locations where its type cannot be determined.
packages/redux/src/checkout/actions/__tests__/charge.test.ts(30,17): error TS2339: Property 'mockRejectedValueOnce' does not exist on type 'PostCharges'.
packages/redux/src/checkout/actions/__tests__/charge.test.ts(34,13): error TS7005: Variable 'store' implicitly has an 'any' type.
packages/redux/src/checkout/actions/__tests__/charge.test.ts(34,35): error TS2345: Argument of type 'number' is not assignable to parameter of type 'string'.
packages/redux/src/checkout/actions/__tests__/charge.test.ts(39,14): error TS7005: Variable 'store' implicitly has an 'any' type.
packages/redux/src/checkout/actions/__tests__/charge.test.ts(52,17): error TS2339: Property 'mockResolvedValueOnce' does not exist on type 'PostCharges'.
packages/redux/src/checkout/actions/__tests__/charge.test.ts(53,11): error TS7005: Variable 'store' implicitly has an 'any' type.
packages/redux/src/checkout/actions/__tests__/charge.test.ts(53,33): error TS2345: Argument of type 'number' is not assignable to parameter of type 'string'.
packages/redux/src/checkout/actions/__tests__/charge.test.ts(55,27): error TS7005: Variable 'store' implicitly has an 'any' type.
packages/redux/src/checkout/actions/__tests__/completePaymentCheckout.test.ts(30,7): error TS7034: Variable 'store' implicitly has type 'any' in some locations where its type cannot be determined.
packages/redux/src/checkout/actions/__tests__/completePaymentCheckout.test.ts(40,34): error TS2339: Property 'mockRejectedValueOnce' does not exist on type 'PatchCheckoutCompletePayment'.
packages/redux/src/checkout/actions/__tests__/completePaymentCheckout.test.ts(44,13): error TS7005: Variable 'store' implicitly has an 'any' type.
packages/redux/src/checkout/actions/__tests__/completePaymentCheckout.test.ts(44,52): error TS2345: Argument of type 'number' is not assignable to parameter of type 'string'.
packages/redux/src/checkout/actions/__tests__/completePaymentCheckout.test.ts(53,14): error TS7005: Variable 'store' implicitly has an 'any' type.
packages/redux/src/checkout/actions/__tests__/completePaymentCheckout.test.ts(66,34): error TS2339: Property 'mockResolvedValueOnce' does not exist on type 'PatchCheckoutCompletePayment'.
packages/redux/src/checkout/actions/__tests__/completePaymentCheckout.test.ts(69,11): error TS7005: Variable 'store' implicitly has an 'any' type.
packages/redux/src/checkout/actions/__tests__/completePaymentCheckout.test.ts(69,50): error TS2345: Argument of type 'number' is not assignable to parameter of type 'string'.
packages/redux/src/checkout/actions/__tests__/completePaymentCheckout.test.ts(71,27): error TS7005: Variable 'store' implicitly has an 'any' type.
packages/redux/src/checkout/actions/__tests__/createCheckout.test.ts(26,7): error TS7034: Variable 'store' implicitly has type 'any' in some locations where its type cannot be determined.
packages/redux/src/checkout/actions/__tests__/createCheckout.test.ts(36,18): error TS2339: Property 'mockRejectedValueOnce' does not exist on type 'PostCheckout'.
packages/redux/src/checkout/actions/__tests__/createCheckout.test.ts(40,13): error TS7005: Variable 'store' implicitly has an 'any' type.
packages/redux/src/checkout/actions/__tests__/createCheckout.test.ts(40,45): error TS2322: Type 'number' is not assignable to type 'string | undefined'.
packages/redux/src/checkout/actions/__tests__/createCheckout.test.ts(48,14): error TS7005: Variable 'store' implicitly has an 'any' type.
packages/redux/src/checkout/actions/__tests__/createCheckout.test.ts(61,18): error TS2339: Property 'mockResolvedValueOnce' does not exist on type 'PostCheckout'.
packages/redux/src/checkout/actions/__tests__/createCheckout.test.ts(62,11): error TS7005: Variable 'store' implicitly has an 'any' type.
packages/redux/src/checkout/actions/__tests__/createCheckout.test.ts(62,43): error TS2322: Type 'number' is not assignable to type 'string | undefined'.
packages/redux/src/checkout/actions/__tests__/createCheckout.test.ts(64,27): error TS7005: Variable 'store' implicitly has an 'any' type.
packages/redux/src/checkout/actions/__tests__/fetchCharges.test.ts(19,7): error TS7034: Variable 'store' implicitly has type 'any' in some locations where its type cannot be determined.
packages/redux/src/checkout/actions/__tests__/fetchCharges.test.ts(29,16): error TS2339: Property 'mockRejectedValueOnce' does not exist on type 'GetCharges'.
packages/redux/src/checkout/actions/__tests__/fetchCharges.test.ts(33,13): error TS7005: Variable 'store' implicitly has an 'any' type.
packages/redux/src/checkout/actions/__tests__/fetchCharges.test.ts(38,14): error TS7005: Variable 'store' implicitly has an 'any' type.
packages/redux/src/checkout/actions/__tests__/fetchCharges.test.ts(51,16): error TS2339: Property 'mockResolvedValueOnce' does not exist on type 'GetCharges'.
packages/redux/src/checkout/actions/__tests__/fetchCharges.test.ts(52,11): error TS7005: Variable 'store' implicitly has an 'any' type.
packages/redux/src/checkout/actions/__tests__/fetchCharges.test.ts(54,27): error TS7005: Variable 'store' implicitly has an 'any' type.
packages/redux/src/checkout/actions/__tests__/fetchCheckout.test.ts(30,7): error TS7034: Variable 'store' implicitly has type 'any' in some locations where its type cannot be determined.
packages/redux/src/checkout/actions/__tests__/fetchCheckout.test.ts(40,17): error TS2339: Property 'mockRejectedValueOnce' does not exist on type 'GetCheckout'.
packages/redux/src/checkout/actions/__tests__/fetchCheckout.test.ts(44,13): error TS7005: Variable 'store' implicitly has an 'any' type.
packages/redux/src/checkout/actions/__tests__/fetchCheckout.test.ts(44,54): error TS2559: Type '{ isGuest: boolean; userId: number; fields: string[]; }' has no properties in common with type 'GetCheckoutQuery'.
packages/redux/src/checkout/actions/__tests__/fetchCheckout.test.ts(53,14): error TS7005: Variable 'store' implicitly has an 'any' type.
packages/redux/src/checkout/actions/__tests__/fetchCheckout.test.ts(66,17): error TS2339: Property 'mockResolvedValueOnce' does not exist on type 'GetCheckout'.
packages/redux/src/checkout/actions/__tests__/fetchCheckout.test.ts(67,11): error TS7005: Variable 'store' implicitly has an 'any' type.
packages/redux/src/checkout/actions/__tests__/fetchCheckout.test.ts(67,52): error TS2559: Type '{ isGuest: boolean; userId: number; fields: string[]; }' has no properties in common with type 'GetCheckoutQuery'.
packages/redux/src/checkout/actions/__tests__/fetchCheckout.test.ts(69,27): error TS7005: Variable 'store' implicitly has an 'any' type.
packages/redux/src/checkout/actions/__tests__/fetchCheckoutDetails.test.ts(24,7): error TS7034: Variable 'store' implicitly has type 'any' in some locations where its type cannot be determined.
packages/redux/src/checkout/actions/__tests__/fetchCheckoutDetails.test.ts(34,24): error TS2339: Property 'mockRejectedValueOnce' does not exist on type 'GetCheckoutDetails'.
packages/redux/src/checkout/actions/__tests__/fetchCheckoutDetails.test.ts(38,13): error TS7005: Variable 'store' implicitly has an 'any' type.
packages/redux/src/checkout/actions/__tests__/fetchCheckoutDetails.test.ts(46,14): error TS7005: Variable 'store' implicitly has an 'any' type.
packages/redux/src/checkout/actions/__tests__/fetchCheckoutDetails.test.ts(59,24): error TS2339: Property 'mockResolvedValueOnce' does not exist on type 'GetCheckoutDetails'.
packages/redux/src/checkout/actions/__tests__/fetchCheckoutDetails.test.ts(60,11): error TS7005: Variable 'store' implicitly has an 'any' type.
packages/redux/src/checkout/actions/__tests__/fetchCheckoutDetails.test.ts(62,27): error TS7005: Variable 'store' implicitly has an 'any' type.
packages/redux/src/checkout/actions/__tests__/fetchCollectPoints.test.ts(30,7): error TS7034: Variable 'store' implicitly has type 'any' in some locations where its type cannot be determined.
packages/redux/src/checkout/actions/__tests__/fetchCollectPoints.test.ts(40,22): error TS2339: Property 'mockRejectedValueOnce' does not exist on type 'GetCollectPoints'.
packages/redux/src/checkout/actions/__tests__/fetchCollectPoints.test.ts(44,13): error TS7005: Variable 'store' implicitly has an 'any' type.
packages/redux/src/checkout/actions/__tests__/fetchCollectPoints.test.ts(44,47): error TS2345: Argument of type '{ orderId: number; }' is not assignable to parameter of type 'GetCollectPointsQuery'.
  Type '{ orderId: number; }' is missing the following properties from type 'GetCollectPointsQuery': IsStockAvailable, IsClickAndCollectAvailable
packages/redux/src/checkout/actions/__tests__/fetchCollectPoints.test.ts(49,14): error TS7005: Variable 'store' implicitly has an 'any' type.
packages/redux/src/checkout/actions/__tests__/fetchCollectPoints.test.ts(62,22): error TS2339: Property 'mockResolvedValueOnce' does not exist on type 'GetCollectPoints'.
packages/redux/src/checkout/actions/__tests__/fetchCollectPoints.test.ts(63,11): error TS7005: Variable 'store' implicitly has an 'any' type.
packages/redux/src/checkout/actions/__tests__/fetchCollectPoints.test.ts(63,45): error TS2345: Argument of type '{ orderId: number; }' is not assignable to parameter of type 'GetCollectPointsQuery'.
packages/redux/src/checkout/actions/__tests__/fetchCollectPoints.test.ts(65,27): error TS7005: Variable 'store' implicitly has an 'any' type.
packages/redux/src/checkout/actions/__tests__/fetchDeliveryBundleUpgrades.test.ts(22,28): error TS2532: Object is possibly 'undefined'.
packages/redux/src/checkout/actions/__tests__/fetchDeliveryBundleUpgrades.test.ts(24,7): error TS7034: Variable 'store' implicitly has type 'any' in some locations where its type cannot be determined.
packages/redux/src/checkout/actions/__tests__/fetchDeliveryBundleUpgrades.test.ts(34,31): error TS2339: Property 'mockRejectedValueOnce' does not exist on type 'GetDeliveryBundleUpgrades'.
packages/redux/src/checkout/actions/__tests__/fetchDeliveryBundleUpgrades.test.ts(38,13): error TS7005: Variable 'store' implicitly has an 'any' type.
packages/redux/src/checkout/actions/__tests__/fetchDeliveryBundleUpgrades.test.ts(49,14): error TS7005: Variable 'store' implicitly has an 'any' type.
packages/redux/src/checkout/actions/__tests__/fetchDeliveryBundleUpgrades.test.ts(64,31): error TS2339: Property 'mockResolvedValueOnce' does not exist on type 'GetDeliveryBundleUpgrades'.
packages/redux/src/checkout/actions/__tests__/fetchDeliveryBundleUpgrades.test.ts(67,11): error TS7005: Variable 'store' implicitly has an 'any' type.
packages/redux/src/checkout/actions/__tests__/fetchDeliveryBundleUpgrades.test.ts(70,27): error TS7005: Variable 'store' implicitly has an 'any' type.
packages/redux/src/checkout/actions/__tests__/fetchItemDeliveryProvisioning.test.ts(23,28): error TS2532: Object is possibly 'undefined'.
packages/redux/src/checkout/actions/__tests__/fetchItemDeliveryProvisioning.test.ts(26,7): error TS7034: Variable 'store' implicitly has type 'any' in some locations where its type cannot be determined.
packages/redux/src/checkout/actions/__tests__/fetchItemDeliveryProvisioning.test.ts(36,33): error TS2339: Property 'mockRejectedValueOnce' does not exist on type 'GetItemDeliveryProvisioning'.
packages/redux/src/checkout/actions/__tests__/fetchItemDeliveryProvisioning.test.ts(40,13): error TS7005: Variable 'store' implicitly has an 'any' type.
packages/redux/src/checkout/actions/__tests__/fetchItemDeliveryProvisioning.test.ts(51,14): error TS7005: Variable 'store' implicitly has an 'any' type.
packages/redux/src/checkout/actions/__tests__/fetchItemDeliveryProvisioning.test.ts(66,33): error TS2339: Property 'mockResolvedValueOnce' does not exist on type 'GetItemDeliveryProvisioning'.
packages/redux/src/checkout/actions/__tests__/fetchItemDeliveryProvisioning.test.ts(69,11): error TS7005: Variable 'store' implicitly has an 'any' type.
packages/redux/src/checkout/actions/__tests__/fetchItemDeliveryProvisioning.test.ts(72,27): error TS7005: Variable 'store' implicitly has an 'any' type.
packages/redux/src/checkout/actions/__tests__/fetchUpgradeItemDeliveryProvisioning.test.ts(23,28): error TS2532: Object is possibly 'undefined'.
packages/redux/src/checkout/actions/__tests__/fetchUpgradeItemDeliveryProvisioning.test.ts(27,7): error TS7034: Variable 'store' implicitly has type 'any' in some locations where its type cannot be determined.
packages/redux/src/checkout/actions/__tests__/fetchUpgradeItemDeliveryProvisioning.test.ts(39,40): error TS2339: Property 'mockRejectedValueOnce' does not exist on type 'GetUpgradeItemDeliveryProvisioning'.
packages/redux/src/checkout/actions/__tests__/fetchUpgradeItemDeliveryProvisioning.test.ts(43,13): error TS7005: Variable 'store' implicitly has an 'any' type.
packages/redux/src/checkout/actions/__tests__/fetchUpgradeItemDeliveryProvisioning.test.ts(47,11): error TS2345: Argument of type 'number' is not assignable to parameter of type 'string'.
packages/redux/src/checkout/actions/__tests__/fetchUpgradeItemDeliveryProvisioning.test.ts(59,14): error TS7005: Variable 'store' implicitly has an 'any' type.
packages/redux/src/checkout/actions/__tests__/fetchUpgradeItemDeliveryProvisioning.test.ts(74,40): error TS2339: Property 'mockResolvedValueOnce' does not exist on type 'GetUpgradeItemDeliveryProvisioning'.
packages/redux/src/checkout/actions/__tests__/fetchUpgradeItemDeliveryProvisioning.test.ts(77,11): error TS7005: Variable 'store' implicitly has an 'any' type.
packages/redux/src/checkout/actions/__tests__/fetchUpgradeItemDeliveryProvisioning.test.ts(81,9): error TS2345: Argument of type 'number' is not assignable to parameter of type 'string'.
packages/redux/src/checkout/actions/__tests__/fetchUpgradeItemDeliveryProvisioning.test.ts(84,27): error TS7005: Variable 'store' implicitly has an 'any' type.
packages/redux/src/checkout/actions/__tests__/resetChargesState.test.ts(9,7): error TS7034: Variable 'store' implicitly has type 'any' in some locations where its type cannot be determined.
packages/redux/src/checkout/actions/__tests__/resetChargesState.test.ts(17,5): error TS7005: Variable 'store' implicitly has an 'any' type.
packages/redux/src/checkout/actions/__tests__/resetChargesState.test.ts(18,27): error TS7005: Variable 'store' implicitly has an 'any' type.
packages/redux/src/checkout/actions/__tests__/resetCheckoutState.test.ts(9,7): error TS7034: Variable 'store' implicitly has type 'any' in some locations where its type cannot be determined.
packages/redux/src/checkout/actions/__tests__/resetCheckoutState.test.ts(17,5): error TS7005: Variable 'store' implicitly has an 'any' type.
packages/redux/src/checkout/actions/__tests__/resetCheckoutState.test.ts(18,27): error TS7005: Variable 'store' implicitly has an 'any' type.
packages/redux/src/checkout/actions/__tests__/setItemTags.test.ts(26,7): error TS7034: Variable 'store' implicitly has type 'any' in some locations where its type cannot be determined.
packages/redux/src/checkout/actions/__tests__/setItemTags.test.ts(36,17): error TS2339: Property 'mockRejectedValueOnce' does not exist on type 'PutItemTags'.
packages/redux/src/checkout/actions/__tests__/setItemTags.test.ts(40,13): error TS7005: Variable 'store' implicitly has an 'any' type.
packages/redux/src/checkout/actions/__tests__/setItemTags.test.ts(40,73): error TS2345: Argument of type '{ something: string; }' is not assignable to parameter of type 'string[]'.
  Type '{ something: string; }' is missing the following properties from type 'string[]': length, pop, push, concat, and 28 more.
packages/redux/src/checkout/actions/__tests__/setItemTags.test.ts(50,14): error TS7005: Variable 'store' implicitly has an 'any' type.
packages/redux/src/checkout/actions/__tests__/setItemTags.test.ts(63,17): error TS2339: Property 'mockResolvedValueOnce' does not exist on type 'PutItemTags'.
packages/redux/src/checkout/actions/__tests__/setItemTags.test.ts(64,11): error TS7005: Variable 'store' implicitly has an 'any' type.
packages/redux/src/checkout/actions/__tests__/setItemTags.test.ts(64,71): error TS2345: Argument of type '{ something: string; }' is not assignable to parameter of type 'string[]'.
packages/redux/src/checkout/actions/__tests__/setItemTags.test.ts(66,27): error TS7005: Variable 'store' implicitly has an 'any' type.
packages/redux/src/checkout/actions/__tests__/setPromocode.test.ts(26,7): error TS7034: Variable 'store' implicitly has type 'any' in some locations where its type cannot be determined.
packages/redux/src/checkout/actions/__tests__/setPromocode.test.ts(36,18): error TS2339: Property 'mockRejectedValueOnce' does not exist on type 'PutPromocode'.
packages/redux/src/checkout/actions/__tests__/setPromocode.test.ts(40,13): error TS7005: Variable 'store' implicitly has an 'any' type.
packages/redux/src/checkout/actions/__tests__/setPromocode.test.ts(49,14): error TS7005: Variable 'store' implicitly has an 'any' type.
packages/redux/src/checkout/actions/__tests__/setPromocode.test.ts(62,18): error TS2339: Property 'mockResolvedValueOnce' does not exist on type 'PutPromocode'.
packages/redux/src/checkout/actions/__tests__/setPromocode.test.ts(63,11): error TS7005: Variable 'store' implicitly has an 'any' type.
packages/redux/src/checkout/actions/__tests__/setPromocode.test.ts(65,27): error TS7005: Variable 'store' implicitly has an 'any' type.
packages/redux/src/checkout/actions/__tests__/setTags.test.ts(25,7): error TS7034: Variable 'store' implicitly has type 'any' in some locations where its type cannot be determined.
packages/redux/src/checkout/actions/__tests__/setTags.test.ts(35,13): error TS2339: Property 'mockRejectedValueOnce' does not exist on type 'PutTags'.
packages/redux/src/checkout/actions/__tests__/setTags.test.ts(39,13): error TS7005: Variable 'store' implicitly has an 'any' type.
packages/redux/src/checkout/actions/__tests__/setTags.test.ts(39,48): error TS2345: Argument of type '{ something: string; }' is not assignable to parameter of type 'string[]'.
  Type '{ something: string; }' is missing the following properties from type 'string[]': length, pop, push, concat, and 28 more.
packages/redux/src/checkout/actions/__tests__/setTags.test.ts(44,14): error TS7005: Variable 'store' implicitly has an 'any' type.
packages/redux/src/checkout/actions/__tests__/setTags.test.ts(57,13): error TS2339: Property 'mockResolvedValueOnce' does not exist on type 'PutTags'.
packages/redux/src/checkout/actions/__tests__/setTags.test.ts(58,11): error TS7005: Variable 'store' implicitly has an 'any' type.
packages/redux/src/checkout/actions/__tests__/setTags.test.ts(58,46): error TS2345: Argument of type '{ something: string; }' is not assignable to parameter of type 'string[]'.
packages/redux/src/checkout/actions/__tests__/setTags.test.ts(60,27): error TS7005: Variable 'store' implicitly has an 'any' type.
packages/redux/src/checkout/actions/__tests__/updateCheckout.test.ts(25,7): error TS7034: Variable 'store' implicitly has type 'any' in some locations where its type cannot be determined.
packages/redux/src/checkout/actions/__tests__/updateCheckout.test.ts(35,19): error TS2339: Property 'mockRejectedValueOnce' does not exist on type 'PatchCheckout'.
packages/redux/src/checkout/actions/__tests__/updateCheckout.test.ts(39,13): error TS7005: Variable 'store' implicitly has an 'any' type.
packages/redux/src/checkout/actions/__tests__/updateCheckout.test.ts(39,55): error TS2559: Type '{ something: string; }' has no properties in common with type 'PatchCheckoutData'.
packages/redux/src/checkout/actions/__tests__/updateCheckout.test.ts(48,14): error TS7005: Variable 'store' implicitly has an 'any' type.
packages/redux/src/checkout/actions/__tests__/updateCheckout.test.ts(61,19): error TS2339: Property 'mockResolvedValueOnce' does not exist on type 'PatchCheckout'.
packages/redux/src/checkout/actions/__tests__/updateCheckout.test.ts(62,11): error TS7005: Variable 'store' implicitly has an 'any' type.
packages/redux/src/checkout/actions/__tests__/updateCheckout.test.ts(62,53): error TS2559: Type '{ something: string; }' has no properties in common with type 'PatchCheckoutData'.
packages/redux/src/checkout/actions/__tests__/updateCheckout.test.ts(64,27): error TS7005: Variable 'store' implicitly has an 'any' type.
packages/redux/src/checkout/actions/__tests__/updateCheckout.test.ts(95,19): error TS2339: Property 'mockResolvedValueOnce' does not exist on type 'PatchCheckout'.
packages/redux/src/checkout/actions/__tests__/updateCheckout.test.ts(96,11): error TS7005: Variable 'store' implicitly has an 'any' type.
packages/redux/src/checkout/actions/__tests__/updateCheckout.test.ts(96,53): error TS2559: Type '{ something: string; }' has no properties in common with type 'PatchCheckoutData'.
packages/redux/src/checkout/actions/__tests__/updateCheckout.test.ts(98,27): error TS7005: Variable 'store' implicitly has an 'any' type.
packages/redux/src/checkout/actions/__tests__/updateDeliveryBundleUpgrades.test.ts(20,28): error TS2532: Object is possibly 'undefined'.
packages/redux/src/checkout/actions/__tests__/updateDeliveryBundleUpgrades.test.ts(44,7): error TS7034: Variable 'store' implicitly has type 'any' in some locations where its type cannot be determined.
packages/redux/src/checkout/actions/__tests__/updateDeliveryBundleUpgrades.test.ts(54,33): error TS2339: Property 'mockRejectedValueOnce' does not exist on type 'PatchDeliveryBundleUpgrades'.
packages/redux/src/checkout/actions/__tests__/updateDeliveryBundleUpgrades.test.ts(58,13): error TS7005: Variable 'store' implicitly has an 'any' type.
packages/redux/src/checkout/actions/__tests__/updateDeliveryBundleUpgrades.test.ts(59,68): error TS2345: Argument of type '{ op: string; path: string; value: string; }[]' is not assignable to parameter of type 'PatchDeliveryBundleUpgradesData'.
  Type '{ op: string; path: string; value: string; }' is not assignable to type '{ op: DeliveryBundleUpgradesOperation; path: string; value: string; }'.
    Types of property 'op' are incompatible.
      Type 'string' is not assignable to type 'DeliveryBundleUpgradesOperation'.
packages/redux/src/checkout/actions/__tests__/updateDeliveryBundleUpgrades.test.ts(70,14): error TS7005: Variable 'store' implicitly has an 'any' type.
packages/redux/src/checkout/actions/__tests__/updateDeliveryBundleUpgrades.test.ts(85,33): error TS2339: Property 'mockResolvedValueOnce' does not exist on type 'PatchDeliveryBundleUpgrades'.
packages/redux/src/checkout/actions/__tests__/updateDeliveryBundleUpgrades.test.ts(86,11): error TS7005: Variable 'store' implicitly has an 'any' type.
packages/redux/src/checkout/actions/__tests__/updateDeliveryBundleUpgrades.test.ts(87,66): error TS2345: Argument of type '{ op: string; path: string; value: string; }[]' is not assignable to parameter of type 'PatchDeliveryBundleUpgradesData'.
packages/redux/src/checkout/actions/__tests__/updateDeliveryBundleUpgrades.test.ts(89,27): error TS7005: Variable 'store' implicitly has an 'any' type.
packages/redux/src/checkout/actions/__tests__/updateGiftMessage.test.ts(21,7): error TS7034: Variable 'store' implicitly has type 'any' in some locations where its type cannot be determined.
packages/redux/src/checkout/actions/__tests__/updateGiftMessage.test.ts(31,22): error TS2339: Property 'mockRejectedValueOnce' does not exist on type 'PatchGiftMessage'.
packages/redux/src/checkout/actions/__tests__/updateGiftMessage.test.ts(35,13): error TS7005: Variable 'store' implicitly has an 'any' type.
packages/redux/src/checkout/actions/__tests__/updateGiftMessage.test.ts(35,58): error TS2345: Argument of type '{ something: string; }' is not assignable to parameter of type 'PatchGiftMessageData'.
  Type '{ something: string; }' is missing the following properties from type '{ checkoutOrderItemId: number; checkoutItemPatchDocument: { operations: Operation[]; }; }[]': length, pop, push, concat, and 28 more.
packages/redux/src/checkout/actions/__tests__/updateGiftMessage.test.ts(44,14): error TS7005: Variable 'store' implicitly has an 'any' type.
packages/redux/src/checkout/actions/__tests__/updateGiftMessage.test.ts(57,22): error TS2339: Property 'mockResolvedValueOnce' does not exist on type 'PatchGiftMessage'.
packages/redux/src/checkout/actions/__tests__/updateGiftMessage.test.ts(58,11): error TS7005: Variable 'store' implicitly has an 'any' type.
packages/redux/src/checkout/actions/__tests__/updateGiftMessage.test.ts(58,56): error TS2345: Argument of type '{ something: string; }' is not assignable to parameter of type 'PatchGiftMessageData'.
packages/redux/src/checkout/actions/__tests__/updateGiftMessage.test.ts(60,27): error TS7005: Variable 'store' implicitly has an 'any' type.
packages/redux/src/checkout/reducer.ts(240,46): error TS2345: Argument of type 'Partial<{ [k: string]: any; addresses: Record<string, Address>; availableTimeSlots: Record<string, Return>; bagItems: Record<number, BagItemEntity>; ... 33 more ...; wishlistSets: Record<...>; }> | undefined' is not assignable to parameter of type '{ [k: string]: any; }'.
  Type 'undefined' is not assignable to type '{ [k: string]: any; }'.
packages/redux/src/checkout/reducer.ts(346,9): error TS2339: Property 'checkout' does not exist on type 'Partial<{ [k: string]: any; addresses: Record<string, Address>; availableTimeSlots: Record<string, Return>; bagItems: Record<number, BagItemEntity>; ... 33 more ...; wishlistSets: Record<...>; }> | undefined'.
packages/redux/src/checkout/reducer.ts(347,9): error TS2339: Property 'checkoutDetails' does not exist on type 'Partial<{ [k: string]: any; addresses: Record<string, Address>; availableTimeSlots: Record<string, Return>; bagItems: Record<number, BagItemEntity>; ... 33 more ...; wishlistSets: Record<...>; }> | undefined'.
packages/redux/src/checkout/reducer.ts(348,9): error TS2339: Property 'checkoutOrders' does not exist on type 'Partial<{ [k: string]: any; addresses: Record<string, Address>; availableTimeSlots: Record<string, Return>; bagItems: Record<number, BagItemEntity>; ... 33 more ...; wishlistSets: Record<...>; }> | undefined'.
packages/redux/src/checkout/reducer.ts(349,9): error TS2339: Property 'checkoutOrderItems' does not exist on type 'Partial<{ [k: string]: any; addresses: Record<string, Address>; availableTimeSlots: Record<string, Return>; bagItems: Record<number, BagItemEntity>; ... 33 more ...; wishlistSets: Record<...>; }> | undefined'.
packages/redux/src/checkout/reducer.ts(359,7): error TS2339: Property 'checkout' does not exist on type 'Partial<{ [k: string]: any; addresses: Record<string, Address>; availableTimeSlots: Record<string, Return>; bagItems: Record<number, BagItemEntity>; ... 33 more ...; wishlistSets: Record<...>; }> | undefined'.
packages/redux/src/checkout/reducer.ts(360,7): error TS2339: Property 'checkoutDetails' does not exist on type 'Partial<{ [k: string]: any; addresses: Record<string, Address>; availableTimeSlots: Record<string, Return>; bagItems: Record<number, BagItemEntity>; ... 33 more ...; wishlistSets: Record<...>; }> | undefined'.
packages/redux/src/checkout/reducer.ts(361,7): error TS2339: Property 'checkoutOrders' does not exist on type 'Partial<{ [k: string]: any; addresses: Record<string, Address>; availableTimeSlots: Record<string, Return>; bagItems: Record<number, BagItemEntity>; ... 33 more ...; wishlistSets: Record<...>; }> | undefined'.
packages/redux/src/checkout/reducer.ts(362,7): error TS2339: Property 'checkoutOrderItems' does not exist on type 'Partial<{ [k: string]: any; addresses: Record<string, Address>; availableTimeSlots: Record<string, Return>; bagItems: Record<number, BagItemEntity>; ... 33 more ...; wishlistSets: Record<...>; }> | undefined'.
packages/redux/src/checkout/selectors.ts(69,9): error TS2345: Argument of type 'State | undefined' is not assignable to parameter of type 'State'.
  Type 'undefined' is not assignable to type 'State'.
    Type 'undefined' is not assignable to type 'EmptyObject'.
packages/redux/src/checkout/selectors.ts(83,3): error TS2322: Type 'unknown' is not assignable to type 'CheckoutEntity | undefined'.
  Type 'unknown' is not assignable to type 'CheckoutEntity'.
    Type 'unknown' is not assignable to type 'Omit<GetCheckoutResponse, "deliveryBundles">'.
packages/redux/src/checkout/selectors.ts(96,17): error TS2345: Argument of type 'State | undefined' is not assignable to parameter of type 'State'.
  Type 'undefined' is not assignable to type 'State'.
packages/redux/src/checkout/selectors.ts(112,3): error TS2322: Type 'unknown' is not assignable to type 'CheckoutOrderEntity | undefined'.
  Type 'unknown' is not assignable to type 'CheckoutOrderEntity'.
    Type 'unknown' is not assignable to type 'Omit<CheckoutOrder, "items">'.
packages/redux/src/checkout/selectors.ts(129,3): error TS2322: Type 'unknown' is not assignable to type 'CheckoutDetailsEntity | undefined'.
  Type 'unknown' is not assignable to type 'CheckoutDetailsEntity'.
    Type 'unknown' is not assignable to type 'GetCheckoutDetailsResponse'.
packages/redux/src/checkout/selectors.ts(146,3): error TS2322: Type 'unknown' is not assignable to type 'Item | undefined'.
  Type 'unknown' is not assignable to type 'Item'.
packages/redux/src/checkout/selectors.ts(258,3): error TS2322: Type 'unknown' is not assignable to type 'DeliveryBundlesEntity | undefined'.
  Type 'unknown' is not assignable to type 'DeliveryBundlesEntity'.
    Type 'unknown' is not assignable to type 'DeliveryBundle'.
packages/redux/src/checkout/selectors.ts(320,3): error TS2322: Type 'unknown' is not assignable to type 'GetDeliveryBundleUpgradesResponse | undefined'.
  Type 'unknown' is not assignable to type 'GetDeliveryBundleUpgradesResponse'.
packages/redux/src/checkout/selectors.ts(414,12): error TS2345: Argument of type 'State | undefined' is not assignable to parameter of type 'State'.
  Type 'undefined' is not assignable to type 'State'.
packages/redux/src/checkout/selectors.ts(426,16): error TS2345: Argument of type 'State | undefined' is not assignable to parameter of type 'State'.
  Type 'undefined' is not assignable to type 'State'.
packages/redux/src/checkout/selectors.ts(442,30): error TS2345: Argument of type 'State | undefined' is not assignable to parameter of type 'State'.
  Type 'undefined' is not assignable to type 'State'.
packages/redux/src/checkout/selectors.ts(455,47): error TS2345: Argument of type 'State | undefined' is not assignable to parameter of type 'State'.
  Type 'undefined' is not assignable to type 'State'.
packages/redux/src/checkout/selectors.ts(467,22): error TS2345: Argument of type 'State | undefined' is not assignable to parameter of type 'State'.
  Type 'undefined' is not assignable to type 'State'.
packages/redux/src/checkout/selectors.ts(479,22): error TS2345: Argument of type 'State | undefined' is not assignable to parameter of type 'State'.
  Type 'undefined' is not assignable to type 'State'.
packages/redux/src/checkout/selectors.ts(491,20): error TS2345: Argument of type 'State | undefined' is not assignable to parameter of type 'State'.
  Type 'undefined' is not assignable to type 'State'.
packages/redux/src/checkout/selectors.ts(503,20): error TS2345: Argument of type 'State | undefined' is not assignable to parameter of type 'State'.
  Type 'undefined' is not assignable to type 'State'.
packages/redux/src/checkout/selectors.ts(515,15): error TS2345: Argument of type 'State | undefined' is not assignable to parameter of type 'State'.
  Type 'undefined' is not assignable to type 'State'.
packages/redux/src/checkout/selectors.ts(527,15): error TS2345: Argument of type 'State | undefined' is not assignable to parameter of type 'State'.
  Type 'undefined' is not assignable to type 'State'.
packages/redux/src/checkout/selectors.ts(539,16): error TS2345: Argument of type 'State | undefined' is not assignable to parameter of type 'State'.
  Type 'undefined' is not assignable to type 'State'.
packages/redux/src/checkout/selectors.ts(551,16): error TS2345: Argument of type 'State | undefined' is not assignable to parameter of type 'State'.
  Type 'undefined' is not assignable to type 'State'.
packages/redux/src/checkout/selectors.ts(563,11): error TS2345: Argument of type 'State | undefined' is not assignable to parameter of type 'State'.
  Type 'undefined' is not assignable to type 'State'.
packages/redux/src/checkout/selectors.ts(575,11): error TS2345: Argument of type 'State | undefined' is not assignable to parameter of type 'State'.
  Type 'undefined' is not assignable to type 'State'.
packages/redux/src/checkout/selectors.ts(587,18): error TS2345: Argument of type 'State | undefined' is not assignable to parameter of type 'State'.
  Type 'undefined' is not assignable to type 'State'.
packages/redux/src/checkout/selectors.ts(599,18): error TS2345: Argument of type 'State | undefined' is not assignable to parameter of type 'State'.
  Type 'undefined' is not assignable to type 'State'.
packages/redux/src/checkout/selectors.ts(611,17): error TS2345: Argument of type 'State | undefined' is not assignable to parameter of type 'State'.
  Type 'undefined' is not assignable to type 'State'.
packages/redux/src/checkout/selectors.ts(623,17): error TS2345: Argument of type 'State | undefined' is not assignable to parameter of type 'State'.
  Type 'undefined' is not assignable to type 'State'.
packages/redux/src/checkout/selectors.ts(636,56): error TS2345: Argument of type 'State | undefined' is not assignable to parameter of type 'State'.
  Type 'undefined' is not assignable to type 'State'.
packages/redux/src/checkout/selectors.ts(648,29): error TS2345: Argument of type 'State | undefined' is not assignable to parameter of type 'State'.
  Type 'undefined' is not assignable to type 'State'.
packages/redux/src/checkout/selectors.ts(661,46): error TS2345: Argument of type 'State | undefined' is not assignable to parameter of type 'State'.
  Type 'undefined' is not assignable to type 'State'.
packages/redux/src/checkout/selectors.ts(673,31): error TS2345: Argument of type 'State | undefined' is not assignable to parameter of type 'State'.
  Type 'undefined' is not assignable to type 'State'.
packages/redux/src/checkout/selectors.ts(686,48): error TS2345: Argument of type 'State | undefined' is not assignable to parameter of type 'State'.
  Type 'undefined' is not assignable to type 'State'.
packages/redux/src/checkout/selectors.ts(699,50): error TS2345: Argument of type 'State | undefined' is not assignable to parameter of type 'State'.
  Type 'undefined' is not assignable to type 'State'.
packages/redux/src/checkout/selectors.ts(712,55): error TS2345: Argument of type 'State | undefined' is not assignable to parameter of type 'State'.
  Type 'undefined' is not assignable to type 'State'.
packages/redux/src/contents/__tests__/selectors.test.ts(52,42): error TS2345: Argument of type '{ contents: { searchResults: { [x: string]: { error: string; isLoading: boolean; result: { hash: string; number: number; totalPages: number; totalItems: number; entries: string[]; }; }; }; contentTypes: { ...; }; metadata: { ...; }; }; entities: { ...; }; }' is not assignable to parameter of type 'Partial<{ entities: Partial<{ [k: string]: any; addresses: Record<string, Address>; availableTimeSlots: Record<string, Return>; bagItems: Record<number, BagItemEntity>; ... 33 more ...; wishlistSets: Record<...>; }>; ... 24 more ...; wishlist: State; }>'.
  The types of 'entities.contents' are incompatible between these types.
    Type '{ [x: string]: { code?: string | undefined; components?: { content: string; displayOptions: {}; name: string; type: string; }[] | undefined; contentTypeCode?: string | undefined; environmentCode?: string | undefined; ... 6 more ...; versionId?: string | undefined; }; }' is not assignable to type 'Record<string, ContentEntries>'.
      'string' index signatures are incompatible.
        Type '{ code?: string | undefined; components?: { content: string; displayOptions: {}; name: string; type: string; }[] | undefined; contentTypeCode?: string | undefined; environmentCode?: string | undefined; ... 6 more ...; versionId?: string | undefined; }' is not assignable to type 'ContentEntries'.
          Types of property 'publicationId' are incompatible.
            Type 'string | undefined' is not assignable to type 'string'.
              Type 'undefined' is not assignable to type 'string'.
packages/redux/src/contents/__tests__/selectors.test.ts(64,41): error TS2345: Argument of type '{ contents: { searchResults: { [x: string]: { error: string; isLoading: boolean; result: { hash: string; number: number; totalPages: number; totalItems: number; entries: string[]; }; }; }; contentTypes: { ...; }; metadata: { ...; }; }; entities: { ...; }; }' is not assignable to parameter of type 'Partial<{ entities: Partial<{ [k: string]: any; addresses: Record<string, Address>; availableTimeSlots: Record<string, Return>; bagItems: Record<number, BagItemEntity>; ... 33 more ...; wishlistSets: Record<...>; }>; ... 24 more ...; wishlist: State; }>'.
packages/redux/src/contents/__tests__/selectors.test.ts(75,40): error TS2345: Argument of type '{ contents: { searchResults: { [x: string]: { error: string; isLoading: boolean; result: { hash: string; number: number; totalPages: number; totalItems: number; entries: string[]; }; }; }; contentTypes: { ...; }; metadata: { ...; }; }; entities: { ...; }; }' is not assignable to parameter of type 'Partial<{ entities: Partial<{ [k: string]: any; addresses: Record<string, Address>; availableTimeSlots: Record<string, Return>; bagItems: Record<number, BagItemEntity>; ... 33 more ...; wishlistSets: Record<...>; }>; ... 24 more ...; wishlist: State; }>'.
packages/redux/src/contents/__tests__/selectors.test.ts(86,42): error TS2345: Argument of type '{ contents: { searchResults: { [x: string]: { error: string; isLoading: boolean; result: { hash: string; number: number; totalPages: number; totalItems: number; entries: string[]; }; }; }; contentTypes: { ...; }; metadata: { ...; }; }; entities: { ...; }; }' is not assignable to parameter of type 'Partial<{ entities: Partial<{ [k: string]: any; addresses: Record<string, Address>; availableTimeSlots: Record<string, Return>; bagItems: Record<number, BagItemEntity>; ... 33 more ...; wishlistSets: Record<...>; }>; ... 24 more ...; wishlist: State; }>'.
packages/redux/src/contents/__tests__/selectors.test.ts(98,36): error TS2345: Argument of type '{ contents: { searchResults: { [x: string]: { error: string; isLoading: boolean; result: { hash: string; number: number; totalPages: number; totalItems: number; entries: string[]; }; }; }; contentTypes: { ...; }; metadata: { ...; }; }; entities: { ...; }; }' is not assignable to parameter of type 'Partial<{ entities: Partial<{ [k: string]: any; addresses: Record<string, Address>; availableTimeSlots: Record<string, Return>; bagItems: Record<number, BagItemEntity>; ... 33 more ...; wishlistSets: Record<...>; }>; ... 24 more ...; wishlist: State; }>'.
packages/redux/src/contents/__tests__/selectors.test.ts(108,43): error TS2345: Argument of type '{ contents: { searchResults: { [x: string]: { error: string; isLoading: boolean; result: { hash: string; number: number; totalPages: number; totalItems: number; entries: string[]; }; }; }; contentTypes: { ...; }; metadata: { ...; }; }; entities: { ...; }; }' is not assignable to parameter of type 'Partial<{ entities: Partial<{ [k: string]: any; addresses: Record<string, Address>; availableTimeSlots: Record<string, Return>; bagItems: Record<number, BagItemEntity>; ... 33 more ...; wishlistSets: Record<...>; }>; ... 24 more ...; wishlist: State; }>'.
packages/redux/src/contents/__tests__/selectors.test.ts(117,36): error TS2345: Argument of type '{ contents: { searchResults: { [x: string]: { error: string; isLoading: boolean; result: { hash: string; number: number; totalPages: number; totalItems: number; entries: string[]; }; }; }; contentTypes: { ...; }; metadata: { ...; }; }; entities: { ...; }; }' is not assignable to parameter of type 'Partial<{ entities: Partial<{ [k: string]: any; addresses: Record<string, Address>; availableTimeSlots: Record<string, Return>; bagItems: Record<number, BagItemEntity>; ... 33 more ...; wishlistSets: Record<...>; }>; ... 24 more ...; wishlist: State; }>'.
packages/redux/src/contents/__tests__/selectors.test.ts(129,37): error TS2345: Argument of type '{ contents: { searchResults: { [x: string]: { error: string; isLoading: boolean; result: { hash: string; number: number; totalPages: number; totalItems: number; entries: string[]; }; }; }; contentTypes: { ...; }; metadata: { ...; }; }; entities: { ...; }; }' is not assignable to parameter of type 'Partial<{ entities: Partial<{ [k: string]: any; addresses: Record<string, Address>; availableTimeSlots: Record<string, Return>; bagItems: Record<number, BagItemEntity>; ... 33 more ...; wishlistSets: Record<...>; }>; ... 24 more ...; wishlist: State; }>'.
packages/redux/src/contents/__tests__/selectors.test.ts(141,31): error TS2345: Argument of type '{ contents: { searchResults: { [x: string]: { error: string; isLoading: boolean; result: { hash: string; number: number; totalPages: number; totalItems: number; entries: string[]; }; }; }; contentTypes: { ...; }; metadata: { ...; }; }; entities: { ...; }; }' is not assignable to parameter of type 'Partial<{ entities: Partial<{ [k: string]: any; addresses: Record<string, Address>; availableTimeSlots: Record<string, Return>; bagItems: Record<number, BagItemEntity>; ... 33 more ...; wishlistSets: Record<...>; }>; ... 24 more ...; wishlist: State; }>'.
packages/redux/src/contents/__tests__/serverInitialState.test.ts(10,40): error TS2322: Type '{ searchContentRequests: ({ filters: { spaceCode: string; codes: string[]; contentTypeCode: string; environmentCode: string; sort: string; target: {}; searchTags: never[]; metadataCustom: {}; }; searchResponse: { ...; }; } | { ...; } | { ...; } | { ...; } | { ...; })[]; }' is not assignable to type 'Model'.
  Type '{ searchContentRequests: ({ filters: { spaceCode: string; codes: string[]; contentTypeCode: string; environmentCode: string; sort: string; target: {}; searchTags: never[]; metadataCustom: {}; }; searchResponse: { ...; }; } | { ...; } | { ...; } | { ...; } | { ...; })[]; }' is missing the following properties from type 'Listing': name, products, facetGroups, filterSegments, and 11 more.
packages/redux/src/contents/__tests__/serverInitialState.test.ts(17,40): error TS2322: Type '{}' is not assignable to type 'Model'.
  Type '{}' is missing the following properties from type 'Listing': name, products, facetGroups, filterSegments, and 11 more.
packages/redux/src/contents/__tests__/utils.test.ts(77,17): error TS2322: Type '{ publicationId: string; versionId: string; spaceCode: string; contentTypeCode: string; environmentCode: string; code: string; target: { contentzone: string; }; metadata: { custom: { none: string; ... 8 more ...; eventDate: string; }; }; publicationDate: string; components: { ...; }[]; } | undefined' is not assignable to type 'ContentEntries'.
  Type 'undefined' is not assignable to type 'ContentEntries'.
packages/redux/src/contents/__tests__/utils.test.ts(125,40): error TS2345: Argument of type '{ totalItems: number; }' is not assignable to parameter of type 'QueryContentHash'.
  Property 'contentTypeCode' is missing in type '{ totalItems: number; }' but required in type 'QueryContentHash'.
packages/redux/src/contents/__tests__/utils.test.ts(160,40): error TS2345: Argument of type '{ codes: string; 'target.language': string; }' is not assignable to parameter of type 'QueryContentHash'.
  Property 'contentTypeCode' is missing in type '{ codes: string; 'target.language': string; }' but required in type 'QueryContentHash'.
packages/redux/src/contents/actions/__tests__/fetchCommercePages.test.ts(31,5): error TS7034: Variable 'store' implicitly has type 'any' in some locations where its type cannot be determined.
packages/redux/src/contents/actions/__tests__/fetchCommercePages.test.ts(42,22): error TS2339: Property 'mockRejectedValueOnce' does not exist on type '(query: QueryCommercePages, config?: Config | undefined) => Promise<CommercePagesContent>'.
packages/redux/src/contents/actions/__tests__/fetchCommercePages.test.ts(46,11): error TS7005: Variable 'store' implicitly has an 'any' type.
packages/redux/src/contents/actions/__tests__/fetchCommercePages.test.ts(47,17): error TS2554: Expected 2-4 arguments, but got 1.
packages/redux/src/contents/actions/__tests__/fetchCommercePages.test.ts(48,14): error TS7006: Parameter 'error' implicitly has an 'any' type.
packages/redux/src/contents/actions/__tests__/fetchCommercePages.test.ts(55,16): error TS7005: Variable 'store' implicitly has an 'any' type.
packages/redux/src/contents/actions/__tests__/fetchCommercePages.test.ts(80,22): error TS2339: Property 'mockResolvedValueOnce' does not exist on type '(query: QueryCommercePages, config?: Config | undefined) => Promise<CommercePagesContent>'.
packages/redux/src/contents/actions/__tests__/fetchCommercePages.test.ts(82,11): error TS7005: Variable 'store' implicitly has an 'any' type.
packages/redux/src/contents/actions/__tests__/fetchCommercePages.test.ts(82,26): error TS2554: Expected 2-4 arguments, but got 1.
packages/redux/src/contents/actions/__tests__/fetchCommercePages.test.ts(82,71): error TS7006: Parameter 'result' implicitly has an 'any' type.
packages/redux/src/contents/actions/__tests__/fetchCommercePages.test.ts(91,27): error TS7005: Variable 'store' implicitly has an 'any' type.
packages/redux/src/contents/actions/__tests__/fetchContent.test.ts(24,5): error TS7034: Variable 'store' implicitly has type 'any' in some locations where its type cannot be determined.
packages/redux/src/contents/actions/__tests__/fetchContent.test.ts(35,23): error TS2339: Property 'mockRejectedValueOnce' does not exist on type '(query: QueryContents, config?: Config | undefined) => Promise<Contents>'.
packages/redux/src/contents/actions/__tests__/fetchContent.test.ts(39,11): error TS7005: Variable 'store' implicitly has an 'any' type.
packages/redux/src/contents/actions/__tests__/fetchContent.test.ts(39,60): error TS7006: Parameter 'error' implicitly has an 'any' type.
packages/redux/src/contents/actions/__tests__/fetchContent.test.ts(46,14): error TS7005: Variable 'store' implicitly has an 'any' type.
packages/redux/src/contents/actions/__tests__/fetchContent.test.ts(52,13): error TS2554: Expected 1 arguments, but got 2.
packages/redux/src/contents/actions/__tests__/fetchContent.test.ts(63,23): error TS2339: Property 'mockResolvedValueOnce' does not exist on type '(query: QueryContents, config?: Config | undefined) => Promise<Contents>'.
packages/redux/src/contents/actions/__tests__/fetchContent.test.ts(65,11): error TS7005: Variable 'store' implicitly has an 'any' type.
packages/redux/src/contents/actions/__tests__/fetchContent.test.ts(67,13): error TS7006: Parameter 'result' implicitly has an 'any' type.
packages/redux/src/contents/actions/__tests__/fetchContent.test.ts(69,27): error TS7005: Variable 'store' implicitly has an 'any' type.
packages/redux/src/contents/actions/__tests__/fetchContent.test.ts(77,12): error TS7005: Variable 'store' implicitly has an 'any' type.
packages/redux/src/contents/actions/__tests__/fetchContent.test.ts(83,11): error TS2554: Expected 1 arguments, but got 2.
packages/redux/src/contents/actions/__tests__/fetchContentTypes.test.ts(18,5): error TS7034: Variable 'store' implicitly has type 'any' in some locations where its type cannot be determined.
packages/redux/src/contents/actions/__tests__/fetchContentTypes.test.ts(29,21): error TS2339: Property 'mockRejectedValueOnce' does not exist on type '(spaceCode: string, config?: Config | undefined) => Promise<ContentTypes>'.
packages/redux/src/contents/actions/__tests__/fetchContentTypes.test.ts(33,11): error TS7005: Variable 'store' implicitly has an 'any' type.
packages/redux/src/contents/actions/__tests__/fetchContentTypes.test.ts(33,62): error TS7006: Parameter 'error' implicitly has an 'any' type.
packages/redux/src/contents/actions/__tests__/fetchContentTypes.test.ts(37,14): error TS7005: Variable 'store' implicitly has an 'any' type.
packages/redux/src/contents/actions/__tests__/fetchContentTypes.test.ts(49,21): error TS2339: Property 'mockResolvedValueOnce' does not exist on type '(spaceCode: string, config?: Config | undefined) => Promise<ContentTypes>'.
packages/redux/src/contents/actions/__tests__/fetchContentTypes.test.ts(51,11): error TS7005: Variable 'store' implicitly has an 'any' type.
packages/redux/src/contents/actions/__tests__/fetchContentTypes.test.ts(53,13): error TS7006: Parameter 'result' implicitly has an 'any' type.
packages/redux/src/contents/actions/__tests__/fetchContentTypes.test.ts(55,27): error TS7005: Variable 'store' implicitly has an 'any' type.
packages/redux/src/contents/actions/__tests__/fetchContentTypes.test.ts(59,12): error TS7005: Variable 'store' implicitly has an 'any' type.
packages/redux/src/contents/actions/__tests__/fetchSEO.test.ts(17,5): error TS7034: Variable 'store' implicitly has type 'any' in some locations where its type cannot be determined.
packages/redux/src/contents/actions/__tests__/fetchSEO.test.ts(28,12): error TS2339: Property 'mockRejectedValueOnce' does not exist on type '(query: QuerySEO, config?: Config | undefined) => Promise<SEOMetadata>'.
packages/redux/src/contents/actions/__tests__/fetchSEO.test.ts(32,11): error TS7005: Variable 'store' implicitly has an 'any' type.
packages/redux/src/contents/actions/__tests__/fetchSEO.test.ts(32,35): error TS2345: Argument of type '{ path: string; pageType: string; subPageType: string; }' is not assignable to parameter of type 'QuerySEO'.
  Property 'param' is missing in type '{ path: string; pageType: string; subPageType: string; }' but required in type 'QuerySEO'.
packages/redux/src/contents/actions/__tests__/fetchSEO.test.ts(32,52): error TS7006: Parameter 'error' implicitly has an 'any' type.
packages/redux/src/contents/actions/__tests__/fetchSEO.test.ts(36,14): error TS7005: Variable 'store' implicitly has an 'any' type.
packages/redux/src/contents/actions/__tests__/fetchSEO.test.ts(42,13): error TS2554: Expected 1 arguments, but got 2.
packages/redux/src/contents/actions/__tests__/fetchSEO.test.ts(53,12): error TS2339: Property 'mockResolvedValueOnce' does not exist on type '(query: QuerySEO, config?: Config | undefined) => Promise<SEOMetadata>'.
packages/redux/src/contents/actions/__tests__/fetchSEO.test.ts(55,11): error TS7005: Variable 'store' implicitly has an 'any' type.
packages/redux/src/contents/actions/__tests__/fetchSEO.test.ts(56,26): error TS2345: Argument of type '{ path: string; pageType: string; subPageType: string; }' is not assignable to parameter of type 'QuerySEO'.
packages/redux/src/contents/actions/__tests__/fetchSEO.test.ts(57,13): error TS7006: Parameter 'result' implicitly has an 'any' type.
packages/redux/src/contents/actions/__tests__/fetchSEO.test.ts(59,27): error TS7005: Variable 'store' implicitly has an 'any' type.
packages/redux/src/contents/actions/__tests__/fetchSEO.test.ts(63,12): error TS7005: Variable 'store' implicitly has an 'any' type.
packages/redux/src/contents/actions/__tests__/fetchSEO.test.ts(69,11): error TS2554: Expected 1 arguments, but got 2.
packages/redux/src/contents/actions/__tests__/resetContents.test.ts(7,19): error TS2554: Expected 2-3 arguments, but got 0.
packages/redux/src/contents/actions/__tests__/resetContents.test.ts(9,20): error TS2345: Argument of type '(dispatch: Dispatch) => void' is not assignable to parameter of type 'AnyAction'.
  Property 'type' is missing in type '(dispatch: Dispatch) => void' but required in type 'AnyAction'.
packages/redux/src/contents/actions/factories/fetchCommercePagesFactory.ts(69,15): error TS2322: Type 'QueryCommercePages' is not assignable to type 'QueryContents'.
  Type 'QueryCommercePages' is missing the following properties from type '{ spaceCode: string; environmentCode: string; contentTypeCode: string; codes?: string | string[] | undefined; target?: Targets | undefined; sort?: string | undefined; page?: number | undefined; pageSize?: number | undefined; metadataSearchTagsValues?: string | undefined; metadataCustom?: string | undefined; }': spaceCode, environmentCode, contentTypeCode
packages/redux/src/contents/actions/factories/fetchCommercePagesFactory.ts(85,17): error TS2322: Type 'QueryCommercePages' is not assignable to type 'QueryContents'.
packages/redux/src/contents/actions/factories/fetchCommercePagesFactory.ts(96,17): error TS2322: Type 'QueryCommercePages' is not assignable to type 'QueryContents'.
packages/redux/src/contents/actions/factories/fetchCommercePagesFactory.ts(97,20): error TS2322: Type 'unknown' is not assignable to type 'Error'.
packages/redux/src/contents/reducer.ts(114,9): error TS2322: Type '{ [x: string]: SEOMetadata | Record<string, SEOMetadata | null> | null; }' is not assignable to type 'Record<string, SEOMetadata | null>'.
  'string' index signatures are incompatible.
    Type 'SEOMetadata | Record<string, SEOMetadata | null> | null' is not assignable to type 'SEOMetadata | null'.
      Type 'Record<string, SEOMetadata | null>' is missing the following properties from type 'SEOMetadata': title, h1, canonicalUrl, keywords, and 2 more.
packages/redux/src/contents/selectors.ts(48,42): error TS2345: Argument of type 'State | undefined' is not assignable to parameter of type 'State'.
  Type 'undefined' is not assignable to type 'State'.
    Type 'undefined' is not assignable to type 'EmptyObject'.
packages/redux/src/contents/selectors.ts(170,19): error TS2345: Argument of type 'State | undefined' is not assignable to parameter of type 'State'.
  Type 'undefined' is not assignable to type 'State'.
packages/redux/src/contents/selectors.ts(193,32): error TS2345: Argument of type 'State | undefined' is not assignable to parameter of type 'State'.
  Type 'undefined' is not assignable to type 'State'.
packages/redux/src/contents/selectors.ts(220,25): error TS2345: Argument of type 'State | undefined' is not assignable to parameter of type 'State'.
  Type 'undefined' is not assignable to type 'State'.
packages/redux/src/contents/selectors.ts(241,33): error TS2345: Argument of type 'State | undefined' is not assignable to parameter of type 'State'.
  Type 'undefined' is not assignable to type 'State'.
packages/redux/src/contents/utils.ts(42,11): error TS2339: Property 'gender' does not exist on type '{ id: string; gender: string; brand: string; priceType: string; category: string; } | undefined'.
packages/redux/src/contents/utils.ts(42,19): error TS2339: Property 'brand' does not exist on type '{ id: string; gender: string; brand: string; priceType: string; category: string; } | undefined'.
packages/redux/src/contents/utils.ts(42,26): error TS2339: Property 'category' does not exist on type '{ id: string; gender: string; brand: string; priceType: string; category: string; } | undefined'.
packages/redux/src/contents/utils.ts(42,36): error TS2339: Property 'priceType' does not exist on type '{ id: string; gender: string; brand: string; priceType: string; category: string; } | undefined'.
packages/redux/src/contents/utils.ts(42,47): error TS2339: Property 'id' does not exist on type '{ id: string; gender: string; brand: string; priceType: string; category: string; } | undefined'.
packages/redux/src/contents/utils.ts(56,18): error TS2769: No overload matches this call.
  Overload 1 of 2, '(o: ArrayLike<string> | { [s: string]: string; }): [string, string][]', gave the following error.
    Argument of type '{ id: string; gender: string; brand: string; priceType: string; category: string; } | undefined' is not assignable to parameter of type 'ArrayLike<string> | { [s: string]: string; }'.
      Type 'undefined' is not assignable to type 'ArrayLike<string> | { [s: string]: string; }'.
  Overload 2 of 2, '(o: {}): [string, any][]', gave the following error.
    Argument of type '{ id: string; gender: string; brand: string; priceType: string; category: string; } | undefined' is not assignable to parameter of type '{}'.
      Type 'undefined' is not assignable to type '{}'.
packages/redux/src/contents/utils.ts(132,15): error TS2322: Type 'ContentEntries | undefined' is not assignable to type 'ContentEntries'.
  Type 'undefined' is not assignable to type 'ContentEntries'.
packages/redux/src/contents/utils.ts(170,15): error TS2322: Type '{ components: ComponentType[]; publicationId?: string | undefined; publicationDate?: string | undefined; versionId?: string | undefined; spaceCode?: string | undefined; ... 5 more ...; ranking?: number | undefined; }' is not assignable to type 'ContentEntries'.
  Types of property 'publicationId' are incompatible.
    Type 'string | undefined' is not assignable to type 'string'.
      Type 'undefined' is not assignable to type 'string'.
packages/redux/src/designers/__tests__/reducer.test.ts(55,22): error TS2345: Argument of type '{ error: string; [$CombinedState]?: undefined; hash: string | null; isLoading: Record<string, boolean | undefined>; result: Record<string, DesignersResponse>; }' is not assignable to parameter of type 'State'.
  Type '{ error: string; [$CombinedState]?: undefined; hash: string | null; isLoading: Record<string, boolean | undefined>; result: Record<string, DesignersResponse>; }' is not assignable to type '{ error: Record<string, Error | undefined>; hash: string | null; isLoading: Record<string, boolean | undefined>; result: Record<string, DesignersResponse>; }'.
    Types of property 'error' are incompatible.
      Type 'string' is not assignable to type 'Record<string, Error | undefined>'.
packages/redux/src/designers/__tests__/reducer.test.ts(83,22): error TS2345: Argument of type '{ result: { foo: string; }; [$CombinedState]?: undefined; error: Record<string, Error | undefined>; hash: string | null; isLoading: Record<string, boolean | undefined>; }' is not assignable to parameter of type 'State'.
  Type '{ result: { foo: string; }; [$CombinedState]?: undefined; error: Record<string, Error | undefined>; hash: string | null; isLoading: Record<string, boolean | undefined>; }' is not assignable to type '{ error: Record<string, Error | undefined>; hash: string | null; isLoading: Record<string, boolean | undefined>; result: Record<string, DesignersResponse>; }'.
    Types of property 'result' are incompatible.
      Type '{ foo: string; }' is not assignable to type 'Record<string, DesignersResponse>'.
        Property 'foo' is incompatible with index signature.
          Type 'string' is not assignable to type 'DesignersResponse'.
packages/redux/src/designers/__tests__/reducer.test.ts(160,35): error TS2345: Argument of type '{ error: { "?categoryid=123": string; }; [$CombinedState]?: undefined; hash: string | null; isLoading: Record<string, boolean | undefined>; result: Record<string, DesignersResponse>; }' is not assignable to parameter of type 'State'.
  Type '{ error: { "?categoryid=123": string; }; [$CombinedState]?: undefined; hash: string | null; isLoading: Record<string, boolean | undefined>; result: Record<string, DesignersResponse>; }' is not assignable to type '{ error: Record<string, Error | undefined>; hash: string | null; isLoading: Record<string, boolean | undefined>; result: Record<string, DesignersResponse>; }'.
    Types of property 'error' are incompatible.
      Type '{ "?categoryid=123": string; }' is not assignable to type 'Record<string, Error | undefined>'.
        Property '[mockHash]' is incompatible with index signature.
          Type 'string' is not assignable to type 'Error | undefined'.
packages/redux/src/designers/__tests__/selectors.test.ts(16,44): error TS2345: Argument of type '{ designers: { isLoading: { "?categoryid=123": boolean; }; error: { "?categoryid=123": { message: string; }; }; hash: string; result: { "?categoryid=123": { designers: { title: string; slug: string; gender: string; list: { ...; }[]; }[]; }; }; }; }' is not assignable to parameter of type 'Partial<{ entities: Partial<{ [k: string]: any; addresses: Record<string, Address>; availableTimeSlots: Record<string, Return>; bagItems: Record<number, BagItemEntity>; ... 33 more ...; wishlistSets: Record<...>; }>; ... 24 more ...; wishlist: State; }>'.
  Types of property 'designers' are incompatible.
    Type '{ isLoading: { "?categoryid=123": boolean; }; error: { "?categoryid=123": { message: string; }; }; hash: string; result: { "?categoryid=123": { designers: { title: string; slug: string; gender: string; list: { title: string; description: string; image: string; slug: string; slugSuffix: null; }[]; }[]; }; }; }' is not assignable to type 'State'.
      Type '{ isLoading: { "?categoryid=123": boolean; }; error: { "?categoryid=123": { message: string; }; }; hash: string; result: { "?categoryid=123": { designers: { title: string; slug: string; gender: string; list: { title: string; description: string; image: string; slug: string; slugSuffix: null; }[]; }[]; }; }; }' is not assignable to type '{ error: Record<string, Error | undefined>; hash: string | null; isLoading: Record<string, boolean | undefined>; result: Record<string, DesignersResponse>; }'.
        Types of property 'result' are incompatible.
          Type '{ "?categoryid=123": { designers: { title: string; slug: string; gender: string; list: { title: string; description: string; image: string; slug: string; slugSuffix: null; }[]; }[]; }; }' is not assignable to type 'Record<string, DesignersResponse>'.
            Property '"?categoryid=123"' is incompatible with index signature.
              Type '{ designers: { title: string; slug: string; gender: string; list: { title: string; description: string; image: string; slug: string; slugSuffix: null; }[]; }[]; }' is not assignable to type 'DesignersResponse'.
                Types of property 'designers' are incompatible.
                  Type '{ title: string; slug: string; gender: string; list: { title: string; description: string; image: string; slug: string; slugSuffix: null; }[]; }[]' is not assignable to type 'Designers'.
packages/redux/src/designers/__tests__/selectors.test.ts(23,44): error TS2345: Argument of type '{ designers: { isLoading: { "?categoryid=123": boolean; }; error: { "?categoryid=123": { message: string; }; }; hash: string; result: { "?categoryid=123": { designers: { title: string; slug: string; gender: string; list: { ...; }[]; }[]; }; }; }; }' is not assignable to parameter of type 'Partial<{ entities: Partial<{ [k: string]: any; addresses: Record<string, Address>; availableTimeSlots: Record<string, Return>; bagItems: Record<number, BagItemEntity>; ... 33 more ...; wishlistSets: Record<...>; }>; ... 24 more ...; wishlist: State; }>'.
packages/redux/src/designers/__tests__/selectors.test.ts(30,43): error TS2345: Argument of type '{ designers: { isLoading: { "?categoryid=123": boolean; }; error: { "?categoryid=123": { message: string; }; }; hash: string; result: { "?categoryid=123": { designers: { title: string; slug: string; gender: string; list: { ...; }[]; }[]; }; }; }; }' is not assignable to parameter of type 'Partial<{ entities: Partial<{ [k: string]: any; addresses: Record<string, Address>; availableTimeSlots: Record<string, Return>; bagItems: Record<number, BagItemEntity>; ... 33 more ...; wishlistSets: Record<...>; }>; ... 24 more ...; wishlist: State; }>'.
packages/redux/src/designers/__tests__/selectors.test.ts(36,43): error TS2345: Argument of type '{ designers: { isLoading: { "?categoryid=123": boolean; }; error: { "?categoryid=123": { message: string; }; }; hash: string; result: { "?categoryid=123": { designers: { title: string; slug: string; gender: string; list: { ...; }[]; }[]; }; }; }; }' is not assignable to parameter of type 'Partial<{ entities: Partial<{ [k: string]: any; addresses: Record<string, Address>; availableTimeSlots: Record<string, Return>; bagItems: Record<number, BagItemEntity>; ... 33 more ...; wishlistSets: Record<...>; }>; ... 24 more ...; wishlist: State; }>'.
packages/redux/src/designers/__tests__/selectors.test.ts(45,42): error TS2345: Argument of type '{ designers: { isLoading: { "?categoryid=123": boolean; }; error: { "?categoryid=123": { message: string; }; }; hash: string; result: { "?categoryid=123": { designers: { title: string; slug: string; gender: string; list: { ...; }[]; }[]; }; }; }; }' is not assignable to parameter of type 'Partial<{ entities: Partial<{ [k: string]: any; addresses: Record<string, Address>; availableTimeSlots: Record<string, Return>; bagItems: Record<number, BagItemEntity>; ... 33 more ...; wishlistSets: Record<...>; }>; ... 24 more ...; wishlist: State; }>'.
packages/redux/src/designers/__tests__/selectors.test.ts(55,42): error TS2345: Argument of type '{ designers: { isLoading: { "?categoryid=123": boolean; }; error: { "?categoryid=123": { message: string; }; }; hash: string; result: { "?categoryid=123": { designers: { title: string; slug: string; gender: string; list: { ...; }[]; }[]; }; }; }; }' is not assignable to parameter of type 'Partial<{ entities: Partial<{ [k: string]: any; addresses: Record<string, Address>; availableTimeSlots: Record<string, Return>; bagItems: Record<number, BagItemEntity>; ... 33 more ...; wishlistSets: Record<...>; }>; ... 24 more ...; wishlist: State; }>'.
packages/redux/src/designers/__tests__/selectors.test.ts(62,48): error TS2345: Argument of type '{ designers: { isLoading: { "?categoryid=123": boolean; }; error: { "?categoryid=123": { message: string; }; }; hash: string; result: { "?categoryid=123": { designers: { title: string; slug: string; gender: string; list: { ...; }[]; }[]; }; }; }; }' is not assignable to parameter of type 'Partial<{ entities: Partial<{ [k: string]: any; addresses: Record<string, Address>; availableTimeSlots: Record<string, Return>; bagItems: Record<number, BagItemEntity>; ... 33 more ...; wishlistSets: Record<...>; }>; ... 24 more ...; wishlist: State; }>'.
packages/redux/src/designers/__tests__/selectors.test.ts(66,24): error TS2554: Expected 2 arguments, but got 1.
packages/redux/src/designers/__tests__/selectors.test.ts(75,47): error TS2345: Argument of type '{ designers: { isLoading: { "?categoryid=123": boolean; }; error: { "?categoryid=123": { message: string; }; }; hash: string; result: { "?categoryid=123": { designers: { title: string; slug: string; gender: string; list: { ...; }[]; }[]; }; }; }; }' is not assignable to parameter of type 'Partial<{ entities: Partial<{ [k: string]: any; addresses: Record<string, Address>; availableTimeSlots: Record<string, Return>; bagItems: Record<number, BagItemEntity>; ... 33 more ...; wishlistSets: Record<...>; }>; ... 24 more ...; wishlist: State; }>'.
packages/redux/src/designers/__tests__/serverInitialState.test.ts(7,40): error TS2322: Type '{ designers: { title: string; slug: string; gender: string; list: { title: string; description: string; image: string; slug: string; slugSuffix: null; }[]; }[]; slug: string; subfolder: string; }' is not assignable to type 'Model'.
  Type '{ designers: { title: string; slug: string; gender: string; list: { title: string; description: string; image: string; slug: string; slugSuffix: null; }[]; }[]; slug: string; subfolder: string; }' is missing the following properties from type 'Listing': name, products, facetGroups, filterSegments, and 11 more.
packages/redux/src/designers/__tests__/serverInitialState.test.ts(14,40): error TS2322: Type '{}' is not assignable to type 'Model'.
  Type '{}' is missing the following properties from type 'Listing': name, products, facetGroups, filterSegments, and 11 more.
packages/redux/src/designers/__tests__/utils.test.ts(10,39): error TS2345: Argument of type '{ categoryId: string; }' is not assignable to parameter of type 'string | GetDesignersQuery | undefined'.
  Type '{ categoryId: string; }' is not assignable to type 'GetDesignersQuery'.
    Types of property 'categoryId' are incompatible.
      Type 'string' is not assignable to type 'number | undefined'.
packages/redux/src/designers/actions/__tests__/fetchDesigners.test.ts(21,5): error TS7034: Variable 'store' implicitly has type 'any' in some locations where its type cannot be determined.
packages/redux/src/designers/actions/__tests__/fetchDesigners.test.ts(32,18): error TS2339: Property 'mockRejectedValueOnce' does not exist on type 'GetDesigners'.
packages/redux/src/designers/actions/__tests__/fetchDesigners.test.ts(36,11): error TS7005: Variable 'store' implicitly has an 'any' type.
packages/redux/src/designers/actions/__tests__/fetchDesigners.test.ts(36,41): error TS2559: Type '{ categoryid: string; }' has no properties in common with type 'GetDesignersQuery'.
packages/redux/src/designers/actions/__tests__/fetchDesigners.test.ts(36,59): error TS7006: Parameter 'error' implicitly has an 'any' type.
packages/redux/src/designers/actions/__tests__/fetchDesigners.test.ts(40,14): error TS7005: Variable 'store' implicitly has an 'any' type.
packages/redux/src/designers/actions/__tests__/fetchDesigners.test.ts(62,18): error TS2339: Property 'mockResolvedValueOnce' does not exist on type 'GetDesigners'.
packages/redux/src/designers/actions/__tests__/fetchDesigners.test.ts(66,11): error TS7005: Variable 'store' implicitly has an 'any' type.
packages/redux/src/designers/actions/__tests__/fetchDesigners.test.ts(66,41): error TS2559: Type '{ categoryid: string; }' has no properties in common with type 'GetDesignersQuery'.
packages/redux/src/designers/actions/__tests__/fetchDesigners.test.ts(66,58): error TS7006: Parameter 'clientResult' implicitly has an 'any' type.
packages/redux/src/designers/actions/__tests__/fetchDesigners.test.ts(72,12): error TS7005: Variable 'store' implicitly has an 'any' type.
packages/redux/src/designers/actions/__tests__/fetchDesigners.test.ts(96,26): error TS2345: Argument of type '(dispatch: ThunkDispatch<StoreState, any, FetchDesignersAction | SetDesignersResultHashAction>, getState: () => StoreState) => Promise<{    designers: Designers;} | undefined>' is not assignable to parameter of type 'AnyAction'.
  Property 'type' is missing in type '(dispatch: ThunkDispatch<StoreState, any, FetchDesignersAction | SetDesignersResultHashAction>, getState: () => StoreState) => Promise<{    designers: Designers;} | undefined>' but required in type 'AnyAction'.
packages/redux/src/designers/actions/__tests__/fetchDesigners.test.ts(96,41): error TS2559: Type '{ categoryid: string; }' has no properties in common with type 'GetDesignersQuery'.
packages/redux/src/designers/actions/__tests__/resetDesignersState.test.ts(11,13): error TS2554: Expected 2-3 arguments, but got 0.
packages/redux/src/designers/actions/__tests__/resetDesignersState.test.ts(12,20): error TS2345: Argument of type '(dispatch: Dispatch) => void' is not assignable to parameter of type 'AnyAction'.
  Property 'type' is missing in type '(dispatch: Dispatch) => void' but required in type 'AnyAction'.
packages/redux/src/designers/actions/factories/fetchDesignersFactory.ts(90,7): error TS2769: No overload matches this call.
  Overload 1 of 3, '(thunkAction: ThunkAction<unknown, Partial<{ entities: Partial<{ [k: string]: any; addresses: Record<string, Address>; availableTimeSlots: Record<string, Return>; bagItems: Record<number, BagItemEntity>; ... 33 more ...; wishlistSets: Record<...>; }>; ... 24 more ...; wishlist: State; }>, any, SetDesignersResultHashAction | FetchDesignersAction>): unknown', gave the following error.
    Argument of type '{ payload: { error: unknown; }; meta: { hash: string; }; type: string; }' is not assignable to parameter of type 'ThunkAction<unknown, Partial<{ entities: Partial<{ [k: string]: any; addresses: Record<string, Address>; availableTimeSlots: Record<string, Return>; bagItems: Record<number, BagItemEntity>; ... 33 more ...; wishlistSets: Record<...>; }>; ... 24 more ...; wishlist: State; }>, any, SetDesignersResultHashAction | Fetch...'.
      Object literal may only specify known properties, and 'payload' does not exist in type 'ThunkAction<unknown, Partial<{ entities: Partial<{ [k: string]: any; addresses: Record<string, Address>; availableTimeSlots: Record<string, Return>; bagItems: Record<number, BagItemEntity>; ... 33 more ...; wishlistSets: Record<...>; }>; ... 24 more ...; wishlist: State; }>, any, SetDesignersResultHashAction | Fetch...'.
  Overload 2 of 3, '(action: SetDesignersResultHashAction | FetchDesignersAction | ThunkAction<unknown, Partial<{ entities: Partial<{ [k: string]: any; addresses: Record<string, Address>; ... 35 more ...; wishlistSets: Record<...>; }>; ... 24 more ...; wishlist: State; }>, any, SetDesignersResultHashAction | FetchDesignersAction>): unknown', gave the following error.
    Type 'unknown' is not assignable to type 'Error'.
  Overload 3 of 3, '(action: SetDesignersResultHashAction | FetchDesignersAction): SetDesignersResultHashAction | FetchDesignersAction', gave the following error.
    Type 'unknown' is not assignable to type 'Error'.
packages/redux/src/designers/selectors.ts(32,42): error TS2345: Argument of type 'State | undefined' is not assignable to parameter of type 'State'.
  Type 'undefined' is not assignable to type 'State'.
    Type 'undefined' is not assignable to type 'EmptyObject'.
packages/redux/src/designers/selectors.ts(56,23): error TS2345: Argument of type 'State | undefined' is not assignable to parameter of type 'State'.
  Type 'undefined' is not assignable to type 'State'.
packages/redux/src/designers/selectors.ts(78,20): error TS2345: Argument of type 'State | undefined' is not assignable to parameter of type 'State'.
  Type 'undefined' is not assignable to type 'State'.
packages/redux/src/designers/selectors.ts(98,11): error TS2345: Argument of type 'State | undefined' is not assignable to parameter of type 'State'.
  Type 'undefined' is not assignable to type 'State'.
packages/redux/src/entities/reducer/entitiesMapper.ts(6,1): error TS2578: Unused '@ts-expect-error' directive.
packages/redux/src/entities/reducer/entitiesMapper.ts(11,1): error TS2578: Unused '@ts-expect-error' directive.
packages/redux/src/entities/reducer/entitiesMapper.ts(13,1): error TS2578: Unused '@ts-expect-error' directive.
packages/redux/src/entities/selectors/__tests__/brands.test.ts(2,10): error TS2724: '"tests/__fixtures__/brands"' has no exported member named 'mockBrand'. Did you mean 'mockBrandId'?
packages/redux/src/entities/selectors/__tests__/categories.test.ts(14,24): error TS2345: Argument of type '{ entities: { categories: { 135981: { id: number; name: string; parentId: number; gender: string; }; }; }; }' is not assignable to parameter of type 'Partial<{ entities: Partial<{ [k: string]: any; addresses: Record<string, Address>; availableTimeSlots: Record<string, Return>; bagItems: Record<number, BagItemEntity>; ... 33 more ...; wishlistSets: Record<...>; }>; ... 24 more ...; wishlist: State; }>'.
  The types of 'entities.categories' are incompatible between these types.
    Type '{ 135981: { id: number; name: string; parentId: number; gender: string; }; }' is not assignable to type 'Record<number, Category>'.
      Property '[mockCategoryId]' is incompatible with index signature.
        Type '{ id: number; name: string; parentId: number; gender: string; }' is not assignable to type 'Category'.
          Types of property 'gender' are incompatible.
            Type 'string' is not assignable to type 'GenderEnum'.
packages/redux/src/entities/selectors/__tests__/categories.test.ts(28,26): error TS2345: Argument of type '{ entities: { categories: { 135981: { id: number; name: string; parentId: number; gender: string; }; }; }; }' is not assignable to parameter of type 'Partial<{ entities: Partial<{ [k: string]: any; addresses: Record<string, Address>; availableTimeSlots: Record<string, Return>; bagItems: Record<number, BagItemEntity>; ... 33 more ...; wishlistSets: Record<...>; }>; ... 24 more ...; wishlist: State; }>'.
  The types of 'entities.categories' are incompatible between these types.
    Type '{ 135981: { id: number; name: string; parentId: number; gender: string; }; }' is not assignable to type 'Record<number, Category>'.
      Property '[mockCategoryId]' is incompatible with index signature.
        Type '{ id: number; name: string; parentId: number; gender: string; }' is not assignable to type 'Category'.
packages/redux/src/entities/selectors/__tests__/contents.test.ts(23,23): error TS2345: Argument of type '{ entities: { contents: { "1fa65fb0-49bf-43b3-902e-78d104f160a3": { publicationId: string; versionId: string; spaceCode: string; contentTypeCode: string; environmentCode: string; code: string; }; }; }; }' is not assignable to parameter of type 'Partial<{ entities: Partial<{ [k: string]: any; addresses: Record<string, Address>; availableTimeSlots: Record<string, Return>; bagItems: Record<number, BagItemEntity>; ... 33 more ...; wishlistSets: Record<...>; }>; ... 24 more ...; wishlist: State; }>'.
  The types of 'entities.contents' are incompatible between these types.
    Type '{ "1fa65fb0-49bf-43b3-902e-78d104f160a3": { publicationId: string; versionId: string; spaceCode: string; contentTypeCode: string; environmentCode: string; code: string; }; }' is not assignable to type 'Record<string, ContentEntries>'.
      Property '[mockId]' is incompatible with index signature.
        Type '{ publicationId: string; versionId: string; spaceCode: string; contentTypeCode: string; environmentCode: string; code: string; }' is missing the following properties from type 'ContentEntries': publicationDate, metadata, components
packages/redux/src/entities/selectors/__tests__/entity.test.ts(36,24): error TS2345: Argument of type '{ entities: { brands: { 6326412: { id: number; name: string; }; 2450: { id: number; name: string; }; }; categories: { 0: { id: number; name: string; }; }; }; }' is not assignable to parameter of type 'Partial<{ entities: Partial<{ [k: string]: any; addresses: Record<string, Address>; availableTimeSlots: Record<string, Return>; bagItems: Record<number, BagItemEntity>; ... 33 more ...; wishlistSets: Record<...>; }>; ... 24 more ...; wishlist: State; }>'.
  The types of 'entities.brands' are incompatible between these types.
    Type '{ 6326412: { id: number; name: string; }; 2450: { id: number; name: string; }; }' is not assignable to type 'Record<number, Brand>'.
      Property '6326412' is incompatible with index signature.
        Property 'description' is missing in type '{ id: number; name: string; }' but required in type 'Brand'.
packages/redux/src/entities/selectors/__tests__/entity.test.ts(40,24): error TS2345: Argument of type '{ entities: { brands: { 6326412: { id: number; name: string; }; 2450: { id: number; name: string; }; }; categories: { 0: { id: number; name: string; }; }; }; }' is not assignable to parameter of type 'Partial<{ entities: Partial<{ [k: string]: any; addresses: Record<string, Address>; availableTimeSlots: Record<string, Return>; bagItems: Record<number, BagItemEntity>; ... 33 more ...; wishlistSets: Record<...>; }>; ... 24 more ...; wishlist: State; }>'.
packages/redux/src/entities/selectors/__tests__/entity.test.ts(48,26): error TS2345: Argument of type '{ entities: { brands: { 6326412: { id: number; name: string; }; 2450: { id: number; name: string; }; }; categories: { 0: { id: number; name: string; }; }; }; }' is not assignable to parameter of type 'Partial<{ entities: Partial<{ [k: string]: any; addresses: Record<string, Address>; availableTimeSlots: Record<string, Return>; bagItems: Record<number, BagItemEntity>; ... 33 more ...; wishlistSets: Record<...>; }>; ... 24 more ...; wishlist: State; }>'.
packages/redux/src/entities/selectors/__tests__/entity.test.ts(49,26): error TS2345: Argument of type '{ entities: { brands: { 6326412: { id: number; name: string; }; 2450: { id: number; name: string; }; }; categories: { 0: { id: number; name: string; }; }; }; }' is not assignable to parameter of type 'Partial<{ entities: Partial<{ [k: string]: any; addresses: Record<string, Address>; availableTimeSlots: Record<string, Return>; bagItems: Record<number, BagItemEntity>; ... 33 more ...; wishlistSets: Record<...>; }>; ... 24 more ...; wishlist: State; }>'.
packages/redux/src/entities/selectors/__tests__/entity.test.ts(53,26): error TS2345: Argument of type '{ entities: { brands: { 6326412: { id: number; name: string; }; 2450: { id: number; name: string; }; }; categories: { 0: { id: number; name: string; }; }; }; }' is not assignable to parameter of type 'Partial<{ entities: Partial<{ [k: string]: any; addresses: Record<string, Address>; availableTimeSlots: Record<string, Return>; bagItems: Record<number, BagItemEntity>; ... 33 more ...; wishlistSets: Record<...>; }>; ... 24 more ...; wishlist: State; }>'.
packages/redux/src/entities/selectors/__tests__/entity.test.ts(57,26): error TS2345: Argument of type '{ entities: { brands: { 6326412: { id: number; name: string; }; 2450: { id: number; name: string; }; }; categories: { 0: { id: number; name: string; }; }; }; }' is not assignable to parameter of type 'Partial<{ entities: Partial<{ [k: string]: any; addresses: Record<string, Address>; availableTimeSlots: Record<string, Return>; bagItems: Record<number, BagItemEntity>; ... 33 more ...; wishlistSets: Record<...>; }>; ... 24 more ...; wishlist: State; }>'.
packages/redux/src/entities/selectors/__tests__/entity.test.ts(63,26): error TS2345: Argument of type '{ entities: { brands: { 6326412: { id: number; name: string; }; 2450: { id: number; name: string; }; }; categories: { 0: { id: number; name: string; }; }; }; }' is not assignable to parameter of type 'Partial<{ entities: Partial<{ [k: string]: any; addresses: Record<string, Address>; availableTimeSlots: Record<string, Return>; bagItems: Record<number, BagItemEntity>; ... 33 more ...; wishlistSets: Record<...>; }>; ... 24 more ...; wishlist: State; }>'.
packages/redux/src/entities/selectors/__tests__/facets.test.ts(21,21): error TS2345: Argument of type '{ entities: { facets: { brands_580741: { readonly description: "Aquazzura"; readonly groupsOn: 0; readonly id: "brands_580741"; readonly parentId: "brands_0"; readonly slug: "aquazzura"; readonly url: "aquazzura"; readonly value: 580741; readonly valueUpperBound: 0; }; }; }; }' is not assignable to parameter of type 'Partial<{ entities: Partial<{ [k: string]: any; addresses: Record<string, Address>; availableTimeSlots: Record<string, Return>; bagItems: Record<number, BagItemEntity>; ... 33 more ...; wishlistSets: Record<...>; }>; ... 24 more ...; wishlist: State; }>'.
  The types of 'entities.facets' are incompatible between these types.
    Type '{ brands_580741: { readonly description: "Aquazzura"; readonly groupsOn: 0; readonly id: "brands_580741"; readonly parentId: "brands_0"; readonly slug: "aquazzura"; readonly url: "aquazzura"; readonly value: 580741; readonly valueUpperBound: 0; }; }' is not assignable to type 'Record<string, FacetEntity>'.
      Property '[mockFacetId]' is incompatible with index signature.
        Type '{ readonly description: "Aquazzura"; readonly groupsOn: 0; readonly id: "brands_580741"; readonly parentId: "brands_0"; readonly slug: "aquazzura"; readonly url: "aquazzura"; readonly value: 580741; readonly valueUpperBound: 0; }' is not assignable to type 'FacetEntity'.
          Type '{ readonly description: "Aquazzura"; readonly groupsOn: 0; readonly id: "brands_580741"; readonly parentId: "brands_0"; readonly slug: "aquazzura"; readonly url: "aquazzura"; readonly value: 580741; readonly valueUpperBound: 0; }' is missing the following properties from type 'FacetValue': format, _isDisabled, _isActive
packages/redux/src/entities/selectors/__tests__/facets.test.ts(36,22): error TS2345: Argument of type '{ entities: { facets: { brands_580741: { readonly description: "Aquazzura"; readonly groupsOn: 0; readonly id: "brands_580741"; readonly parentId: "brands_0"; readonly slug: "aquazzura"; readonly url: "aquazzura"; readonly value: 580741; readonly valueUpperBound: 0; }; brands_34624: { ...; }; }; }; }' is not assignable to parameter of type 'Partial<{ entities: Partial<{ [k: string]: any; addresses: Record<string, Address>; availableTimeSlots: Record<string, Return>; bagItems: Record<number, BagItemEntity>; ... 33 more ...; wishlistSets: Record<...>; }>; ... 24 more ...; wishlist: State; }>'.
  The types of 'entities.facets' are incompatible between these types.
    Type '{ brands_580741: { readonly description: "Aquazzura"; readonly groupsOn: 0; readonly id: "brands_580741"; readonly parentId: "brands_0"; readonly slug: "aquazzura"; readonly url: "aquazzura"; readonly value: 580741; readonly valueUpperBound: 0; }; brands_34624: { ...; }; }' is not assignable to type 'Record<string, FacetEntity>'.
      Property '[mockFacetId]' is incompatible with index signature.
        Type '{ readonly description: "Aquazzura"; readonly groupsOn: 0; readonly id: "brands_580741"; readonly parentId: "brands_0"; readonly slug: "aquazzura"; readonly url: "aquazzura"; readonly value: 580741; readonly valueUpperBound: 0; }' is not assignable to type 'FacetEntity'.
packages/redux/src/entities/selectors/__tests__/facets.test.ts(52,27): error TS2345: Argument of type '{ entities: { facets: { brands_580741: { readonly description: "Aquazzura"; readonly groupsOn: 0; readonly id: "brands_580741"; readonly parentId: "brands_0"; readonly slug: "aquazzura"; readonly url: "aquazzura"; readonly value: 580741; readonly valueUpperBound: 0; }; brands_34624: { ...; }; categories_136301: { .....' is not assignable to parameter of type 'Partial<{ entities: Partial<{ [k: string]: any; addresses: Record<string, Address>; availableTimeSlots: Record<string, Return>; bagItems: Record<number, BagItemEntity>; ... 33 more ...; wishlistSets: Record<...>; }>; ... 24 more ...; wishlist: State; }>'.
  The types of 'entities.facets' are incompatible between these types.
    Type '{ brands_580741: { readonly description: "Aquazzura"; readonly groupsOn: 0; readonly id: "brands_580741"; readonly parentId: "brands_0"; readonly slug: "aquazzura"; readonly url: "aquazzura"; readonly value: 580741; readonly valueUpperBound: 0; }; brands_34624: { ...; }; categories_136301: { ...; }; }' is not assignable to type 'Record<string, FacetEntity>'.
      Property '[mockFacetId]' is incompatible with index signature.
        Type '{ readonly description: "Aquazzura"; readonly groupsOn: 0; readonly id: "brands_580741"; readonly parentId: "brands_0"; readonly slug: "aquazzura"; readonly url: "aquazzura"; readonly value: 580741; readonly valueUpperBound: 0; }' is not assignable to type 'FacetEntity'.
packages/redux/src/entities/selectors/__tests__/merchants.test.ts(14,24): error TS2345: Argument of type '{ entities: { merchants: { 10973: { id: number; name: string; }; }; }; }' is not assignable to parameter of type 'Partial<{ entities: Partial<{ [k: string]: any; addresses: Record<string, Address>; availableTimeSlots: Record<string, Return>; bagItems: Record<number, BagItemEntity>; ... 33 more ...; wishlistSets: Record<...>; }>; ... 24 more ...; wishlist: State; }>'.
  The types of 'entities.merchants' are incompatible between these types.
    Type '{ 10973: { id: number; name: string; }; }' is not assignable to type 'Record<number, MerchantEntity>'.
      Property '[mockMerchantId]' is incompatible with index signature.
        Property 'shoppingUrl' is missing in type '{ id: number; name: string; }' but required in type 'MerchantEntity'.
packages/redux/src/entities/selectors/__tests__/merchantsLocations.test.ts(15,32): error TS2345: Argument of type '{ merchantsLocations: { error: string; isLoading: boolean; }; entities: { merchantsLocations: { 1467: { address: { addressLine1: string; addressLine2: string; addressLine3: null; city: { countryId: number; id: number; name: string; stateId: null; }; ... 15 more ...; customsClearanceCode: null; }; ... 9 more ...; del...' is not assignable to parameter of type 'Partial<{ entities: Partial<{ [k: string]: any; addresses: Record<string, Address>; availableTimeSlots: Record<string, Return>; bagItems: Record<number, BagItemEntity>; ... 33 more ...; wishlistSets: Record<...>; }>; ... 24 more ...; wishlist: State; }>'.
  The types of 'entities.merchantsLocations' are incompatible between these types.
    Type '{ 1467: { address: { addressLine1: string; addressLine2: string; addressLine3: null; city: { countryId: number; id: number; name: string; stateId: null; }; country: { alpha2Code: string; alpha3Code: string; ... 8 more ...; continentId: number; }; ... 14 more ...; customsClearanceCode: null; }; ... 9 more ...; delive...' is not assignable to type 'Record<number, MerchantLocation>'.
      Property '[mockMerchantLocationId]' is incompatible with index signature.
        Type '{ address: { addressLine1: string; addressLine2: string; addressLine3: null; city: { countryId: number; id: number; name: string; stateId: null; }; country: { alpha2Code: string; alpha3Code: string; culture: string; ... 7 more ...; continentId: number; }; ... 14 more ...; customsClearanceCode: null; }; ... 9 more .....' is not assignable to type 'MerchantLocation'.
packages/redux/src/entities/selectors/__tests__/merchantsLocations.test.ts(23,34): error TS2345: Argument of type '{ merchantsLocations: { error: string; isLoading: boolean; }; entities: { merchantsLocations: { 1467: { address: { addressLine1: string; addressLine2: string; addressLine3: null; city: { countryId: number; id: number; name: string; stateId: null; }; ... 15 more ...; customsClearanceCode: null; }; ... 9 more ...; del...' is not assignable to parameter of type 'Partial<{ entities: Partial<{ [k: string]: any; addresses: Record<string, Address>; availableTimeSlots: Record<string, Return>; bagItems: Record<number, BagItemEntity>; ... 33 more ...; wishlistSets: Record<...>; }>; ... 24 more ...; wishlist: State; }>'.
packages/redux/src/entities/selectors/__tests__/merchantsLocations.test.ts(38,39): error TS2345: Argument of type '{ merchantsLocations: { error: string; isLoading: boolean; }; entities: { merchantsLocations: { 1467: { address: { addressLine1: string; addressLine2: string; addressLine3: null; city: { countryId: number; id: number; name: string; stateId: null; }; ... 15 more ...; customsClearanceCode: null; }; ... 9 more ...; del...' is not assignable to parameter of type '{ entities?: Partial<{ [k: string]: any; addresses: Record<string, Address>; availableTimeSlots: Record<string, Return>; bagItems: Record<number, BagItemEntity>; ... 33 more ...; wishlistSets: Record<...>; }> | undefined; ... 24 more ...; wishlist?: State | undefined; }'.
  Types of property 'entities' are incompatible.
    Type '{ merchantsLocations: { 1467: { address: { addressLine1: string; addressLine2: string; addressLine3: null; city: { countryId: number; id: number; name: string; stateId: null; }; country: { alpha2Code: string; ... 9 more ...; continentId: number; }; ... 14 more ...; customsClearanceCode: null; }; ... 9 more ...; deli...' is not assignable to type 'Partial<{ [k: string]: any; addresses: Record<string, Address>; availableTimeSlots: Record<string, Return>; bagItems: Record<number, BagItemEntity>; ... 33 more ...; wishlistSets: Record<...>; }>'.
packages/redux/src/entities/selectors/__tests__/products.test.ts(30,23): error TS2345: Argument of type '{ entities: { products: { 11766695: { associationsInformation: { hasColorGrouping: boolean; }; attributes: { id: number; name: string; values: { id: number; value: string; }[]; }[]; brand: number; breadCrumbs: { ...; }[]; ... 18 more ...; variants: { ...; }[]; }; }; }; }' is not assignable to parameter of type 'Partial<{ entities: Partial<{ [k: string]: any; addresses: Record<string, Address>; availableTimeSlots: Record<string, Return>; bagItems: Record<number, BagItemEntity>; ... 33 more ...; wishlistSets: Record<...>; }>; ... 24 more ...; wishlist: State; }>'.
  The types of 'entities.products' are incompatible between these types.
    Type '{ 11766695: { associationsInformation: { hasColorGrouping: boolean; }; attributes: { id: number; name: string; values: { id: number; value: string; }[]; }[]; brand: number; breadCrumbs: { text: string; slug: string; link: string; }[]; ... 18 more ...; variants: { ...; }[]; }; }' is not assignable to type 'Record<number, ProductEntity>'.
      Property '[mockProductId]' is incompatible with index signature.
        Type '{ associationsInformation: { hasColorGrouping: boolean; }; attributes: { id: number; name: string; values: { id: number; value: string; }[]; }[]; brand: number; breadCrumbs: { text: string; slug: string; link: string; }[]; ... 18 more ...; variants: { ...; }[]; }' is not assignable to type 'ProductEntity'.
packages/redux/src/entities/selectors/__tests__/products.test.ts(54,29): error TS2345: Argument of type '{ entities: { products: { 11766695: { sizes: { isOneSize: boolean; id: number; globalQuantity: number; scale: number; stock: { merchantId: number; quantity: number; }[]; isOutOfStock: boolean; name: string; }[]; }; }; }; }' is not assignable to parameter of type 'Partial<{ entities: Partial<{ [k: string]: any; addresses: Record<string, Address>; availableTimeSlots: Record<string, Return>; bagItems: Record<number, BagItemEntity>; ... 33 more ...; wishlistSets: Record<...>; }>; ... 24 more ...; wishlist: State; }>'.
  The types of 'entities.products' are incompatible between these types.
    Type '{ 11766695: { sizes: { isOneSize: boolean; id: number; globalQuantity: number; scale: number; stock: { merchantId: number; quantity: number; }[]; isOutOfStock: boolean; name: string; }[]; }; }' is not assignable to type 'Record<number, ProductEntity>'.
      Property '11766695' is incompatible with index signature.
        Type '{ sizes: { isOneSize: boolean; id: number; globalQuantity: number; scale: number; stock: { merchantId: number; quantity: number; }[]; isOutOfStock: boolean; name: string; }[]; }' is missing the following properties from type 'ProductEntity': brand, categories, merchant, associations, and 56 more.
packages/redux/src/entities/selectors/__tests__/products.test.ts(66,29): error TS2345: Argument of type '{ entities: { products: { 11766695: { associationsInformation: { hasColorGrouping: boolean; }; attributes: { id: number; name: string; values: { id: number; value: string; }[]; }[]; brand: number; breadCrumbs: { ...; }[]; ... 18 more ...; variants: { ...; }[]; }; }; }; }' is not assignable to parameter of type 'Partial<{ entities: Partial<{ [k: string]: any; addresses: Record<string, Address>; availableTimeSlots: Record<string, Return>; bagItems: Record<number, BagItemEntity>; ... 33 more ...; wishlistSets: Record<...>; }>; ... 24 more ...; wishlist: State; }>'.
  The types of 'entities.products' are incompatible between these types.
    Type '{ 11766695: { associationsInformation: { hasColorGrouping: boolean; }; attributes: { id: number; name: string; values: { id: number; value: string; }[]; }[]; brand: number; breadCrumbs: { text: string; slug: string; link: string; }[]; ... 18 more ...; variants: { ...; }[]; }; }' is not assignable to type 'Record<number, ProductEntity>'.
      Property '[mockProductId]' is incompatible with index signature.
        Type '{ associationsInformation: { hasColorGrouping: boolean; }; attributes: { id: number; name: string; values: { id: number; value: string; }[]; }[]; brand: number; breadCrumbs: { text: string; slug: string; link: string; }[]; ... 18 more ...; variants: { ...; }[]; }' is not assignable to type 'ProductEntity'.
packages/redux/src/entities/selectors/__tests__/products.test.ts(80,29): error TS2345: Argument of type '{ entities: { products: { 11766695: { sizes: null; }; }; }; }' is not assignable to parameter of type 'Partial<{ entities: Partial<{ [k: string]: any; addresses: Record<string, Address>; availableTimeSlots: Record<string, Return>; bagItems: Record<number, BagItemEntity>; ... 33 more ...; wishlistSets: Record<...>; }>; ... 24 more ...; wishlist: State; }>'.
  The types of 'entities.products' are incompatible between these types.
    Type '{ 11766695: { sizes: null; }; }' is not assignable to type 'Record<number, ProductEntity>'.
      Property '11766695' is incompatible with index signature.
        Type '{ sizes: null; }' is missing the following properties from type 'ProductEntity': brand, categories, merchant, associations, and 56 more.
packages/redux/src/entities/selectors/__tests__/products.test.ts(96,32): error TS2345: Argument of type '{ entities: { products: { 11766695: { sizes: null; }; }; }; }' is not assignable to parameter of type 'Partial<{ entities: Partial<{ [k: string]: any; addresses: Record<string, Address>; availableTimeSlots: Record<string, Return>; bagItems: Record<number, BagItemEntity>; ... 33 more ...; wishlistSets: Record<...>; }>; ... 24 more ...; wishlist: State; }>'.
  The types of 'entities.products' are incompatible between these types.
    Type '{ 11766695: { sizes: null; }; }' is not assignable to type 'Record<number, ProductEntity>'.
      Property '11766695' is incompatible with index signature.
        Type '{ sizes: null; }' is missing the following properties from type 'ProductEntity': brand, categories, merchant, associations, and 56 more.
packages/redux/src/entities/selectors/__tests__/products.test.ts(110,32): error TS2345: Argument of type '{ entities: { products: { 11766695: { sizes: { globalQuantity: number; id: number; scale: number; stock: { merchantId: number; quantity: number; }[]; isOneSize: boolean; isOutOfStock: boolean; name: string; }[]; }; }; }; }' is not assignable to parameter of type 'Partial<{ entities: Partial<{ [k: string]: any; addresses: Record<string, Address>; availableTimeSlots: Record<string, Return>; bagItems: Record<number, BagItemEntity>; ... 33 more ...; wishlistSets: Record<...>; }>; ... 24 more ...; wishlist: State; }>'.
  The types of 'entities.products' are incompatible between these types.
    Type '{ 11766695: { sizes: { globalQuantity: number; id: number; scale: number; stock: { merchantId: number; quantity: number; }[]; isOneSize: boolean; isOutOfStock: boolean; name: string; }[]; }; }' is not assignable to type 'Record<number, ProductEntity>'.
      Property '11766695' is incompatible with index signature.
        Type '{ sizes: { globalQuantity: number; id: number; scale: number; stock: { merchantId: number; quantity: number; }[]; isOneSize: boolean; isOutOfStock: boolean; name: string; }[]; }' is missing the following properties from type 'ProductEntity': brand, categories, merchant, associations, and 56 more.
packages/redux/src/entities/selectors/__tests__/products.test.ts(130,32): error TS2345: Argument of type '{ entities: { products: { 11766695: { sizes: { isOneSize: boolean; isOutOfStock: boolean; id: number; globalQuantity: number; scale: number; stock: { merchantId: number; quantity: number; }[]; name: string; }[]; }; }; }; }' is not assignable to parameter of type 'Partial<{ entities: Partial<{ [k: string]: any; addresses: Record<string, Address>; availableTimeSlots: Record<string, Return>; bagItems: Record<number, BagItemEntity>; ... 33 more ...; wishlistSets: Record<...>; }>; ... 24 more ...; wishlist: State; }>'.
  The types of 'entities.products' are incompatible between these types.
    Type '{ 11766695: { sizes: { isOneSize: boolean; isOutOfStock: boolean; id: number; globalQuantity: number; scale: number; stock: { merchantId: number; quantity: number; }[]; name: string; }[]; }; }' is not assignable to type 'Record<number, ProductEntity>'.
      Property '11766695' is incompatible with index signature.
        Type '{ sizes: { isOneSize: boolean; isOutOfStock: boolean; id: number; globalQuantity: number; scale: number; stock: { merchantId: number; quantity: number; }[]; name: string; }[]; }' is missing the following properties from type 'ProductEntity': brand, categories, merchant, associations, and 56 more.
packages/redux/src/entities/selectors/__tests__/products.test.ts(142,32): error TS2345: Argument of type '{ entities: { products: { 11766695: { associationsInformation: { hasColorGrouping: boolean; }; attributes: { id: number; name: string; values: { id: number; value: string; }[]; }[]; brand: number; breadCrumbs: { ...; }[]; ... 18 more ...; variants: { ...; }[]; }; }; }; }' is not assignable to parameter of type 'Partial<{ entities: Partial<{ [k: string]: any; addresses: Record<string, Address>; availableTimeSlots: Record<string, Return>; bagItems: Record<number, BagItemEntity>; ... 33 more ...; wishlistSets: Record<...>; }>; ... 24 more ...; wishlist: State; }>'.
  The types of 'entities.products' are incompatible between these types.
    Type '{ 11766695: { associationsInformation: { hasColorGrouping: boolean; }; attributes: { id: number; name: string; values: { id: number; value: string; }[]; }[]; brand: number; breadCrumbs: { text: string; slug: string; link: string; }[]; ... 18 more ...; variants: { ...; }[]; }; }' is not assignable to type 'Record<number, ProductEntity>'.
      Property '[mockProductId]' is incompatible with index signature.
        Type '{ associationsInformation: { hasColorGrouping: boolean; }; attributes: { id: number; name: string; values: { id: number; value: string; }[]; }[]; brand: number; breadCrumbs: { text: string; slug: string; link: string; }[]; ... 18 more ...; variants: { ...; }[]; }' is not assignable to type 'ProductEntity'.
packages/redux/src/entities/selectors/__tests__/products.test.ts(159,33): error TS2345: Argument of type '{ entities: { products: { 11766695: { promotions: undefined; associationsInformation: { hasColorGrouping: boolean; }; attributes: { id: number; name: string; values: { id: number; value: string; }[]; }[]; brand: number; ... 18 more ...; variants: { ...; }[]; }; }; }; }' is not assignable to parameter of type '{ entities?: Partial<{ [k: string]: any; addresses: Record<string, Address>; availableTimeSlots: Record<string, Return>; bagItems: Record<number, BagItemEntity>; ... 33 more ...; wishlistSets: Record<...>; }> | undefined; ... 24 more ...; wishlist?: State | undefined; }'.
  The types of 'entities.products' are incompatible between these types.
    Type '{ 11766695: { promotions: undefined; associationsInformation: { hasColorGrouping: boolean; }; attributes: { id: number; name: string; values: { id: number; value: string; }[]; }[]; brand: number; breadCrumbs: { ...; }[]; ... 17 more ...; variants: { ...; }[]; }; }' is not assignable to type 'Record<number, ProductEntity>'.
      Property '11766695' is incompatible with index signature.
        Type '{ promotions: undefined; associationsInformation: { hasColorGrouping: boolean; }; attributes: { id: number; name: string; values: { id: number; value: string; }[]; }[]; brand: number; breadCrumbs: { text: string; slug: string; link: string; }[]; ... 17 more ...; variants: { ...; }[]; }' is missing the following properties from type 'ProductEntity': categories, associations, brandStyleId, care, and 36 more.
packages/redux/src/entities/selectors/__tests__/products.test.ts(174,33): error TS2345: Argument of type '{ entities: { products: { 11766695: { promotions: null; associationsInformation: { hasColorGrouping: boolean; }; attributes: { id: number; name: string; values: { id: number; value: string; }[]; }[]; brand: number; ... 18 more ...; variants: { ...; }[]; }; }; }; }' is not assignable to parameter of type '{ entities?: Partial<{ [k: string]: any; addresses: Record<string, Address>; availableTimeSlots: Record<string, Return>; bagItems: Record<number, BagItemEntity>; ... 33 more ...; wishlistSets: Record<...>; }> | undefined; ... 24 more ...; wishlist?: State | undefined; }'.
  The types of 'entities.products' are incompatible between these types.
    Type '{ 11766695: { promotions: null; associationsInformation: { hasColorGrouping: boolean; }; attributes: { id: number; name: string; values: { id: number; value: string; }[]; }[]; brand: number; breadCrumbs: { ...; }[]; ... 17 more ...; variants: { ...; }[]; }; }' is not assignable to type 'Record<number, ProductEntity>'.
      Property '11766695' is incompatible with index signature.
        Type '{ promotions: null; associationsInformation: { hasColorGrouping: boolean; }; attributes: { id: number; name: string; values: { id: number; value: string; }[]; }[]; brand: number; breadCrumbs: { text: string; slug: string; link: string; }[]; ... 17 more ...; variants: { ...; }[]; }' is missing the following properties from type 'ProductEntity': categories, associations, brandStyleId, care, and 36 more.
packages/redux/src/entities/selectors/__tests__/products.test.ts(186,33): error TS2345: Argument of type '{ entities: { products: { 11766695: { associationsInformation: { hasColorGrouping: boolean; }; attributes: { id: number; name: string; values: { id: number; value: string; }[]; }[]; brand: number; breadCrumbs: { ...; }[]; ... 18 more ...; variants: { ...; }[]; }; }; }; }' is not assignable to parameter of type '{ entities?: Partial<{ [k: string]: any; addresses: Record<string, Address>; availableTimeSlots: Record<string, Return>; bagItems: Record<number, BagItemEntity>; ... 33 more ...; wishlistSets: Record<...>; }> | undefined; ... 24 more ...; wishlist?: State | undefined; }'.
  The types of 'entities.products' are incompatible between these types.
    Type '{ 11766695: { associationsInformation: { hasColorGrouping: boolean; }; attributes: { id: number; name: string; values: { id: number; value: string; }[]; }[]; brand: number; breadCrumbs: { text: string; slug: string; link: string; }[]; ... 18 more ...; variants: { ...; }[]; }; }' is not assignable to type 'Record<number, ProductEntity>'.
      Property '[mockProductId]' is incompatible with index signature.
        Type '{ associationsInformation: { hasColorGrouping: boolean; }; attributes: { id: number; name: string; values: { id: number; value: string; }[]; }[]; brand: number; breadCrumbs: { text: string; slug: string; link: string; }[]; ... 18 more ...; variants: { ...; }[]; }' is not assignable to type 'ProductEntity'.
packages/redux/src/entities/selectors/__tests__/products.test.ts(210,39): error TS2345: Argument of type '{ entities: { products: { 11766695: { labels: { id: number; name: string; priority: number; }[]; associationsInformation: { hasColorGrouping: boolean; }; attributes: { id: number; name: string; values: { id: number; value: string; }[]; }[]; ... 19 more ...; variants: { ...; }[]; }; }; }; }' is not assignable to parameter of type '{ entities?: Partial<{ [k: string]: any; addresses: Record<string, Address>; availableTimeSlots: Record<string, Return>; bagItems: Record<number, BagItemEntity>; ... 33 more ...; wishlistSets: Record<...>; }> | undefined; ... 24 more ...; wishlist?: State | undefined; }'.
  The types of 'entities.products' are incompatible between these types.
    Type '{ 11766695: { labels: { id: number; name: string; priority: number; }[]; associationsInformation: { hasColorGrouping: boolean; }; attributes: { id: number; name: string; values: { id: number; value: string; }[]; }[]; ... 19 more ...; variants: { ...; }[]; }; }' is not assignable to type 'Record<number, ProductEntity>'.
      Property '11766695' is incompatible with index signature.
        Type '{ labels: { id: number; name: string; priority: number; }[]; associationsInformation: { hasColorGrouping: boolean; }; attributes: { id: number; name: string; values: { id: number; value: string; }[]; }[]; brand: number; ... 18 more ...; variants: { ...; }[]; }' is missing the following properties from type 'ProductEntity': categories, associations, brandStyleId, care, and 36 more.
packages/redux/src/entities/selectors/__tests__/products.test.ts(234,39): error TS2345: Argument of type '{ entities: { products: { 11766695: { labels: { id: number; name: string; priority: number; }[]; associationsInformation: { hasColorGrouping: boolean; }; attributes: { id: number; name: string; values: { id: number; value: string; }[]; }[]; ... 19 more ...; variants: { ...; }[]; }; }; }; }' is not assignable to parameter of type '{ entities?: Partial<{ [k: string]: any; addresses: Record<string, Address>; availableTimeSlots: Record<string, Return>; bagItems: Record<number, BagItemEntity>; ... 33 more ...; wishlistSets: Record<...>; }> | undefined; ... 24 more ...; wishlist?: State | undefined; }'.
  The types of 'entities.products' are incompatible between these types.
    Type '{ 11766695: { labels: { id: number; name: string; priority: number; }[]; associationsInformation: { hasColorGrouping: boolean; }; attributes: { id: number; name: string; values: { id: number; value: string; }[]; }[]; ... 19 more ...; variants: { ...; }[]; }; }' is not assignable to type 'Record<number, ProductEntity>'.
      Property '11766695' is incompatible with index signature.
        Type '{ labels: { id: number; name: string; priority: number; }[]; associationsInformation: { hasColorGrouping: boolean; }; attributes: { id: number; name: string; values: { id: number; value: string; }[]; }[]; brand: number; ... 18 more ...; variants: { ...; }[]; }' is missing the following properties from type 'ProductEntity': categories, associations, brandStyleId, care, and 36 more.
packages/redux/src/entities/selectors/__tests__/users.test.ts(8,25): error TS7006: Parameter 'userId' implicitly has an 'any' type.
packages/redux/src/entities/selectors/brands.ts(19,25): error TS2322: Type 'unknown' is not assignable to type 'Brand | undefined'.
  Type 'unknown' is not assignable to type 'Brand'.
packages/redux/src/entities/selectors/categories.ts(19,28): error TS2322: Type 'unknown' is not assignable to type 'Category | undefined'.
  Type 'unknown' is not assignable to type 'Category'.
packages/redux/src/entities/selectors/cities.ts(17,3): error TS2322: Type 'unknown' is not assignable to type 'City'.
packages/redux/src/entities/selectors/cities.ts(17,34): error TS2345: Argument of type 'number' is not assignable to parameter of type 'string'.
packages/redux/src/entities/selectors/contents.ts(17,3): error TS2322: Type 'unknown' is not assignable to type 'ContentEntries'.
packages/redux/src/entities/selectors/countries.ts(20,3): error TS2322: Type 'unknown' is not assignable to type 'Country'.
packages/redux/src/entities/selectors/countries.ts(33,3): error TS2322: Type 'Record<string, Countries> | undefined' is not assignable to type 'Countries'.
  Type 'undefined' is not assignable to type 'Countries'.
packages/redux/src/entities/selectors/facets.ts(19,31): error TS2322: Type 'unknown' is not assignable to type 'FacetEntity | undefined'.
  Type 'unknown' is not assignable to type 'FacetEntity'.
    Type 'unknown' is not assignable to type 'FacetValue'.
packages/redux/src/entities/selectors/merchants.ts(19,34): error TS2322: Type 'unknown' is not assignable to type 'MerchantEntity | undefined'.
  Type 'unknown' is not assignable to type 'MerchantEntity'.
packages/redux/src/entities/selectors/merchantsLocations.ts(21,3): error TS2322: Type 'unknown' is not assignable to type 'MerchantLocation | undefined'.
  Type 'unknown' is not assignable to type 'MerchantLocation'.
packages/redux/src/entities/selectors/products.ts(22,33): error TS2322: Type 'unknown' is not assignable to type 'ProductEntity | undefined'.
  Type 'unknown' is not assignable to type 'ProductEntity'.
packages/redux/src/entities/selectors/returns.ts(19,3): error TS2322: Type 'Record<number, Return> | undefined' is not assignable to type 'Return | undefined'.
  Type 'Record<number, Return>' is missing the following properties from type 'Return': availableDates, id, orderId, merchantId, and 15 more.
packages/redux/src/entities/selectors/returns.ts(31,3): error TS2322: Type 'Record<number, ReturnItem> | undefined' is not assignable to type 'ReturnItem | undefined'.
  Type 'Record<number, ReturnItem>' is missing the following properties from type 'ReturnItem': Id, OrderItemId, Reason, Description, Status
packages/redux/src/entities/selectors/returns.ts(43,3): error TS2322: Type 'Record<string, Return> | undefined' is not assignable to type 'TimeSlots[] | undefined'.
  Type 'Record<string, Return>' is missing the following properties from type 'TimeSlots[]': length, pop, push, concat, and 28 more.
packages/redux/src/entities/selectors/sizeScales.ts(20,29): error TS2322: Type 'unknown' is not assignable to type 'SizeScale | undefined'.
  Type 'unknown' is not assignable to type 'SizeScale'.
packages/redux/src/entities/selectors/states.ts(17,3): error TS2322: Type 'unknown' is not assignable to type 'State'.
packages/redux/src/entities/selectors/states.ts(17,34): error TS2345: Argument of type 'number' is not assignable to parameter of type 'string'.
packages/redux/src/forms/__tests__/reducer.test.ts(4,5): error TS7034: Variable 'initialState' implicitly has type 'any' in some locations where its type cannot be determined.
packages/redux/src/forms/__tests__/reducer.test.ts(18,17): error TS7005: Variable 'initialState' implicitly has an 'any' type.
packages/redux/src/forms/__tests__/reducer.test.ts(26,29): error TS7005: Variable 'initialState' implicitly has an 'any' type.
packages/redux/src/forms/__tests__/reducer.test.ts(51,26): error TS7005: Variable 'initialState' implicitly has an 'any' type.
packages/redux/src/forms/__tests__/reducer.test.ts(61,29): error TS7005: Variable 'initialState' implicitly has an 'any' type.
packages/redux/src/forms/__tests__/reducer.test.ts(96,26): error TS7005: Variable 'initialState' implicitly has an 'any' type.
packages/redux/src/forms/__tests__/selectors.test.ts(18,41): error TS2345: Argument of type '{ forms: { result: { [x: string]: { id: string; code: string; name: string; tenantId: number; schemaId: string; jsonSchema: { title: string; description: string; type: string; properties: { name: { type: string; }; email: { ...; }; }; required: string[]; }; ... 4 more ...; updatedAt: string; }; }; error: { ...; }; i...' is not assignable to parameter of type 'Partial<{ entities: Partial<{ [k: string]: any; addresses: Record<string, Address>; availableTimeSlots: Record<string, Return>; bagItems: Record<number, BagItemEntity>; ... 33 more ...; wishlistSets: Record<...>; }>; ... 24 more ...; wishlist: State; }>'.
packages/redux/src/forms/__tests__/selectors.test.ts(30,40): error TS2345: Argument of type '{ forms: { result: { [x: string]: { id: string; code: string; name: string; tenantId: number; schemaId: string; jsonSchema: { title: string; description: string; type: string; properties: { name: { type: string; }; email: { ...; }; }; required: string[]; }; ... 4 more ...; updatedAt: string; }; }; error: { ...; }; i...' is not assignable to parameter of type 'Partial<{ entities: Partial<{ [k: string]: any; addresses: Record<string, Address>; availableTimeSlots: Record<string, Return>; bagItems: Record<number, BagItemEntity>; ... 33 more ...; wishlistSets: Record<...>; }>; ... 24 more ...; wishlist: State; }>'.
packages/redux/src/forms/__tests__/selectors.test.ts(41,41): error TS2345: Argument of type '{ forms: { result: { [x: string]: { id: string; code: string; name: string; tenantId: number; schemaId: string; jsonSchema: { title: string; description: string; type: string; properties: { name: { type: string; }; email: { ...; }; }; required: string[]; }; ... 4 more ...; updatedAt: string; }; }; error: { ...; }; i...' is not assignable to parameter of type 'Partial<{ entities: Partial<{ [k: string]: any; addresses: Record<string, Address>; availableTimeSlots: Record<string, Return>; bagItems: Record<number, BagItemEntity>; ... 33 more ...; wishlistSets: Record<...>; }>; ... 24 more ...; wishlist: State; }>'.
packages/redux/src/forms/__tests__/selectors.test.ts(47,11): error TS7034: Variable 'formsResultState' implicitly has type 'any' in some locations where its type cannot be determined.
packages/redux/src/forms/__tests__/selectors.test.ts(60,41): error TS2345: Argument of type '{ forms: { result: { [x: string]: { id: string; code: string; name: string; tenantId: number; schemaId: string; jsonSchema: { title: string; description: string; type: string; properties: { name: { type: string; }; email: { ...; }; }; required: string[]; }; ... 4 more ...; updatedAt: string; }; }; error: { ...; }; i...' is not assignable to parameter of type 'Partial<{ entities: Partial<{ [k: string]: any; addresses: Record<string, Address>; availableTimeSlots: Record<string, Return>; bagItems: Record<number, BagItemEntity>; ... 33 more ...; wishlistSets: Record<...>; }>; ... 24 more ...; wishlist: State; }>'.
packages/redux/src/forms/__tests__/selectors.test.ts(60,61): error TS7005: Variable 'formsResultState' implicitly has an 'any' type.
packages/redux/src/forms/__tests__/selectors.test.ts(72,42): error TS2345: Argument of type '{ forms: { result: { [x: string]: { id: string; code: string; name: string; tenantId: number; schemaId: string; jsonSchema: { title: string; description: string; type: string; properties: { name: { type: string; }; email: { ...; }; }; required: string[]; }; ... 4 more ...; updatedAt: string; }; }; error: { ...; }; i...' is not assignable to parameter of type 'Partial<{ entities: Partial<{ [k: string]: any; addresses: Record<string, Address>; availableTimeSlots: Record<string, Return>; bagItems: Record<number, BagItemEntity>; ... 33 more ...; wishlistSets: Record<...>; }>; ... 24 more ...; wishlist: State; }>'.
  Types of property 'forms' are incompatible.
    Type '{ result: { [x: string]: { id: string; code: string; name: string; tenantId: number; schemaId: string; jsonSchema: { title: string; description: string; type: string; properties: { name: { type: string; }; email: { ...; }; }; required: string[]; }; ... 4 more ...; updatedAt: string; }; }; error: { ...; }; isLoading:...' is not assignable to type 'State'.
      Type '{ result: { [x: string]: { id: string; code: string; name: string; tenantId: number; schemaId: string; jsonSchema: { title: string; description: string; type: string; properties: { name: { type: string; }; email: { ...; }; }; required: string[]; }; ... 4 more ...; updatedAt: string; }; }; error: { ...; }; isLoading:...' is not assignable to type '{ result: FormResult; error: Record<string, Error | null | undefined>; isLoading: Record<string, boolean>; isSubmitFormLoading: Record<string, boolean>; submitFormError: Record<...>; }'.
        Types of property 'result' are incompatible.
          Type '{ [x: string]: { id: string; code: string; name: string; tenantId: number; schemaId: string; jsonSchema: { title: string; description: string; type: string; properties: { name: { type: string; }; email: { type: string; format: string; }; }; required: string[]; }; ... 4 more ...; updatedAt: string; }; }' is not assignable to type 'FormResult'.
            'string' index signatures are incompatible.
              Property 'uiSchema' is missing in type '{ id: string; code: string; name: string; tenantId: number; schemaId: string; jsonSchema: { title: string; description: string; type: string; properties: { name: { type: string; }; email: { type: string; format: string; }; }; required: string[]; }; ... 4 more ...; updatedAt: string; }' but required in type 'FormSchema'.
packages/redux/src/forms/__tests__/selectors.test.ts(85,43): error TS2345: Argument of type '{ forms: { result: { [x: string]: { id: string; code: string; name: string; tenantId: number; schemaId: string; jsonSchema: { title: string; description: string; type: string; properties: { name: { type: string; }; email: { ...; }; }; required: string[]; }; ... 4 more ...; updatedAt: string; }; }; error: { ...; }; i...' is not assignable to parameter of type 'Partial<{ entities: Partial<{ [k: string]: any; addresses: Record<string, Address>; availableTimeSlots: Record<string, Return>; bagItems: Record<number, BagItemEntity>; ... 33 more ...; wishlistSets: Record<...>; }>; ... 24 more ...; wishlist: State; }>'.
packages/redux/src/forms/actions/__tests__/fetchFormSchema.test.ts(15,5): error TS7034: Variable 'store' implicitly has type 'any' in some locations where its type cannot be determined.
packages/redux/src/forms/actions/__tests__/fetchFormSchema.test.ts(34,19): error TS2339: Property 'mockRejectedValueOnce' does not exist on type 'GetFormSchema'.
packages/redux/src/forms/actions/__tests__/fetchFormSchema.test.ts(38,11): error TS7005: Variable 'store' implicitly has an 'any' type.
packages/redux/src/forms/actions/__tests__/fetchFormSchema.test.ts(46,14): error TS7006: Parameter 'error' implicitly has an 'any' type.
packages/redux/src/forms/actions/__tests__/fetchFormSchema.test.ts(54,16): error TS7005: Variable 'store' implicitly has an 'any' type.
packages/redux/src/forms/actions/__tests__/fetchFormSchema.test.ts(69,19): error TS2339: Property 'mockResolvedValueOnce' does not exist on type 'GetFormSchema'.
packages/redux/src/forms/actions/__tests__/fetchFormSchema.test.ts(71,11): error TS7005: Variable 'store' implicitly has an 'any' type.
packages/redux/src/forms/actions/__tests__/fetchFormSchema.test.ts(79,13): error TS7006: Parameter 'clientResult' implicitly has an 'any' type.
packages/redux/src/forms/actions/__tests__/fetchFormSchema.test.ts(83,27): error TS7005: Variable 'store' implicitly has an 'any' type.
packages/redux/src/forms/actions/__tests__/fetchFormSchema.test.ts(91,12): error TS7005: Variable 'store' implicitly has an 'any' type.
packages/redux/src/forms/actions/__tests__/resetFormSchema.test.ts(11,13): error TS2554: Expected 2-3 arguments, but got 0.
packages/redux/src/forms/actions/__tests__/resetFormSchema.test.ts(12,20): error TS2345: Argument of type '(dispatch: Dispatch) => void' is not assignable to parameter of type 'AnyAction'.
  Property 'type' is missing in type '(dispatch: Dispatch) => void' but required in type 'AnyAction'.
packages/redux/src/forms/actions/__tests__/submitFormData.test.ts(15,5): error TS7034: Variable 'store' implicitly has type 'any' in some locations where its type cannot be determined.
packages/redux/src/forms/actions/__tests__/submitFormData.test.ts(34,18): error TS2339: Property 'mockRejectedValueOnce' does not exist on type 'PostFormSchema'.
packages/redux/src/forms/actions/__tests__/submitFormData.test.ts(38,11): error TS7005: Variable 'store' implicitly has an 'any' type.
packages/redux/src/forms/actions/__tests__/submitFormData.test.ts(46,14): error TS7006: Parameter 'error' implicitly has an 'any' type.
packages/redux/src/forms/actions/__tests__/submitFormData.test.ts(54,16): error TS7005: Variable 'store' implicitly has an 'any' type.
packages/redux/src/forms/actions/__tests__/submitFormData.test.ts(68,18): error TS2339: Property 'mockResolvedValueOnce' does not exist on type 'PostFormSchema'.
packages/redux/src/forms/actions/__tests__/submitFormData.test.ts(70,11): error TS7005: Variable 'store' implicitly has an 'any' type.
packages/redux/src/forms/actions/__tests__/submitFormData.test.ts(78,13): error TS7006: Parameter 'clientResult' implicitly has an 'any' type.
packages/redux/src/forms/actions/__tests__/submitFormData.test.ts(82,27): error TS7005: Variable 'store' implicitly has an 'any' type.
packages/redux/src/forms/actions/__tests__/submitFormData.test.ts(90,12): error TS7005: Variable 'store' implicitly has an 'any' type.
packages/redux/src/forms/actions/factories/fetchFormSchemaFactory.ts(39,20): error TS2322: Type 'unknown' is not assignable to type 'Error'.
packages/redux/src/forms/selectors.ts(7,1): error TS1371: This import is never used as a value and must use 'import type' because 'importsNotUsedAsValues' is set to 'error'.
packages/redux/src/forms/selectors.ts(40,3): error TS2322: Type 'Error | null | undefined' is not assignable to type 'Error | null'.
  Type 'undefined' is not assignable to type 'Error | null'.
packages/redux/src/forms/selectors.ts(40,24): error TS2345: Argument of type 'State | undefined' is not assignable to parameter of type 'State'.
  Type 'undefined' is not assignable to type 'State'.
    Type 'undefined' is not assignable to type 'EmptyObject'.
packages/redux/src/forms/selectors.ts(63,15): error TS2322: Type 'boolean | undefined' is not assignable to type 'boolean'.
packages/redux/src/forms/selectors.ts(63,33): error TS2345: Argument of type 'State | undefined' is not assignable to parameter of type 'State'.
  Type 'undefined' is not assignable to type 'State'.
packages/redux/src/forms/selectors.ts(83,19): error TS2345: Argument of type 'State | undefined' is not assignable to parameter of type 'State'.
  Type 'undefined' is not assignable to type 'State'.
packages/redux/src/forms/selectors.ts(106,10): error TS2322: Type 'unknown' is not assignable to type '[]'.
packages/redux/src/forms/selectors.ts(129,44): error TS2345: Argument of type 'State | undefined' is not assignable to parameter of type 'State'.
  Type 'undefined' is not assignable to type 'State'.
packages/redux/src/forms/selectors.ts(152,15): error TS2322: Type 'boolean | undefined' is not assignable to type 'boolean'.
packages/redux/src/forms/selectors.ts(152,42): error TS2345: Argument of type 'State | undefined' is not assignable to parameter of type 'State'.
  Type 'undefined' is not assignable to type 'State'.
packages/redux/src/helpers/__tests__/createMergedObject.test.ts(5,8): error TS7016: Could not find a declaration file for module '../__fixtures__/createMergedObject.fixtures'. '/Users/andre.araujocosta/dev/fps/blackout/packages/redux/src/helpers/__fixtures__/createMergedObject.fixtures.js' implicitly has an 'any' type.
packages/redux/src/helpers/__tests__/createMergedObject.test.ts(18,41): error TS7006: Parameter 'mergedObject' implicitly has an 'any' type.
packages/redux/src/helpers/__tests__/createMergedObject.test.ts(18,55): error TS7006: Parameter 'target' implicitly has an 'any' type.
packages/redux/src/helpers/__tests__/createMergedObject.test.ts(18,63): error TS7006: Parameter 'source' implicitly has an 'any' type.
packages/redux/src/helpers/__tests__/createMergedObject.test.ts(84,45): error TS2345: Argument of type 'null' is not assignable to parameter of type '{ [k: string]: any; }'.
packages/redux/src/helpers/__tests__/reducerFactory.test.ts(19,7): error TS7034: Variable 'reducer' implicitly has type 'any' in some locations where its type cannot be determined.
packages/redux/src/helpers/__tests__/reducerFactory.test.ts(29,22): error TS7005: Variable 'reducer' implicitly has an 'any' type.
packages/redux/src/helpers/__tests__/reducerFactory.test.ts(38,22): error TS7005: Variable 'reducer' implicitly has an 'any' type.
packages/redux/src/helpers/__tests__/reducerFactory.test.ts(50,22): error TS7005: Variable 'reducer' implicitly has an 'any' type.
packages/redux/src/helpers/__tests__/reducerFactory.test.ts(59,12): error TS7005: Variable 'reducer' implicitly has an 'any' type.
packages/redux/src/helpers/__tests__/reducerFactory.test.ts(65,12): error TS7005: Variable 'reducer' implicitly has an 'any' type.
packages/redux/src/helpers/__tests__/reducerFactory.test.ts(110,7): error TS7034: Variable 'reducer' implicitly has type 'any' in some locations where its type cannot be determined.
packages/redux/src/helpers/__tests__/reducerFactory.test.ts(120,22): error TS7005: Variable 'reducer' implicitly has an 'any' type.
packages/redux/src/helpers/__tests__/reducerFactory.test.ts(130,22): error TS7005: Variable 'reducer' implicitly has an 'any' type.
packages/redux/src/helpers/__tests__/reducerFactory.test.ts(142,22): error TS7005: Variable 'reducer' implicitly has an 'any' type.
packages/redux/src/helpers/__tests__/reducerFactory.test.ts(154,12): error TS7005: Variable 'reducer' implicitly has an 'any' type.
packages/redux/src/helpers/__tests__/reducerFactory.test.ts(175,12): error TS7005: Variable 'reducer' implicitly has an 'any' type.
packages/redux/src/locale/__tests__/reducer.test.ts(18,17): error TS2345: Argument of type 'undefined' is not assignable to parameter of type 'State'.
packages/redux/src/locale/__tests__/reducer.test.ts(36,17): error TS2345: Argument of type 'undefined' is not assignable to parameter of type 'State'.
packages/redux/src/locale/__tests__/reducer.test.ts(59,17): error TS2345: Argument of type 'undefined' is not assignable to parameter of type 'State'.
packages/redux/src/locale/__tests__/reducer.test.ts(69,17): error TS2345: Argument of type 'undefined' is not assignable to parameter of type 'State'.
packages/redux/src/locale/__tests__/reducer.test.ts(81,17): error TS2345: Argument of type 'undefined' is not assignable to parameter of type 'State'.
packages/redux/src/locale/__tests__/reducer.test.ts(107,17): error TS2345: Argument of type 'undefined' is not assignable to parameter of type 'State'.
packages/redux/src/locale/__tests__/reducer.test.ts(116,17): error TS2345: Argument of type 'undefined' is not assignable to parameter of type 'State'.
packages/redux/src/locale/__tests__/reducer.test.ts(126,17): error TS2345: Argument of type 'undefined' is not assignable to parameter of type 'State'.
packages/redux/src/locale/__tests__/reducer.test.ts(139,17): error TS2345: Argument of type 'undefined' is not assignable to parameter of type 'State'.
packages/redux/src/locale/__tests__/reducer.test.ts(151,17): error TS2345: Argument of type 'undefined' is not assignable to parameter of type 'State'.
packages/redux/src/locale/__tests__/reducer.test.ts(160,17): error TS2345: Argument of type 'undefined' is not assignable to parameter of type 'State'.
packages/redux/src/locale/__tests__/reducer.test.ts(189,17): error TS2345: Argument of type 'undefined' is not assignable to parameter of type 'State'.
packages/redux/src/locale/__tests__/reducer.test.ts(199,17): error TS2345: Argument of type 'undefined' is not assignable to parameter of type 'State'.
packages/redux/src/locale/__tests__/reducer.test.ts(211,17): error TS2345: Argument of type 'undefined' is not assignable to parameter of type 'State'.
packages/redux/src/locale/__tests__/reducer.test.ts(250,17): error TS2345: Argument of type 'undefined' is not assignable to parameter of type 'State'.
packages/redux/src/locale/__tests__/reducer.test.ts(262,17): error TS2345: Argument of type 'undefined' is not assignable to parameter of type 'State'.
packages/redux/src/locale/__tests__/selectors.test.ts(49,48): error TS2345: Argument of type '{ locale: { countryCode: string; cities: { isLoading: boolean; error: null; }; countries: { isLoading: boolean; error: null; }; currencies: { isLoading: boolean; error: null; }; states: { isLoading: boolean; error: null; }; }; entities: { ...; }; }' is not assignable to parameter of type 'Partial<{ entities: Partial<{ [k: string]: any; addresses: Record<string, Address>; availableTimeSlots: Record<string, Return>; bagItems: Record<number, BagItemEntity>; ... 33 more ...; wishlistSets: Record<...>; }>; ... 24 more ...; wishlist: State; }>'.
  The types of 'entities.cities' are incompatible between these types.
    Type '{ 516: { id: number; name: string; stateId: number; countryId: number; } | undefined; 515: { id: number; name: string; stateId: number; countryId: number; } | undefined; }' is not assignable to type 'Record<string, Cities>'.
      Property '516' is incompatible with index signature.
        Type '{ id: number; name: string; stateId: number; countryId: number; } | undefined' is not assignable to type 'Cities'.
          Type 'undefined' is not assignable to type 'Cities'.
packages/redux/src/locale/__tests__/selectors.test.ts(59,46): error TS2345: Argument of type '{ locale: { countryCode: string; cities: { isLoading: boolean; error: null; }; countries: { isLoading: boolean; error: null; }; currencies: { isLoading: boolean; error: null; }; states: { isLoading: boolean; error: null; }; }; entities: { ...; }; }' is not assignable to parameter of type 'Partial<{ entities: Partial<{ [k: string]: any; addresses: Record<string, Address>; availableTimeSlots: Record<string, Return>; bagItems: Record<number, BagItemEntity>; ... 33 more ...; wishlistSets: Record<...>; }>; ... 24 more ...; wishlist: State; }>'.
packages/redux/src/locale/__tests__/selectors.test.ts(69,44): error TS2345: Argument of type '{ locale: { countryCode: string; cities: { isLoading: boolean; error: null; }; countries: { isLoading: boolean; error: null; }; currencies: { isLoading: boolean; error: null; }; states: { isLoading: boolean; error: null; }; }; entities: { ...; }; }' is not assignable to parameter of type 'Partial<{ entities: Partial<{ [k: string]: any; addresses: Record<string, Address>; availableTimeSlots: Record<string, Return>; bagItems: Record<number, BagItemEntity>; ... 33 more ...; wishlistSets: Record<...>; }>; ... 24 more ...; wishlist: State; }>'.
packages/redux/src/locale/__tests__/selectors.test.ts(79,42): error TS2345: Argument of type '{ locale: { countryCode: string; cities: { isLoading: boolean; error: null; }; countries: { isLoading: boolean; error: null; }; currencies: { isLoading: boolean; error: null; }; states: { isLoading: boolean; error: null; }; }; entities: { ...; }; }' is not assignable to parameter of type 'Partial<{ entities: Partial<{ [k: string]: any; addresses: Record<string, Address>; availableTimeSlots: Record<string, Return>; bagItems: Record<number, BagItemEntity>; ... 33 more ...; wishlistSets: Record<...>; }>; ... 24 more ...; wishlist: State; }>'.
packages/redux/src/locale/__tests__/selectors.test.ts(89,52): error TS2345: Argument of type '{ locale: { countryCode: string; cities: { isLoading: boolean; error: null; }; countries: { isLoading: boolean; error: null; }; currencies: { isLoading: boolean; error: null; }; states: { isLoading: boolean; error: null; }; }; entities: { ...; }; }' is not assignable to parameter of type 'Partial<{ entities: Partial<{ [k: string]: any; addresses: Record<string, Address>; availableTimeSlots: Record<string, Return>; bagItems: Record<number, BagItemEntity>; ... 33 more ...; wishlistSets: Record<...>; }>; ... 24 more ...; wishlist: State; }>'.
packages/redux/src/locale/__tests__/selectors.test.ts(101,50): error TS2345: Argument of type '{ locale: { countryCode: string; cities: { isLoading: boolean; error: null; }; countries: { isLoading: boolean; error: null; }; currencies: { isLoading: boolean; error: null; }; states: { isLoading: boolean; error: null; }; }; entities: { ...; }; }' is not assignable to parameter of type 'Partial<{ entities: Partial<{ [k: string]: any; addresses: Record<string, Address>; availableTimeSlots: Record<string, Return>; bagItems: Record<number, BagItemEntity>; ... 33 more ...; wishlistSets: Record<...>; }>; ... 24 more ...; wishlist: State; }>'.
packages/redux/src/locale/__tests__/selectors.test.ts(113,48): error TS2345: Argument of type '{ locale: { countryCode: string; cities: { isLoading: boolean; error: null; }; countries: { isLoading: boolean; error: null; }; currencies: { isLoading: boolean; error: null; }; states: { isLoading: boolean; error: null; }; }; entities: { ...; }; }' is not assignable to parameter of type 'Partial<{ entities: Partial<{ [k: string]: any; addresses: Record<string, Address>; availableTimeSlots: Record<string, Return>; bagItems: Record<number, BagItemEntity>; ... 33 more ...; wishlistSets: Record<...>; }>; ... 24 more ...; wishlist: State; }>'.
packages/redux/src/locale/__tests__/selectors.test.ts(123,46): error TS2345: Argument of type '{ locale: { countryCode: string; cities: { isLoading: boolean; error: null; }; countries: { isLoading: boolean; error: null; }; currencies: { isLoading: boolean; error: null; }; states: { isLoading: boolean; error: null; }; }; entities: { ...; }; }' is not assignable to parameter of type 'Partial<{ entities: Partial<{ [k: string]: any; addresses: Record<string, Address>; availableTimeSlots: Record<string, Return>; bagItems: Record<number, BagItemEntity>; ... 33 more ...; wishlistSets: Record<...>; }>; ... 24 more ...; wishlist: State; }>'.
packages/redux/src/locale/__tests__/selectors.test.ts(130,39): error TS2345: Argument of type '{ locale: { countryCode: string; cities: { isLoading: boolean; error: null; }; countries: { isLoading: boolean; error: null; }; currencies: { isLoading: boolean; error: null; }; states: { isLoading: boolean; error: null; }; }; entities: { ...; }; }' is not assignable to parameter of type 'Partial<{ entities: Partial<{ [k: string]: any; addresses: Record<string, Address>; availableTimeSlots: Record<string, Return>; bagItems: Record<number, BagItemEntity>; ... 33 more ...; wishlistSets: Record<...>; }>; ... 24 more ...; wishlist: State; }>'.
packages/redux/src/locale/__tests__/selectors.test.ts(136,46): error TS2345: Argument of type '{ locale: { countryCode: string; cities: { isLoading: boolean; error: null; }; countries: { isLoading: boolean; error: null; }; currencies: { isLoading: boolean; error: null; }; states: { isLoading: boolean; error: null; }; }; entities: { ...; }; }' is not assignable to parameter of type 'Partial<{ entities: Partial<{ [k: string]: any; addresses: Record<string, Address>; availableTimeSlots: Record<string, Return>; bagItems: Record<number, BagItemEntity>; ... 33 more ...; wishlistSets: Record<...>; }>; ... 24 more ...; wishlist: State; }>'.
packages/redux/src/locale/__tests__/selectors.test.ts(144,47): error TS2345: Argument of type '{ locale: { countryCode: string; cities: { isLoading: boolean; error: null; }; countries: { isLoading: boolean; error: null; }; currencies: { isLoading: boolean; error: null; }; states: { isLoading: boolean; error: null; }; }; entities: { ...; }; }' is not assignable to parameter of type 'Partial<{ entities: Partial<{ [k: string]: any; addresses: Record<string, Address>; availableTimeSlots: Record<string, Return>; bagItems: Record<number, BagItemEntity>; ... 33 more ...; wishlistSets: Record<...>; }>; ... 24 more ...; wishlist: State; }>'.
packages/redux/src/locale/__tests__/selectors.test.ts(145,9): error TS2532: Object is possibly 'undefined'.
packages/redux/src/locale/__tests__/selectors.test.ts(152,44): error TS2345: Argument of type '{ locale: { countryCode: string; cities: { isLoading: boolean; error: null; }; countries: { isLoading: boolean; error: null; }; currencies: { isLoading: boolean; error: null; }; states: { isLoading: boolean; error: null; }; }; entities: { ...; }; }' is not assignable to parameter of type 'Partial<{ entities: Partial<{ [k: string]: any; addresses: Record<string, Address>; availableTimeSlots: Record<string, Return>; bagItems: Record<number, BagItemEntity>; ... 33 more ...; wishlistSets: Record<...>; }>; ... 24 more ...; wishlist: State; }>'.
packages/redux/src/locale/__tests__/selectors.test.ts(160,45): error TS2345: Argument of type '{ locale: { countryCode: string; cities: { isLoading: boolean; error: null; }; countries: { isLoading: boolean; error: null; }; currencies: { isLoading: boolean; error: null; }; states: { isLoading: boolean; error: null; }; }; entities: { ...; }; }' is not assignable to parameter of type 'Partial<{ entities: Partial<{ [k: string]: any; addresses: Record<string, Address>; availableTimeSlots: Record<string, Return>; bagItems: Record<number, BagItemEntity>; ... 33 more ...; wishlistSets: Record<...>; }>; ... 24 more ...; wishlist: State; }>'.
packages/redux/src/locale/__tests__/selectors.test.ts(168,45): error TS2345: Argument of type '{ locale: { countryCode: string; cities: { isLoading: boolean; error: null; }; countries: { isLoading: boolean; error: null; }; currencies: { isLoading: boolean; error: null; }; states: { isLoading: boolean; error: null; }; }; entities: { ...; }; }' is not assignable to parameter of type 'Partial<{ entities: Partial<{ [k: string]: any; addresses: Record<string, Address>; availableTimeSlots: Record<string, Return>; bagItems: Record<number, BagItemEntity>; ... 33 more ...; wishlistSets: Record<...>; }>; ... 24 more ...; wishlist: State; }>'.
packages/redux/src/locale/__tests__/selectors.test.ts(176,41): error TS2345: Argument of type '{ locale: { countryCode: string; cities: { isLoading: boolean; error: null; }; countries: { isLoading: boolean; error: null; }; currencies: { isLoading: boolean; error: null; }; states: { isLoading: boolean; error: null; }; }; entities: { ...; }; }' is not assignable to parameter of type 'Partial<{ entities: Partial<{ [k: string]: any; addresses: Record<string, Address>; availableTimeSlots: Record<string, Return>; bagItems: Record<number, BagItemEntity>; ... 33 more ...; wishlistSets: Record<...>; }>; ... 24 more ...; wishlist: State; }>'.
packages/redux/src/locale/__tests__/selectors.test.ts(184,41): error TS2345: Argument of type '{ locale: { countryCode: string; cities: { isLoading: boolean; error: null; }; countries: { isLoading: boolean; error: null; }; currencies: { isLoading: boolean; error: null; }; states: { isLoading: boolean; error: null; }; }; entities: { ...; }; }' is not assignable to parameter of type 'Partial<{ entities: Partial<{ [k: string]: any; addresses: Record<string, Address>; availableTimeSlots: Record<string, Return>; bagItems: Record<number, BagItemEntity>; ... 33 more ...; wishlistSets: Record<...>; }>; ... 24 more ...; wishlist: State; }>'.
packages/redux/src/locale/__tests__/selectors.test.ts(185,38): error TS2532: Object is possibly 'undefined'.
packages/redux/src/locale/__tests__/selectors.test.ts(186,38): error TS2532: Object is possibly 'undefined'.
packages/redux/src/locale/__tests__/serverInitialState.test.ts(7,40): error TS2345: Argument of type '{ model: { subfolder: string; currencyCode: string; currencyCultureCode: string; countryCode: string; countryId: number; cultureCode: string; newsletterSubscriptionOptionDefault: boolean; }; }' is not assignable to parameter of type 'Model'.
  Object literal may only specify known properties, and 'model' does not exist in type 'Model'.
packages/redux/src/locale/__tests__/serverInitialState.test.ts(35,40): error TS2345: Argument of type '{ model: {}; }' is not assignable to parameter of type 'Model'.
  Object literal may only specify known properties, and 'model' does not exist in type 'Model'.
packages/redux/src/locale/actions/__tests__/fetchCountries.test.ts(22,7): error TS7034: Variable 'store' implicitly has type 'any' in some locations where its type cannot be determined.
packages/redux/src/locale/actions/__tests__/fetchCountries.test.ts(33,18): error TS2339: Property 'mockRejectedValueOnce' does not exist on type 'GetCountries'.
packages/redux/src/locale/actions/__tests__/fetchCountries.test.ts(38,13): error TS7005: Variable 'store' implicitly has an 'any' type.
packages/redux/src/locale/actions/__tests__/fetchCountries.test.ts(43,14): error TS7005: Variable 'store' implicitly has an 'any' type.
packages/redux/src/locale/actions/__tests__/fetchCountries.test.ts(56,18): error TS2339: Property 'mockResolvedValueOnce' does not exist on type 'GetCountries'.
packages/redux/src/locale/actions/__tests__/fetchCountries.test.ts(58,27): error TS7005: Variable 'store' implicitly has an 'any' type.
packages/redux/src/locale/actions/__tests__/fetchCountries.test.ts(60,11): error TS7005: Variable 'store' implicitly has an 'any' type.
packages/redux/src/locale/actions/__tests__/fetchCountry.test.ts(22,7): error TS7034: Variable 'store' implicitly has type 'any' in some locations where its type cannot be determined.
packages/redux/src/locale/actions/__tests__/fetchCountry.test.ts(33,16): error TS2339: Property 'mockRejectedValueOnce' does not exist on type 'GetCountry'.
packages/redux/src/locale/actions/__tests__/fetchCountry.test.ts(38,13): error TS7005: Variable 'store' implicitly has an 'any' type.
packages/redux/src/locale/actions/__tests__/fetchCountry.test.ts(43,14): error TS7005: Variable 'store' implicitly has an 'any' type.
packages/redux/src/locale/actions/__tests__/fetchCountry.test.ts(58,16): error TS2339: Property 'mockResolvedValueOnce' does not exist on type 'GetCountry'.
packages/redux/src/locale/actions/__tests__/fetchCountry.test.ts(60,27): error TS7005: Variable 'store' implicitly has an 'any' type.
packages/redux/src/locale/actions/__tests__/fetchCountry.test.ts(62,11): error TS7005: Variable 'store' implicitly has an 'any' type.
packages/redux/src/locale/actions/__tests__/fetchCountryCities.test.ts(26,7): error TS7034: Variable 'store' implicitly has type 'any' in some locations where its type cannot be determined.
packages/redux/src/locale/actions/__tests__/fetchCountryCities.test.ts(37,22): error TS2339: Property 'mockRejectedValueOnce' does not exist on type 'GetCountryCities'.
packages/redux/src/locale/actions/__tests__/fetchCountryCities.test.ts(42,13): error TS7005: Variable 'store' implicitly has an 'any' type.
packages/redux/src/locale/actions/__tests__/fetchCountryCities.test.ts(51,14): error TS7005: Variable 'store' implicitly has an 'any' type.
packages/redux/src/locale/actions/__tests__/fetchCountryCities.test.ts(72,22): error TS2339: Property 'mockResolvedValueOnce' does not exist on type 'GetCountryCities'.
packages/redux/src/locale/actions/__tests__/fetchCountryCities.test.ts(74,27): error TS7005: Variable 'store' implicitly has an 'any' type.
packages/redux/src/locale/actions/__tests__/fetchCountryCities.test.ts(76,11): error TS7005: Variable 'store' implicitly has an 'any' type.
packages/redux/src/locale/actions/__tests__/fetchCountryCurrencies.test.ts(22,7): error TS7034: Variable 'store' implicitly has type 'any' in some locations where its type cannot be determined.
packages/redux/src/locale/actions/__tests__/fetchCountryCurrencies.test.ts(33,26): error TS2339: Property 'mockRejectedValueOnce' does not exist on type 'GetCountryCurrencies'.
packages/redux/src/locale/actions/__tests__/fetchCountryCurrencies.test.ts(38,13): error TS7005: Variable 'store' implicitly has an 'any' type.
packages/redux/src/locale/actions/__tests__/fetchCountryCurrencies.test.ts(46,14): error TS7005: Variable 'store' implicitly has an 'any' type.
packages/redux/src/locale/actions/__tests__/fetchCountryCurrencies.test.ts(65,26): error TS2339: Property 'mockResolvedValueOnce' does not exist on type 'GetCountryCurrencies'.
packages/redux/src/locale/actions/__tests__/fetchCountryCurrencies.test.ts(67,27): error TS7005: Variable 'store' implicitly has an 'any' type.
packages/redux/src/locale/actions/__tests__/fetchCountryCurrencies.test.ts(69,11): error TS7005: Variable 'store' implicitly has an 'any' type.
packages/redux/src/locale/actions/__tests__/fetchCountryStates.test.ts(22,7): error TS7034: Variable 'store' implicitly has type 'any' in some locations where its type cannot be determined.
packages/redux/src/locale/actions/__tests__/fetchCountryStates.test.ts(33,22): error TS2339: Property 'mockRejectedValueOnce' does not exist on type 'GetCountryStates'.
packages/redux/src/locale/actions/__tests__/fetchCountryStates.test.ts(38,13): error TS7005: Variable 'store' implicitly has an 'any' type.
packages/redux/src/locale/actions/__tests__/fetchCountryStates.test.ts(46,14): error TS7005: Variable 'store' implicitly has an 'any' type.
packages/redux/src/locale/actions/__tests__/fetchCountryStates.test.ts(65,22): error TS2339: Property 'mockResolvedValueOnce' does not exist on type 'GetCountryStates'.
packages/redux/src/locale/actions/__tests__/fetchCountryStates.test.ts(67,27): error TS7005: Variable 'store' implicitly has an 'any' type.
packages/redux/src/locale/actions/__tests__/fetchCountryStates.test.ts(69,11): error TS7005: Variable 'store' implicitly has an 'any' type.
packages/redux/src/locale/actions/__tests__/resetLocaleState.test.ts(11,13): error TS2554: Expected 2-3 arguments, but got 0.
packages/redux/src/locale/actions/__tests__/resetLocaleState.test.ts(12,20): error TS2345: Argument of type '(dispatch: Dispatch) => void' is not assignable to parameter of type 'AnyAction'.
  Property 'type' is missing in type '(dispatch: Dispatch) => void' but required in type 'AnyAction'.
packages/redux/src/locale/actions/__tests__/setCountryCode.test.ts(12,13): error TS2554: Expected 2-3 arguments, but got 0.
packages/redux/src/locale/actions/__tests__/setCountryCode.test.ts(13,20): error TS2345: Argument of type '(dispatch: Dispatch) => void' is not assignable to parameter of type 'AnyAction'.
  Property 'type' is missing in type '(dispatch: Dispatch) => void' but required in type 'AnyAction'.
packages/redux/src/locale/selectors.ts(47,29): error TS2345: Argument of type 'State | undefined' is not assignable to parameter of type 'State'.
  Type 'undefined' is not assignable to type 'State'.
    Type 'undefined' is not assignable to type 'EmptyObject'.
packages/redux/src/locale/selectors.ts(175,65): error TS2345: Argument of type 'State | undefined' is not assignable to parameter of type 'State'.
  Type 'undefined' is not assignable to type 'State'.
packages/redux/src/locale/selectors.ts(194,30): error TS2345: Argument of type 'State | undefined' is not assignable to parameter of type 'State'.
  Type 'undefined' is not assignable to type 'State'.
packages/redux/src/locale/selectors.ts(214,64): error TS2345: Argument of type 'State | undefined' is not assignable to parameter of type 'State'.
  Type 'undefined' is not assignable to type 'State'.
packages/redux/src/locale/selectors.ts(233,26): error TS2345: Argument of type 'State | undefined' is not assignable to parameter of type 'State'.
  Type 'undefined' is not assignable to type 'State'.
packages/redux/src/locale/selectors.ts(254,40): error TS2345: Argument of type 'State | undefined' is not assignable to parameter of type 'State'.
  Type 'undefined' is not assignable to type 'State'.
packages/redux/src/locale/selectors.ts(273,34): error TS2345: Argument of type 'State | undefined' is not assignable to parameter of type 'State'.
  Type 'undefined' is not assignable to type 'State'.
packages/redux/src/locale/selectors.ts(293,65): error TS2345: Argument of type 'State | undefined' is not assignable to parameter of type 'State'.
  Type 'undefined' is not assignable to type 'State'.
packages/redux/src/locale/selectors.ts(312,30): error TS2345: Argument of type 'State | undefined' is not assignable to parameter of type 'State'.
  Type 'undefined' is not assignable to type 'State'.
packages/redux/src/locale/serverInitialState.ts(16,19): error TS2339: Property 'model' does not exist on type 'Model'.
packages/redux/src/loyalty/actions/__tests__/createProgramMembership.test.ts(23,5): error TS7034: Variable 'store' implicitly has type 'any' in some locations where its type cannot be determined.
packages/redux/src/loyalty/actions/__tests__/createProgramMembership.test.ts(44,27): error TS2339: Property 'mockRejectedValueOnce' does not exist on type 'PostProgramMembership'.
packages/redux/src/loyalty/actions/__tests__/createProgramMembership.test.ts(48,13): error TS7005: Variable 'store' implicitly has an 'any' type.
packages/redux/src/loyalty/actions/__tests__/createProgramMembership.test.ts(57,14): error TS7005: Variable 'store' implicitly has an 'any' type.
packages/redux/src/loyalty/actions/__tests__/createProgramMembership.test.ts(70,27): error TS2339: Property 'mockResolvedValueOnce' does not exist on type 'PostProgramMembership'.
packages/redux/src/loyalty/actions/__tests__/createProgramMembership.test.ts(71,11): error TS7005: Variable 'store' implicitly has an 'any' type.
packages/redux/src/loyalty/actions/__tests__/createProgramMembership.test.ts(73,27): error TS7005: Variable 'store' implicitly has an 'any' type.
packages/redux/src/loyalty/actions/__tests__/createProgramMembershipConvert.test.ts(23,5): error TS7034: Variable 'store' implicitly has type 'any' in some locations where its type cannot be determined.
packages/redux/src/loyalty/actions/__tests__/createProgramMembershipConvert.test.ts(35,34): error TS2339: Property 'mockRejectedValueOnce' does not exist on type 'PostProgramMembershipConvert'.
packages/redux/src/loyalty/actions/__tests__/createProgramMembershipConvert.test.ts(39,13): error TS7005: Variable 'store' implicitly has an 'any' type.
packages/redux/src/loyalty/actions/__tests__/createProgramMembershipConvert.test.ts(50,14): error TS7005: Variable 'store' implicitly has an 'any' type.
packages/redux/src/loyalty/actions/__tests__/createProgramMembershipConvert.test.ts(65,34): error TS2339: Property 'mockResolvedValueOnce' does not exist on type 'PostProgramMembershipConvert'.
packages/redux/src/loyalty/actions/__tests__/createProgramMembershipConvert.test.ts(68,11): error TS7005: Variable 'store' implicitly has an 'any' type.
packages/redux/src/loyalty/actions/__tests__/createProgramMembershipConvert.test.ts(72,27): error TS7005: Variable 'store' implicitly has an 'any' type.
packages/redux/src/loyalty/actions/__tests__/createProgramMembershipReplacement.test.ts(23,5): error TS7034: Variable 'store' implicitly has type 'any' in some locations where its type cannot be determined.
packages/redux/src/loyalty/actions/__tests__/createProgramMembershipReplacement.test.ts(39,38): error TS2339: Property 'mockRejectedValueOnce' does not exist on type 'PostProgramMembershipReplacement'.
packages/redux/src/loyalty/actions/__tests__/createProgramMembershipReplacement.test.ts(43,13): error TS7005: Variable 'store' implicitly has an 'any' type.
packages/redux/src/loyalty/actions/__tests__/createProgramMembershipReplacement.test.ts(44,69): error TS2345: Argument of type '{ reason: string; }' is not assignable to parameter of type 'ProgramMembershipReplacement'.
  Property 'id' is missing in type '{ reason: string; }' but required in type 'ProgramMembershipReplacement'.
packages/redux/src/loyalty/actions/__tests__/createProgramMembershipReplacement.test.ts(55,14): error TS7005: Variable 'store' implicitly has an 'any' type.
packages/redux/src/loyalty/actions/__tests__/createProgramMembershipReplacement.test.ts(70,38): error TS2339: Property 'mockResolvedValueOnce' does not exist on type 'PostProgramMembershipReplacement'.
packages/redux/src/loyalty/actions/__tests__/createProgramMembershipReplacement.test.ts(73,11): error TS7005: Variable 'store' implicitly has an 'any' type.
packages/redux/src/loyalty/actions/__tests__/createProgramMembershipReplacement.test.ts(74,67): error TS2345: Argument of type '{ reason: string; }' is not assignable to parameter of type 'ProgramMembershipReplacement'.
packages/redux/src/loyalty/actions/__tests__/createProgramMembershipReplacement.test.ts(77,27): error TS7005: Variable 'store' implicitly has an 'any' type.
packages/redux/src/loyalty/actions/__tests__/fetchProgramMembershipStatements.test.ts(25,5): error TS7034: Variable 'store' implicitly has type 'any' in some locations where its type cannot be determined.
packages/redux/src/loyalty/actions/__tests__/fetchProgramMembershipStatements.test.ts(41,36): error TS2339: Property 'mockRejectedValueOnce' does not exist on type 'GetProgramMembershipStatements'.
packages/redux/src/loyalty/actions/__tests__/fetchProgramMembershipStatements.test.ts(45,13): error TS7005: Variable 'store' implicitly has an 'any' type.
packages/redux/src/loyalty/actions/__tests__/fetchProgramMembershipStatements.test.ts(57,14): error TS7005: Variable 'store' implicitly has an 'any' type.
packages/redux/src/loyalty/actions/__tests__/fetchProgramMembershipStatements.test.ts(72,36): error TS2339: Property 'mockResolvedValueOnce' does not exist on type 'GetProgramMembershipStatements'.
packages/redux/src/loyalty/actions/__tests__/fetchProgramMembershipStatements.test.ts(75,11): error TS7005: Variable 'store' implicitly has an 'any' type.
packages/redux/src/loyalty/actions/__tests__/fetchProgramMembershipStatements.test.ts(79,27): error TS7005: Variable 'store' implicitly has an 'any' type.
packages/redux/src/loyalty/actions/__tests__/fetchPrograms.test.ts(23,5): error TS7034: Variable 'store' implicitly has type 'any' in some locations where its type cannot be determined.
packages/redux/src/loyalty/actions/__tests__/fetchPrograms.test.ts(34,17): error TS2339: Property 'mockRejectedValueOnce' does not exist on type 'GetPrograms'.
packages/redux/src/loyalty/actions/__tests__/fetchPrograms.test.ts(38,13): error TS7005: Variable 'store' implicitly has an 'any' type.
packages/redux/src/loyalty/actions/__tests__/fetchPrograms.test.ts(43,14): error TS7005: Variable 'store' implicitly has an 'any' type.
packages/redux/src/loyalty/actions/__tests__/fetchPrograms.test.ts(56,17): error TS2339: Property 'mockResolvedValueOnce' does not exist on type 'GetPrograms'.
packages/redux/src/loyalty/actions/__tests__/fetchPrograms.test.ts(57,11): error TS7005: Variable 'store' implicitly has an 'any' type.
packages/redux/src/loyalty/actions/__tests__/fetchPrograms.test.ts(59,27): error TS7005: Variable 'store' implicitly has an 'any' type.
packages/redux/src/loyalty/actions/__tests__/fetchProgramUsersMembership.test.ts(24,5): error TS7034: Variable 'store' implicitly has type 'any' in some locations where its type cannot be determined.
packages/redux/src/loyalty/actions/__tests__/fetchProgramUsersMembership.test.ts(36,31): error TS2339: Property 'mockRejectedValueOnce' does not exist on type 'GetProgramUsersMembership'.
packages/redux/src/loyalty/actions/__tests__/fetchProgramUsersMembership.test.ts(40,13): error TS7005: Variable 'store' implicitly has an 'any' type.
packages/redux/src/loyalty/actions/__tests__/fetchProgramUsersMembership.test.ts(48,14): error TS7005: Variable 'store' implicitly has an 'any' type.
packages/redux/src/loyalty/actions/__tests__/fetchProgramUsersMembership.test.ts(63,31): error TS2339: Property 'mockResolvedValueOnce' does not exist on type 'GetProgramUsersMembership'.
packages/redux/src/loyalty/actions/__tests__/fetchProgramUsersMembership.test.ts(66,11): error TS7005: Variable 'store' implicitly has an 'any' type.
packages/redux/src/loyalty/actions/__tests__/fetchProgramUsersMembership.test.ts(68,27): error TS7005: Variable 'store' implicitly has an 'any' type.
packages/redux/src/loyalty/actions/factories/createProgramMembershipConvertFactory.ts(69,20): error TS2322: Type 'unknown' is not assignable to type 'Error'.
packages/redux/src/loyalty/actions/factories/createProgramMembershipFactory.ts(69,20): error TS2322: Type 'unknown' is not assignable to type 'Error'.
packages/redux/src/loyalty/actions/factories/createProgramMembershipReplacementFactory.ts(77,20): error TS2322: Type 'unknown' is not assignable to type 'Error'.
packages/redux/src/loyalty/actions/factories/fetchProgramMembershipStatementsFactory.ts(86,20): error TS2322: Type 'unknown' is not assignable to type 'Error'.
packages/redux/src/loyalty/actions/factories/fetchProgramsFactory.ts(54,20): error TS2322: Type 'unknown' is not assignable to type 'Error'.
packages/redux/src/loyalty/actions/factories/fetchProgramUsersMembershipFactory.ts(59,20): error TS2322: Type 'unknown' is not assignable to type 'Error'.
packages/redux/src/loyalty/reducer.ts(89,9): error TS2322: Type 'string' is not assignable to type 'Nullable<ProgramMembership>'.
packages/redux/src/loyalty/selectors.ts(42,58): error TS2345: Argument of type 'State | undefined' is not assignable to parameter of type 'State'.
  Type 'undefined' is not assignable to type 'State'.
    Type 'undefined' is not assignable to type 'EmptyObject'.
packages/redux/src/loyalty/selectors.ts(55,59): error TS2345: Argument of type 'State | undefined' is not assignable to parameter of type 'State'.
  Type 'undefined' is not assignable to type 'State'.
packages/redux/src/loyalty/selectors.ts(69,27): error TS2345: Argument of type 'State | undefined' is not assignable to parameter of type 'State'.
  Type 'undefined' is not assignable to type 'State'.
packages/redux/src/loyalty/selectors.ts(95,29): error TS2345: Argument of type 'State | undefined' is not assignable to parameter of type 'State'.
  Type 'undefined' is not assignable to type 'State'.
packages/redux/src/loyalty/selectors.ts(109,29): error TS2345: Argument of type 'State | undefined' is not assignable to parameter of type 'State'.
  Type 'undefined' is not assignable to type 'State'.
packages/redux/src/loyalty/selectors.ts(123,29): error TS2345: Argument of type 'State | undefined' is not assignable to parameter of type 'State'.
  Type 'undefined' is not assignable to type 'State'.
packages/redux/src/loyalty/selectors.ts(149,31): error TS2345: Argument of type 'State | undefined' is not assignable to parameter of type 'State'.
  Type 'undefined' is not assignable to type 'State'.
packages/redux/src/loyalty/selectors.ts(163,31): error TS2345: Argument of type 'State | undefined' is not assignable to parameter of type 'State'.
  Type 'undefined' is not assignable to type 'State'.
packages/redux/src/loyalty/selectors.ts(177,31): error TS2345: Argument of type 'State | undefined' is not assignable to parameter of type 'State'.
  Type 'undefined' is not assignable to type 'State'.
packages/redux/src/loyalty/selectors.ts(202,58): error TS2345: Argument of type 'State | undefined' is not assignable to parameter of type 'State'.
  Type 'undefined' is not assignable to type 'State'.
packages/redux/src/loyalty/selectors.ts(215,59): error TS2345: Argument of type 'State | undefined' is not assignable to parameter of type 'State'.
  Type 'undefined' is not assignable to type 'State'.
packages/redux/src/loyalty/selectors.ts(229,27): error TS2345: Argument of type 'State | undefined' is not assignable to parameter of type 'State'.
  Type 'undefined' is not assignable to type 'State'.
packages/redux/src/loyalty/selectors.ts(255,29): error TS2345: Argument of type 'State | undefined' is not assignable to parameter of type 'State'.
  Type 'undefined' is not assignable to type 'State'.
packages/redux/src/loyalty/selectors.ts(269,29): error TS2345: Argument of type 'State | undefined' is not assignable to parameter of type 'State'.
  Type 'undefined' is not assignable to type 'State'.
packages/redux/src/loyalty/selectors.ts(283,29): error TS2345: Argument of type 'State | undefined' is not assignable to parameter of type 'State'.
  Type 'undefined' is not assignable to type 'State'.
packages/redux/src/merchantsLocations/__tests__/reducer.test.ts(5,7): error TS7034: Variable 'initialState' implicitly has type 'any' in some locations where its type cannot be determined.
packages/redux/src/merchantsLocations/__tests__/reducer.test.ts(15,17): error TS2345: Argument of type 'undefined' is not assignable to parameter of type 'State'.
packages/redux/src/merchantsLocations/__tests__/reducer.test.ts(18,17): error TS7005: Variable 'initialState' implicitly has an 'any' type.
packages/redux/src/merchantsLocations/__tests__/reducer.test.ts(24,29): error TS2345: Argument of type 'undefined' is not assignable to parameter of type 'State'.
packages/redux/src/merchantsLocations/__tests__/reducer.test.ts(26,26): error TS7005: Variable 'initialState' implicitly has an 'any' type.
packages/redux/src/merchantsLocations/__tests__/reducer.test.ts(30,22): error TS2345: Argument of type 'undefined' is not assignable to parameter of type 'State'.
packages/redux/src/merchantsLocations/__tests__/reducer.test.ts(30,49): error TS7005: Variable 'initialState' implicitly has an 'any' type.
packages/redux/src/merchantsLocations/__tests__/reducer.test.ts(35,17): error TS2345: Argument of type 'undefined' is not assignable to parameter of type 'State'.
packages/redux/src/merchantsLocations/__tests__/reducer.test.ts(38,14): error TS7005: Variable 'initialState' implicitly has an 'any' type.
packages/redux/src/merchantsLocations/__tests__/reducer.test.ts(45,17): error TS2345: Argument of type 'undefined' is not assignable to parameter of type 'State'.
packages/redux/src/merchantsLocations/__tests__/reducer.test.ts(53,26): error TS7005: Variable 'initialState' implicitly has an 'any' type.
packages/redux/src/merchantsLocations/__tests__/reducer.test.ts(55,29): error TS2345: Argument of type '{ type: string; }' is not assignable to parameter of type 'FetchMerchantsLocationsAction | ResetMerchantsLocationsStateAction'.
  Type '{ type: string; }' is not assignable to type 'ResetMerchantsLocationsStateAction'.
    Types of property 'type' are incompatible.
      Type 'string' is not assignable to type '"@farfetch/blackout-redux/RESET_MERCHANTS_LOCATIONS_STATE"'.
packages/redux/src/merchantsLocations/__tests__/reducer.test.ts(61,29): error TS2345: Argument of type 'undefined' is not assignable to parameter of type 'State'.
packages/redux/src/merchantsLocations/__tests__/reducer.test.ts(63,29): error TS7005: Variable 'initialState' implicitly has an 'any' type.
packages/redux/src/merchantsLocations/__tests__/reducer.test.ts(67,22): error TS2345: Argument of type 'undefined' is not assignable to parameter of type 'State'.
packages/redux/src/merchantsLocations/__tests__/reducer.test.ts(67,53): error TS7005: Variable 'initialState' implicitly has an 'any' type.
packages/redux/src/merchantsLocations/__tests__/reducer.test.ts(72,17): error TS2345: Argument of type 'undefined' is not assignable to parameter of type 'State'.
packages/redux/src/merchantsLocations/__tests__/reducer.test.ts(84,17): error TS2345: Argument of type 'undefined' is not assignable to parameter of type 'State'.
packages/redux/src/merchantsLocations/__tests__/reducer.test.ts(93,17): error TS2345: Argument of type 'undefined' is not assignable to parameter of type 'State'.
packages/redux/src/merchantsLocations/__tests__/reducer.test.ts(104,26): error TS7005: Variable 'initialState' implicitly has an 'any' type.
packages/redux/src/merchantsLocations/__tests__/reducer.test.ts(106,29): error TS2345: Argument of type '{ type: string; }' is not assignable to parameter of type 'FetchMerchantsLocationsAction | ResetMerchantsLocationsStateAction'.
packages/redux/src/merchantsLocations/__tests__/reducer.test.ts(137,13): error TS2345: Argument of type '{ merchantsLocations: { 1: { id: number; }; }; dummy: { 1: { id: number; }; }; dummy2: { 2: { id: number; }; }; }' is not assignable to parameter of type 'Partial<{ [k: string]: any; addresses: Record<string, Address>; availableTimeSlots: Record<string, Return>; bagItems: Record<number, BagItemEntity>; ... 33 more ...; wishlistSets: Record<...>; }>'.
  Types of property 'merchantsLocations' are incompatible.
    Type '{ 1: { id: number; }; }' is not assignable to type 'Record<number, MerchantLocation>'.
      Property '1' is incompatible with index signature.
        Type '{ id: number; }' is missing the following properties from type 'MerchantLocation': merchantId, merchantName, isReturnsInStoreAllowed, address, and 6 more.
packages/redux/src/merchantsLocations/__tests__/reducer.test.ts(146,26): error TS7005: Variable 'initialState' implicitly has an 'any' type.
packages/redux/src/merchantsLocations/__tests__/reducer.test.ts(155,26): error TS7005: Variable 'initialState' implicitly has an 'any' type.
packages/redux/src/merchantsLocations/__tests__/selectors.test.ts(12,53): error TS2345: Argument of type '{ merchantsLocations: { error: string; isLoading: boolean; }; entities: { merchantsLocations: { 1467: { address: { addressLine1: string; addressLine2: string; addressLine3: null; city: { countryId: number; id: number; name: string; stateId: null; }; ... 15 more ...; customsClearanceCode: null; }; ... 9 more ...; del...' is not assignable to parameter of type 'Partial<{ entities: Partial<{ [k: string]: any; addresses: Record<string, Address>; availableTimeSlots: Record<string, Return>; bagItems: Record<number, BagItemEntity>; ... 33 more ...; wishlistSets: Record<...>; }>; ... 24 more ...; wishlist: State; }>'.
packages/redux/src/merchantsLocations/__tests__/selectors.test.ts(22,51): error TS2345: Argument of type '{ merchantsLocations: { error: string; isLoading: boolean; }; entities: { merchantsLocations: { 1467: { address: { addressLine1: string; addressLine2: string; addressLine3: null; city: { countryId: number; id: number; name: string; stateId: null; }; ... 15 more ...; customsClearanceCode: null; }; ... 9 more ...; del...' is not assignable to parameter of type 'Partial<{ entities: Partial<{ [k: string]: any; addresses: Record<string, Address>; availableTimeSlots: Record<string, Return>; bagItems: Record<number, BagItemEntity>; ... 33 more ...; wishlistSets: Record<...>; }>; ... 24 more ...; wishlist: State; }>'.
packages/redux/src/merchantsLocations/actions/__tests__/fetchMerchantsLocations.test.ts(20,5): error TS7034: Variable 'store' implicitly has type 'any' in some locations where its type cannot be determined.
packages/redux/src/merchantsLocations/actions/__tests__/fetchMerchantsLocations.test.ts(31,27): error TS2339: Property 'mockRejectedValueOnce' does not exist on type 'GetMerchantsLocations'.
packages/redux/src/merchantsLocations/actions/__tests__/fetchMerchantsLocations.test.ts(35,11): error TS7005: Variable 'store' implicitly has an 'any' type.
packages/redux/src/merchantsLocations/actions/__tests__/fetchMerchantsLocations.test.ts(35,68): error TS7006: Parameter 'error' implicitly has an 'any' type.
packages/redux/src/merchantsLocations/actions/__tests__/fetchMerchantsLocations.test.ts(42,14): error TS7005: Variable 'store' implicitly has an 'any' type.
packages/redux/src/merchantsLocations/actions/__tests__/fetchMerchantsLocations.test.ts(55,27): error TS2339: Property 'mockResolvedValueOnce' does not exist on type 'GetMerchantsLocations'.
packages/redux/src/merchantsLocations/actions/__tests__/fetchMerchantsLocations.test.ts(59,11): error TS7005: Variable 'store' implicitly has an 'any' type.
packages/redux/src/merchantsLocations/actions/__tests__/fetchMerchantsLocations.test.ts(61,13): error TS7006: Parameter 'clientResult' implicitly has an 'any' type.
packages/redux/src/merchantsLocations/actions/__tests__/fetchMerchantsLocations.test.ts(70,12): error TS7005: Variable 'store' implicitly has an 'any' type.
packages/redux/src/merchantsLocations/actions/__tests__/resetMerchantsLocations.test.ts(15,20): error TS2345: Argument of type '(dispatch: Dispatch) => void' is not assignable to parameter of type 'AnyAction'.
  Property 'type' is missing in type '(dispatch: Dispatch) => void' but required in type 'AnyAction'.
packages/redux/src/merchantsLocations/actions/factories/fetchMerchantsLocationsFactory.ts(59,9): error TS2769: No overload matches this call.
  Overload 3 of 3, '(action: FetchMerchantsLocationsAction): FetchMerchantsLocationsAction', gave the following error.
    Type 'NormalizedSchema<{ [key: string]: { [key: string]: any; } | undefined; }, any>' is not assignable to type 'NormalizedSchema<{ merchantsLocations: Record<number, MerchantLocation>; }, number[]>'.
      Property 'merchantsLocations' is missing in type '{ [key: string]: { [key: string]: any; } | undefined; }' but required in type '{ merchantsLocations: Record<number, MerchantLocation>; }'.
packages/redux/src/merchantsLocations/actions/factories/fetchMerchantsLocationsFactory.ts(65,7): error TS2769: No overload matches this call.
  Overload 1 of 3, '(thunkAction: ThunkAction<unknown, Partial<{ entities: Partial<{ [k: string]: any; addresses: Record<string, Address>; availableTimeSlots: Record<string, Return>; bagItems: Record<number, BagItemEntity>; ... 33 more ...; wishlistSets: Record<...>; }>; ... 24 more ...; wishlist: State; }>, any, FetchMerchantsLocationsAction>): unknown', gave the following error.
    Argument of type '{ payload: { error: unknown; }; type: string; }' is not assignable to parameter of type 'ThunkAction<unknown, Partial<{ entities: Partial<{ [k: string]: any; addresses: Record<string, Address>; availableTimeSlots: Record<string, Return>; bagItems: Record<number, BagItemEntity>; ... 33 more ...; wishlistSets: Record<...>; }>; ... 24 more ...; wishlist: State; }>, any, FetchMerchantsLocationsAction>'.
      Object literal may only specify known properties, and 'payload' does not exist in type 'ThunkAction<unknown, Partial<{ entities: Partial<{ [k: string]: any; addresses: Record<string, Address>; availableTimeSlots: Record<string, Return>; bagItems: Record<number, BagItemEntity>; ... 33 more ...; wishlistSets: Record<...>; }>; ... 24 more ...; wishlist: State; }>, any, FetchMerchantsLocationsAction>'.
  Overload 2 of 3, '(action: FetchMerchantsLocationsAction | ThunkAction<unknown, Partial<{ entities: Partial<{ [k: string]: any; addresses: Record<string, Address>; availableTimeSlots: Record<...>; ... 34 more ...; wishlistSets: Record<...>; }>; ... 24 more ...; wishlist: State; }>, any, FetchMerchantsLocationsAction>): unknown', gave the following error.
    Type 'unknown' is not assignable to type 'Error'.
  Overload 3 of 3, '(action: FetchMerchantsLocationsAction): FetchMerchantsLocationsAction', gave the following error.
    Type 'unknown' is not assignable to type 'Error'.
packages/redux/src/merchantsLocations/reducer.ts(56,15): error TS2339: Property 'merchantsLocations' does not exist on type 'Partial<{ [k: string]: any; addresses: Record<string, Address>; availableTimeSlots: Record<string, Return>; bagItems: Record<number, BagItemEntity>; ... 33 more ...; wishlistSets: Record<...>; }> | undefined'.
packages/redux/src/merchantsLocations/selectors.ts(21,40): error TS2345: Argument of type 'State | undefined' is not assignable to parameter of type 'State'.
  Type 'undefined' is not assignable to type 'State'.
    Type 'undefined' is not assignable to type 'EmptyObject'.
packages/redux/src/merchantsLocations/selectors.ts(33,12): error TS2345: Argument of type 'State | undefined' is not assignable to parameter of type 'State'.
  Type 'undefined' is not assignable to type 'State'.
packages/redux/src/orders/__tests__/reducer.test.ts(17,5): error TS7034: Variable 'initialState' implicitly has type 'any' in some locations where its type cannot be determined.
packages/redux/src/orders/__tests__/reducer.test.ts(28,17): error TS2345: Argument of type 'undefined' is not assignable to parameter of type 'State'.
packages/redux/src/orders/__tests__/reducer.test.ts(32,17): error TS7005: Variable 'initialState' implicitly has an 'any' type.
packages/redux/src/orders/__tests__/reducer.test.ts(38,29): error TS2345: Argument of type 'undefined' is not assignable to parameter of type 'State'.
packages/redux/src/orders/__tests__/reducer.test.ts(40,26): error TS7005: Variable 'initialState' implicitly has an 'any' type.
packages/redux/src/orders/__tests__/reducer.test.ts(52,13): error TS2322: Type 'string' is not assignable to type 'Error | null'.
packages/redux/src/orders/__tests__/reducer.test.ts(58,14): error TS7005: Variable 'initialState' implicitly has an 'any' type.
packages/redux/src/orders/__tests__/reducer.test.ts(67,17): error TS2345: Argument of type 'undefined' is not assignable to parameter of type 'State'.
packages/redux/src/orders/__tests__/reducer.test.ts(77,22): error TS2345: Argument of type '{ error: string; }' is not assignable to parameter of type 'State'.
  Type '{ error: string; }' is missing the following properties from type '{ [k: string]: unknown; error: Error | null; isLoading: boolean; result: Nullable<OrderSummary>; orderDetails: OrderDetailsState; orderReturnOptions: OrderDetailsState; ... 4 more ...; orderItemAvailableActivities: StateWithoutResult; }': isLoading, result, orderDetails, orderReturnOptions, and 5 more.
packages/redux/src/orders/__tests__/reducer.test.ts(83,29): error TS2345: Argument of type 'undefined' is not assignable to parameter of type 'State'.
packages/redux/src/orders/__tests__/reducer.test.ts(85,26): error TS7005: Variable 'initialState' implicitly has an 'any' type.
packages/redux/src/orders/__tests__/reducer.test.ts(94,17): error TS2345: Argument of type 'undefined' is not assignable to parameter of type 'State'.
packages/redux/src/orders/__tests__/reducer.test.ts(106,17): error TS2345: Argument of type 'undefined' is not assignable to parameter of type 'State'.
packages/redux/src/orders/__tests__/reducer.test.ts(110,14): error TS7005: Variable 'initialState' implicitly has an 'any' type.
packages/redux/src/orders/__tests__/reducer.test.ts(118,17): error TS2345: Argument of type 'undefined' is not assignable to parameter of type 'State'.
packages/redux/src/orders/__tests__/reducer.test.ts(122,14): error TS7005: Variable 'initialState' implicitly has an 'any' type.
packages/redux/src/orders/__tests__/reducer.test.ts(128,22): error TS2345: Argument of type '{ isLoading: string; }' is not assignable to parameter of type 'State'.
  Type '{ isLoading: string; }' is missing the following properties from type '{ [k: string]: unknown; error: Error | null; isLoading: boolean; result: Nullable<OrderSummary>; orderDetails: OrderDetailsState; orderReturnOptions: OrderDetailsState; ... 4 more ...; orderItemAvailableActivities: StateWithoutResult; }': error, result, orderDetails, orderReturnOptions, and 5 more.
packages/redux/src/orders/__tests__/reducer.test.ts(134,29): error TS2345: Argument of type 'undefined' is not assignable to parameter of type 'State'.
packages/redux/src/orders/__tests__/reducer.test.ts(136,29): error TS7005: Variable 'initialState' implicitly has an 'any' type.
packages/redux/src/orders/__tests__/reducer.test.ts(142,17): error TS2345: Argument of type 'undefined' is not assignable to parameter of type 'State'.
packages/redux/src/orders/__tests__/reducer.test.ts(154,17): error TS2345: Argument of type 'undefined' is not assignable to parameter of type 'State'.
packages/redux/src/orders/__tests__/reducer.test.ts(167,17): error TS2345: Argument of type 'undefined' is not assignable to parameter of type 'State'.
packages/redux/src/orders/__tests__/reducer.test.ts(177,22): error TS2345: Argument of type '{ orderDetails: { isLoading: { foo: boolean; }; }; }' is not assignable to parameter of type 'State'.
  Type '{ orderDetails: { isLoading: { foo: boolean; }; }; }' is missing the following properties from type '{ [k: string]: unknown; error: Error | null; isLoading: boolean; result: Nullable<OrderSummary>; orderDetails: OrderDetailsState; orderReturnOptions: OrderDetailsState; ... 4 more ...; orderItemAvailableActivities: StateWithoutResult; }': error, isLoading, result, orderReturnOptions, and 5 more.
packages/redux/src/orders/__tests__/reducer.test.ts(185,29): error TS2345: Argument of type 'undefined' is not assignable to parameter of type 'State'.
packages/redux/src/orders/__tests__/reducer.test.ts(187,29): error TS7005: Variable 'initialState' implicitly has an 'any' type.
packages/redux/src/orders/__tests__/reducer.test.ts(193,17): error TS2345: Argument of type 'undefined' is not assignable to parameter of type 'State'.
packages/redux/src/orders/__tests__/reducer.test.ts(205,17): error TS2345: Argument of type 'undefined' is not assignable to parameter of type 'State'.
packages/redux/src/orders/__tests__/reducer.test.ts(218,17): error TS2345: Argument of type 'undefined' is not assignable to parameter of type 'State'.
packages/redux/src/orders/__tests__/reducer.test.ts(228,22): error TS2345: Argument of type '{ orderReturnOptions: { isLoading: { foo: boolean; }; }; }' is not assignable to parameter of type 'State'.
  Type '{ orderReturnOptions: { isLoading: { foo: boolean; }; }; }' is missing the following properties from type '{ [k: string]: unknown; error: Error | null; isLoading: boolean; result: Nullable<OrderSummary>; orderDetails: OrderDetailsState; orderReturnOptions: OrderDetailsState; ... 4 more ...; orderItemAvailableActivities: StateWithoutResult; }': error, isLoading, result, orderDetails, and 5 more.
packages/redux/src/orders/__tests__/reducer.test.ts(310,60): error TS2345: Argument of type '{ orders: { "3558DS": { byMerchant: { 10537: { checkoutOrderId: number; merchant: { id: number; name: string; }; merchantOrderCode: string; returnAvailable: boolean; returnId: null; status: string; tags: never[]; totalQuantity: number; userId: number; }; }; createdDate: number; id: string; totalItems: number; }; }; }' is not assignable to parameter of type 'State'.
  Type '{ orders: { "3558DS": { byMerchant: { 10537: { checkoutOrderId: number; merchant: { id: number; name: string; }; merchantOrderCode: string; returnAvailable: boolean; returnId: null; status: string; tags: never[]; totalQuantity: number; userId: number; }; }; createdDate: number; id: string; totalItems: number; }; }; }' is missing the following properties from type '{ [k: string]: unknown; error: Error | null; isLoading: boolean; result: Nullable<OrderSummary>; orderDetails: OrderDetailsState; orderReturnOptions: OrderDetailsState; ... 4 more ...; orderItemAvailableActivities: StateWithoutResult; }': error, isLoading, result, orderDetails, and 6 more.
packages/redux/src/orders/__tests__/reducer.test.ts(319,60): error TS2345: Argument of type '{ orders: { "3558DS": { byMerchant: { 10537: { checkoutOrderId: number; merchant: { id: number; name: string; }; merchantOrderCode: string; returnAvailable: boolean; returnId: null; status: string; tags: never[]; totalQuantity: number; userId: number; }; }; createdDate: number; id: string; totalItems: number; }; }; }' is not assignable to parameter of type 'State'.
packages/redux/src/orders/__tests__/reducer.test.ts(525,13): error TS2345: Argument of type '{ brands: { 220482: { description: string; id: number; name: string; priceType: number; }; }; categories: { 135967: { gender: number; id: number; name: string; parentId: number; }; 135974: { gender: number; id: number; name: string; parentId: number; }; ... 6 more ...; 136392: { ...; }; }; merchants: { ...; }; order...' is not assignable to parameter of type 'State'.
  Type '{ brands: { 220482: { description: string; id: number; name: string; priceType: number; }; }; categories: { 135967: { gender: number; id: number; name: string; parentId: number; }; 135974: { gender: number; id: number; name: string; parentId: number; }; ... 6 more ...; 136392: { ...; }; }; merchants: { ...; }; order...' is missing the following properties from type '{ [k: string]: unknown; error: Error | null; isLoading: boolean; result: Nullable<OrderSummary>; orderDetails: OrderDetailsState; orderReturnOptions: OrderDetailsState; ... 4 more ...; orderItemAvailableActivities: StateWithoutResult; }': error, isLoading, result, orderDetails, and 6 more.
packages/redux/src/orders/__tests__/reducer.test.ts(541,13): error TS2345: Argument of type '{ brands: { 220482: { description: string; id: number; name: string; priceType: number; }; }; categories: { 135967: { gender: number; id: number; name: string; parentId: number; }; 135974: { gender: number; id: number; name: string; parentId: number; }; ... 6 more ...; 136392: { ...; }; }; merchants: { ...; }; order...' is not assignable to parameter of type 'State'.
packages/redux/src/orders/__tests__/reducer.test.ts(558,13): error TS2345: Argument of type '{ brands: { 220482: { description: string; id: number; name: string; priceType: number; }; }; categories: { 135967: { gender: number; id: number; name: string; parentId: number; }; 135974: { gender: number; id: number; name: string; parentId: number; }; ... 6 more ...; 136392: { ...; }; }; merchants: { ...; }; order...' is not assignable to parameter of type 'State'.
packages/redux/src/orders/__tests__/reducer.test.ts(581,32): error TS7006: Parameter 'id' implicitly has an 'any' type.
packages/redux/src/orders/__tests__/reducer.test.ts(626,13): error TS2345: Argument of type '{ "10537_3": { allowedCountries: { alpha2Code: string; alpha3Code: string; continentId: number; culture: string; id: number; name: string; nativeName: string; region: string; regionId: number; subRegion: null; subfolder: null; }[]; ... 7 more ...; type: number; }; "10538_3": { ...; }; orders: { ...; }; }' is not assignable to parameter of type 'State'.
  Type '{ "10537_3": { allowedCountries: { alpha2Code: string; alpha3Code: string; continentId: number; culture: string; id: number; name: string; nativeName: string; region: string; regionId: number; subRegion: null; subfolder: null; }[]; ... 7 more ...; type: number; }; "10538_3": { ...; }; orders: { ...; }; }' is missing the following properties from type '{ [k: string]: unknown; error: Error | null; isLoading: boolean; result: Nullable<OrderSummary>; orderDetails: OrderDetailsState; orderReturnOptions: OrderDetailsState; ... 4 more ...; orderItemAvailableActivities: StateWithoutResult; }': error, isLoading, result, orderDetails, and 6 more.
packages/redux/src/orders/__tests__/reducer.test.ts(653,52): error TS2345: Argument of type '{ brands: { 220482: { description: string; id: number; name: string; priceType: number; }; }; categories: { 135967: { gender: number; id: number; name: string; parentId: number; }; 135974: { gender: number; id: number; name: string; parentId: number; }; ... 6 more ...; 136392: { ...; }; }; merchants: { ...; }; order...' is not assignable to parameter of type 'State'.
  Type '{ brands: { 220482: { description: string; id: number; name: string; priceType: number; }; }; categories: { 135967: { gender: number; id: number; name: string; parentId: number; }; 135974: { gender: number; id: number; name: string; parentId: number; }; ... 6 more ...; 136392: { ...; }; }; merchants: { ...; }; order...' is missing the following properties from type '{ [k: string]: unknown; error: Error | null; isLoading: boolean; result: Nullable<OrderSummary>; orderDetails: OrderDetailsState; orderReturnOptions: OrderDetailsState; ... 4 more ...; orderItemAvailableActivities: StateWithoutResult; }': error, isLoading, result, orderDetails, and 6 more.
packages/redux/src/orders/__tests__/reducer.test.ts(675,47): error TS2345: Argument of type '{ courier: { [x: string]: { id: number; name: string; }; }; labelTracking: { 4538009162: { courier: number; estimatedDeliveryDate: string; events: { code: string; date: string; description: string; location: string; signatory: string; }[]; isEstimatedDeliveryDateTrusworthy: boolean; service: string; trackingNumber: ...' is not assignable to parameter of type 'State'.
  Type '{ courier: { [x: string]: { id: number; name: string; }; }; labelTracking: { 4538009162: { courier: number; estimatedDeliveryDate: string; events: { code: string; date: string; description: string; location: string; signatory: string; }[]; isEstimatedDeliveryDateTrusworthy: boolean; service: string; trackingNumber: ...' is missing the following properties from type '{ [k: string]: unknown; error: Error | null; isLoading: boolean; result: Nullable<OrderSummary>; orderDetails: OrderDetailsState; orderReturnOptions: OrderDetailsState; ... 4 more ...; orderItemAvailableActivities: StateWithoutResult; }': error, isLoading, result, orderDetails, and 6 more.
packages/redux/src/orders/__tests__/reducer.test.ts(686,37): error TS2322: Type 'string' is not assignable to type 'Error | null'.
packages/redux/src/orders/__tests__/reducer.test.ts(694,41): error TS2322: Type 'string' is not assignable to type 'boolean'.
packages/redux/src/orders/__tests__/reducer.test.ts(721,18): error TS2537: Type 'typeof import("/Users/andre.araujocosta/dev/fps/blackout/packages/redux/src/orders/reducer")' has no matching index signature for type 'string'.
packages/redux/src/orders/__tests__/selectors.test.ts(30,40): error TS2345: Argument of type '{ orders: { error: string; isLoading: boolean; result: { entries: string[]; number: number; totalItems: number; totalPages: number; }; ordersList: { error: string; isLoading: boolean; }; orderDetails: { ...; }; ... 4 more ...; orderItemAvailableActivities: { ...; }; }; entities: { ...; }; }' is not assignable to parameter of type 'Partial<{ entities: Partial<{ [k: string]: any; addresses: Record<string, Address>; availableTimeSlots: Record<string, Return>; bagItems: Record<number, BagItemEntity>; ... 33 more ...; wishlistSets: Record<...>; }>; ... 24 more ...; wishlist: State; }>'.
  The types of 'entities.merchants' are incompatible between these types.
    Type '{ [x: string]: { id: number; name: string; }; }' is not assignable to type 'Record<number, MerchantEntity>'.
      'string' and 'number' index signatures are incompatible.
        Property 'shoppingUrl' is missing in type '{ id: number; name: string; }' but required in type 'MerchantEntity'.
packages/redux/src/orders/__tests__/selectors.test.ts(40,39): error TS2345: Argument of type '{ orders: { error: string; isLoading: boolean; result: { entries: string[]; number: number; totalItems: number; totalPages: number; }; ordersList: { error: string; isLoading: boolean; }; orderDetails: { ...; }; ... 4 more ...; orderItemAvailableActivities: { ...; }; }; entities: { ...; }; }' is not assignable to parameter of type 'Partial<{ entities: Partial<{ [k: string]: any; addresses: Record<string, Address>; availableTimeSlots: Record<string, Return>; bagItems: Record<number, BagItemEntity>; ... 33 more ...; wishlistSets: Record<...>; }>; ... 24 more ...; wishlist: State; }>'.
packages/redux/src/orders/__tests__/selectors.test.ts(49,44): error TS2345: Argument of type '{ orders: { error: string; isLoading: boolean; result: { entries: string[]; number: number; totalItems: number; totalPages: number; }; ordersList: { error: string; isLoading: boolean; }; orderDetails: { ...; }; ... 4 more ...; orderItemAvailableActivities: { ...; }; }; entities: { ...; }; }' is not assignable to parameter of type 'Partial<{ entities: Partial<{ [k: string]: any; addresses: Record<string, Address>; availableTimeSlots: Record<string, Return>; bagItems: Record<number, BagItemEntity>; ... 33 more ...; wishlistSets: Record<...>; }>; ... 24 more ...; wishlist: State; }>'.
packages/redux/src/orders/__tests__/selectors.test.ts(59,43): error TS2345: Argument of type '{ orders: { error: string; isLoading: boolean; result: { entries: string[]; number: number; totalItems: number; totalPages: number; }; ordersList: { error: string; isLoading: boolean; }; orderDetails: { ...; }; ... 4 more ...; orderItemAvailableActivities: { ...; }; }; entities: { ...; }; }' is not assignable to parameter of type 'Partial<{ entities: Partial<{ [k: string]: any; addresses: Record<string, Address>; availableTimeSlots: Record<string, Return>; bagItems: Record<number, BagItemEntity>; ... 33 more ...; wishlistSets: Record<...>; }>; ... 24 more ...; wishlist: State; }>'.
packages/redux/src/orders/__tests__/selectors.test.ts(93,46): error TS2345: Argument of type '{ orders: { error: string; isLoading: boolean; result: { entries: string[]; number: number; totalItems: number; totalPages: number; }; ordersList: { error: string; isLoading: boolean; }; orderDetails: { ...; }; ... 4 more ...; orderItemAvailableActivities: { ...; }; }; entities: { ...; }; }' is not assignable to parameter of type 'Partial<{ entities: Partial<{ [k: string]: any; addresses: Record<string, Address>; availableTimeSlots: Record<string, Return>; bagItems: Record<number, BagItemEntity>; ... 33 more ...; wishlistSets: Record<...>; }>; ... 24 more ...; wishlist: State; }>'.
packages/redux/src/orders/__tests__/selectors.test.ts(105,45): error TS2345: Argument of type '{ orders: { error: string; isLoading: boolean; result: { entries: string[]; number: number; totalItems: number; totalPages: number; }; ordersList: { error: string; isLoading: boolean; }; orderDetails: { ...; }; ... 4 more ...; orderItemAvailableActivities: { ...; }; }; entities: { ...; }; }' is not assignable to parameter of type 'Partial<{ entities: Partial<{ [k: string]: any; addresses: Record<string, Address>; availableTimeSlots: Record<string, Return>; bagItems: Record<number, BagItemEntity>; ... 33 more ...; wishlistSets: Record<...>; }>; ... 24 more ...; wishlist: State; }>'.
packages/redux/src/orders/__tests__/selectors.test.ts(116,52): error TS2345: Argument of type '{ orders: { error: string; isLoading: boolean; result: { entries: string[]; number: number; totalItems: number; totalPages: number; }; ordersList: { error: string; isLoading: boolean; }; orderDetails: { ...; }; ... 4 more ...; orderItemAvailableActivities: { ...; }; }; entities: { ...; }; }' is not assignable to parameter of type 'Partial<{ entities: Partial<{ [k: string]: any; addresses: Record<string, Address>; availableTimeSlots: Record<string, Return>; bagItems: Record<number, BagItemEntity>; ... 33 more ...; wishlistSets: Record<...>; }>; ... 24 more ...; wishlist: State; }>'.
packages/redux/src/orders/__tests__/selectors.test.ts(128,51): error TS2345: Argument of type '{ orders: { error: string; isLoading: boolean; result: { entries: string[]; number: number; totalItems: number; totalPages: number; }; ordersList: { error: string; isLoading: boolean; }; orderDetails: { ...; }; ... 4 more ...; orderItemAvailableActivities: { ...; }; }; entities: { ...; }; }' is not assignable to parameter of type 'Partial<{ entities: Partial<{ [k: string]: any; addresses: Record<string, Address>; availableTimeSlots: Record<string, Return>; bagItems: Record<number, BagItemEntity>; ... 33 more ...; wishlistSets: Record<...>; }>; ... 24 more ...; wishlist: State; }>'.
packages/redux/src/orders/__tests__/selectors.test.ts(139,43): error TS2345: Argument of type '{ orders: { error: string; isLoading: boolean; result: { entries: string[]; number: number; totalItems: number; totalPages: number; }; ordersList: { error: string; isLoading: boolean; }; orderDetails: { ...; }; ... 4 more ...; orderItemAvailableActivities: { ...; }; }; entities: { ...; }; }' is not assignable to parameter of type 'Partial<{ entities: Partial<{ [k: string]: any; addresses: Record<string, Address>; availableTimeSlots: Record<string, Return>; bagItems: Record<number, BagItemEntity>; ... 33 more ...; wishlistSets: Record<...>; }>; ... 24 more ...; wishlist: State; }>'.
packages/redux/src/orders/__tests__/selectors.test.ts(149,42): error TS2345: Argument of type '{ orders: { error: string; isLoading: boolean; result: { entries: string[]; number: number; totalItems: number; totalPages: number; }; ordersList: { error: string; isLoading: boolean; }; orderDetails: { ...; }; ... 4 more ...; orderItemAvailableActivities: { ...; }; }; entities: { ...; }; }' is not assignable to parameter of type 'Partial<{ entities: Partial<{ [k: string]: any; addresses: Record<string, Address>; availableTimeSlots: Record<string, Return>; bagItems: Record<number, BagItemEntity>; ... 33 more ...; wishlistSets: Record<...>; }>; ... 24 more ...; wishlist: State; }>'.
packages/redux/src/orders/__tests__/selectors.test.ts(158,43): error TS2345: Argument of type '{ orders: { error: string; isLoading: boolean; result: { entries: string[]; number: number; totalItems: number; totalPages: number; }; ordersList: { error: string; isLoading: boolean; }; orderDetails: { ...; }; ... 4 more ...; orderItemAvailableActivities: { ...; }; }; entities: { ...; }; }' is not assignable to parameter of type 'Partial<{ entities: Partial<{ [k: string]: any; addresses: Record<string, Address>; availableTimeSlots: Record<string, Return>; bagItems: Record<number, BagItemEntity>; ... 33 more ...; wishlistSets: Record<...>; }>; ... 24 more ...; wishlist: State; }>'.
packages/redux/src/orders/__tests__/selectors.test.ts(168,42): error TS2345: Argument of type '{ orders: { error: string; isLoading: boolean; result: { entries: string[]; number: number; totalItems: number; totalPages: number; }; ordersList: { error: string; isLoading: boolean; }; orderDetails: { ...; }; ... 4 more ...; orderItemAvailableActivities: { ...; }; }; entities: { ...; }; }' is not assignable to parameter of type 'Partial<{ entities: Partial<{ [k: string]: any; addresses: Record<string, Address>; availableTimeSlots: Record<string, Return>; bagItems: Record<number, BagItemEntity>; ... 33 more ...; wishlistSets: Record<...>; }>; ... 24 more ...; wishlist: State; }>'.
packages/redux/src/orders/__tests__/selectors.test.ts(177,58): error TS2345: Argument of type '{ orders: { error: string; isLoading: boolean; result: { entries: string[]; number: number; totalItems: number; totalPages: number; }; ordersList: { error: string; isLoading: boolean; }; orderDetails: { ...; }; ... 4 more ...; orderItemAvailableActivities: { ...; }; }; entities: { ...; }; }' is not assignable to parameter of type 'Partial<{ entities: Partial<{ [k: string]: any; addresses: Record<string, Address>; availableTimeSlots: Record<string, Return>; bagItems: Record<number, BagItemEntity>; ... 33 more ...; wishlistSets: Record<...>; }>; ... 24 more ...; wishlist: State; }>'.
packages/redux/src/orders/__tests__/selectors.test.ts(190,57): error TS2345: Argument of type '{ orders: { error: string; isLoading: boolean; result: { entries: string[]; number: number; totalItems: number; totalPages: number; }; ordersList: { error: string; isLoading: boolean; }; orderDetails: { ...; }; ... 4 more ...; orderItemAvailableActivities: { ...; }; }; entities: { ...; }; }' is not assignable to parameter of type 'Partial<{ entities: Partial<{ [k: string]: any; addresses: Record<string, Address>; availableTimeSlots: Record<string, Return>; bagItems: Record<number, BagItemEntity>; ... 33 more ...; wishlistSets: Record<...>; }>; ... 24 more ...; wishlist: State; }>'.
packages/redux/src/orders/__tests__/selectors.test.ts(202,57): error TS2345: Argument of type '{ orders: { error: string; isLoading: boolean; result: { entries: string[]; number: number; totalItems: number; totalPages: number; }; ordersList: { error: string; isLoading: boolean; }; orderDetails: { ...; }; ... 4 more ...; orderItemAvailableActivities: { ...; }; }; entities: { ...; }; }' is not assignable to parameter of type 'Partial<{ entities: Partial<{ [k: string]: any; addresses: Record<string, Address>; availableTimeSlots: Record<string, Return>; bagItems: Record<number, BagItemEntity>; ... 33 more ...; wishlistSets: Record<...>; }>; ... 24 more ...; wishlist: State; }>'.
packages/redux/src/orders/__tests__/selectors.test.ts(214,61): error TS2345: Argument of type '{ orders: { error: string; isLoading: boolean; result: { entries: string[]; number: number; totalItems: number; totalPages: number; }; ordersList: { error: string; isLoading: boolean; }; orderDetails: { ...; }; ... 4 more ...; orderItemAvailableActivities: { ...; }; }; entities: { ...; }; }' is not assignable to parameter of type 'Partial<{ entities: Partial<{ [k: string]: any; addresses: Record<string, Address>; availableTimeSlots: Record<string, Return>; bagItems: Record<number, BagItemEntity>; ... 33 more ...; wishlistSets: Record<...>; }>; ... 24 more ...; wishlist: State; }>'.
packages/redux/src/orders/__tests__/selectors.test.ts(226,34): error TS2345: Argument of type '{ orders: { error: string; isLoading: boolean; result: { entries: string[]; number: number; totalItems: number; totalPages: number; }; ordersList: { error: string; isLoading: boolean; }; orderDetails: { ...; }; ... 4 more ...; orderItemAvailableActivities: { ...; }; }; entities: { ...; }; }' is not assignable to parameter of type 'Partial<{ entities: Partial<{ [k: string]: any; addresses: Record<string, Address>; availableTimeSlots: Record<string, Return>; bagItems: Record<number, BagItemEntity>; ... 33 more ...; wishlistSets: Record<...>; }>; ... 24 more ...; wishlist: State; }>'.
packages/redux/src/orders/__tests__/selectors.test.ts(235,33): error TS2345: Argument of type '{ orders: { error: string; isLoading: boolean; result: { entries: string[]; number: number; totalItems: number; totalPages: number; }; ordersList: { error: string; isLoading: boolean; }; orderDetails: { ...; }; ... 4 more ...; orderItemAvailableActivities: { ...; }; }; entities: { ...; }; }' is not assignable to parameter of type 'Partial<{ entities: Partial<{ [k: string]: any; addresses: Record<string, Address>; availableTimeSlots: Record<string, Return>; bagItems: Record<number, BagItemEntity>; ... 33 more ...; wishlistSets: Record<...>; }>; ... 24 more ...; wishlist: State; }>'.
packages/redux/src/orders/__tests__/selectors.test.ts(244,41): error TS2345: Argument of type '{ orders: { error: string; isLoading: boolean; result: { entries: string[]; number: number; totalItems: number; totalPages: number; }; ordersList: { error: string; isLoading: boolean; }; orderDetails: { ...; }; ... 4 more ...; orderItemAvailableActivities: { ...; }; }; entities: { ...; }; }' is not assignable to parameter of type 'Partial<{ entities: Partial<{ [k: string]: any; addresses: Record<string, Address>; availableTimeSlots: Record<string, Return>; bagItems: Record<number, BagItemEntity>; ... 33 more ...; wishlistSets: Record<...>; }>; ... 24 more ...; wishlist: State; }>'.
packages/redux/src/orders/__tests__/selectors.test.ts(255,35): error TS2345: Argument of type '{ orders: { error: string; isLoading: boolean; result: { entries: string[]; number: number; totalItems: number; totalPages: number; }; ordersList: { error: string; isLoading: boolean; }; orderDetails: { ...; }; ... 4 more ...; orderItemAvailableActivities: { ...; }; }; entities: { ...; }; }' is not assignable to parameter of type 'Partial<{ entities: Partial<{ [k: string]: any; addresses: Record<string, Address>; availableTimeSlots: Record<string, Return>; bagItems: Record<number, BagItemEntity>; ... 33 more ...; wishlistSets: Record<...>; }>; ... 24 more ...; wishlist: State; }>'.
packages/redux/src/orders/__tests__/selectors.test.ts(265,37): error TS2345: Argument of type '{ orders: { error: string; isLoading: boolean; result: { entries: string[]; number: number; totalItems: number; totalPages: number; }; ordersList: { error: string; isLoading: boolean; }; orderDetails: { ...; }; ... 4 more ...; orderItemAvailableActivities: { ...; }; }; entities: { ...; }; }' is not assignable to parameter of type 'Partial<{ entities: Partial<{ [k: string]: any; addresses: Record<string, Address>; availableTimeSlots: Record<string, Return>; bagItems: Record<number, BagItemEntity>; ... 33 more ...; wishlistSets: Record<...>; }>; ... 24 more ...; wishlist: State; }>'.
packages/redux/src/orders/__tests__/selectors.test.ts(274,36): error TS2345: Argument of type '{ orders: { error: string; isLoading: boolean; result: { entries: string[]; number: number; totalItems: number; totalPages: number; }; ordersList: { error: string; isLoading: boolean; }; orderDetails: { ...; }; ... 4 more ...; orderItemAvailableActivities: { ...; }; }; entities: { ...; }; }' is not assignable to parameter of type 'Partial<{ entities: Partial<{ [k: string]: any; addresses: Record<string, Address>; availableTimeSlots: Record<string, Return>; bagItems: Record<number, BagItemEntity>; ... 33 more ...; wishlistSets: Record<...>; }>; ... 24 more ...; wishlist: State; }>'.
packages/redux/src/orders/__tests__/selectors.test.ts(286,38): error TS2345: Argument of type '{ orders: { error: string; isLoading: boolean; result: { entries: string[]; number: number; totalItems: number; totalPages: number; }; ordersList: { error: string; isLoading: boolean; }; orderDetails: { ...; }; ... 4 more ...; orderItemAvailableActivities: { ...; }; }; entities: { ...; }; }' is not assignable to parameter of type 'Partial<{ entities: Partial<{ [k: string]: any; addresses: Record<string, Address>; availableTimeSlots: Record<string, Return>; bagItems: Record<number, BagItemEntity>; ... 33 more ...; wishlistSets: Record<...>; }>; ... 24 more ...; wishlist: State; }>'.
packages/redux/src/orders/__tests__/selectors.test.ts(295,37): error TS2345: Argument of type '{ orders: { error: string; isLoading: boolean; result: { entries: string[]; number: number; totalItems: number; totalPages: number; }; ordersList: { error: string; isLoading: boolean; }; orderDetails: { ...; }; ... 4 more ...; orderItemAvailableActivities: { ...; }; }; entities: { ...; }; }' is not assignable to parameter of type 'Partial<{ entities: Partial<{ [k: string]: any; addresses: Record<string, Address>; availableTimeSlots: Record<string, Return>; bagItems: Record<number, BagItemEntity>; ... 33 more ...; wishlistSets: Record<...>; }>; ... 24 more ...; wishlist: State; }>'.
packages/redux/src/orders/__tests__/selectors.test.ts(307,37): error TS2345: Argument of type '{ orders: { error: string; isLoading: boolean; result: { entries: string[]; number: number; totalItems: number; totalPages: number; }; ordersList: { error: string; isLoading: boolean; }; orderDetails: { ...; }; ... 4 more ...; orderItemAvailableActivities: { ...; }; }; entities: { ...; }; }' is not assignable to parameter of type 'Partial<{ entities: Partial<{ [k: string]: any; addresses: Record<string, Address>; availableTimeSlots: Record<string, Return>; bagItems: Record<number, BagItemEntity>; ... 33 more ...; wishlistSets: Record<...>; }>; ... 24 more ...; wishlist: State; }>'.
packages/redux/src/orders/__tests__/selectors.test.ts(316,35): error TS2345: Argument of type '{ orders: { error: string; isLoading: boolean; result: { entries: string[]; number: number; totalItems: number; totalPages: number; }; ordersList: { error: string; isLoading: boolean; }; orderDetails: { ...; }; ... 4 more ...; orderItemAvailableActivities: { ...; }; }; entities: { ...; }; }' is not assignable to parameter of type 'Partial<{ entities: Partial<{ [k: string]: any; addresses: Record<string, Address>; availableTimeSlots: Record<string, Return>; bagItems: Record<number, BagItemEntity>; ... 33 more ...; wishlistSets: Record<...>; }>; ... 24 more ...; wishlist: State; }>'.
packages/redux/src/orders/__tests__/selectors.test.ts(326,41): error TS2345: Argument of type '{ orders: { error: string; isLoading: boolean; result: { entries: string[]; number: number; totalItems: number; totalPages: number; }; ordersList: { error: string; isLoading: boolean; }; orderDetails: { ...; }; ... 4 more ...; orderItemAvailableActivities: { ...; }; }; entities: { ...; }; }' is not assignable to parameter of type 'Partial<{ entities: Partial<{ [k: string]: any; addresses: Record<string, Address>; availableTimeSlots: Record<string, Return>; bagItems: Record<number, BagItemEntity>; ... 33 more ...; wishlistSets: Record<...>; }>; ... 24 more ...; wishlist: State; }>'.
packages/redux/src/orders/__tests__/selectors.test.ts(335,40): error TS2345: Argument of type '{ orders: { error: string; isLoading: boolean; result: { entries: string[]; number: number; totalItems: number; totalPages: number; }; ordersList: { error: string; isLoading: boolean; }; orderDetails: { ...; }; ... 4 more ...; orderItemAvailableActivities: { ...; }; }; entities: { ...; }; }' is not assignable to parameter of type 'Partial<{ entities: Partial<{ [k: string]: any; addresses: Record<string, Address>; availableTimeSlots: Record<string, Return>; bagItems: Record<number, BagItemEntity>; ... 33 more ...; wishlistSets: Record<...>; }>; ... 24 more ...; wishlist: State; }>'.
packages/redux/src/orders/__tests__/selectors.test.ts(347,45): error TS2345: Argument of type '{ orders: { error: string; isLoading: boolean; result: { entries: string[]; number: number; totalItems: number; totalPages: number; }; ordersList: { error: string; isLoading: boolean; }; orderDetails: { ...; }; ... 4 more ...; orderItemAvailableActivities: { ...; }; }; entities: { ...; }; }' is not assignable to parameter of type '{ entities?: Partial<{ [k: string]: any; addresses: Record<string, Address>; availableTimeSlots: Record<string, Return>; bagItems: Record<number, BagItemEntity>; ... 33 more ...; wishlistSets: Record<...>; }> | undefined; ... 24 more ...; wishlist?: State | undefined; }'.
  Types of property 'entities' are incompatible.
    Type '{ courier: { [x: string]: { id: number; name: string; }; }; labelTracking: { [x: string]: { courier: number; estimatedDeliveryDate: string; events: { code: string; date: string; description: string; location: string; signatory: string; }[]; isEstimatedDeliveryDateTrusworthy: boolean; service: string; trackingNumber:...' is not assignable to type 'Partial<{ [k: string]: any; addresses: Record<string, Address>; availableTimeSlots: Record<string, Return>; bagItems: Record<number, BagItemEntity>; ... 33 more ...; wishlistSets: Record<...>; }>'.
packages/redux/src/orders/__tests__/selectors.test.ts(357,57): error TS2554: Expected 1 arguments, but got 2.
packages/redux/src/orders/__tests__/selectors.test.ts(368,56): error TS2554: Expected 1 arguments, but got 2.
packages/redux/src/orders/__tests__/selectors.test.ts(379,59): error TS2554: Expected 1 arguments, but got 2.
packages/redux/src/orders/__tests__/selectors.test.ts(388,54): error TS2554: Expected 1 arguments, but got 2.
packages/redux/src/orders/actions/__tests__/addOrderDocument.test.ts(18,5): error TS7034: Variable 'store' implicitly has type 'any' in some locations where its type cannot be determined.
packages/redux/src/orders/actions/__tests__/addOrderDocument.test.ts(29,23): error TS2339: Property 'mockRejectedValueOnce' does not exist on type 'PostOrderDocument'.
packages/redux/src/orders/actions/__tests__/addOrderDocument.test.ts(34,13): error TS7005: Variable 'store' implicitly has an 'any' type.
packages/redux/src/orders/actions/__tests__/addOrderDocument.test.ts(46,14): error TS7005: Variable 'store' implicitly has an 'any' type.
packages/redux/src/orders/actions/__tests__/addOrderDocument.test.ts(59,23): error TS2339: Property 'mockResolvedValueOnce' does not exist on type 'PostOrderDocument'.
packages/redux/src/orders/actions/__tests__/addOrderDocument.test.ts(61,11): error TS7005: Variable 'store' implicitly has an 'any' type.
packages/redux/src/orders/actions/__tests__/addOrderDocument.test.ts(63,13): error TS7006: Parameter 'clientResult' implicitly has an 'any' type.
packages/redux/src/orders/actions/__tests__/addOrderDocument.test.ts(74,12): error TS7005: Variable 'store' implicitly has an 'any' type.
packages/redux/src/orders/actions/__tests__/addOrderItemActivities.test.ts(21,5): error TS7034: Variable 'store' implicitly has type 'any' in some locations where its type cannot be determined.
packages/redux/src/orders/actions/__tests__/addOrderItemActivities.test.ts(32,29): error TS2339: Property 'mockRejectedValueOnce' does not exist on type 'PostOrderItemActivities'.
packages/redux/src/orders/actions/__tests__/addOrderItemActivities.test.ts(37,13): error TS7005: Variable 'store' implicitly has an 'any' type.
packages/redux/src/orders/actions/__tests__/addOrderItemActivities.test.ts(49,14): error TS7005: Variable 'store' implicitly has an 'any' type.
packages/redux/src/orders/actions/__tests__/addOrderItemActivities.test.ts(62,29): error TS2339: Property 'mockResolvedValueOnce' does not exist on type 'PostOrderItemActivities'.
packages/redux/src/orders/actions/__tests__/addOrderItemActivities.test.ts(64,11): error TS7005: Variable 'store' implicitly has an 'any' type.
packages/redux/src/orders/actions/__tests__/addOrderItemActivities.test.ts(68,13): error TS7006: Parameter 'clientResult' implicitly has an 'any' type.
packages/redux/src/orders/actions/__tests__/addOrderItemActivities.test.ts(79,12): error TS7005: Variable 'store' implicitly has an 'any' type.
packages/redux/src/orders/actions/__tests__/fetchOrderAvailableItemsActivities.test.ts(17,5): error TS7034: Variable 'store' implicitly has type 'any' in some locations where its type cannot be determined.
packages/redux/src/orders/actions/__tests__/fetchOrderAvailableItemsActivities.test.ts(30,38): error TS2339: Property 'mockRejectedValueOnce' does not exist on type 'GetOrderAvailableItemsActivities'.
packages/redux/src/orders/actions/__tests__/fetchOrderAvailableItemsActivities.test.ts(35,13): error TS7005: Variable 'store' implicitly has an 'any' type.
packages/redux/src/orders/actions/__tests__/fetchOrderAvailableItemsActivities.test.ts(43,14): error TS7005: Variable 'store' implicitly has an 'any' type.
packages/redux/src/orders/actions/__tests__/fetchOrderAvailableItemsActivities.test.ts(56,38): error TS2339: Property 'mockResolvedValueOnce' does not exist on type 'GetOrderAvailableItemsActivities'.
packages/redux/src/orders/actions/__tests__/fetchOrderAvailableItemsActivities.test.ts(62,11): error TS7005: Variable 'store' implicitly has an 'any' type.
packages/redux/src/orders/actions/__tests__/fetchOrderAvailableItemsActivities.test.ts(64,13): error TS7006: Parameter 'clientResult' implicitly has an 'any' type.
packages/redux/src/orders/actions/__tests__/fetchOrderAvailableItemsActivities.test.ts(73,12): error TS7005: Variable 'store' implicitly has an 'any' type.
packages/redux/src/orders/actions/__tests__/fetchOrderDetails.test.ts(31,5): error TS7034: Variable 'store' implicitly has type 'any' in some locations where its type cannot be determined.
packages/redux/src/orders/actions/__tests__/fetchOrderDetails.test.ts(42,21): error TS2339: Property 'mockRejectedValueOnce' does not exist on type 'GetOrderDetails'.
packages/redux/src/orders/actions/__tests__/fetchOrderDetails.test.ts(47,13): error TS7005: Variable 'store' implicitly has an 'any' type.
packages/redux/src/orders/actions/__tests__/fetchOrderDetails.test.ts(52,14): error TS7005: Variable 'store' implicitly has an 'any' type.
packages/redux/src/orders/actions/__tests__/fetchOrderDetails.test.ts(67,21): error TS2339: Property 'mockResolvedValueOnce' does not exist on type 'GetOrderDetails'.
packages/redux/src/orders/actions/__tests__/fetchOrderDetails.test.ts(71,11): error TS7005: Variable 'store' implicitly has an 'any' type.
packages/redux/src/orders/actions/__tests__/fetchOrderDetails.test.ts(71,59): error TS7006: Parameter 'clientResult' implicitly has an 'any' type.
packages/redux/src/orders/actions/__tests__/fetchOrderDetails.test.ts(78,12): error TS7005: Variable 'store' implicitly has an 'any' type.
packages/redux/src/orders/actions/__tests__/fetchOrderDetails.test.ts(100,21): error TS2339: Property 'mockResolvedValueOnce' does not exist on type 'GetOrderDetails'.
packages/redux/src/orders/actions/__tests__/fetchOrderDetails.test.ts(104,26): error TS2345: Argument of type '(dispatch: Dispatch<AnyAction>, getState: State, { getOptions }: { getOptions?: ((arg: any) => { arg: any; }) | undefined; }) => Promise<Order>' is not assignable to parameter of type 'AnyAction'.
  Property 'type' is missing in type '(dispatch: Dispatch<AnyAction>, getState: State, { getOptions }: { getOptions?: ((arg: any) => { arg: any; }) | undefined; }) => Promise<Order>' but required in type 'AnyAction'.
packages/redux/src/orders/actions/__tests__/fetchOrderDetails.test.ts(104,59): error TS7006: Parameter 'clientResult' implicitly has an 'any' type.
packages/redux/src/orders/actions/__tests__/fetchOrderDocument.test.ts(17,5): error TS7034: Variable 'store' implicitly has type 'any' in some locations where its type cannot be determined.
packages/redux/src/orders/actions/__tests__/fetchOrderDocument.test.ts(28,22): error TS2339: Property 'mockRejectedValueOnce' does not exist on type 'GetOrderDocument'.
packages/redux/src/orders/actions/__tests__/fetchOrderDocument.test.ts(33,13): error TS7005: Variable 'store' implicitly has an 'any' type.
packages/redux/src/orders/actions/__tests__/fetchOrderDocument.test.ts(42,14): error TS7005: Variable 'store' implicitly has an 'any' type.
packages/redux/src/orders/actions/__tests__/fetchOrderDocument.test.ts(55,22): error TS2339: Property 'mockResolvedValueOnce' does not exist on type 'GetOrderDocument'.
packages/redux/src/orders/actions/__tests__/fetchOrderDocument.test.ts(59,11): error TS7005: Variable 'store' implicitly has an 'any' type.
packages/redux/src/orders/actions/__tests__/fetchOrderDocument.test.ts(61,13): error TS7006: Parameter 'clientResult' implicitly has an 'any' type.
packages/redux/src/orders/actions/__tests__/fetchOrderDocument.test.ts(71,12): error TS7005: Variable 'store' implicitly has an 'any' type.
packages/redux/src/orders/actions/__tests__/fetchOrderDocuments.test.ts(18,5): error TS7034: Variable 'store' implicitly has type 'any' in some locations where its type cannot be determined.
packages/redux/src/orders/actions/__tests__/fetchOrderDocuments.test.ts(29,23): error TS2339: Property 'mockRejectedValueOnce' does not exist on type 'GetOrderDocuments'.
packages/redux/src/orders/actions/__tests__/fetchOrderDocuments.test.ts(34,13): error TS7005: Variable 'store' implicitly has an 'any' type.
packages/redux/src/orders/actions/__tests__/fetchOrderDocuments.test.ts(43,14): error TS7005: Variable 'store' implicitly has an 'any' type.
packages/redux/src/orders/actions/__tests__/fetchOrderDocuments.test.ts(56,23): error TS2339: Property 'mockResolvedValueOnce' does not exist on type 'GetOrderDocuments'.
packages/redux/src/orders/actions/__tests__/fetchOrderDocuments.test.ts(60,11): error TS7005: Variable 'store' implicitly has an 'any' type.
packages/redux/src/orders/actions/__tests__/fetchOrderDocuments.test.ts(62,13): error TS7006: Parameter 'clientResult' implicitly has an 'any' type.
packages/redux/src/orders/actions/__tests__/fetchOrderDocuments.test.ts(72,12): error TS7005: Variable 'store' implicitly has an 'any' type.
packages/redux/src/orders/actions/__tests__/fetchOrderItemAvailableActivities.test.ts(17,5): error TS7034: Variable 'store' implicitly has type 'any' in some locations where its type cannot be determined.
packages/redux/src/orders/actions/__tests__/fetchOrderItemAvailableActivities.test.ts(28,37): error TS2339: Property 'mockRejectedValueOnce' does not exist on type 'GetOrderItemAvailableActivities'.
packages/redux/src/orders/actions/__tests__/fetchOrderItemAvailableActivities.test.ts(33,13): error TS7005: Variable 'store' implicitly has an 'any' type.
packages/redux/src/orders/actions/__tests__/fetchOrderItemAvailableActivities.test.ts(42,14): error TS7005: Variable 'store' implicitly has an 'any' type.
packages/redux/src/orders/actions/__tests__/fetchOrderItemAvailableActivities.test.ts(55,37): error TS2339: Property 'mockResolvedValueOnce' does not exist on type 'GetOrderItemAvailableActivities'.
packages/redux/src/orders/actions/__tests__/fetchOrderItemAvailableActivities.test.ts(61,11): error TS7005: Variable 'store' implicitly has an 'any' type.
packages/redux/src/orders/actions/__tests__/fetchOrderItemAvailableActivities.test.ts(63,13): error TS7006: Parameter 'clientResult' implicitly has an 'any' type.
packages/redux/src/orders/actions/__tests__/fetchOrderItemAvailableActivities.test.ts(73,12): error TS7005: Variable 'store' implicitly has an 'any' type.
packages/redux/src/orders/actions/__tests__/fetchOrderReturnOptions.test.ts(28,5): error TS7034: Variable 'store' implicitly has type 'any' in some locations where its type cannot be determined.
packages/redux/src/orders/actions/__tests__/fetchOrderReturnOptions.test.ts(39,27): error TS2339: Property 'mockRejectedValueOnce' does not exist on type 'GetOrderReturnOptions'.
packages/redux/src/orders/actions/__tests__/fetchOrderReturnOptions.test.ts(44,13): error TS7005: Variable 'store' implicitly has an 'any' type.
packages/redux/src/orders/actions/__tests__/fetchOrderReturnOptions.test.ts(52,14): error TS7005: Variable 'store' implicitly has an 'any' type.
packages/redux/src/orders/actions/__tests__/fetchOrderReturnOptions.test.ts(67,27): error TS2339: Property 'mockResolvedValueOnce' does not exist on type 'GetOrderReturnOptions'.
packages/redux/src/orders/actions/__tests__/fetchOrderReturnOptions.test.ts(71,11): error TS7005: Variable 'store' implicitly has an 'any' type.
packages/redux/src/orders/actions/__tests__/fetchOrderReturnOptions.test.ts(73,13): error TS7006: Parameter 'clientResult' implicitly has an 'any' type.
packages/redux/src/orders/actions/__tests__/fetchOrderReturnOptions.test.ts(80,12): error TS7005: Variable 'store' implicitly has an 'any' type.
packages/redux/src/orders/actions/__tests__/fetchOrders.test.ts(28,5): error TS7034: Variable 'store' implicitly has type 'any' in some locations where its type cannot be determined.
packages/redux/src/orders/actions/__tests__/fetchOrders.test.ts(41,15): error TS2339: Property 'mockRejectedValueOnce' does not exist on type 'GetOrders'.
packages/redux/src/orders/actions/__tests__/fetchOrders.test.ts(46,13): error TS7005: Variable 'store' implicitly has an 'any' type.
packages/redux/src/orders/actions/__tests__/fetchOrders.test.ts(51,14): error TS7005: Variable 'store' implicitly has an 'any' type.
packages/redux/src/orders/actions/__tests__/fetchOrders.test.ts(64,15): error TS2339: Property 'mockResolvedValueOnce' does not exist on type 'GetOrders'.
packages/redux/src/orders/actions/__tests__/fetchOrders.test.ts(68,11): error TS7005: Variable 'store' implicitly has an 'any' type.
packages/redux/src/orders/actions/__tests__/fetchOrders.test.ts(68,59): error TS7006: Parameter 'clientResult' implicitly has an 'any' type.
packages/redux/src/orders/actions/__tests__/fetchOrders.test.ts(75,12): error TS7005: Variable 'store' implicitly has an 'any' type.
packages/redux/src/orders/actions/__tests__/fetchTrackings.test.ts(27,5): error TS7034: Variable 'store' implicitly has type 'any' in some locations where its type cannot be determined.
packages/redux/src/orders/actions/__tests__/fetchTrackings.test.ts(40,18): error TS2339: Property 'mockRejectedValueOnce' does not exist on type 'GetTrackings'.
packages/redux/src/orders/actions/__tests__/fetchTrackings.test.ts(45,13): error TS7005: Variable 'store' implicitly has an 'any' type.
packages/redux/src/orders/actions/__tests__/fetchTrackings.test.ts(53,14): error TS7005: Variable 'store' implicitly has an 'any' type.
packages/redux/src/orders/actions/__tests__/fetchTrackings.test.ts(66,18): error TS2339: Property 'mockResolvedValueOnce' does not exist on type 'GetTrackings'.
packages/redux/src/orders/actions/__tests__/fetchTrackings.test.ts(70,11): error TS7005: Variable 'store' implicitly has an 'any' type.
packages/redux/src/orders/actions/__tests__/fetchTrackings.test.ts(70,64): error TS7006: Parameter 'clientResult' implicitly has an 'any' type.
packages/redux/src/orders/actions/__tests__/fetchTrackings.test.ts(77,12): error TS7005: Variable 'store' implicitly has an 'any' type.
packages/redux/src/orders/actions/__tests__/resetOrders.test.ts(8,5): error TS7034: Variable 'store' implicitly has type 'any' in some locations where its type cannot be determined.
packages/redux/src/orders/actions/__tests__/resetOrders.test.ts(17,11): error TS7005: Variable 'store' implicitly has an 'any' type.
packages/redux/src/orders/actions/__tests__/resetOrders.test.ts(19,12): error TS7005: Variable 'store' implicitly has an 'any' type.
packages/redux/src/orders/actions/factories/fetchOrderDetailsFactory.ts(42,20): error TS7006: Parameter 'arg' implicitly has an 'any' type.
packages/redux/src/orders/actions/factories/fetchOrderDetailsFactory.ts(51,15): error TS2339: Property 'productImgQueryParam' does not exist on type '{ arg: any; }'.
packages/redux/src/orders/actions/resetOrders.ts(11,22): error TS7006: Parameter 'dispatch' implicitly has an 'any' type.
packages/redux/src/orders/reducer.ts(137,23): error TS2532: Object is possibly 'undefined'.
packages/redux/src/orders/reducer.ts(138,11): error TS7053: Element implicitly has an 'any' type because expression of type 'any' can't be used to index type '{}'.
packages/redux/src/orders/reducer.ts(138,56): error TS2339: Property 'id' does not exist on type 'number'.
packages/redux/src/orders/reducer.ts(140,63): error TS2339: Property 'id' does not exist on type 'number'.
packages/redux/src/orders/reducer.ts(154,45): error TS2339: Property 'merchants' does not exist on type 'WritableDraft<{ orders: {}; [$CombinedState]?: undefined; error: Error | null; isLoading: boolean; result: Nullable<OrderSummary>; orderDetails: OrderDetailsState; ... 5 more ...; orderItemAvailableActivities: StateWithoutResult; }>'.
packages/redux/src/orders/reducer.ts(156,18): error TS2339: Property 'merchants' does not exist on type 'WritableDraft<{ orders: {}; [$CombinedState]?: undefined; error: Error | null; isLoading: boolean; result: Nullable<OrderSummary>; orderDetails: OrderDetailsState; ... 5 more ...; orderItemAvailableActivities: StateWithoutResult; }>'.
packages/redux/src/orders/reducer.ts(203,16): error TS2339: Property 'guest' does not exist on type 'FetchOrderDetailsSuccessAction'.
packages/redux/src/orders/reducer.ts(211,30): error TS2532: Object is possibly 'undefined'.
packages/redux/src/orders/reducer.ts(213,38): error TS2571: Object is of type 'unknown'.
packages/redux/src/orders/reducer.ts(215,15): error TS2698: Spread types may only be created from object types.
packages/redux/src/orders/reducer.ts(220,13): error TS2571: Object is of type 'unknown'.
packages/redux/src/orders/reducer.ts(224,13): error TS2571: Object is of type 'unknown'.
packages/redux/src/orders/reducer.ts(232,7): error TS2571: Object is of type 'unknown'.
packages/redux/src/orders/reducer.ts(233,12): error TS2571: Object is of type 'unknown'.
packages/redux/src/orders/reducer.ts(249,7): error TS7053: Element implicitly has an 'any' type because expression of type '`${string}_${string}`' can't be used to index type '{}'.
packages/redux/src/orders/reducer.ts(264,30): error TS7053: Element implicitly has an 'any' type because expression of type 'string' can't be used to index type '{}'.
  No index signature with a parameter of type 'string' was found on type '{}'.
packages/redux/src/orders/reducer.ts(272,16): error TS2571: Object is of type 'unknown'.
packages/redux/src/orders/reducer.ts(273,13): error TS2571: Object is of type 'unknown'.
packages/redux/src/orders/reducer.ts(274,18): error TS2571: Object is of type 'unknown'.
packages/redux/src/orders/reducer.ts(275,34): error TS2488: Type 'unknown' must have a '[Symbol.iterator]()' method that returns an iterator.
packages/redux/src/orders/reducer.ts(477,18): error TS2345: Argument of type 'State' is not assignable to parameter of type 'CombinedState<{ error: Error | null; isLoading: boolean; result: never; ordersList: any; orderDetails: OrderDetailsState; orderReturnOptions: OrderDetailsState; trackings: any; documents: any; orderAvailableItemsActivities: any; orderItemAvailableActivities: any; }> | undefined'.
  Type 'State' is not assignable to type 'CombinedState<{ error: Error | null; isLoading: boolean; result: never; ordersList: any; orderDetails: OrderDetailsState; orderReturnOptions: OrderDetailsState; trackings: any; documents: any; orderAvailableItemsActivities: any; orderItemAvailableActivities: any; }>'.
    Type 'State' is not assignable to type '{ error: Error | null; isLoading: boolean; result: never; ordersList: any; orderDetails: OrderDetailsState; orderReturnOptions: OrderDetailsState; trackings: any; documents: any; orderAvailableItemsActivities: any; orderItemAvailableActivities: any; }'.
      Types of property 'result' are incompatible.
        Type 'Nullable<OrderSummary>' is not assignable to type 'never'.
          Type 'null' is not assignable to type 'never'.
packages/redux/src/orders/selectors.ts(41,16): error TS2345: Argument of type 'State | undefined' is not assignable to parameter of type 'State'.
  Type 'undefined' is not assignable to type 'State'.
    Type 'undefined' is not assignable to type 'EmptyObject'.
packages/redux/src/orders/selectors.ts(53,12): error TS2345: Argument of type 'State | undefined' is not assignable to parameter of type 'State'.
  Type 'undefined' is not assignable to type 'State'.
packages/redux/src/orders/selectors.ts(316,68): error TS2538: Type 'OrderItem' cannot be used as an index type.
packages/redux/src/orders/selectors.ts(348,11): error TS7053: Element implicitly has an 'any' type because expression of type 'string' can't be used to index type '{}'.
  No index signature with a parameter of type 'string' was found on type '{}'.
packages/redux/src/orders/selectors.ts(349,13): error TS7006: Parameter 'orderItemId' implicitly has an 'any' type.
packages/redux/src/orders/selectors.ts(349,28): error TS7053: Element implicitly has an 'any' type because expression of type 'any' can't be used to index type 'Order'.
packages/redux/src/orders/selectors.ts(372,53): error TS2554: Expected 1 arguments, but got 2.
packages/redux/src/orders/selectors.ts(403,17): error TS2345: Argument of type 'State | undefined' is not assignable to parameter of type 'State'.
  Type 'undefined' is not assignable to type 'State'.
packages/redux/src/orders/selectors.ts(415,3): error TS2322: Type 'Nullable<Error>' is not assignable to type 'Error'.
  Type 'null' is not assignable to type 'Error'.
packages/redux/src/orders/selectors.ts(415,17): error TS2345: Argument of type 'State | undefined' is not assignable to parameter of type 'State'.
  Type 'undefined' is not assignable to type 'State'.
packages/redux/src/orders/selectors.ts(430,15): error TS2322: Type 'boolean | undefined' is not assignable to type 'boolean'.
  Type 'undefined' is not assignable to type 'boolean'.
packages/redux/src/orders/selectors.ts(430,31): error TS2345: Argument of type 'State | undefined' is not assignable to parameter of type 'State'.
  Type 'undefined' is not assignable to type 'State'.
packages/redux/src/orders/selectors.ts(445,13): error TS2322: Type 'Error | null | undefined' is not assignable to type 'Error'.
  Type 'undefined' is not assignable to type 'Error'.
packages/redux/src/orders/selectors.ts(445,29): error TS2345: Argument of type 'State | undefined' is not assignable to parameter of type 'State'.
  Type 'undefined' is not assignable to type 'State'.
packages/redux/src/orders/selectors.ts(460,15): error TS2322: Type 'boolean | undefined' is not assignable to type 'boolean'.
packages/redux/src/orders/selectors.ts(460,37): error TS2345: Argument of type 'State | undefined' is not assignable to parameter of type 'State'.
  Type 'undefined' is not assignable to type 'State'.
packages/redux/src/orders/selectors.ts(475,13): error TS2322: Type 'Error | null | undefined' is not assignable to type 'Error'.
  Type 'undefined' is not assignable to type 'Error'.
packages/redux/src/orders/selectors.ts(475,35): error TS2345: Argument of type 'State | undefined' is not assignable to parameter of type 'State'.
  Type 'undefined' is not assignable to type 'State'.
packages/redux/src/orders/selectors.ts(487,16): error TS2345: Argument of type 'State | undefined' is not assignable to parameter of type 'State'.
  Type 'undefined' is not assignable to type 'State'.
packages/redux/src/orders/selectors.ts(499,3): error TS2322: Type 'Nullable<Error>' is not assignable to type 'Error'.
  Type 'null' is not assignable to type 'Error'.
packages/redux/src/orders/selectors.ts(499,16): error TS2345: Argument of type 'State | undefined' is not assignable to parameter of type 'State'.
  Type 'undefined' is not assignable to type 'State'.
packages/redux/src/orders/selectors.ts(511,16): error TS2345: Argument of type 'State | undefined' is not assignable to parameter of type 'State'.
  Type 'undefined' is not assignable to type 'State'.
packages/redux/src/orders/selectors.ts(523,3): error TS2322: Type 'Nullable<Error>' is not assignable to type 'Error'.
  Type 'null' is not assignable to type 'Error'.
packages/redux/src/orders/selectors.ts(523,16): error TS2345: Argument of type 'State | undefined' is not assignable to parameter of type 'State'.
  Type 'undefined' is not assignable to type 'State'.
packages/redux/src/orders/selectors.ts(535,36): error TS2345: Argument of type 'State | undefined' is not assignable to parameter of type 'State'.
  Type 'undefined' is not assignable to type 'State'.
packages/redux/src/orders/selectors.ts(547,3): error TS2322: Type 'Nullable<Error>' is not assignable to type 'Error'.
  Type 'null' is not assignable to type 'Error'.
packages/redux/src/orders/selectors.ts(547,36): error TS2345: Argument of type 'State | undefined' is not assignable to parameter of type 'State'.
  Type 'undefined' is not assignable to type 'State'.
packages/redux/src/orders/selectors.ts(560,47): error TS2345: Argument of type 'State | undefined' is not assignable to parameter of type 'State'.
  Type 'undefined' is not assignable to type 'State'.
packages/redux/src/orders/selectors.ts(573,13): error TS2322: Type 'Nullable<Error>' is not assignable to type 'Error'.
  Type 'null' is not assignable to type 'Error'.
packages/redux/src/orders/selectors.ts(573,45): error TS2345: Argument of type 'State | undefined' is not assignable to parameter of type 'State'.
  Type 'undefined' is not assignable to type 'State'.
packages/redux/src/payments/__tests__/reducer.test.ts(6,5): error TS7034: Variable 'initialState' implicitly has type 'any' in some locations where its type cannot be determined.
packages/redux/src/payments/__tests__/reducer.test.ts(17,29): error TS7005: Variable 'initialState' implicitly has an 'any' type.
packages/redux/src/payments/__tests__/reducer.test.ts(44,20): error TS7005: Variable 'initialState' implicitly has an 'any' type.
packages/redux/src/payments/__tests__/reducer.test.ts(69,20): error TS7005: Variable 'initialState' implicitly has an 'any' type.
packages/redux/src/payments/__tests__/reducer.test.ts(82,17): error TS7005: Variable 'initialState' implicitly has an 'any' type.
packages/redux/src/payments/__tests__/reducer.test.ts(130,42): error TS7005: Variable 'initialState' implicitly has an 'any' type.
packages/redux/src/payments/__tests__/reducer.test.ts(146,42): error TS7005: Variable 'initialState' implicitly has an 'any' type.
packages/redux/src/payments/__tests__/reducer.test.ts(159,42): error TS7005: Variable 'initialState' implicitly has an 'any' type.
packages/redux/src/payments/__tests__/reducer.test.ts(165,14): error TS7005: Variable 'initialState' implicitly has an 'any' type.
packages/redux/src/payments/__tests__/reducer.test.ts(179,42): error TS7005: Variable 'initialState' implicitly has an 'any' type.
packages/redux/src/payments/__tests__/reducer.test.ts(184,14): error TS7005: Variable 'initialState' implicitly has an 'any' type.
packages/redux/src/payments/__tests__/reducer.test.ts(196,39): error TS7005: Variable 'initialState' implicitly has an 'any' type.
packages/redux/src/payments/__tests__/reducer.test.ts(237,42): error TS7005: Variable 'initialState' implicitly has an 'any' type.
packages/redux/src/payments/__tests__/reducer.test.ts(256,14): error TS7005: Variable 'initialState' implicitly has an 'any' type.
packages/redux/src/payments/__tests__/reducer.test.ts(303,68): error TS2345: Argument of type '{ paymentTokens: { 1: { id: number; data: string; }; 2: { id: number; data: string; }; }; }' is not assignable to parameter of type 'Partial<{ [k: string]: any; addresses: Record<string, Address>; availableTimeSlots: Record<string, Return>; bagItems: Record<number, BagItemEntity>; ... 33 more ...; wishlistSets: Record<...>; }>'.
  Types of property 'paymentTokens' are incompatible.
    Type '{ 1: { id: number; data: string; }; 2: { id: number; data: string; }; }' is not assignable to type 'Record<string, PaymentToken>'.
      Property '1' is incompatible with index signature.
        Type '{ id: number; data: string; }' is missing the following properties from type 'PaymentToken': paymentMethodId, userId, cardLast4Numbers, expiryYear, and 8 more.
packages/redux/src/payments/__tests__/reducer.test.ts(336,65): error TS2345: Argument of type '{ instruments: { '9f9d327a-25cd-49de-83a8-533ab358f27b': { id: string; data: string; }; '9f9d327a-25cd-49de-83a8-533ab358f27c': { id: string; data: string; }; }; }' is not assignable to parameter of type 'Partial<{ [k: string]: any; addresses: Record<string, Address>; availableTimeSlots: Record<string, Return>; bagItems: Record<number, BagItemEntity>; ... 33 more ...; wishlistSets: Record<...>; }>'.
  Types of property 'instruments' are incompatible.
    Type '{ '9f9d327a-25cd-49de-83a8-533ab358f27b': { id: string; data: string; }; '9f9d327a-25cd-49de-83a8-533ab358f27c': { id: string; data: string; }; }' is not assignable to type 'Record<string, Instrument>'.
      Property ''9f9d327a-25cd-49de-83a8-533ab358f27b'' is incompatible with index signature.
        Type '{ id: string; data: string; }' is missing the following properties from type 'Instrument': method, option, amounts, status, and 3 more.
packages/redux/src/payments/__tests__/reducer.test.ts(366,63): error TS2345: Argument of type '{ instruments: { '9f9d327a-25cd-49de-83a8-533ab358f27b': { id: string; data: string; }; '9f9d327a-25cd-49de-83a8-533ab358f27c': { id: string; data: string; }; }; }' is not assignable to parameter of type 'Partial<{ [k: string]: any; addresses: Record<string, Address>; availableTimeSlots: Record<string, Return>; bagItems: Record<number, BagItemEntity>; ... 33 more ...; wishlistSets: Record<...>; }>'.
  Types of property 'instruments' are incompatible.
    Type '{ '9f9d327a-25cd-49de-83a8-533ab358f27b': { id: string; data: string; }; '9f9d327a-25cd-49de-83a8-533ab358f27c': { id: string; data: string; }; }' is not assignable to type 'Record<string, Instrument>'.
      Property ''9f9d327a-25cd-49de-83a8-533ab358f27b'' is incompatible with index signature.
        Type '{ id: string; data: string; }' is missing the following properties from type 'Instrument': method, option, amounts, status, and 3 more.
packages/redux/src/payments/__tests__/reducer.test.ts(392,47): error TS2345: Argument of type '{ instruments: { '9f9d327a-25cd-49de-83a8-533ab358f27b': { id: string; data: string; }; '9f9d327a-25cd-49de-83a8-533ab358f27c': { id: string; data: string; }; }; }' is not assignable to parameter of type 'Partial<{ [k: string]: any; addresses: Record<string, Address>; availableTimeSlots: Record<string, Return>; bagItems: Record<number, BagItemEntity>; ... 33 more ...; wishlistSets: Record<...>; }>'.
  Types of property 'instruments' are incompatible.
    Type '{ '9f9d327a-25cd-49de-83a8-533ab358f27b': { id: string; data: string; }; '9f9d327a-25cd-49de-83a8-533ab358f27c': { id: string; data: string; }; }' is not assignable to type 'Record<string, Instrument>'.
      Property ''9f9d327a-25cd-49de-83a8-533ab358f27b'' is incompatible with index signature.
        Type '{ id: string; data: string; }' is missing the following properties from type 'Instrument': method, option, amounts, status, and 3 more.
packages/redux/src/payments/__tests__/selectors.test.ts(30,43): error TS2345: Argument of type '{ entities: { instruments: { [x: string]: { id: string; method: string; option: string; amounts: { classification: string; value: number; settledValue: number; refundedValue: number; }[]; status: string; payer: { ...; }; data: { ...; }; installments: { ...; }; shopperInteraction: string; } | undefined; }; paymentTok...' is not assignable to parameter of type 'Partial<{ entities: Partial<{ [k: string]: any; addresses: Record<string, Address>; availableTimeSlots: Record<string, Return>; bagItems: Record<number, BagItemEntity>; ... 33 more ...; wishlistSets: Record<...>; }>; ... 24 more ...; wishlist: State; }>'.
  The types of 'entities.instruments' are incompatible between these types.
    Type '{ [x: string]: { id: string; method: string; option: string; amounts: { classification: string; value: number; settledValue: number; refundedValue: number; }[]; status: string; payer: { id: string; firstName: string; lastName: string; email: string; address: { ...; }; }; data: { ...; }; installments: { ...; }; shopp...' is not assignable to type 'Record<string, Instrument>'.
      'string' index signatures are incompatible.
        Type '{ id: string; method: string; option: string; amounts: { classification: string; value: number; settledValue: number; refundedValue: number; }[]; status: string; payer: { id: string; firstName: string; lastName: string; email: string; address: { ...; }; }; data: { ...; }; installments: { ...; }; shopperInteraction: ...' is not assignable to type 'Instrument'.
          Type 'undefined' is not assignable to type 'Instrument'.
packages/redux/src/payments/__tests__/selectors.test.ts(40,42): error TS2345: Argument of type '{ entities: { instruments: { [x: string]: { id: string; method: string; option: string; amounts: { classification: string; value: number; settledValue: number; refundedValue: number; }[]; status: string; payer: { ...; }; data: { ...; }; installments: { ...; }; shopperInteraction: string; } | undefined; }; paymentTok...' is not assignable to parameter of type 'Partial<{ entities: Partial<{ [k: string]: any; addresses: Record<string, Address>; availableTimeSlots: Record<string, Return>; bagItems: Record<number, BagItemEntity>; ... 33 more ...; wishlistSets: Record<...>; }>; ... 24 more ...; wishlist: State; }>'.
packages/redux/src/payments/__tests__/selectors.test.ts(57,48): error TS2345: Argument of type '{ entities: { instruments: { [x: string]: { id: string; method: string; option: string; amounts: { classification: string; value: number; settledValue: number; refundedValue: number; }[]; status: string; payer: { ...; }; data: { ...; }; installments: { ...; }; shopperInteraction: string; } | undefined; }; paymentTok...' is not assignable to parameter of type 'Partial<{ entities: Partial<{ [k: string]: any; addresses: Record<string, Address>; availableTimeSlots: Record<string, Return>; bagItems: Record<number, BagItemEntity>; ... 33 more ...; wishlistSets: Record<...>; }>; ... 24 more ...; wishlist: State; }>'.
packages/redux/src/payments/__tests__/selectors.test.ts(69,49): error TS2345: Argument of type '{ entities: { instruments: { [x: string]: { id: string; method: string; option: string; amounts: { classification: string; value: number; settledValue: number; refundedValue: number; }[]; status: string; payer: { ...; }; data: { ...; }; installments: { ...; }; shopperInteraction: string; } | undefined; }; paymentTok...' is not assignable to parameter of type 'Partial<{ entities: Partial<{ [k: string]: any; addresses: Record<string, Address>; availableTimeSlots: Record<string, Return>; bagItems: Record<number, BagItemEntity>; ... 33 more ...; wishlistSets: Record<...>; }>; ... 24 more ...; wishlist: State; }>'.
packages/redux/src/payments/__tests__/selectors.test.ts(81,49): error TS2345: Argument of type '{ entities: { instruments: { [x: string]: { id: string; method: string; option: string; amounts: { classification: string; value: number; settledValue: number; refundedValue: number; }[]; status: string; payer: { ...; }; data: { ...; }; installments: { ...; }; shopperInteraction: string; } | undefined; }; paymentTok...' is not assignable to parameter of type 'Partial<{ entities: Partial<{ [k: string]: any; addresses: Record<string, Address>; availableTimeSlots: Record<string, Return>; bagItems: Record<number, BagItemEntity>; ... 33 more ...; wishlistSets: Record<...>; }>; ... 24 more ...; wishlist: State; }>'.
packages/redux/src/payments/__tests__/selectors.test.ts(93,41): error TS2345: Argument of type '{ entities: { instruments: { [x: string]: { id: string; method: string; option: string; amounts: { classification: string; value: number; settledValue: number; refundedValue: number; }[]; status: string; payer: { ...; }; data: { ...; }; installments: { ...; }; shopperInteraction: string; } | undefined; }; paymentTok...' is not assignable to parameter of type 'Partial<{ entities: Partial<{ [k: string]: any; addresses: Record<string, Address>; availableTimeSlots: Record<string, Return>; bagItems: Record<number, BagItemEntity>; ... 33 more ...; wishlistSets: Record<...>; }>; ... 24 more ...; wishlist: State; }>'.
packages/redux/src/payments/__tests__/selectors.test.ts(103,40): error TS2345: Argument of type '{ entities: { instruments: { [x: string]: { id: string; method: string; option: string; amounts: { classification: string; value: number; settledValue: number; refundedValue: number; }[]; status: string; payer: { ...; }; data: { ...; }; installments: { ...; }; shopperInteraction: string; } | undefined; }; paymentTok...' is not assignable to parameter of type 'Partial<{ entities: Partial<{ [k: string]: any; addresses: Record<string, Address>; availableTimeSlots: Record<string, Return>; bagItems: Record<number, BagItemEntity>; ... 33 more ...; wishlistSets: Record<...>; }>; ... 24 more ...; wishlist: State; }>'.
packages/redux/src/payments/actions/__tests__/charge.test.ts(22,5): error TS7034: Variable 'store' implicitly has type 'any' in some locations where its type cannot be determined.
packages/redux/src/payments/actions/__tests__/charge.test.ts(39,17): error TS2339: Property 'mockRejectedValueOnce' does not exist on type 'PostCharges'.
packages/redux/src/payments/actions/__tests__/charge.test.ts(43,13): error TS7005: Variable 'store' implicitly has an 'any' type.
packages/redux/src/payments/actions/__tests__/charge.test.ts(48,14): error TS7005: Variable 'store' implicitly has an 'any' type.
packages/redux/src/payments/actions/__tests__/charge.test.ts(61,17): error TS2339: Property 'mockResolvedValueOnce' does not exist on type 'PostCharges'.
packages/redux/src/payments/actions/__tests__/charge.test.ts(62,11): error TS7005: Variable 'store' implicitly has an 'any' type.
packages/redux/src/payments/actions/__tests__/charge.test.ts(64,27): error TS7005: Variable 'store' implicitly has an 'any' type.
packages/redux/src/payments/actions/__tests__/charge.test.ts(85,17): error TS2339: Property 'mockResolvedValueOnce' does not exist on type 'PostCharges'.
packages/redux/src/payments/actions/__tests__/charge.test.ts(86,11): error TS7005: Variable 'store' implicitly has an 'any' type.
packages/redux/src/payments/actions/__tests__/charge.test.ts(88,27): error TS7005: Variable 'store' implicitly has an 'any' type.
packages/redux/src/payments/actions/__tests__/createInstruments.test.ts(18,5): error TS7034: Variable 'store' implicitly has type 'any' in some locations where its type cannot be determined.
packages/redux/src/payments/actions/__tests__/createInstruments.test.ts(34,21): error TS2339: Property 'mockRejectedValueOnce' does not exist on type 'PostInstruments'.
packages/redux/src/payments/actions/__tests__/createInstruments.test.ts(38,13): error TS7005: Variable 'store' implicitly has an 'any' type.
packages/redux/src/payments/actions/__tests__/createInstruments.test.ts(38,56): error TS2345: Argument of type '{ something: string; }' is not assignable to parameter of type 'PostInstrumentsData'.
  Type '{ something: string; }' is missing the following properties from type 'PostInstrumentsData': method, option, token, createToken, and 5 more.
packages/redux/src/payments/actions/__tests__/createInstruments.test.ts(47,14): error TS7005: Variable 'store' implicitly has an 'any' type.
packages/redux/src/payments/actions/__tests__/createInstruments.test.ts(60,21): error TS2339: Property 'mockResolvedValueOnce' does not exist on type 'PostInstruments'.
packages/redux/src/payments/actions/__tests__/createInstruments.test.ts(61,11): error TS7005: Variable 'store' implicitly has an 'any' type.
packages/redux/src/payments/actions/__tests__/createInstruments.test.ts(61,54): error TS2345: Argument of type '{ something: string; }' is not assignable to parameter of type 'PostInstrumentsData'.
packages/redux/src/payments/actions/__tests__/createInstruments.test.ts(63,27): error TS7005: Variable 'store' implicitly has an 'any' type.
packages/redux/src/payments/actions/__tests__/fetchCharges.test.ts(20,7): error TS7034: Variable 'store' implicitly has type 'any' in some locations where its type cannot be determined.
packages/redux/src/payments/actions/__tests__/fetchCharges.test.ts(30,16): error TS2339: Property 'mockRejectedValueOnce' does not exist on type 'GetCharges'.
packages/redux/src/payments/actions/__tests__/fetchCharges.test.ts(34,13): error TS7005: Variable 'store' implicitly has an 'any' type.
packages/redux/src/payments/actions/__tests__/fetchCharges.test.ts(34,41): error TS2345: Argument of type 'number' is not assignable to parameter of type 'string'.
packages/redux/src/payments/actions/__tests__/fetchCharges.test.ts(43,14): error TS7005: Variable 'store' implicitly has an 'any' type.
packages/redux/src/payments/actions/__tests__/fetchCharges.test.ts(56,16): error TS2339: Property 'mockResolvedValueOnce' does not exist on type 'GetCharges'.
packages/redux/src/payments/actions/__tests__/fetchCharges.test.ts(57,11): error TS7005: Variable 'store' implicitly has an 'any' type.
packages/redux/src/payments/actions/__tests__/fetchCharges.test.ts(57,39): error TS2345: Argument of type 'number' is not assignable to parameter of type 'string'.
packages/redux/src/payments/actions/__tests__/fetchCharges.test.ts(59,27): error TS7005: Variable 'store' implicitly has an 'any' type.
packages/redux/src/payments/actions/__tests__/fetchCreditBalance.test.ts(18,5): error TS7034: Variable 'store' implicitly has type 'any' in some locations where its type cannot be determined.
packages/redux/src/payments/actions/__tests__/fetchCreditBalance.test.ts(33,28): error TS2339: Property 'mockRejectedValueOnce' does not exist on type 'PostCheckCreditBalance'.
packages/redux/src/payments/actions/__tests__/fetchCreditBalance.test.ts(37,13): error TS7005: Variable 'store' implicitly has an 'any' type.
packages/redux/src/payments/actions/__tests__/fetchCreditBalance.test.ts(42,14): error TS7005: Variable 'store' implicitly has an 'any' type.
packages/redux/src/payments/actions/__tests__/fetchCreditBalance.test.ts(55,28): error TS2339: Property 'mockResolvedValueOnce' does not exist on type 'PostCheckCreditBalance'.
packages/redux/src/payments/actions/__tests__/fetchCreditBalance.test.ts(56,11): error TS7005: Variable 'store' implicitly has an 'any' type.
packages/redux/src/payments/actions/__tests__/fetchCreditBalance.test.ts(58,27): error TS7005: Variable 'store' implicitly has an 'any' type.
packages/redux/src/payments/actions/__tests__/fetchGiftCardBalance.test.ts(18,5): error TS7034: Variable 'store' implicitly has type 'any' in some locations where its type cannot be determined.
packages/redux/src/payments/actions/__tests__/fetchGiftCardBalance.test.ts(33,30): error TS2339: Property 'mockRejectedValueOnce' does not exist on type 'PostCheckGiftCardBalance'.
packages/redux/src/payments/actions/__tests__/fetchGiftCardBalance.test.ts(37,13): error TS7005: Variable 'store' implicitly has an 'any' type.
packages/redux/src/payments/actions/__tests__/fetchGiftCardBalance.test.ts(37,49): error TS2345: Argument of type '{ something: string; }' is not assignable to parameter of type 'PostCheckGiftCardBalanceData'.
  Type '{ something: string; }' is missing the following properties from type 'PostCheckGiftCardBalanceData': giftCardNumber, giftCardCsc
packages/redux/src/payments/actions/__tests__/fetchGiftCardBalance.test.ts(45,14): error TS7005: Variable 'store' implicitly has an 'any' type.
packages/redux/src/payments/actions/__tests__/fetchGiftCardBalance.test.ts(58,30): error TS2339: Property 'mockResolvedValueOnce' does not exist on type 'PostCheckGiftCardBalance'.
packages/redux/src/payments/actions/__tests__/fetchGiftCardBalance.test.ts(59,11): error TS7005: Variable 'store' implicitly has an 'any' type.
packages/redux/src/payments/actions/__tests__/fetchGiftCardBalance.test.ts(59,47): error TS2345: Argument of type '{ something: string; }' is not assignable to parameter of type 'PostCheckGiftCardBalanceData'.
packages/redux/src/payments/actions/__tests__/fetchGiftCardBalance.test.ts(61,27): error TS7005: Variable 'store' implicitly has an 'any' type.
packages/redux/src/payments/actions/__tests__/fetchInstrument.test.ts(21,5): error TS7034: Variable 'store' implicitly has type 'any' in some locations where its type cannot be determined.
packages/redux/src/payments/actions/__tests__/fetchInstrument.test.ts(35,19): error TS2339: Property 'mockRejectedValueOnce' does not exist on type 'GetInstrument'.
packages/redux/src/payments/actions/__tests__/fetchInstrument.test.ts(39,13): error TS7005: Variable 'store' implicitly has an 'any' type.
packages/redux/src/payments/actions/__tests__/fetchInstrument.test.ts(48,14): error TS7005: Variable 'store' implicitly has an 'any' type.
packages/redux/src/payments/actions/__tests__/fetchInstrument.test.ts(62,19): error TS2339: Property 'mockResolvedValueOnce' does not exist on type 'GetInstrument'.
packages/redux/src/payments/actions/__tests__/fetchInstrument.test.ts(63,11): error TS7005: Variable 'store' implicitly has an 'any' type.
packages/redux/src/payments/actions/__tests__/fetchInstrument.test.ts(65,27): error TS7005: Variable 'store' implicitly has an 'any' type.
packages/redux/src/payments/actions/__tests__/fetchInstruments.test.ts(21,5): error TS7034: Variable 'store' implicitly has type 'any' in some locations where its type cannot be determined.
packages/redux/src/payments/actions/__tests__/fetchInstruments.test.ts(34,20): error TS2339: Property 'mockRejectedValueOnce' does not exist on type 'GetInstruments'.
packages/redux/src/payments/actions/__tests__/fetchInstruments.test.ts(38,13): error TS7005: Variable 'store' implicitly has an 'any' type.
packages/redux/src/payments/actions/__tests__/fetchInstruments.test.ts(43,14): error TS7005: Variable 'store' implicitly has an 'any' type.
packages/redux/src/payments/actions/__tests__/fetchInstruments.test.ts(56,20): error TS2339: Property 'mockResolvedValueOnce' does not exist on type 'GetInstruments'.
packages/redux/src/payments/actions/__tests__/fetchInstruments.test.ts(57,11): error TS7005: Variable 'store' implicitly has an 'any' type.
packages/redux/src/payments/actions/__tests__/fetchInstruments.test.ts(59,27): error TS7005: Variable 'store' implicitly has an 'any' type.
packages/redux/src/payments/actions/__tests__/fetchIntent.test.ts(18,5): error TS7034: Variable 'store' implicitly has type 'any' in some locations where its type cannot be determined.
packages/redux/src/payments/actions/__tests__/fetchIntent.test.ts(31,15): error TS2339: Property 'mockRejectedValueOnce' does not exist on type 'GetIntent'.
packages/redux/src/payments/actions/__tests__/fetchIntent.test.ts(35,13): error TS7005: Variable 'store' implicitly has an 'any' type.
packages/redux/src/payments/actions/__tests__/fetchIntent.test.ts(40,14): error TS7005: Variable 'store' implicitly has an 'any' type.
packages/redux/src/payments/actions/__tests__/fetchIntent.test.ts(54,15): error TS2339: Property 'mockResolvedValueOnce' does not exist on type 'GetIntent'.
packages/redux/src/payments/actions/__tests__/fetchIntent.test.ts(55,11): error TS7005: Variable 'store' implicitly has an 'any' type.
packages/redux/src/payments/actions/__tests__/fetchIntent.test.ts(57,27): error TS7005: Variable 'store' implicitly has an 'any' type.
packages/redux/src/payments/actions/__tests__/fetchPaymentMethods.test.ts(18,5): error TS7034: Variable 'store' implicitly has type 'any' in some locations where its type cannot be determined.
packages/redux/src/payments/actions/__tests__/fetchPaymentMethods.test.ts(41,23): error TS2339: Property 'mockRejectedValueOnce' does not exist on type 'GetPaymentMethods'.
packages/redux/src/payments/actions/__tests__/fetchPaymentMethods.test.ts(45,13): error TS7005: Variable 'store' implicitly has an 'any' type.
packages/redux/src/payments/actions/__tests__/fetchPaymentMethods.test.ts(50,14): error TS7005: Variable 'store' implicitly has an 'any' type.
packages/redux/src/payments/actions/__tests__/fetchPaymentMethods.test.ts(63,23): error TS2339: Property 'mockResolvedValueOnce' does not exist on type 'GetPaymentMethods'.
packages/redux/src/payments/actions/__tests__/fetchPaymentMethods.test.ts(64,11): error TS7005: Variable 'store' implicitly has an 'any' type.
packages/redux/src/payments/actions/__tests__/fetchPaymentMethods.test.ts(66,27): error TS7005: Variable 'store' implicitly has an 'any' type.
packages/redux/src/payments/actions/__tests__/fetchPaymentMethodsByCountryAndCurrency.test.ts(4,10): error TS2305: Module '"tests/__fixtures__/payments"' has no exported member 'mockmockFetchPaymentMethodsResponse'.
packages/redux/src/payments/actions/__tests__/fetchPaymentMethodsByCountryAndCurrency.test.ts(18,5): error TS7034: Variable 'store' implicitly has type 'any' in some locations where its type cannot be determined.
packages/redux/src/payments/actions/__tests__/fetchPaymentMethodsByCountryAndCurrency.test.ts(31,43): error TS2339: Property 'mockRejectedValueOnce' does not exist on type 'GetPaymentMethodsByCountryAndCurrency'.
packages/redux/src/payments/actions/__tests__/fetchPaymentMethodsByCountryAndCurrency.test.ts(35,13): error TS7005: Variable 'store' implicitly has an 'any' type.
packages/redux/src/payments/actions/__tests__/fetchPaymentMethodsByCountryAndCurrency.test.ts(42,14): error TS7005: Variable 'store' implicitly has an 'any' type.
packages/redux/src/payments/actions/__tests__/fetchPaymentMethodsByCountryAndCurrency.test.ts(58,43): error TS2339: Property 'mockResolvedValueOnce' does not exist on type 'GetPaymentMethodsByCountryAndCurrency'.
packages/redux/src/payments/actions/__tests__/fetchPaymentMethodsByCountryAndCurrency.test.ts(61,11): error TS7005: Variable 'store' implicitly has an 'any' type.
packages/redux/src/payments/actions/__tests__/fetchPaymentMethodsByCountryAndCurrency.test.ts(63,27): error TS7005: Variable 'store' implicitly has an 'any' type.
packages/redux/src/payments/actions/__tests__/fetchPaymentMethodsByIntent.test.ts(19,5): error TS7034: Variable 'store' implicitly has type 'any' in some locations where its type cannot be determined.
packages/redux/src/payments/actions/__tests__/fetchPaymentMethodsByIntent.test.ts(30,31): error TS2339: Property 'mockRejectedValueOnce' does not exist on type 'GetPaymentMethodsByIntent'.
packages/redux/src/payments/actions/__tests__/fetchPaymentMethodsByIntent.test.ts(34,13): error TS7005: Variable 'store' implicitly has an 'any' type.
packages/redux/src/payments/actions/__tests__/fetchPaymentMethodsByIntent.test.ts(42,14): error TS7005: Variable 'store' implicitly has an 'any' type.
packages/redux/src/payments/actions/__tests__/fetchPaymentMethodsByIntent.test.ts(58,31): error TS2339: Property 'mockResolvedValueOnce' does not exist on type 'GetPaymentMethodsByIntent'.
packages/redux/src/payments/actions/__tests__/fetchPaymentMethodsByIntent.test.ts(61,11): error TS7005: Variable 'store' implicitly has an 'any' type.
packages/redux/src/payments/actions/__tests__/fetchPaymentMethodsByIntent.test.ts(63,27): error TS7005: Variable 'store' implicitly has an 'any' type.
packages/redux/src/payments/actions/__tests__/fetchPaymentTokens.test.ts(23,5): error TS7034: Variable 'store' implicitly has type 'any' in some locations where its type cannot be determined.
packages/redux/src/payments/actions/__tests__/fetchPaymentTokens.test.ts(38,22): error TS2339: Property 'mockRejectedValueOnce' does not exist on type 'GetPaymentTokens'.
packages/redux/src/payments/actions/__tests__/fetchPaymentTokens.test.ts(42,13): error TS7005: Variable 'store' implicitly has an 'any' type.
packages/redux/src/payments/actions/__tests__/fetchPaymentTokens.test.ts(47,14): error TS7005: Variable 'store' implicitly has an 'any' type.
packages/redux/src/payments/actions/__tests__/fetchPaymentTokens.test.ts(60,22): error TS2339: Property 'mockResolvedValueOnce' does not exist on type 'GetPaymentTokens'.
packages/redux/src/payments/actions/__tests__/fetchPaymentTokens.test.ts(61,11): error TS7005: Variable 'store' implicitly has an 'any' type.
packages/redux/src/payments/actions/__tests__/fetchPaymentTokens.test.ts(63,27): error TS7005: Variable 'store' implicitly has an 'any' type.
packages/redux/src/payments/actions/__tests__/removeInstrument.test.ts(17,5): error TS7034: Variable 'store' implicitly has type 'any' in some locations where its type cannot be determined.
packages/redux/src/payments/actions/__tests__/removeInstrument.test.ts(31,22): error TS2339: Property 'mockRejectedValueOnce' does not exist on type 'DeleteInstrument'.
packages/redux/src/payments/actions/__tests__/removeInstrument.test.ts(35,13): error TS7005: Variable 'store' implicitly has an 'any' type.
packages/redux/src/payments/actions/__tests__/removeInstrument.test.ts(44,14): error TS7005: Variable 'store' implicitly has an 'any' type.
packages/redux/src/payments/actions/__tests__/removeInstrument.test.ts(57,22): error TS2339: Property 'mockResolvedValueOnce' does not exist on type 'DeleteInstrument'.
packages/redux/src/payments/actions/__tests__/removeInstrument.test.ts(58,11): error TS7005: Variable 'store' implicitly has an 'any' type.
packages/redux/src/payments/actions/__tests__/removeInstrument.test.ts(60,27): error TS7005: Variable 'store' implicitly has an 'any' type.
packages/redux/src/payments/actions/__tests__/removePaymentToken.test.ts(21,5): error TS7034: Variable 'store' implicitly has type 'any' in some locations where its type cannot be determined.
packages/redux/src/payments/actions/__tests__/removePaymentToken.test.ts(32,24): error TS2339: Property 'mockRejectedValueOnce' does not exist on type 'DeletePaymentToken'.
packages/redux/src/payments/actions/__tests__/removePaymentToken.test.ts(36,13): error TS7005: Variable 'store' implicitly has an 'any' type.
packages/redux/src/payments/actions/__tests__/removePaymentToken.test.ts(44,14): error TS7005: Variable 'store' implicitly has an 'any' type.
packages/redux/src/payments/actions/__tests__/removePaymentToken.test.ts(57,24): error TS2339: Property 'mockResolvedValueOnce' does not exist on type 'DeletePaymentToken'.
packages/redux/src/payments/actions/__tests__/removePaymentToken.test.ts(58,11): error TS7005: Variable 'store' implicitly has an 'any' type.
packages/redux/src/payments/actions/__tests__/removePaymentToken.test.ts(60,27): error TS7005: Variable 'store' implicitly has an 'any' type.
packages/redux/src/payments/actions/__tests__/resetChargesState.test.ts(9,5): error TS7034: Variable 'store' implicitly has type 'any' in some locations where its type cannot be determined.
packages/redux/src/payments/actions/__tests__/resetChargesState.test.ts(18,5): error TS7005: Variable 'store' implicitly has an 'any' type.
packages/redux/src/payments/actions/__tests__/resetChargesState.test.ts(19,27): error TS7005: Variable 'store' implicitly has an 'any' type.
packages/redux/src/payments/actions/__tests__/resetInstrumentsState.test.ts(9,5): error TS7034: Variable 'store' implicitly has type 'any' in some locations where its type cannot be determined.
packages/redux/src/payments/actions/__tests__/resetInstrumentsState.test.ts(18,5): error TS7005: Variable 'store' implicitly has an 'any' type.
packages/redux/src/payments/actions/__tests__/resetInstrumentsState.test.ts(19,27): error TS7005: Variable 'store' implicitly has an 'any' type.
packages/redux/src/payments/actions/__tests__/updateInstruments.test.ts(18,5): error TS7034: Variable 'store' implicitly has type 'any' in some locations where its type cannot be determined.
packages/redux/src/payments/actions/__tests__/updateInstruments.test.ts(35,20): error TS2339: Property 'mockRejectedValueOnce' does not exist on type 'PutInstruments'.
packages/redux/src/payments/actions/__tests__/updateInstruments.test.ts(39,13): error TS7005: Variable 'store' implicitly has an 'any' type.
packages/redux/src/payments/actions/__tests__/updateInstruments.test.ts(39,70): error TS2345: Argument of type '{ something: string; }' is not assignable to parameter of type 'PutInstrumentsData'.
  Type '{ something: string; }' is missing the following properties from type 'PutInstrumentsData': createToken, payer, amounts, shopperInteraction, payerAddressType
packages/redux/src/payments/actions/__tests__/updateInstruments.test.ts(49,14): error TS7005: Variable 'store' implicitly has an 'any' type.
packages/redux/src/payments/actions/__tests__/updateInstruments.test.ts(62,20): error TS2339: Property 'mockResolvedValueOnce' does not exist on type 'PutInstruments'.
packages/redux/src/payments/actions/__tests__/updateInstruments.test.ts(63,11): error TS7005: Variable 'store' implicitly has an 'any' type.
packages/redux/src/payments/actions/__tests__/updateInstruments.test.ts(63,68): error TS2345: Argument of type '{ something: string; }' is not assignable to parameter of type 'PutInstrumentsData'.
packages/redux/src/payments/actions/__tests__/updateInstruments.test.ts(65,27): error TS7005: Variable 'store' implicitly has an 'any' type.
packages/redux/src/payments/actions/factories/chargeFactory.ts(64,20): error TS2322: Type 'unknown' is not assignable to type 'Error'.
packages/redux/src/payments/actions/factories/createInstrumentsFactory.ts(155,20): error TS2322: Type 'unknown' is not assignable to type 'Error'.
packages/redux/src/payments/actions/factories/fetchChargesFactory.ts(55,20): error TS2322: Type 'unknown' is not assignable to type 'Error'.
packages/redux/src/payments/actions/factories/fetchCreditBalanceFactory.ts(58,20): error TS2322: Type 'unknown' is not assignable to type 'Error'.
packages/redux/src/payments/actions/factories/fetchGiftCardBalanceFactory.ts(60,20): error TS2322: Type 'unknown' is not assignable to type 'Error'.
packages/redux/src/payments/actions/factories/fetchInstrumentFactory.ts(56,20): error TS2322: Type 'unknown' is not assignable to type 'Error'.
packages/redux/src/payments/actions/factories/fetchInstrumentsFactory.ts(56,20): error TS2322: Type 'unknown' is not assignable to type 'Error'.
packages/redux/src/payments/actions/factories/fetchIntentFactory.ts(52,20): error TS2322: Type 'unknown' is not assignable to type 'Error'.
packages/redux/src/payments/actions/factories/fetchPaymentMethodsByCountryAndCurrencyFactory.ts(55,20): error TS2322: Type 'unknown' is not assignable to type 'Error'.
packages/redux/src/payments/actions/factories/fetchPaymentMethodsByIntentFactory.ts(55,20): error TS2322: Type 'unknown' is not assignable to type 'Error'.
packages/redux/src/payments/actions/factories/fetchPaymentMethodsFactory.ts(62,20): error TS2322: Type 'unknown' is not assignable to type 'Error'.
packages/redux/src/payments/actions/factories/fetchPaymentTokensFactory.ts(70,20): error TS2322: Type 'unknown' is not assignable to type 'Error'.
packages/redux/src/payments/actions/factories/removeInstrumentFactory.ts(54,20): error TS2322: Type 'unknown' is not assignable to type 'Error'.
packages/redux/src/payments/actions/factories/removePaymentTokenFactory.ts(53,20): error TS2322: Type 'unknown' is not assignable to type 'Error'.
packages/redux/src/payments/actions/factories/updateInstrumentsFactory.ts(140,20): error TS2322: Type 'unknown' is not assignable to type 'Error'.
packages/redux/src/payments/reducer.ts(269,36): error TS2532: Object is possibly 'undefined'.
packages/redux/src/payments/reducer.ts(282,34): error TS2532: Object is possibly 'undefined'.
packages/redux/src/payments/selectors.ts(51,26): error TS2322: Type 'unknown' is not assignable to type 'PaymentToken'.
packages/redux/src/payments/selectors.ts(64,42): error TS2345: Argument of type 'State | undefined' is not assignable to parameter of type 'State'.
  Type 'undefined' is not assignable to type 'State'.
    Type 'undefined' is not assignable to type 'EmptyObject'.
packages/redux/src/payments/selectors.ts(77,43): error TS2345: Argument of type 'State | undefined' is not assignable to parameter of type 'State'.
  Type 'undefined' is not assignable to type 'State'.
packages/redux/src/payments/selectors.ts(90,46): error TS2345: Argument of type 'State | undefined' is not assignable to parameter of type 'State'.
  Type 'undefined' is not assignable to type 'State'.
packages/redux/src/payments/selectors.ts(117,24): error TS2322: Type 'unknown' is not assignable to type 'Instrument'.
packages/redux/src/payments/selectors.ts(131,25): error TS2345: Argument of type 'State | undefined' is not assignable to parameter of type 'State'.
  Type 'undefined' is not assignable to type 'State'.
packages/redux/src/payments/selectors.ts(144,59): error TS2345: Argument of type 'State | undefined' is not assignable to parameter of type 'State'.
  Type 'undefined' is not assignable to type 'State'.
packages/redux/src/payments/selectors.ts(158,25): error TS2345: Argument of type 'State | undefined' is not assignable to parameter of type 'State'.
  Type 'undefined' is not assignable to type 'State'.
packages/redux/src/payments/selectors.ts(172,22): error TS2345: Argument of type 'State | undefined' is not assignable to parameter of type 'State'.
  Type 'undefined' is not assignable to type 'State'.
packages/redux/src/payments/selectors.ts(186,22): error TS2345: Argument of type 'State | undefined' is not assignable to parameter of type 'State'.
  Type 'undefined' is not assignable to type 'State'.
packages/redux/src/payments/selectors.ts(200,22): error TS2345: Argument of type 'State | undefined' is not assignable to parameter of type 'State'.
  Type 'undefined' is not assignable to type 'State'.
packages/redux/src/payments/selectors.ts(214,20): error TS2345: Argument of type 'State | undefined' is not assignable to parameter of type 'State'.
  Type 'undefined' is not assignable to type 'State'.
packages/redux/src/payments/selectors.ts(227,56): error TS2345: Argument of type 'State | undefined' is not assignable to parameter of type 'State'.
  Type 'undefined' is not assignable to type 'State'.
packages/redux/src/payments/selectors.ts(240,57): error TS2345: Argument of type 'State | undefined' is not assignable to parameter of type 'State'.
  Type 'undefined' is not assignable to type 'State'.
packages/redux/src/payments/selectors.ts(253,46): error TS2345: Argument of type 'State | undefined' is not assignable to parameter of type 'State'.
  Type 'undefined' is not assignable to type 'State'.
packages/redux/src/payments/selectors.ts(265,13): error TS2345: Argument of type 'State | undefined' is not assignable to parameter of type 'State'.
  Type 'undefined' is not assignable to type 'State'.
packages/redux/src/payments/selectors.ts(277,13): error TS2345: Argument of type 'State | undefined' is not assignable to parameter of type 'State'.
  Type 'undefined' is not assignable to type 'State'.
packages/redux/src/payments/selectors.ts(290,48): error TS2345: Argument of type 'State | undefined' is not assignable to parameter of type 'State'.
  Type 'undefined' is not assignable to type 'State'.
packages/redux/src/payments/selectors.ts(302,14): error TS2345: Argument of type 'State | undefined' is not assignable to parameter of type 'State'.
  Type 'undefined' is not assignable to type 'State'.
packages/redux/src/payments/selectors.ts(315,45): error TS2345: Argument of type 'State | undefined' is not assignable to parameter of type 'State'.
  Type 'undefined' is not assignable to type 'State'.
packages/redux/src/payments/selectors.ts(329,21): error TS2345: Argument of type 'State | undefined' is not assignable to parameter of type 'State'.
  Type 'undefined' is not assignable to type 'State'.
packages/redux/src/payments/selectors.ts(342,58): error TS2345: Argument of type 'State | undefined' is not assignable to parameter of type 'State'.
  Type 'undefined' is not assignable to type 'State'.
packages/redux/src/payments/selectors.ts(356,21): error TS2345: Argument of type 'State | undefined' is not assignable to parameter of type 'State'.
  Type 'undefined' is not assignable to type 'State'.
packages/redux/src/products/actions/__tests__/fetchListing.test.ts(33,5): error TS7034: Variable 'store' implicitly has type 'any' in some locations where its type cannot be determined.
packages/redux/src/products/actions/__tests__/fetchListing.test.ts(68,7): error TS2345: Argument of type '(dispatch: Dispatch, getState: () => StoreState, options: GetOptionsArgument) => Promise<Listing | undefined>' is not assignable to parameter of type 'AnyAction'.
  Property 'type' is missing in type '(dispatch: Dispatch, getState: () => StoreState, options: GetOptionsArgument) => Promise<Listing | undefined>' but required in type 'AnyAction'.
packages/redux/src/products/actions/__tests__/fetchListing.test.ts(68,42): error TS2345: Argument of type '{ categories: string; colors: string; pageIndex: string; }' is not assignable to parameter of type 'ListingQuery'.
  Types of property 'pageIndex' are incompatible.
    Type 'string' is not assignable to type 'number | undefined'.
packages/redux/src/products/actions/__tests__/fetchListing.test.ts(81,16): error TS2339: Property 'mockRejectedValueOnce' does not exist on type 'GetListing'.
packages/redux/src/products/actions/__tests__/fetchListing.test.ts(85,11): error TS7005: Variable 'store' implicitly has an 'any' type.
packages/redux/src/products/actions/__tests__/fetchListing.test.ts(86,52): error TS2345: Argument of type '{ categories: string; colors: string; pageIndex: string; }' is not assignable to parameter of type 'ListingQuery'.
packages/redux/src/products/actions/__tests__/fetchListing.test.ts(87,14): error TS7006: Parameter 'error' implicitly has an 'any' type.
packages/redux/src/products/actions/__tests__/fetchListing.test.ts(95,16): error TS7005: Variable 'store' implicitly has an 'any' type.
packages/redux/src/products/actions/__tests__/fetchListing.test.ts(114,16): error TS2339: Property 'mockResolvedValueOnce' does not exist on type 'GetListing'.
packages/redux/src/products/actions/__tests__/fetchListing.test.ts(118,11): error TS7005: Variable 'store' implicitly has an 'any' type.
packages/redux/src/products/actions/__tests__/fetchListing.test.ts(119,52): error TS2345: Argument of type '{ categories: string; colors: string; pageIndex: string; }' is not assignable to parameter of type 'ListingQuery'.
packages/redux/src/products/actions/__tests__/fetchListing.test.ts(120,13): error TS7006: Parameter 'clientResult' implicitly has an 'any' type.
packages/redux/src/products/actions/__tests__/fetchListing.test.ts(131,12): error TS7005: Variable 'store' implicitly has an 'any' type.
packages/redux/src/products/actions/__tests__/fetchListing.test.ts(150,16): error TS2339: Property 'mockResolvedValueOnce' does not exist on type 'GetListing'.
packages/redux/src/products/actions/__tests__/fetchListing.test.ts(155,17): error TS2345: Argument of type '(dispatch: Dispatch, getState: () => StoreState, options: GetOptionsArgument) => Promise<Listing | undefined>' is not assignable to parameter of type 'AnyAction'.
packages/redux/src/products/actions/__tests__/fetchListing.test.ts(155,52): error TS2345: Argument of type '{ categories: string; colors: string; pageIndex: string; }' is not assignable to parameter of type 'ListingQuery'.
packages/redux/src/products/actions/__tests__/fetchListing.test.ts(156,13): error TS7006: Parameter 'clientResult' implicitly has an 'any' type.
packages/redux/src/products/actions/__tests__/fetchListing.test.ts(198,16): error TS2339: Property 'mockResolvedValueOnce' does not exist on type 'GetListing'.
packages/redux/src/products/actions/__tests__/fetchListing.test.ts(203,17): error TS2345: Argument of type '(dispatch: Dispatch, getState: () => StoreState, options: GetOptionsArgument) => Promise<Listing | undefined>' is not assignable to parameter of type 'AnyAction'.
packages/redux/src/products/actions/__tests__/fetchListing.test.ts(203,52): error TS2345: Argument of type '{ categories: string; colors: string; pageIndex: string; }' is not assignable to parameter of type 'ListingQuery'.
packages/redux/src/products/actions/__tests__/fetchListing.test.ts(204,13): error TS7006: Parameter 'clientResult' implicitly has an 'any' type.
packages/redux/src/products/actions/__tests__/fetchListing.test.ts(247,17): error TS2345: Argument of type '(dispatch: Dispatch, getState: () => StoreState, options: GetOptionsArgument) => Promise<Listing | undefined>' is not assignable to parameter of type 'AnyAction'.
packages/redux/src/products/actions/__tests__/fetchListing.test.ts(247,52): error TS2345: Argument of type '{ categories: string; colors: string; pageIndex: string; }' is not assignable to parameter of type 'ListingQuery'.
packages/redux/src/products/actions/__tests__/fetchListing.test.ts(248,13): error TS7006: Parameter 'clientResult' implicitly has an 'any' type.
packages/redux/src/products/actions/__tests__/fetchListing.test.ts(279,9): error TS2345: Argument of type '(dispatch: Dispatch, getState: () => StoreState, options: GetOptionsArgument) => Promise<Listing | undefined>' is not assignable to parameter of type 'AnyAction'.
packages/redux/src/products/actions/__tests__/fetchListing.test.ts(279,44): error TS2345: Argument of type '{ categories: string; colors: string; pageIndex: string; }' is not assignable to parameter of type 'ListingQuery'.
packages/redux/src/products/actions/__tests__/fetchListing.test.ts(281,13): error TS7006: Parameter 'clientResult' implicitly has an 'any' type.
packages/redux/src/products/actions/__tests__/fetchListing.test.ts(296,16): error TS2339: Property 'mockResolvedValueOnce' does not exist on type 'GetListing'.
packages/redux/src/products/actions/__tests__/fetchListing.test.ts(300,11): error TS7005: Variable 'store' implicitly has an 'any' type.
packages/redux/src/products/actions/__tests__/fetchListing.test.ts(302,44): error TS2345: Argument of type '{ categories: string; colors: string; pageIndex: string; }' is not assignable to parameter of type 'ListingQuery'.
packages/redux/src/products/actions/__tests__/fetchListing.test.ts(306,13): error TS7006: Parameter 'clientResult' implicitly has an 'any' type.
packages/redux/src/products/actions/__tests__/fetchListing.test.ts(317,12): error TS7005: Variable 'store' implicitly has an 'any' type.
packages/redux/src/products/actions/__tests__/fetchProductAttributes.test.ts(21,5): error TS7034: Variable 'store' implicitly has type 'any' in some locations where its type cannot be determined.
packages/redux/src/products/actions/__tests__/fetchProductAttributes.test.ts(44,26): error TS2339: Property 'mockRejectedValueOnce' does not exist on type 'GetProductAttributes'.
packages/redux/src/products/actions/__tests__/fetchProductAttributes.test.ts(48,11): error TS7005: Variable 'store' implicitly has an 'any' type.
packages/redux/src/products/actions/__tests__/fetchProductAttributes.test.ts(48,71): error TS7006: Parameter 'error' implicitly has an 'any' type.
packages/redux/src/products/actions/__tests__/fetchProductAttributes.test.ts(55,14): error TS7005: Variable 'store' implicitly has an 'any' type.
packages/redux/src/products/actions/__tests__/fetchProductAttributes.test.ts(70,26): error TS2339: Property 'mockResolvedValueOnce' does not exist on type 'GetProductAttributes'.
packages/redux/src/products/actions/__tests__/fetchProductAttributes.test.ts(72,11): error TS7005: Variable 'store' implicitly has an 'any' type.
packages/redux/src/products/actions/__tests__/fetchProductAttributes.test.ts(74,13): error TS7006: Parameter 'clientResult' implicitly has an 'any' type.
packages/redux/src/products/actions/__tests__/fetchProductAttributes.test.ts(84,12): error TS7005: Variable 'store' implicitly has an 'any' type.
packages/redux/src/products/actions/__tests__/fetchProductColorGrouping.test.ts(21,5): error TS7034: Variable 'store' implicitly has type 'any' in some locations where its type cannot be determined.
packages/redux/src/products/actions/__tests__/fetchProductColorGrouping.test.ts(43,29): error TS2339: Property 'mockRejectedValueOnce' does not exist on type 'GetProductColorGrouping'.
packages/redux/src/products/actions/__tests__/fetchProductColorGrouping.test.ts(47,11): error TS7005: Variable 'store' implicitly has an 'any' type.
packages/redux/src/products/actions/__tests__/fetchProductColorGrouping.test.ts(49,14): error TS7006: Parameter 'error' implicitly has an 'any' type.
packages/redux/src/products/actions/__tests__/fetchProductColorGrouping.test.ts(57,16): error TS7005: Variable 'store' implicitly has an 'any' type.
packages/redux/src/products/actions/__tests__/fetchProductColorGrouping.test.ts(72,29): error TS2339: Property 'mockResolvedValueOnce' does not exist on type 'GetProductColorGrouping'.
packages/redux/src/products/actions/__tests__/fetchProductColorGrouping.test.ts(76,11): error TS7005: Variable 'store' implicitly has an 'any' type.
packages/redux/src/products/actions/__tests__/fetchProductColorGrouping.test.ts(78,13): error TS7006: Parameter 'clientResult' implicitly has an 'any' type.
packages/redux/src/products/actions/__tests__/fetchProductColorGrouping.test.ts(89,12): error TS7005: Variable 'store' implicitly has an 'any' type.
packages/redux/src/products/actions/__tests__/fetchProductDetails.test.ts(30,5): error TS7034: Variable 'store' implicitly has type 'any' in some locations where its type cannot be determined.
packages/redux/src/products/actions/__tests__/fetchProductDetails.test.ts(44,23): error TS2339: Property 'mockRejectedValueOnce' does not exist on type 'GetProductDetails'.
packages/redux/src/products/actions/__tests__/fetchProductDetails.test.ts(48,11): error TS7005: Variable 'store' implicitly has an 'any' type.
packages/redux/src/products/actions/__tests__/fetchProductDetails.test.ts(48,68): error TS7006: Parameter 'error' implicitly has an 'any' type.
packages/redux/src/products/actions/__tests__/fetchProductDetails.test.ts(56,14): error TS7005: Variable 'store' implicitly has an 'any' type.
packages/redux/src/products/actions/__tests__/fetchProductDetails.test.ts(71,23): error TS2339: Property 'mockResolvedValueOnce' does not exist on type 'GetProductDetails'.
packages/redux/src/products/actions/__tests__/fetchProductDetails.test.ts(77,11): error TS7005: Variable 'store' implicitly has an 'any' type.
packages/redux/src/products/actions/__tests__/fetchProductDetails.test.ts(77,61): error TS2345: Argument of type '{ merchantId: string; }' is not assignable to parameter of type 'ProductDetailsQuery'.
  Types of property 'merchantId' are incompatible.
    Type 'string' is not assignable to type 'number | undefined'.
packages/redux/src/products/actions/__tests__/fetchProductDetails.test.ts(86,12): error TS7005: Variable 'store' implicitly has an 'any' type.
packages/redux/src/products/actions/__tests__/fetchProductDetails.test.ts(102,23): error TS2339: Property 'mockResolvedValueOnce' does not exist on type 'GetProductDetails'.
packages/redux/src/products/actions/__tests__/fetchProductDetails.test.ts(109,17): error TS2345: Argument of type '(dispatch: Dispatch, getState: () => StoreState, { getOptions, }: GetOptionsArgument) => Promise<Product | undefined>' is not assignable to parameter of type 'AnyAction'.
  Property 'type' is missing in type '(dispatch: Dispatch, getState: () => StoreState, { getOptions, }: GetOptionsArgument) => Promise<Product | undefined>' but required in type 'AnyAction'.
packages/redux/src/products/actions/__tests__/fetchProductDetails.test.ts(109,52): error TS2345: Argument of type '{ merchantId: string; }' is not assignable to parameter of type 'ProductDetailsQuery'.
  Types of property 'merchantId' are incompatible.
    Type 'string' is not assignable to type 'number | undefined'.
packages/redux/src/products/actions/__tests__/fetchProductDetails.test.ts(110,13): error TS7006: Parameter 'clientResult' implicitly has an 'any' type.
packages/redux/src/products/actions/__tests__/fetchProductDetails.test.ts(146,17): error TS2345: Argument of type '(dispatch: Dispatch, getState: () => StoreState, { getOptions, }: GetOptionsArgument) => Promise<Product | undefined>' is not assignable to parameter of type 'AnyAction'.
packages/redux/src/products/actions/__tests__/fetchProductDetails.test.ts(147,13): error TS7006: Parameter 'clientResult' implicitly has an 'any' type.
packages/redux/src/products/actions/__tests__/fetchProductDetails.test.ts(162,23): error TS2339: Property 'mockResolvedValueOnce' does not exist on type 'GetProductDetails'.
packages/redux/src/products/actions/__tests__/fetchProductDetails.test.ts(169,11): error TS7005: Variable 'store' implicitly has an 'any' type.
packages/redux/src/products/actions/__tests__/fetchProductDetails.test.ts(170,52): error TS2345: Argument of type '{ merchantId: string; }' is not assignable to parameter of type 'ProductDetailsQuery'.
  Types of property 'merchantId' are incompatible.
    Type 'string' is not assignable to type 'number | undefined'.
packages/redux/src/products/actions/__tests__/fetchProductDetails.test.ts(171,13): error TS7006: Parameter 'clientResult' implicitly has an 'any' type.
packages/redux/src/products/actions/__tests__/fetchProductDetails.test.ts(175,27): error TS7005: Variable 'store' implicitly has an 'any' type.
packages/redux/src/products/actions/__tests__/fetchProductFittings.test.ts(21,5): error TS7034: Variable 'store' implicitly has type 'any' in some locations where its type cannot be determined.
packages/redux/src/products/actions/__tests__/fetchProductFittings.test.ts(44,24): error TS2339: Property 'mockRejectedValueOnce' does not exist on type 'GetProductFittings'.
packages/redux/src/products/actions/__tests__/fetchProductFittings.test.ts(48,11): error TS7005: Variable 'store' implicitly has an 'any' type.
packages/redux/src/products/actions/__tests__/fetchProductFittings.test.ts(48,69): error TS7006: Parameter 'error' implicitly has an 'any' type.
packages/redux/src/products/actions/__tests__/fetchProductFittings.test.ts(55,14): error TS7005: Variable 'store' implicitly has an 'any' type.
packages/redux/src/products/actions/__tests__/fetchProductFittings.test.ts(70,24): error TS2339: Property 'mockResolvedValueOnce' does not exist on type 'GetProductFittings'.
packages/redux/src/products/actions/__tests__/fetchProductFittings.test.ts(74,11): error TS7005: Variable 'store' implicitly has an 'any' type.
packages/redux/src/products/actions/__tests__/fetchProductFittings.test.ts(76,13): error TS7006: Parameter 'clientResult' implicitly has an 'any' type.
packages/redux/src/products/actions/__tests__/fetchProductFittings.test.ts(86,12): error TS7005: Variable 'store' implicitly has an 'any' type.
packages/redux/src/products/actions/__tests__/fetchProductMeasurements.test.ts(21,5): error TS7034: Variable 'store' implicitly has type 'any' in some locations where its type cannot be determined.
packages/redux/src/products/actions/__tests__/fetchProductMeasurements.test.ts(45,36): error TS2339: Property 'mockRejectedValueOnce' does not exist on type 'GetProductVariantsMeasurements'.
packages/redux/src/products/actions/__tests__/fetchProductMeasurements.test.ts(49,11): error TS7005: Variable 'store' implicitly has an 'any' type.
packages/redux/src/products/actions/__tests__/fetchProductMeasurements.test.ts(51,14): error TS7006: Parameter 'error' implicitly has an 'any' type.
packages/redux/src/products/actions/__tests__/fetchProductMeasurements.test.ts(58,16): error TS7005: Variable 'store' implicitly has an 'any' type.
packages/redux/src/products/actions/__tests__/fetchProductMeasurements.test.ts(73,36): error TS2339: Property 'mockResolvedValueOnce' does not exist on type 'GetProductVariantsMeasurements'.
packages/redux/src/products/actions/__tests__/fetchProductMeasurements.test.ts(79,11): error TS7005: Variable 'store' implicitly has an 'any' type.
packages/redux/src/products/actions/__tests__/fetchProductMeasurements.test.ts(81,13): error TS7006: Parameter 'clientResult' implicitly has an 'any' type.
packages/redux/src/products/actions/__tests__/fetchProductMeasurements.test.ts(91,12): error TS7005: Variable 'store' implicitly has an 'any' type.
packages/redux/src/products/actions/__tests__/fetchProductSizeGuides.test.ts(22,5): error TS7034: Variable 'store' implicitly has type 'any' in some locations where its type cannot be determined.
packages/redux/src/products/actions/__tests__/fetchProductSizeGuides.test.ts(36,26): error TS2339: Property 'mockRejectedValueOnce' does not exist on type 'GetProductSizeGuides'.
packages/redux/src/products/actions/__tests__/fetchProductSizeGuides.test.ts(40,11): error TS7005: Variable 'store' implicitly has an 'any' type.
packages/redux/src/products/actions/__tests__/fetchProductSizeGuides.test.ts(40,71): error TS7006: Parameter 'error' implicitly has an 'any' type.
packages/redux/src/products/actions/__tests__/fetchProductSizeGuides.test.ts(47,14): error TS7005: Variable 'store' implicitly has an 'any' type.
packages/redux/src/products/actions/__tests__/fetchProductSizeGuides.test.ts(62,26): error TS2339: Property 'mockResolvedValueOnce' does not exist on type 'GetProductSizeGuides'.
packages/redux/src/products/actions/__tests__/fetchProductSizeGuides.test.ts(66,11): error TS7005: Variable 'store' implicitly has an 'any' type.
packages/redux/src/products/actions/__tests__/fetchProductSizeGuides.test.ts(68,13): error TS7006: Parameter 'clientResult' implicitly has an 'any' type.
packages/redux/src/products/actions/__tests__/fetchProductSizeGuides.test.ts(78,12): error TS7005: Variable 'store' implicitly has an 'any' type.
packages/redux/src/products/actions/__tests__/fetchProductSizes.test.ts(21,5): error TS7034: Variable 'store' implicitly has type 'any' in some locations where its type cannot be determined.
packages/redux/src/products/actions/__tests__/fetchProductSizes.test.ts(44,21): error TS2339: Property 'mockRejectedValueOnce' does not exist on type 'GetProductSizes'.
packages/redux/src/products/actions/__tests__/fetchProductSizes.test.ts(48,11): error TS7005: Variable 'store' implicitly has an 'any' type.
packages/redux/src/products/actions/__tests__/fetchProductSizes.test.ts(50,14): error TS7006: Parameter 'error' implicitly has an 'any' type.
packages/redux/src/products/actions/__tests__/fetchProductSizes.test.ts(58,16): error TS7005: Variable 'store' implicitly has an 'any' type.
packages/redux/src/products/actions/__tests__/fetchProductSizes.test.ts(73,21): error TS2339: Property 'mockResolvedValueOnce' does not exist on type 'GetProductSizes'.
packages/redux/src/products/actions/__tests__/fetchProductSizes.test.ts(77,11): error TS7005: Variable 'store' implicitly has an 'any' type.
packages/redux/src/products/actions/__tests__/fetchProductSizes.test.ts(79,13): error TS7006: Parameter 'clientResult' implicitly has an 'any' type.
packages/redux/src/products/actions/__tests__/fetchProductSizes.test.ts(90,12): error TS7005: Variable 'store' implicitly has an 'any' type.
packages/redux/src/products/actions/__tests__/fetchProductVariantsByMerchantsLocations.test.ts(23,5): error TS7034: Variable 'store' implicitly has type 'any' in some locations where its type cannot be determined.
packages/redux/src/products/actions/__tests__/fetchProductVariantsByMerchantsLocations.test.ts(37,44): error TS2339: Property 'mockRejectedValueOnce' does not exist on type 'GetProductVariantsByMerchantsLocations'.
packages/redux/src/products/actions/__tests__/fetchProductVariantsByMerchantsLocations.test.ts(41,11): error TS7005: Variable 'store' implicitly has an 'any' type.
packages/redux/src/products/actions/__tests__/fetchProductVariantsByMerchantsLocations.test.ts(45,14): error TS7006: Parameter 'error' implicitly has an 'any' type.
packages/redux/src/products/actions/__tests__/fetchProductVariantsByMerchantsLocations.test.ts(53,16): error TS7005: Variable 'store' implicitly has an 'any' type.
packages/redux/src/products/actions/__tests__/fetchProductVariantsByMerchantsLocations.test.ts(68,44): error TS2339: Property 'mockResolvedValueOnce' does not exist on type 'GetProductVariantsByMerchantsLocations'.
packages/redux/src/products/actions/__tests__/fetchProductVariantsByMerchantsLocations.test.ts(74,11): error TS7005: Variable 'store' implicitly has an 'any' type.
packages/redux/src/products/actions/__tests__/fetchProductVariantsByMerchantsLocations.test.ts(78,13): error TS7006: Parameter 'clientResult' implicitly has an 'any' type.
packages/redux/src/products/actions/__tests__/fetchProductVariantsByMerchantsLocations.test.ts(89,12): error TS7005: Variable 'store' implicitly has an 'any' type.
packages/redux/src/products/actions/__tests__/fetchProductVariantsByMerchantsLocations.test.ts(103,44): error TS2339: Property 'mockResolvedValueOnce' does not exist on type 'GetProductVariantsByMerchantsLocations'.
packages/redux/src/products/actions/__tests__/fetchProductVariantsByMerchantsLocations.test.ts(110,11): error TS7005: Variable 'store' implicitly has an 'any' type.
packages/redux/src/products/actions/__tests__/fetchProductVariantsByMerchantsLocations.test.ts(117,13): error TS7006: Parameter 'clientResult' implicitly has an 'any' type.
packages/redux/src/products/actions/__tests__/fetchProductVariantsByMerchantsLocations.test.ts(128,12): error TS7005: Variable 'store' implicitly has an 'any' type.
packages/redux/src/products/actions/__tests__/fetchRecommendedSet.test.ts(19,5): error TS7034: Variable 'store' implicitly has type 'any' in some locations where its type cannot be determined.
packages/redux/src/products/actions/__tests__/fetchRecommendedSet.test.ts(30,23): error TS2339: Property 'mockRejectedValueOnce' does not exist on type 'GetRecommendedSet'.
packages/redux/src/products/actions/__tests__/fetchRecommendedSet.test.ts(34,11): error TS7005: Variable 'store' implicitly has an 'any' type.
packages/redux/src/products/actions/__tests__/fetchRecommendedSet.test.ts(36,14): error TS7006: Parameter 'error' implicitly has an 'any' type.
packages/redux/src/products/actions/__tests__/fetchRecommendedSet.test.ts(43,16): error TS7005: Variable 'store' implicitly has an 'any' type.
packages/redux/src/products/actions/__tests__/fetchRecommendedSet.test.ts(58,23): error TS2339: Property 'mockResolvedValueOnce' does not exist on type 'GetRecommendedSet'.
packages/redux/src/products/actions/__tests__/fetchRecommendedSet.test.ts(62,11): error TS7005: Variable 'store' implicitly has an 'any' type.
packages/redux/src/products/actions/__tests__/fetchRecommendedSet.test.ts(64,13): error TS7006: Parameter 'clientResult' implicitly has an 'any' type.
packages/redux/src/products/actions/__tests__/fetchRecommendedSet.test.ts(73,12): error TS7005: Variable 'store' implicitly has an 'any' type.
packages/redux/src/products/actions/__tests__/fetchSet.test.ts(31,5): error TS7034: Variable 'store' implicitly has type 'any' in some locations where its type cannot be determined.
packages/redux/src/products/actions/__tests__/fetchSet.test.ts(64,7): error TS2345: Argument of type '(dispatch: Dispatch, getState: () => StoreState, options: GetOptionsArgument) => Promise<Set | undefined>' is not assignable to parameter of type 'AnyAction'.
  Property 'type' is missing in type '(dispatch: Dispatch, getState: () => StoreState, options: GetOptionsArgument) => Promise<Set | undefined>' but required in type 'AnyAction'.
packages/redux/src/products/actions/__tests__/fetchSet.test.ts(81,12): error TS2339: Property 'mockRejectedValueOnce' does not exist on type 'GetSet'.
packages/redux/src/products/actions/__tests__/fetchSet.test.ts(85,11): error TS7005: Variable 'store' implicitly has an 'any' type.
packages/redux/src/products/actions/__tests__/fetchSet.test.ts(85,53): error TS7006: Parameter 'error' implicitly has an 'any' type.
packages/redux/src/products/actions/__tests__/fetchSet.test.ts(89,14): error TS7005: Variable 'store' implicitly has an 'any' type.
packages/redux/src/products/actions/__tests__/fetchSet.test.ts(110,12): error TS2339: Property 'mockResolvedValueOnce' does not exist on type 'GetSet'.
packages/redux/src/products/actions/__tests__/fetchSet.test.ts(114,11): error TS7005: Variable 'store' implicitly has an 'any' type.
packages/redux/src/products/actions/__tests__/fetchSet.test.ts(114,52): error TS7006: Parameter 'clientResult' implicitly has an 'any' type.
packages/redux/src/products/actions/__tests__/fetchSet.test.ts(121,12): error TS7005: Variable 'store' implicitly has an 'any' type.
packages/redux/src/products/actions/__tests__/fetchSet.test.ts(140,12): error TS2339: Property 'mockResolvedValueOnce' does not exist on type 'GetSet'.
packages/redux/src/products/actions/__tests__/fetchSet.test.ts(144,26): error TS2345: Argument of type '(dispatch: Dispatch, getState: () => StoreState, options: GetOptionsArgument) => Promise<Set | undefined>' is not assignable to parameter of type 'AnyAction'.
packages/redux/src/products/actions/__tests__/fetchSet.test.ts(144,52): error TS7006: Parameter 'clientResult' implicitly has an 'any' type.
packages/redux/src/products/actions/__tests__/fetchSet.test.ts(182,12): error TS2339: Property 'mockResolvedValueOnce' does not exist on type 'GetSet'.
packages/redux/src/products/actions/__tests__/fetchSet.test.ts(186,26): error TS2345: Argument of type '(dispatch: Dispatch, getState: () => StoreState, options: GetOptionsArgument) => Promise<Set | undefined>' is not assignable to parameter of type 'AnyAction'.
packages/redux/src/products/actions/__tests__/fetchSet.test.ts(186,52): error TS7006: Parameter 'clientResult' implicitly has an 'any' type.
packages/redux/src/products/actions/__tests__/fetchSet.test.ts(224,26): error TS2345: Argument of type '(dispatch: Dispatch, getState: () => StoreState, options: GetOptionsArgument) => Promise<Set | undefined>' is not assignable to parameter of type 'AnyAction'.
packages/redux/src/products/actions/__tests__/fetchSet.test.ts(224,52): error TS7006: Parameter 'clientResult' implicitly has an 'any' type.
packages/redux/src/products/actions/__tests__/fetchSet.test.ts(254,17): error TS2345: Argument of type '(dispatch: Dispatch, getState: () => StoreState, options: GetOptionsArgument) => Promise<Set | undefined>' is not assignable to parameter of type 'AnyAction'.
packages/redux/src/products/actions/__tests__/fetchSet.test.ts(255,13): error TS7006: Parameter 'clientResult' implicitly has an 'any' type.
packages/redux/src/products/actions/__tests__/fetchSet.test.ts(270,12): error TS2339: Property 'mockResolvedValueOnce' does not exist on type 'GetSet'.
packages/redux/src/products/actions/__tests__/fetchSet.test.ts(274,11): error TS7005: Variable 'store' implicitly has an 'any' type.
packages/redux/src/products/actions/__tests__/fetchSet.test.ts(284,13): error TS7006: Parameter 'clientResult' implicitly has an 'any' type.
packages/redux/src/products/actions/__tests__/fetchSet.test.ts(291,12): error TS7005: Variable 'store' implicitly has an 'any' type.
packages/redux/src/products/actions/__tests__/resetProductDetails.test.ts(9,13): error TS2554: Expected 2-3 arguments, but got 0.
packages/redux/src/products/actions/__tests__/resetProductDetails.test.ts(10,20): error TS2345: Argument of type '(dispatch: ThunkDispatch<StoreState, unknown, ResetProductDetailsStateAction | ResetProductDetailsEntitiesAction>) => void' is not assignable to parameter of type 'AnyAction'.
  Property 'type' is missing in type '(dispatch: ThunkDispatch<StoreState, unknown, ResetProductDetailsStateAction | ResetProductDetailsEntitiesAction>) => void' but required in type 'AnyAction'.
packages/redux/src/products/actions/__tests__/resetProductDetailsState.test.ts(9,13): error TS2554: Expected 2-3 arguments, but got 0.
packages/redux/src/products/actions/__tests__/resetProductDetailsState.test.ts(10,20): error TS2345: Argument of type '(dispatch: Dispatch<ResetProductDetailsStateAction>) => void' is not assignable to parameter of type 'AnyAction'.
  Property 'type' is missing in type '(dispatch: Dispatch<ResetProductDetailsStateAction>) => void' but required in type 'AnyAction'.
packages/redux/src/products/actions/__tests__/resetProductsLists.test.ts(9,13): error TS2554: Expected 2-3 arguments, but got 0.
packages/redux/src/products/actions/__tests__/resetProductsLists.test.ts(10,20): error TS2345: Argument of type '(dispatch: ThunkDispatch<StoreState, unknown, ResetProductsListsStateAction | ResetProductsListsEntitiesAction>) => void' is not assignable to parameter of type 'AnyAction'.
  Property 'type' is missing in type '(dispatch: ThunkDispatch<StoreState, unknown, ResetProductsListsStateAction | ResetProductsListsEntitiesAction>) => void' but required in type 'AnyAction'.
packages/redux/src/products/actions/__tests__/resetProductsListsState.test.ts(9,13): error TS2554: Expected 2-3 arguments, but got 0.
packages/redux/src/products/actions/__tests__/resetProductsListsState.test.ts(10,20): error TS2345: Argument of type '(dispatch: Dispatch<ResetProductsListsStateAction>) => void' is not assignable to parameter of type 'AnyAction'.
  Property 'type' is missing in type '(dispatch: Dispatch<ResetProductsListsStateAction>) => void' but required in type 'AnyAction'.
packages/redux/src/products/actions/factories/fetchRecommendedSetFactory.ts(57,20): error TS2322: Type 'unknown' is not assignable to type 'Error'.
packages/redux/src/products/actions/factories/fetchSetFactory.ts(48,5): error TS2322: Type 'Listing | Set | undefined' is not assignable to type 'Set | undefined'.
  Property 'id' is missing in type 'Listing' but required in type 'Set'.
packages/redux/src/products/reducer/__tests__/attributes.test.ts(7,5): error TS7034: Variable 'initialState' implicitly has type 'any' in some locations where its type cannot be determined.
packages/redux/src/products/reducer/__tests__/attributes.test.ts(23,29): error TS7005: Variable 'initialState' implicitly has an 'any' type.
packages/redux/src/products/reducer/__tests__/attributes.test.ts(52,22): error TS2345: Argument of type '{ error: { 11766695: string; }; isLoading: {}; }' is not assignable to parameter of type 'CombinedState<{ error: Record<number, Error | undefined>; isLoading: Record<number, boolean | undefined>; }>'.
  Type '{ error: { 11766695: string; }; isLoading: {}; }' is not assignable to type '{ error: Record<number, Error | undefined>; isLoading: Record<number, boolean | undefined>; }'.
    Types of property 'error' are incompatible.
      Type '{ 11766695: string; }' is not assignable to type 'Record<number, Error | undefined>'.
        Property '[mockProductId]' is incompatible with index signature.
          Type 'string' is not assignable to type 'Error | undefined'.
packages/redux/src/products/reducer/__tests__/attributes.test.ts(60,29): error TS7005: Variable 'initialState' implicitly has an 'any' type.
packages/redux/src/products/reducer/__tests__/attributes.test.ts(117,28): error TS7005: Variable 'initialState' implicitly has an 'any' type.
packages/redux/src/products/reducer/__tests__/attributes.test.ts(126,28): error TS7005: Variable 'initialState' implicitly has an 'any' type.
packages/redux/src/products/reducer/__tests__/colorGrouping.test.ts(11,5): error TS7034: Variable 'initialState' implicitly has type 'any' in some locations where its type cannot be determined.
packages/redux/src/products/reducer/__tests__/colorGrouping.test.ts(27,29): error TS7005: Variable 'initialState' implicitly has an 'any' type.
packages/redux/src/products/reducer/__tests__/colorGrouping.test.ts(56,22): error TS2345: Argument of type '{ error: { 11766695: string; }; isLoading: {}; }' is not assignable to parameter of type 'CombinedState<{ error: Record<number, Error | undefined>; isLoading: Record<number, boolean | undefined>; }>'.
  Type '{ error: { 11766695: string; }; isLoading: {}; }' is not assignable to type '{ error: Record<number, Error | undefined>; isLoading: Record<number, boolean | undefined>; }'.
    Types of property 'error' are incompatible.
      Type '{ 11766695: string; }' is not assignable to type 'Record<number, Error | undefined>'.
        Property '[mockProductId]' is incompatible with index signature.
          Type 'string' is not assignable to type 'Error | undefined'.
packages/redux/src/products/reducer/__tests__/colorGrouping.test.ts(64,29): error TS7005: Variable 'initialState' implicitly has an 'any' type.
packages/redux/src/products/reducer/__tests__/colorGrouping.test.ts(121,28): error TS7005: Variable 'initialState' implicitly has an 'any' type.
packages/redux/src/products/reducer/__tests__/colorGrouping.test.ts(130,28): error TS7005: Variable 'initialState' implicitly has an 'any' type.
packages/redux/src/products/reducer/__tests__/details.test.ts(13,5): error TS7034: Variable 'initialState' implicitly has type 'any' in some locations where its type cannot be determined.
packages/redux/src/products/reducer/__tests__/details.test.ts(17,43): error TS2345: Argument of type '{ type: string; }' is not assignable to parameter of type 'FetchProductDetailsAction | ResetProductDetailsStateAction'.
  Type '{ type: string; }' is not assignable to type 'ResetProductDetailsStateAction'.
    Types of property 'type' are incompatible.
      Type 'string' is not assignable to type '"@farfetch/blackout-redux/RESET_PRODUCT_DETAILS_STATE"'.
packages/redux/src/products/reducer/__tests__/details.test.ts(23,17): error TS2345: Argument of type 'undefined' is not assignable to parameter of type 'ProductsDetailsState'.
  Type 'undefined' is not assignable to type 'EmptyObject'.
packages/redux/src/products/reducer/__tests__/details.test.ts(26,17): error TS7005: Variable 'initialState' implicitly has an 'any' type.
packages/redux/src/products/reducer/__tests__/details.test.ts(37,44): error TS2345: Argument of type '{ type: string; }' is not assignable to parameter of type 'FetchProductDetailsAction | ResetProductDetailsStateAction'.
packages/redux/src/products/reducer/__tests__/details.test.ts(39,29): error TS7005: Variable 'initialState' implicitly has an 'any' type.
packages/redux/src/products/reducer/__tests__/details.test.ts(44,29): error TS2345: Argument of type 'undefined' is not assignable to parameter of type 'ProductsDetailsState'.
packages/redux/src/products/reducer/__tests__/details.test.ts(53,29): error TS2345: Argument of type 'undefined' is not assignable to parameter of type 'ProductsDetailsState'.
packages/redux/src/products/reducer/__tests__/details.test.ts(69,22): error TS2345: Argument of type '{ error: { 11766695: string; }; isLoading: {}; isHydrated: {}; }' is not assignable to parameter of type 'ProductsDetailsState'.
  Type '{ error: { 11766695: string; }; isLoading: {}; isHydrated: {}; }' is not assignable to type '{ error: Record<number, Error | undefined>; isHydrated: Record<number, boolean>; isLoading: Record<number, boolean | undefined>; }'.
    Types of property 'error' are incompatible.
      Type '{ 11766695: string; }' is not assignable to type 'Record<number, Error | undefined>'.
        Property '[mockProductId]' is incompatible with index signature.
          Type 'string' is not assignable to type 'Error | undefined'.
packages/redux/src/products/reducer/__tests__/details.test.ts(75,44): error TS2345: Argument of type '{ type: string; }' is not assignable to parameter of type 'FetchProductDetailsAction | ResetProductDetailsStateAction'.
packages/redux/src/products/reducer/__tests__/details.test.ts(77,29): error TS7005: Variable 'initialState' implicitly has an 'any' type.
packages/redux/src/products/reducer/__tests__/details.test.ts(82,29): error TS2345: Argument of type 'undefined' is not assignable to parameter of type 'ProductsDetailsState'.
packages/redux/src/products/reducer/__tests__/details.test.ts(96,29): error TS2345: Argument of type '{ type: string; }' is not assignable to parameter of type 'FetchProductDetailsAction | ResetProductDetailsStateAction'.
packages/redux/src/products/reducer/__tests__/details.test.ts(102,44): error TS2345: Argument of type '{ type: string; }' is not assignable to parameter of type 'FetchProductDetailsAction | ResetProductDetailsStateAction'.
packages/redux/src/products/reducer/__tests__/details.test.ts(104,29): error TS7005: Variable 'initialState' implicitly has an 'any' type.
packages/redux/src/products/reducer/__tests__/details.test.ts(111,29): error TS2345: Argument of type 'undefined' is not assignable to parameter of type 'ProductsDetailsState'.
packages/redux/src/products/reducer/__tests__/details.test.ts(123,29): error TS2345: Argument of type 'undefined' is not assignable to parameter of type 'ProductsDetailsState'.
packages/redux/src/products/reducer/__tests__/details.test.ts(136,29): error TS2345: Argument of type 'undefined' is not assignable to parameter of type 'ProductsDetailsState'.
packages/redux/src/products/reducer/__tests__/details.test.ts(153,29): error TS2345: Argument of type '{ type: string; }' is not assignable to parameter of type 'FetchProductDetailsAction | ResetProductDetailsStateAction'.
packages/redux/src/products/reducer/__tests__/details.test.ts(184,68): error TS2345: Argument of type '{ products: { 11766695: { id: number; }; }; sets: { 1050: { id: number; }; }; dummy: { 1: { id: number; }; }; dummy2: { 2: { id: number; }; }; }' is not assignable to parameter of type 'Partial<{ [k: string]: any; addresses: Record<string, Address>; availableTimeSlots: Record<string, Return>; bagItems: Record<number, BagItemEntity>; ... 33 more ...; wishlistSets: Record<...>; }>'.
  Types of property 'products' are incompatible.
    Type '{ 11766695: { id: number; }; }' is not assignable to type 'Record<number, ProductEntity>'.
      Property '11766695' is incompatible with index signature.
        Type '{ id: number; }' is missing the following properties from type 'ProductEntity': brand, categories, merchant, associations, and 56 more.
packages/redux/src/products/reducer/__tests__/details.test.ts(193,28): error TS7005: Variable 'initialState' implicitly has an 'any' type.
packages/redux/src/products/reducer/__tests__/details.test.ts(203,14): error TS7005: Variable 'initialState' implicitly has an 'any' type.
packages/redux/src/products/reducer/__tests__/details.test.ts(215,14): error TS7005: Variable 'initialState' implicitly has an 'any' type.
packages/redux/src/products/reducer/__tests__/fittings.test.ts(7,5): error TS7034: Variable 'initialState' implicitly has type 'any' in some locations where its type cannot be determined.
packages/redux/src/products/reducer/__tests__/fittings.test.ts(23,29): error TS7005: Variable 'initialState' implicitly has an 'any' type.
packages/redux/src/products/reducer/__tests__/fittings.test.ts(51,22): error TS2345: Argument of type '{ error: { 11766695: string; }; isLoading: {}; }' is not assignable to parameter of type 'CombinedState<{ error: Record<number, Error | undefined>; isLoading: Record<number, boolean | undefined>; }>'.
  Type '{ error: { 11766695: string; }; isLoading: {}; }' is not assignable to type '{ error: Record<number, Error | undefined>; isLoading: Record<number, boolean | undefined>; }'.
    Types of property 'error' are incompatible.
      Type '{ 11766695: string; }' is not assignable to type 'Record<number, Error | undefined>'.
        Property '[mockProductId]' is incompatible with index signature.
          Type 'string' is not assignable to type 'Error | undefined'.
packages/redux/src/products/reducer/__tests__/fittings.test.ts(59,29): error TS7005: Variable 'initialState' implicitly has an 'any' type.
packages/redux/src/products/reducer/__tests__/fittings.test.ts(113,28): error TS7005: Variable 'initialState' implicitly has an 'any' type.
packages/redux/src/products/reducer/__tests__/fittings.test.ts(122,28): error TS7005: Variable 'initialState' implicitly has an 'any' type.
packages/redux/src/products/reducer/__tests__/lists.test.ts(17,5): error TS7034: Variable 'initialState' implicitly has type 'any' in some locations where its type cannot be determined.
packages/redux/src/products/reducer/__tests__/lists.test.ts(21,43): error TS2345: Argument of type '{ type: string; }' is not assignable to parameter of type 'FetchProductsListAction | ResetProductsListsStateAction'.
  Type '{ type: string; }' is not assignable to type 'ResetProductsListsStateAction'.
    Types of property 'type' are incompatible.
      Type 'string' is not assignable to type '"@farfetch/blackout-redux/RESET_PRODUCTS_LISTS_STATE"'.
packages/redux/src/products/reducer/__tests__/lists.test.ts(27,17): error TS2345: Argument of type 'undefined' is not assignable to parameter of type 'ProductsListsState'.
  Type 'undefined' is not assignable to type 'EmptyObject'.
packages/redux/src/products/reducer/__tests__/lists.test.ts(30,17): error TS7005: Variable 'initialState' implicitly has an 'any' type.
packages/redux/src/products/reducer/__tests__/lists.test.ts(41,44): error TS2345: Argument of type '{ type: string; }' is not assignable to parameter of type 'FetchProductsListAction | ResetProductsListsStateAction'.
packages/redux/src/products/reducer/__tests__/lists.test.ts(43,29): error TS7005: Variable 'initialState' implicitly has an 'any' type.
packages/redux/src/products/reducer/__tests__/lists.test.ts(48,29): error TS2345: Argument of type 'undefined' is not assignable to parameter of type 'ProductsListsState'.
packages/redux/src/products/reducer/__tests__/lists.test.ts(57,29): error TS2345: Argument of type 'undefined' is not assignable to parameter of type 'ProductsListsState'.
packages/redux/src/products/reducer/__tests__/lists.test.ts(74,22): error TS2345: Argument of type '{ error: { "listing/woman/clothing?categories=135971&colors=6&pageindex=1": string; }; isLoading: {}; isHydrated: {}; hash: string; }' is not assignable to parameter of type 'ProductsListsState'.
  Type '{ error: { "listing/woman/clothing?categories=135971&colors=6&pageindex=1": string; }; isLoading: {}; isHydrated: {}; hash: string; }' is not assignable to type '{ error: Record<string, Error | undefined>; hash: string | null; isHydrated: Record<string, boolean | undefined>; isLoading: Record<string, boolean | undefined>; }'.
    Types of property 'error' are incompatible.
      Type '{ "listing/woman/clothing?categories=135971&colors=6&pageindex=1": string; }' is not assignable to type 'Record<string, Error | undefined>'.
        Property '[mockProductsListHash]' is incompatible with index signature.
          Type 'string' is not assignable to type 'Error | undefined'.
packages/redux/src/products/reducer/__tests__/lists.test.ts(80,44): error TS2345: Argument of type '{ type: string; }' is not assignable to parameter of type 'FetchProductsListAction | ResetProductsListsStateAction'.
packages/redux/src/products/reducer/__tests__/lists.test.ts(82,26): error TS7005: Variable 'initialState' implicitly has an 'any' type.
packages/redux/src/products/reducer/__tests__/lists.test.ts(86,29): error TS2345: Argument of type 'undefined' is not assignable to parameter of type 'ProductsListsState'.
packages/redux/src/products/reducer/__tests__/lists.test.ts(95,29): error TS2345: Argument of type 'undefined' is not assignable to parameter of type 'ProductsListsState'.
packages/redux/src/products/reducer/__tests__/lists.test.ts(101,31): error TS7005: Variable 'initialState' implicitly has an 'any' type.
packages/redux/src/products/reducer/__tests__/lists.test.ts(111,29): error TS2345: Argument of type '{ type: string; }' is not assignable to parameter of type 'FetchProductsListAction | ResetProductsListsStateAction'.
packages/redux/src/products/reducer/__tests__/lists.test.ts(117,44): error TS2345: Argument of type '{ type: string; }' is not assignable to parameter of type 'FetchProductsListAction | ResetProductsListsStateAction'.
packages/redux/src/products/reducer/__tests__/lists.test.ts(119,29): error TS7005: Variable 'initialState' implicitly has an 'any' type.
packages/redux/src/products/reducer/__tests__/lists.test.ts(124,29): error TS2345: Argument of type 'undefined' is not assignable to parameter of type 'ProductsListsState'.
packages/redux/src/products/reducer/__tests__/lists.test.ts(140,29): error TS2345: Argument of type '{ type: string; }' is not assignable to parameter of type 'FetchProductsListAction | ResetProductsListsStateAction'.
packages/redux/src/products/reducer/__tests__/lists.test.ts(146,44): error TS2345: Argument of type '{ type: string; }' is not assignable to parameter of type 'FetchProductsListAction | ResetProductsListsStateAction'.
packages/redux/src/products/reducer/__tests__/lists.test.ts(148,29): error TS7005: Variable 'initialState' implicitly has an 'any' type.
packages/redux/src/products/reducer/__tests__/lists.test.ts(153,29): error TS2345: Argument of type 'undefined' is not assignable to parameter of type 'ProductsListsState'.
packages/redux/src/products/reducer/__tests__/lists.test.ts(163,29): error TS2345: Argument of type 'undefined' is not assignable to parameter of type 'ProductsListsState'.
packages/redux/src/products/reducer/__tests__/lists.test.ts(174,29): error TS2345: Argument of type 'undefined' is not assignable to parameter of type 'ProductsListsState'.
packages/redux/src/products/reducer/__tests__/lists.test.ts(191,29): error TS2345: Argument of type '{ type: string; }' is not assignable to parameter of type 'FetchProductsListAction | ResetProductsListsStateAction'.
packages/redux/src/products/reducer/__tests__/lists.test.ts(225,67): error TS2345: Argument of type '{ productsLists: { "listing/woman/clothing?categories=135971&colors=6&pageindex=1": { id: string; }; }; products: { 11766695: { id: number; }; }; dummy: { 1: { id: number; }; }; dummy2: { 2: { id: number; }; }; }' is not assignable to parameter of type 'Partial<{ [k: string]: any; addresses: Record<string, Address>; availableTimeSlots: Record<string, Return>; bagItems: Record<number, BagItemEntity>; ... 33 more ...; wishlistSets: Record<...>; }>'.
  Types of property 'products' are incompatible.
    Type '{ 11766695: { id: number; }; }' is not assignable to type 'Record<number, ProductEntity>'.
      Property '11766695' is incompatible with index signature.
        Type '{ id: number; }' is missing the following properties from type 'ProductEntity': brand, categories, merchant, associations, and 56 more.
packages/redux/src/products/reducer/__tests__/lists.test.ts(233,26): error TS7005: Variable 'initialState' implicitly has an 'any' type.
packages/redux/src/products/reducer/__tests__/lists.test.ts(242,26): error TS7005: Variable 'initialState' implicitly has an 'any' type.
packages/redux/src/products/reducer/__tests__/lists.test.ts(251,26): error TS7005: Variable 'initialState' implicitly has an 'any' type.
packages/redux/src/products/reducer/__tests__/lists.test.ts(259,26): error TS7005: Variable 'initialState' implicitly has an 'any' type.
packages/redux/src/products/reducer/__tests__/measurements.test.ts(16,5): error TS7034: Variable 'initialState' implicitly has type 'any' in some locations where its type cannot be determined.
packages/redux/src/products/reducer/__tests__/measurements.test.ts(32,29): error TS7005: Variable 'initialState' implicitly has an 'any' type.
packages/redux/src/products/reducer/__tests__/measurements.test.ts(61,22): error TS2345: Argument of type '{ error: { 11766695: string; }; isLoading: {}; }' is not assignable to parameter of type 'CombinedState<{ error: Record<number, Error | undefined>; isLoading: Record<number, boolean | undefined>; }>'.
  Type '{ error: { 11766695: string; }; isLoading: {}; }' is not assignable to type '{ error: Record<number, Error | undefined>; isLoading: Record<number, boolean | undefined>; }'.
    Types of property 'error' are incompatible.
      Type '{ 11766695: string; }' is not assignable to type 'Record<number, Error | undefined>'.
        Property '[mockProductId]' is incompatible with index signature.
          Type 'string' is not assignable to type 'Error | undefined'.
packages/redux/src/products/reducer/__tests__/measurements.test.ts(69,29): error TS7005: Variable 'initialState' implicitly has an 'any' type.
packages/redux/src/products/reducer/__tests__/measurements.test.ts(127,28): error TS2352: Conversion of type '{ measurements: { attributes: { type: number; value: string; description: string; }[]; measurements: never[]; }[]; }' to type 'ProductEntity' may be a mistake because neither type sufficiently overlaps with the other. If this was intentional, convert the expression to 'unknown' first.
  Type '{ measurements: { attributes: { type: number; value: string; description: string; }[]; measurements: never[]; }[]; }' is missing the following properties from type 'ProductEntity': brand, categories, merchant, associations, and 56 more.
packages/redux/src/products/reducer/__tests__/measurements.test.ts(134,28): error TS2352: Conversion of type '{ measurements: never[]; }' to type 'ProductEntity' may be a mistake because neither type sufficiently overlaps with the other. If this was intentional, convert the expression to 'unknown' first.
  Type '{ measurements: never[]; }' is missing the following properties from type 'ProductEntity': brand, categories, merchant, associations, and 56 more.
packages/redux/src/products/reducer/__tests__/measurements.test.ts(162,28): error TS7005: Variable 'initialState' implicitly has an 'any' type.
packages/redux/src/products/reducer/__tests__/measurements.test.ts(171,28): error TS7005: Variable 'initialState' implicitly has an 'any' type.
packages/redux/src/products/reducer/__tests__/recommendedSet.test.ts(15,7): error TS7034: Variable 'initialState' implicitly has type 'any' in some locations where its type cannot be determined.
packages/redux/src/products/reducer/__tests__/recommendedSet.test.ts(26,29): error TS7005: Variable 'initialState' implicitly has an 'any' type.
packages/redux/src/products/reducer/__tests__/recommendedSet.test.ts(35,17): error TS7005: Variable 'initialState' implicitly has an 'any' type.
packages/redux/src/products/reducer/__tests__/recommendedSet.test.ts(51,26): error TS7005: Variable 'initialState' implicitly has an 'any' type.
packages/redux/src/products/reducer/__tests__/recommendedSet.test.ts(63,29): error TS7005: Variable 'initialState' implicitly has an 'any' type.
packages/redux/src/products/reducer/__tests__/recommendedSet.test.ts(98,26): error TS7005: Variable 'initialState' implicitly has an 'any' type.
packages/redux/src/products/reducer/__tests__/recommendedSet.test.ts(110,29): error TS7005: Variable 'initialState' implicitly has an 'any' type.
packages/redux/src/products/reducer/__tests__/recommendedSet.test.ts(127,12): error TS7005: Variable 'initialState' implicitly has an 'any' type.
packages/redux/src/products/reducer/__tests__/recommendedSet.test.ts(141,28): error TS7005: Variable 'initialState' implicitly has an 'any' type.
packages/redux/src/products/reducer/__tests__/recommendedSet.test.ts(150,28): error TS7005: Variable 'initialState' implicitly has an 'any' type.
packages/redux/src/products/reducer/__tests__/recommendedSet.test.ts(159,28): error TS7005: Variable 'initialState' implicitly has an 'any' type.
packages/redux/src/products/reducer/__tests__/sizeGuides.test.ts(7,5): error TS7034: Variable 'initialState' implicitly has type 'any' in some locations where its type cannot be determined.
packages/redux/src/products/reducer/__tests__/sizeGuides.test.ts(23,29): error TS7005: Variable 'initialState' implicitly has an 'any' type.
packages/redux/src/products/reducer/__tests__/sizeGuides.test.ts(52,22): error TS2345: Argument of type '{ error: { 11766695: string; }; isLoading: {}; }' is not assignable to parameter of type 'CombinedState<{ error: Record<number, Error | undefined>; isLoading: Record<number, boolean | undefined>; }>'.
  Type '{ error: { 11766695: string; }; isLoading: {}; }' is not assignable to type '{ error: Record<number, Error | undefined>; isLoading: Record<number, boolean | undefined>; }'.
    Types of property 'error' are incompatible.
      Type '{ 11766695: string; }' is not assignable to type 'Record<number, Error | undefined>'.
        Property '[mockProductId]' is incompatible with index signature.
          Type 'string' is not assignable to type 'Error | undefined'.
packages/redux/src/products/reducer/__tests__/sizeGuides.test.ts(60,29): error TS7005: Variable 'initialState' implicitly has an 'any' type.
packages/redux/src/products/reducer/__tests__/sizeGuides.test.ts(116,28): error TS7005: Variable 'initialState' implicitly has an 'any' type.
packages/redux/src/products/reducer/__tests__/sizeGuides.test.ts(125,28): error TS7005: Variable 'initialState' implicitly has an 'any' type.
packages/redux/src/products/reducer/__tests__/sizes.test.ts(7,5): error TS7034: Variable 'initialState' implicitly has type 'any' in some locations where its type cannot be determined.
packages/redux/src/products/reducer/__tests__/sizes.test.ts(23,29): error TS7005: Variable 'initialState' implicitly has an 'any' type.
packages/redux/src/products/reducer/__tests__/sizes.test.ts(52,22): error TS2345: Argument of type '{ error: { 11766695: string; }; isLoading: {}; }' is not assignable to parameter of type 'CombinedState<{ error: Record<number, Error | undefined>; isLoading: Record<number, boolean | undefined>; }>'.
  Type '{ error: { 11766695: string; }; isLoading: {}; }' is not assignable to type '{ error: Record<number, Error | undefined>; isLoading: Record<number, boolean | undefined>; }'.
    Types of property 'error' are incompatible.
      Type '{ 11766695: string; }' is not assignable to type 'Record<number, Error | undefined>'.
        Property '[mockProductId]' is incompatible with index signature.
          Type 'string' is not assignable to type 'Error | undefined'.
packages/redux/src/products/reducer/__tests__/sizes.test.ts(60,29): error TS7005: Variable 'initialState' implicitly has an 'any' type.
packages/redux/src/products/reducer/__tests__/sizes.test.ts(116,28): error TS7005: Variable 'initialState' implicitly has an 'any' type.
packages/redux/src/products/reducer/__tests__/sizes.test.ts(125,28): error TS7005: Variable 'initialState' implicitly has an 'any' type.
packages/redux/src/products/reducer/__tests__/variantsByMerchantsLocations.test.ts(11,5): error TS7034: Variable 'initialState' implicitly has type 'any' in some locations where its type cannot be determined.
packages/redux/src/products/reducer/__tests__/variantsByMerchantsLocations.test.ts(27,29): error TS7005: Variable 'initialState' implicitly has an 'any' type.
packages/redux/src/products/reducer/__tests__/variantsByMerchantsLocations.test.ts(56,22): error TS2345: Argument of type '{ error: { 11766695: string; }; isLoading: {}; }' is not assignable to parameter of type 'CombinedState<{ error: Record<number, Error | undefined>; isLoading: Record<number, boolean | undefined>; }>'.
  Type '{ error: { 11766695: string; }; isLoading: {}; }' is not assignable to type '{ error: Record<number, Error | undefined>; isLoading: Record<number, boolean | undefined>; }'.
    Types of property 'error' are incompatible.
      Type '{ 11766695: string; }' is not assignable to type 'Record<number, Error | undefined>'.
        Property '[mockProductId]' is incompatible with index signature.
          Type 'string' is not assignable to type 'Error | undefined'.
packages/redux/src/products/reducer/__tests__/variantsByMerchantsLocations.test.ts(64,29): error TS7005: Variable 'initialState' implicitly has an 'any' type.
packages/redux/src/products/reducer/__tests__/variantsByMerchantsLocations.test.ts(121,28): error TS7005: Variable 'initialState' implicitly has an 'any' type.
packages/redux/src/products/reducer/__tests__/variantsByMerchantsLocations.test.ts(130,28): error TS7005: Variable 'initialState' implicitly has an 'any' type.
packages/redux/src/products/reducer/details.ts(79,15): error TS2339: Property 'products' does not exist on type 'Partial<{ [k: string]: any; addresses: Record<string, Address>; availableTimeSlots: Record<string, Return>; bagItems: Record<number, BagItemEntity>; ... 33 more ...; wishlistSets: Record<...>; }> | undefined'.
packages/redux/src/products/reducer/details.ts(79,25): error TS2339: Property 'sets' does not exist on type 'Partial<{ [k: string]: any; addresses: Record<string, Address>; availableTimeSlots: Record<string, Return>; bagItems: Record<number, BagItemEntity>; ... 33 more ...; wishlistSets: Record<...>; }> | undefined'.
packages/redux/src/products/reducer/lists.ts(97,15): error TS2339: Property 'productsLists' does not exist on type 'Partial<{ [k: string]: any; addresses: Record<string, Address>; availableTimeSlots: Record<string, Return>; bagItems: Record<number, BagItemEntity>; ... 33 more ...; wishlistSets: Record<...>; }> | undefined'.
packages/redux/src/products/reducer/measurements.ts(86,43): error TS2345: Argument of type 'Partial<{ [k: string]: any; addresses: Record<string, Address>; availableTimeSlots: Record<string, Return>; bagItems: Record<number, BagItemEntity>; ... 33 more ...; wishlistSets: Record<...>; }> | undefined' is not assignable to parameter of type '{ [k: string]: any; }'.
  Type 'undefined' is not assignable to type '{ [k: string]: any; }'.
packages/redux/src/products/selectors/__tests__/attributes.test.ts(12,40): error TS2345: Argument of type '{ products: { variantsByMerchantsLocations: { isLoading: { 11766695: boolean; 456: boolean; }; error: { 11766695: { message: string; }; }; }; sizes: { isLoading: { 11766695: boolean; 456: boolean; }; error: { ...; }; }; ... 7 more ...; attributes: { ...; }; }; bag: { ...; }; entities: { ...; }; }' is not assignable to parameter of type 'Partial<{ entities: Partial<{ [k: string]: any; addresses: Record<string, Address>; availableTimeSlots: Record<string, Return>; bagItems: Record<number, BagItemEntity>; ... 33 more ...; wishlistSets: Record<...>; }>; ... 24 more ...; wishlist: State; }>'.
  The types of 'entities.bagItems' are incompatible between these types.
    Type '{ 101: { id: number; quantity: number; product: number; merchant: number; size: { id: number; scale: number; name: string; scaleDescription: string; scaleAbbreviation: string; globalQuantity: number; }; }; 102: { ...; }; 103: { ...; }; }' is not assignable to type 'Record<number, BagItemEntity>'.
      Property '101' is incompatible with index signature.
        Type '{ id: number; quantity: number; product: number; merchant: number; size: { id: number; scale: number; name: string; scaleDescription: string; scaleAbbreviation: string; globalQuantity: number; }; }' is not assignable to type 'BagItemEntity'.
          Type '{ id: number; quantity: number; product: number; merchant: number; size: { id: number; scale: number; name: string; scaleDescription: string; scaleAbbreviation: string; globalQuantity: number; }; }' is missing the following properties from type 'Omit<BagItem, "type" | "labels" | "productId" | "price" | "categories" | "sizes" | "colors" | "images" | "merchantId" | "merchantName" | "merchantShoppingUrl" | "brandId" | ... 6 more ... | "variants">': attributes, gender, isCustomizable, isExclusive, and 4 more.
packages/redux/src/products/selectors/__tests__/attributes.test.ts(33,47): error TS2345: Argument of type '{ products: { attributes: { isLoading: { 11766695: boolean; 456: boolean; }; error: { 11766695: { message: string; }; }; }; variantsByMerchantsLocations: { isLoading: { 11766695: boolean; 456: boolean; }; error: { ...; }; }; ... 7 more ...; colorGrouping: { ...; }; }; }' is not assignable to parameter of type 'Partial<{ entities: Partial<{ [k: string]: any; addresses: Record<string, Address>; availableTimeSlots: Record<string, Return>; bagItems: Record<number, BagItemEntity>; ... 33 more ...; wishlistSets: Record<...>; }>; ... 24 more ...; wishlist: State; }>'.
  Types of property 'products' are incompatible.
    Type '{ attributes: { isLoading: { 11766695: boolean; 456: boolean; }; error: { 11766695: { message: string; }; }; }; variantsByMerchantsLocations: { isLoading: { 11766695: boolean; 456: boolean; }; error: { 11766695: { ...; }; }; }; ... 7 more ...; colorGrouping: { ...; }; }' is not assignable to type 'State'.
      Type '{ attributes: { isLoading: { 11766695: boolean; 456: boolean; }; error: { 11766695: { message: string; }; }; }; variantsByMerchantsLocations: { isLoading: { 11766695: boolean; 456: boolean; }; error: { 11766695: { ...; }; }; }; ... 7 more ...; colorGrouping: { ...; }; }' is not assignable to type '{ attributes: ProductsAttributesState; colorGrouping: ProductsColorGroupingState; details: ProductsDetailsState; ... 6 more ...; variantsByMerchantsLocations: ProductsVariantsByMerchantsLocationsState; }'.
        Types of property 'details' are incompatible.
          Type '{ error: { 11766695: { message: string; }; 456: null; }; isHydrated: { 11766695: boolean; 456: boolean; }; isLoading: { 11766695: boolean; 456: boolean; }; }' is not assignable to type 'ProductsDetailsState'.
            Type '{ error: { 11766695: { message: string; }; 456: null; }; isHydrated: { 11766695: boolean; 456: boolean; }; isLoading: { 11766695: boolean; 456: boolean; }; }' is not assignable to type '{ error: Record<number, Error | undefined>; isHydrated: Record<number, boolean>; isLoading: Record<number, boolean | undefined>; }'.
              Types of property 'error' are incompatible.
                Type '{ 11766695: { message: string; }; 456: null; }' is not assignable to type 'Record<number, Error | undefined>'.
                  Property '456' is incompatible with index signature.
                    Type 'null' is not assignable to type 'Error | undefined'.
packages/redux/src/products/selectors/__tests__/attributes.test.ts(44,45): error TS2345: Argument of type '{ products: { variantsByMerchantsLocations: { isLoading: { 11766695: boolean; 456: boolean; }; error: { 11766695: { message: string; }; }; }; sizes: { isLoading: { 11766695: boolean; 456: boolean; }; error: { ...; }; }; ... 7 more ...; attributes: { ...; }; }; bag: { ...; }; entities: { ...; }; }' is not assignable to parameter of type 'Partial<{ entities: Partial<{ [k: string]: any; addresses: Record<string, Address>; availableTimeSlots: Record<string, Return>; bagItems: Record<number, BagItemEntity>; ... 33 more ...; wishlistSets: Record<...>; }>; ... 24 more ...; wishlist: State; }>'.
packages/redux/src/products/selectors/__tests__/attributes.test.ts(52,47): error TS2345: Argument of type '{ products: { variantsByMerchantsLocations: { isLoading: { 11766695: boolean; 456: boolean; }; error: { 11766695: { message: string; }; }; }; sizes: { isLoading: { 11766695: boolean; 456: boolean; }; error: { ...; }; }; ... 7 more ...; attributes: { ...; }; }; bag: { ...; }; entities: { ...; }; }' is not assignable to parameter of type 'Partial<{ entities: Partial<{ [k: string]: any; addresses: Record<string, Address>; availableTimeSlots: Record<string, Return>; bagItems: Record<number, BagItemEntity>; ... 33 more ...; wishlistSets: Record<...>; }>; ... 24 more ...; wishlist: State; }>'.
packages/redux/src/products/selectors/__tests__/colorGrouping.test.ts(37,11): error TS2345: Argument of type '{ products: { colorGrouping: { isLoading: { 11766695: boolean; 456: boolean; }; error: { 11766695: { message: string; }; }; currentPageIndex: { 11766695: number; }; }; variantsByMerchantsLocations: { isLoading: { ...; }; error: { ...; }; }; ... 7 more ...; attributes: { ...; }; }; }' is not assignable to parameter of type 'Partial<{ entities: Partial<{ [k: string]: any; addresses: Record<string, Address>; availableTimeSlots: Record<string, Return>; bagItems: Record<number, BagItemEntity>; ... 33 more ...; wishlistSets: Record<...>; }>; ... 24 more ...; wishlist: State; }>'.
  Types of property 'products' are incompatible.
    Type '{ colorGrouping: { isLoading: { 11766695: boolean; 456: boolean; }; error: { 11766695: { message: string; }; }; currentPageIndex: { 11766695: number; }; }; variantsByMerchantsLocations: { isLoading: { ...; }; error: { ...; }; }; ... 7 more ...; attributes: { ...; }; }' is not assignable to type 'State'.
      Type '{ colorGrouping: { isLoading: { 11766695: boolean; 456: boolean; }; error: { 11766695: { message: string; }; }; currentPageIndex: { 11766695: number; }; }; variantsByMerchantsLocations: { isLoading: { ...; }; error: { ...; }; }; ... 7 more ...; attributes: { ...; }; }' is not assignable to type '{ attributes: ProductsAttributesState; colorGrouping: ProductsColorGroupingState; details: ProductsDetailsState; ... 6 more ...; variantsByMerchantsLocations: ProductsVariantsByMerchantsLocationsState; }'.
        Types of property 'details' are incompatible.
          Type '{ error: { 11766695: { message: string; }; 456: null; }; isHydrated: { 11766695: boolean; 456: boolean; }; isLoading: { 11766695: boolean; 456: boolean; }; }' is not assignable to type 'ProductsDetailsState'.
packages/redux/src/products/selectors/__tests__/colorGrouping.test.ts(51,11): error TS2345: Argument of type '{ products: { variantsByMerchantsLocations: { isLoading: { 11766695: boolean; 456: boolean; }; error: { 11766695: { message: string; }; }; }; sizes: { isLoading: { 11766695: boolean; 456: boolean; }; error: { ...; }; }; ... 7 more ...; attributes: { ...; }; }; bag: { ...; }; entities: { ...; }; }' is not assignable to parameter of type 'Partial<{ entities: Partial<{ [k: string]: any; addresses: Record<string, Address>; availableTimeSlots: Record<string, Return>; bagItems: Record<number, BagItemEntity>; ... 33 more ...; wishlistSets: Record<...>; }>; ... 24 more ...; wishlist: State; }>'.
packages/redux/src/products/selectors/__tests__/colorGrouping.test.ts(61,43): error TS2345: Argument of type '{ products: { variantsByMerchantsLocations: { isLoading: { 11766695: boolean; 456: boolean; }; error: { 11766695: { message: string; }; }; }; sizes: { isLoading: { 11766695: boolean; 456: boolean; }; error: { ...; }; }; ... 7 more ...; attributes: { ...; }; }; bag: { ...; }; entities: { ...; }; }' is not assignable to parameter of type 'Partial<{ entities: Partial<{ [k: string]: any; addresses: Record<string, Address>; availableTimeSlots: Record<string, Return>; bagItems: Record<number, BagItemEntity>; ... 33 more ...; wishlistSets: Record<...>; }>; ... 24 more ...; wishlist: State; }>'.
packages/redux/src/products/selectors/__tests__/colorGrouping.test.ts(68,11): error TS2345: Argument of type '{ products: { products: { variantsByMerchantsLocations: { isLoading: { 11766695: boolean; 456: boolean; }; error: { 11766695: { message: string; }; }; }; sizes: { isLoading: { 11766695: boolean; 456: boolean; }; error: { ...; }; }; ... 7 more ...; attributes: { ...; }; }; bag: { ...; }; entities: { ...; }; }; entiti...' is not assignable to parameter of type 'Partial<{ entities: Partial<{ [k: string]: any; addresses: Record<string, Address>; availableTimeSlots: Record<string, Return>; bagItems: Record<number, BagItemEntity>; ... 33 more ...; wishlistSets: Record<...>; }>; ... 24 more ...; wishlist: State; }>'.
  The types of 'entities.products' are incompatible between these types.
    Type '{ 11766695: { id: number; }; }' is not assignable to type 'Record<number, ProductEntity>'.
      Property '11766695' is incompatible with index signature.
        Type '{ id: number; }' is missing the following properties from type 'ProductEntity': brand, categories, merchant, associations, and 56 more.
packages/redux/src/products/selectors/__tests__/colorGrouping.test.ts(78,43): error TS2345: Argument of type '{ products: { variantsByMerchantsLocations: { isLoading: { 11766695: boolean; 456: boolean; }; error: { 11766695: { message: string; }; }; }; sizes: { isLoading: { 11766695: boolean; 456: boolean; }; error: { ...; }; }; ... 7 more ...; attributes: { ...; }; }; bag: { ...; }; entities: { ...; }; }' is not assignable to parameter of type 'Partial<{ entities: Partial<{ [k: string]: any; addresses: Record<string, Address>; availableTimeSlots: Record<string, Return>; bagItems: Record<number, BagItemEntity>; ... 33 more ...; wishlistSets: Record<...>; }>; ... 24 more ...; wishlist: State; }>'.
packages/redux/src/products/selectors/__tests__/colorGrouping.test.ts(95,11): error TS2345: Argument of type '{ products: { products: { variantsByMerchantsLocations: { isLoading: { 11766695: boolean; 456: boolean; }; error: { 11766695: { message: string; }; }; }; sizes: { isLoading: { 11766695: boolean; 456: boolean; }; error: { ...; }; }; ... 7 more ...; attributes: { ...; }; }; bag: { ...; }; entities: { ...; }; }; entiti...' is not assignable to parameter of type 'Partial<{ entities: Partial<{ [k: string]: any; addresses: Record<string, Address>; availableTimeSlots: Record<string, Return>; bagItems: Record<number, BagItemEntity>; ... 33 more ...; wishlistSets: Record<...>; }>; ... 24 more ...; wishlist: State; }>'.
  Types of property 'products' are incompatible.
    Type '{ products: { variantsByMerchantsLocations: { isLoading: { 11766695: boolean; 456: boolean; }; error: { 11766695: { message: string; }; }; }; sizes: { isLoading: { 11766695: boolean; 456: boolean; }; error: { ...; }; }; ... 7 more ...; attributes: { ...; }; }; bag: { ...; }; entities: { ...; }; }' is not assignable to type 'State'.
      Type '{ products: { variantsByMerchantsLocations: { isLoading: { 11766695: boolean; 456: boolean; }; error: { 11766695: { message: string; }; }; }; sizes: { isLoading: { 11766695: boolean; 456: boolean; }; error: { ...; }; }; ... 7 more ...; attributes: { ...; }; }; bag: { ...; }; entities: { ...; }; }' is missing the following properties from type '{ attributes: ProductsAttributesState; colorGrouping: ProductsColorGroupingState; details: ProductsDetailsState; ... 6 more ...; variantsByMerchantsLocations: ProductsVariantsByMerchantsLocationsState; }': attributes, colorGrouping, details, fittings, and 6 more.
packages/redux/src/products/selectors/__tests__/details.test.ts(22,35): error TS2345: Argument of type '{ products: { variantsByMerchantsLocations: { isLoading: { 11766695: boolean; 456: boolean; }; error: { 11766695: { message: string; }; }; }; sizes: { isLoading: { 11766695: boolean; 456: boolean; }; error: { ...; }; }; ... 7 more ...; attributes: { ...; }; }; bag: { ...; }; entities: { ...; }; }' is not assignable to parameter of type 'Partial<{ entities: Partial<{ [k: string]: any; addresses: Record<string, Address>; availableTimeSlots: Record<string, Return>; bagItems: Record<number, BagItemEntity>; ... 33 more ...; wishlistSets: Record<...>; }>; ... 24 more ...; wishlist: State; }>'.
packages/redux/src/products/selectors/__tests__/details.test.ts(29,41): error TS2345: Argument of type '{ products: { variantsByMerchantsLocations: { isLoading: { 11766695: boolean; 456: boolean; }; error: { 11766695: { message: string; }; }; }; sizes: { isLoading: { 11766695: boolean; 456: boolean; }; error: { ...; }; }; ... 7 more ...; attributes: { ...; }; }; bag: { ...; }; entities: { ...; }; }' is not assignable to parameter of type 'Partial<{ entities: Partial<{ [k: string]: any; addresses: Record<string, Address>; availableTimeSlots: Record<string, Return>; bagItems: Record<number, BagItemEntity>; ... 33 more ...; wishlistSets: Record<...>; }>; ... 24 more ...; wishlist: State; }>'.
packages/redux/src/products/selectors/__tests__/details.test.ts(35,41): error TS2345: Argument of type '{ products: { variantsByMerchantsLocations: { isLoading: { 11766695: boolean; 456: boolean; }; error: { 11766695: { message: string; }; }; }; sizes: { isLoading: { 11766695: boolean; 456: boolean; }; error: { ...; }; }; ... 7 more ...; attributes: { ...; }; }; bag: { ...; }; entities: { ...; }; }' is not assignable to parameter of type 'Partial<{ entities: Partial<{ [k: string]: any; addresses: Record<string, Address>; availableTimeSlots: Record<string, Return>; bagItems: Record<number, BagItemEntity>; ... 33 more ...; wishlistSets: Record<...>; }>; ... 24 more ...; wishlist: State; }>'.
packages/redux/src/products/selectors/__tests__/details.test.ts(52,41): error TS2345: Argument of type '{ products: { details: { isHydrated: { 11766695: boolean; 456: boolean; }; error: { 11766695: { message: string; }; 456: null; }; isLoading: { 11766695: boolean; 456: boolean; }; }; variantsByMerchantsLocations: { ...; }; ... 7 more ...; attributes: { ...; }; }; }' is not assignable to parameter of type 'Partial<{ entities: Partial<{ [k: string]: any; addresses: Record<string, Address>; availableTimeSlots: Record<string, Return>; bagItems: Record<number, BagItemEntity>; ... 33 more ...; wishlistSets: Record<...>; }>; ... 24 more ...; wishlist: State; }>'.
  Types of property 'products' are incompatible.
    Type '{ details: { isHydrated: { 11766695: boolean; 456: boolean; }; error: { 11766695: { message: string; }; 456: null; }; isLoading: { 11766695: boolean; 456: boolean; }; }; variantsByMerchantsLocations: { isLoading: { ...; }; error: { ...; }; }; ... 7 more ...; attributes: { ...; }; }' is not assignable to type 'State'.
      Type '{ details: { isHydrated: { 11766695: boolean; 456: boolean; }; error: { 11766695: { message: string; }; 456: null; }; isLoading: { 11766695: boolean; 456: boolean; }; }; variantsByMerchantsLocations: { isLoading: { ...; }; error: { ...; }; }; ... 7 more ...; attributes: { ...; }; }' is not assignable to type '{ attributes: ProductsAttributesState; colorGrouping: ProductsColorGroupingState; details: ProductsDetailsState; ... 6 more ...; variantsByMerchantsLocations: ProductsVariantsByMerchantsLocationsState; }'.
        Types of property 'details' are incompatible.
          Type '{ isHydrated: { 11766695: boolean; 456: boolean; }; error: { 11766695: { message: string; }; 456: null; }; isLoading: { 11766695: boolean; 456: boolean; }; }' is not assignable to type 'ProductsDetailsState'.
            Type '{ isHydrated: { 11766695: boolean; 456: boolean; }; error: { 11766695: { message: string; }; 456: null; }; isLoading: { 11766695: boolean; 456: boolean; }; }' is not assignable to type '{ error: Record<number, Error | undefined>; isHydrated: Record<number, boolean>; isLoading: Record<number, boolean | undefined>; }'.
              Types of property 'error' are incompatible.
                Type '{ 11766695: { message: string; }; 456: null; }' is not assignable to type 'Record<number, Error | undefined>'.
packages/redux/src/products/selectors/__tests__/details.test.ts(72,39): error TS2345: Argument of type '{ products: { products: { variantsByMerchantsLocations: { isLoading: { 11766695: boolean; 456: boolean; }; error: { 11766695: { message: string; }; }; }; sizes: { isLoading: { 11766695: boolean; 456: boolean; }; error: { ...; }; }; ... 7 more ...; attributes: { ...; }; }; bag: { ...; }; entities: { ...; }; }; entiti...' is not assignable to parameter of type 'Partial<{ entities: Partial<{ [k: string]: any; addresses: Record<string, Address>; availableTimeSlots: Record<string, Return>; bagItems: Record<number, BagItemEntity>; ... 33 more ...; wishlistSets: Record<...>; }>; ... 24 more ...; wishlist: State; }>'.
  The types of 'entities.products' are incompatible between these types.
    Type '{ 11766695: { isDuplicated: boolean; }; }' is not assignable to type 'Record<number, ProductEntity>'.
      Property '11766695' is incompatible with index signature.
        Type '{ isDuplicated: boolean; }' is missing the following properties from type 'ProductEntity': brand, categories, merchant, associations, and 56 more.
packages/redux/src/products/selectors/__tests__/details.test.ts(78,39): error TS2345: Argument of type '{ products: { variantsByMerchantsLocations: { isLoading: { 11766695: boolean; 456: boolean; }; error: { 11766695: { message: string; }; }; }; sizes: { isLoading: { 11766695: boolean; 456: boolean; }; error: { ...; }; }; ... 7 more ...; attributes: { ...; }; }; bag: { ...; }; entities: { ...; }; }' is not assignable to parameter of type 'Partial<{ entities: Partial<{ [k: string]: any; addresses: Record<string, Address>; availableTimeSlots: Record<string, Return>; bagItems: Record<number, BagItemEntity>; ... 33 more ...; wishlistSets: Record<...>; }>; ... 24 more ...; wishlist: State; }>'.
packages/redux/src/products/selectors/__tests__/details.test.ts(98,42): error TS2345: Argument of type '{ products: { details: { isHydrated: { 11766695: boolean; 456: boolean; }; error: { 11766695: { message: string; }; 456: null; }; isLoading: { 11766695: boolean; 456: boolean; }; }; variantsByMerchantsLocations: { ...; }; ... 7 more ...; attributes: { ...; }; }; }' is not assignable to parameter of type 'Partial<{ entities: Partial<{ [k: string]: any; addresses: Record<string, Address>; availableTimeSlots: Record<string, Return>; bagItems: Record<number, BagItemEntity>; ... 33 more ...; wishlistSets: Record<...>; }>; ... 24 more ...; wishlist: State; }>'.
  Types of property 'products' are incompatible.
    Type '{ details: { isHydrated: { 11766695: boolean; 456: boolean; }; error: { 11766695: { message: string; }; 456: null; }; isLoading: { 11766695: boolean; 456: boolean; }; }; variantsByMerchantsLocations: { isLoading: { ...; }; error: { ...; }; }; ... 7 more ...; attributes: { ...; }; }' is not assignable to type 'State'.
      Type '{ details: { isHydrated: { 11766695: boolean; 456: boolean; }; error: { 11766695: { message: string; }; 456: null; }; isLoading: { 11766695: boolean; 456: boolean; }; }; variantsByMerchantsLocations: { isLoading: { ...; }; error: { ...; }; }; ... 7 more ...; attributes: { ...; }; }' is not assignable to type '{ attributes: ProductsAttributesState; colorGrouping: ProductsColorGroupingState; details: ProductsDetailsState; ... 6 more ...; variantsByMerchantsLocations: ProductsVariantsByMerchantsLocationsState; }'.
        Types of property 'details' are incompatible.
          Type '{ isHydrated: { 11766695: boolean; 456: boolean; }; error: { 11766695: { message: string; }; 456: null; }; isLoading: { 11766695: boolean; 456: boolean; }; }' is not assignable to type 'ProductsDetailsState'.
            Type '{ isHydrated: { 11766695: boolean; 456: boolean; }; error: { 11766695: { message: string; }; 456: null; }; isLoading: { 11766695: boolean; 456: boolean; }; }' is not assignable to type '{ error: Record<number, Error | undefined>; isHydrated: Record<number, boolean>; isLoading: Record<number, boolean | undefined>; }'.
              Types of property 'error' are incompatible.
                Type '{ 11766695: { message: string; }; 456: null; }' is not assignable to type 'Record<number, Error | undefined>'.
packages/redux/src/products/selectors/__tests__/details.test.ts(119,41): error TS2345: Argument of type '{ products: { details: { isLoading: { 11766695: boolean; 456: boolean; }; error: { 11766695: { message: string; }; 456: null; }; isHydrated: { 11766695: boolean; 456: boolean; }; }; variantsByMerchantsLocations: { ...; }; ... 7 more ...; attributes: { ...; }; }; }' is not assignable to parameter of type 'Partial<{ entities: Partial<{ [k: string]: any; addresses: Record<string, Address>; availableTimeSlots: Record<string, Return>; bagItems: Record<number, BagItemEntity>; ... 33 more ...; wishlistSets: Record<...>; }>; ... 24 more ...; wishlist: State; }>'.
  Types of property 'products' are incompatible.
    Type '{ details: { isLoading: { 11766695: boolean; 456: boolean; }; error: { 11766695: { message: string; }; 456: null; }; isHydrated: { 11766695: boolean; 456: boolean; }; }; variantsByMerchantsLocations: { isLoading: { ...; }; error: { ...; }; }; ... 7 more ...; attributes: { ...; }; }' is not assignable to type 'State'.
      Type '{ details: { isLoading: { 11766695: boolean; 456: boolean; }; error: { 11766695: { message: string; }; 456: null; }; isHydrated: { 11766695: boolean; 456: boolean; }; }; variantsByMerchantsLocations: { isLoading: { ...; }; error: { ...; }; }; ... 7 more ...; attributes: { ...; }; }' is not assignable to type '{ attributes: ProductsAttributesState; colorGrouping: ProductsColorGroupingState; details: ProductsDetailsState; ... 6 more ...; variantsByMerchantsLocations: ProductsVariantsByMerchantsLocationsState; }'.
        Types of property 'details' are incompatible.
          Type '{ isLoading: { 11766695: boolean; 456: boolean; }; error: { 11766695: { message: string; }; 456: null; }; isHydrated: { 11766695: boolean; 456: boolean; }; }' is not assignable to type 'ProductsDetailsState'.
            Type '{ isLoading: { 11766695: boolean; 456: boolean; }; error: { 11766695: { message: string; }; 456: null; }; isHydrated: { 11766695: boolean; 456: boolean; }; }' is not assignable to type '{ error: Record<number, Error | undefined>; isHydrated: Record<number, boolean>; isLoading: Record<number, boolean | undefined>; }'.
              Types of property 'error' are incompatible.
                Type '{ 11766695: { message: string; }; 456: null; }' is not assignable to type 'Record<number, Error | undefined>'.
packages/redux/src/products/selectors/__tests__/details.test.ts(128,41): error TS2345: Argument of type '{ products: { variantsByMerchantsLocations: { isLoading: { 11766695: boolean; 456: boolean; }; error: { 11766695: { message: string; }; }; }; sizes: { isLoading: { 11766695: boolean; 456: boolean; }; error: { ...; }; }; ... 7 more ...; attributes: { ...; }; }; bag: { ...; }; entities: { ...; }; }' is not assignable to parameter of type 'Partial<{ entities: Partial<{ [k: string]: any; addresses: Record<string, Address>; availableTimeSlots: Record<string, Return>; bagItems: Record<number, BagItemEntity>; ... 33 more ...; wishlistSets: Record<...>; }>; ... 24 more ...; wishlist: State; }>'.
packages/redux/src/products/selectors/__tests__/details.test.ts(135,7): error TS2532: Object is possibly 'undefined'.
packages/redux/src/products/selectors/__tests__/details.test.ts(137,9): error TS7034: Variable 'spyGetProduct' implicitly has type 'any' in some locations where its type cannot be determined.
packages/redux/src/products/selectors/__tests__/details.test.ts(138,9): error TS7034: Variable 'spyGetBagItems' implicitly has type 'any' in some locations where its type cannot be determined.
packages/redux/src/products/selectors/__tests__/details.test.ts(146,7): error TS7005: Variable 'spyGetProduct' implicitly has an 'any' type.
packages/redux/src/products/selectors/__tests__/details.test.ts(147,7): error TS7005: Variable 'spyGetBagItems' implicitly has an 'any' type.
packages/redux/src/products/selectors/__tests__/details.test.ts(158,11): error TS2345: Argument of type '{ products: { variantsByMerchantsLocations: { isLoading: { 11766695: boolean; 456: boolean; }; error: { 11766695: { message: string; }; }; }; sizes: { isLoading: { 11766695: boolean; 456: boolean; }; error: { ...; }; }; ... 7 more ...; attributes: { ...; }; }; bag: { ...; }; entities: { ...; }; }' is not assignable to parameter of type 'Partial<{ entities: Partial<{ [k: string]: any; addresses: Record<string, Address>; availableTimeSlots: Record<string, Return>; bagItems: Record<number, BagItemEntity>; ... 33 more ...; wishlistSets: Record<...>; }>; ... 24 more ...; wishlist: State; }>'.
packages/redux/src/products/selectors/__tests__/details.test.ts(172,30): error TS2532: Object is possibly 'undefined'.
packages/redux/src/products/selectors/__tests__/details.test.ts(172,43): error TS2339: Property 'globalQuantity' does not exist on type '{ id: number; globalQuantity: number; scale: number; stock: { merchantId: number; quantity: number; }[]; isOneSize: boolean; isOutOfStock: boolean; name: string; } | { id: number; name: string; scale: string; stock: { ...; }[]; } | { ...; } | { ...; }'.
  Property 'globalQuantity' does not exist on type '{ id: number; name: string; scale: string; stock: { merchantId: number; quantity: number; }[]; }'.
packages/redux/src/products/selectors/__tests__/details.test.ts(174,7): error TS7005: Variable 'spyGetProduct' implicitly has an 'any' type.
packages/redux/src/products/selectors/__tests__/details.test.ts(175,7): error TS7005: Variable 'spyGetBagItems' implicitly has an 'any' type.
packages/redux/src/products/selectors/__tests__/details.test.ts(179,11): error TS2345: Argument of type '{ products: { variantsByMerchantsLocations: { isLoading: { 11766695: boolean; 456: boolean; }; error: { 11766695: { message: string; }; }; }; sizes: { isLoading: { 11766695: boolean; 456: boolean; }; error: { ...; }; }; ... 7 more ...; attributes: { ...; }; }; bag: { ...; }; entities: { ...; }; }' is not assignable to parameter of type 'Partial<{ entities: Partial<{ [k: string]: any; addresses: Record<string, Address>; availableTimeSlots: Record<string, Return>; bagItems: Record<number, BagItemEntity>; ... 33 more ...; wishlistSets: Record<...>; }>; ... 24 more ...; wishlist: State; }>'.
packages/redux/src/products/selectors/__tests__/details.test.ts(181,11): error TS2532: Object is possibly 'undefined'.
packages/redux/src/products/selectors/__tests__/details.test.ts(198,11): error TS2345: Argument of type '{ products: { variantsByMerchantsLocations: { isLoading: { 11766695: boolean; 456: boolean; }; error: { 11766695: { message: string; }; }; }; sizes: { isLoading: { 11766695: boolean; 456: boolean; }; error: { ...; }; }; ... 7 more ...; attributes: { ...; }; }; bag: { ...; }; entities: { ...; }; }' is not assignable to parameter of type 'Partial<{ entities: Partial<{ [k: string]: any; addresses: Record<string, Address>; availableTimeSlots: Record<string, Return>; bagItems: Record<number, BagItemEntity>; ... 33 more ...; wishlistSets: Record<...>; }>; ... 24 more ...; wishlist: State; }>'.
packages/redux/src/products/selectors/__tests__/details.test.ts(215,30): error TS2532: Object is possibly 'undefined'.
packages/redux/src/products/selectors/__tests__/details.test.ts(215,56): error TS2339: Property 'globalQuantity' does not exist on type '{ id: number; globalQuantity: number; scale: number; stock: { merchantId: number; quantity: number; }[]; isOneSize: boolean; isOutOfStock: boolean; name: string; } | { id: number; name: string; scale: string; stock: { ...; }[]; } | { ...; } | { ...; }'.
  Property 'globalQuantity' does not exist on type '{ id: number; name: string; scale: string; stock: { merchantId: number; quantity: number; }[]; }'.
packages/redux/src/products/selectors/__tests__/details.test.ts(217,7): error TS7005: Variable 'spyGetProduct' implicitly has an 'any' type.
packages/redux/src/products/selectors/__tests__/details.test.ts(218,7): error TS7005: Variable 'spyGetBagItems' implicitly has an 'any' type.
packages/redux/src/products/selectors/__tests__/details.test.ts(221,51): error TS2345: Argument of type '{ bag: { items: { ids: never[]; }; }; entities: { bagItems: undefined; products: undefined; }; products: { variantsByMerchantsLocations: { isLoading: { 11766695: boolean; 456: boolean; }; error: { 11766695: { ...; }; }; }; ... 8 more ...; attributes: { ...; }; }; }' is not assignable to parameter of type 'Partial<{ entities: Partial<{ [k: string]: any; addresses: Record<string, Address>; availableTimeSlots: Record<string, Return>; bagItems: Record<number, BagItemEntity>; ... 33 more ...; wishlistSets: Record<...>; }>; ... 24 more ...; wishlist: State; }>'.
  Types of property 'bag' are incompatible.
    Type '{ items: { ids: never[]; }; }' is not assignable to type 'State'.
      Type '{ items: { ids: never[]; }; }' is missing the following properties from type '{ [k: string]: unknown; error: Error | null; id: string | null; isLoading: boolean; result: NormalizedBag | null; items: BagItemsState; }': error, id, isLoading, result
packages/redux/src/products/selectors/__tests__/details.test.ts(242,30): error TS2532: Object is possibly 'undefined'.
packages/redux/src/products/selectors/__tests__/details.test.ts(242,56): error TS2339: Property 'globalQuantity' does not exist on type '{ id: number; globalQuantity: number; scale: number; stock: { merchantId: number; quantity: number; }[]; isOneSize: boolean; isOutOfStock: boolean; name: string; } | { id: number; name: string; scale: string; stock: { ...; }[]; } | { ...; } | { ...; }'.
  Property 'globalQuantity' does not exist on type '{ id: number; name: string; scale: string; stock: { merchantId: number; quantity: number; }[]; }'.
packages/redux/src/products/selectors/__tests__/details.test.ts(244,7): error TS7005: Variable 'spyGetProduct' implicitly has an 'any' type.
packages/redux/src/products/selectors/__tests__/details.test.ts(245,7): error TS7005: Variable 'spyGetBagItems' implicitly has an 'any' type.
packages/redux/src/products/selectors/__tests__/details.test.ts(248,51): error TS2345: Argument of type '{ bag: { items: { ids: number[]; }; }; entities: { bagItems: { 102: { id: number; quantity: number; product: number; merchant: number; size: { scale: number; id: number; name: string; scaleDescription: string; scaleAbbreviation: string; globalQuantity: number; }; }; }; ... 4 more ...; productsLists: { ...; }; }; pro...' is not assignable to parameter of type 'Partial<{ entities: Partial<{ [k: string]: any; addresses: Record<string, Address>; availableTimeSlots: Record<string, Return>; bagItems: Record<number, BagItemEntity>; ... 33 more ...; wishlistSets: Record<...>; }>; ... 24 more ...; wishlist: State; }>'.
  The types of 'entities.bagItems' are incompatible between these types.
    Type '{ 102: { id: number; quantity: number; product: number; merchant: number; size: { scale: number; id: number; name: string; scaleDescription: string; scaleAbbreviation: string; globalQuantity: number; }; }; }' is not assignable to type 'Record<number, BagItemEntity>'.
      Property '102' is incompatible with index signature.
        Type '{ id: number; quantity: number; product: number; merchant: number; size: { scale: number; id: number; name: string; scaleDescription: string; scaleAbbreviation: string; globalQuantity: number; }; }' is not assignable to type 'BagItemEntity'.
          Type '{ id: number; quantity: number; product: number; merchant: number; size: { scale: number; id: number; name: string; scaleDescription: string; scaleAbbreviation: string; globalQuantity: number; }; }' is missing the following properties from type 'Omit<BagItem, "type" | "labels" | "productId" | "price" | "categories" | "sizes" | "colors" | "images" | "merchantId" | "merchantName" | "merchantShoppingUrl" | "brandId" | ... 6 more ... | "variants">': attributes, gender, isCustomizable, isExclusive, and 4 more.
packages/redux/src/products/selectors/__tests__/details.test.ts(254,9): error TS7034: Variable 'spyGetProduct' implicitly has type 'any' in some locations where its type cannot be determined.
packages/redux/src/products/selectors/__tests__/details.test.ts(255,9): error TS7034: Variable 'spyGetBagItems' implicitly has type 'any' in some locations where its type cannot be determined.
packages/redux/src/products/selectors/__tests__/details.test.ts(263,7): error TS7005: Variable 'spyGetProduct' implicitly has an 'any' type.
packages/redux/src/products/selectors/__tests__/details.test.ts(264,7): error TS7005: Variable 'spyGetBagItems' implicitly has an 'any' type.
packages/redux/src/products/selectors/__tests__/details.test.ts(277,11): error TS2345: Argument of type '{ products: { variantsByMerchantsLocations: { isLoading: { 11766695: boolean; 456: boolean; }; error: { 11766695: { message: string; }; }; }; sizes: { isLoading: { 11766695: boolean; 456: boolean; }; error: { ...; }; }; ... 7 more ...; attributes: { ...; }; }; bag: { ...; }; entities: { ...; }; }' is not assignable to parameter of type '{ entities?: Partial<{ [k: string]: any; addresses: Record<string, Address>; availableTimeSlots: Record<string, Return>; bagItems: Record<number, BagItemEntity>; ... 33 more ...; wishlistSets: Record<...>; }> | undefined; ... 24 more ...; wishlist?: State | undefined; }'.
  Types of property 'entities' are incompatible.
    Type '{ bagItems: { 101: { id: number; quantity: number; product: number; merchant: number; size: { id: number; scale: number; name: string; scaleDescription: string; scaleAbbreviation: string; globalQuantity: number; }; }; 102: { ...; }; 103: { ...; }; }; ... 4 more ...; productsLists: { ...; }; }' is not assignable to type 'Partial<{ [k: string]: any; addresses: Record<string, Address>; availableTimeSlots: Record<string, Return>; bagItems: Record<number, BagItemEntity>; ... 33 more ...; wishlistSets: Record<...>; }>'.
packages/redux/src/products/selectors/__tests__/details.test.ts(293,11): error TS2345: Argument of type '{ products: { variantsByMerchantsLocations: { isLoading: { 11766695: boolean; 456: boolean; }; error: { 11766695: { message: string; }; }; }; sizes: { isLoading: { 11766695: boolean; 456: boolean; }; error: { ...; }; }; ... 7 more ...; attributes: { ...; }; }; bag: { ...; }; entities: { ...; }; }' is not assignable to parameter of type '{ entities?: Partial<{ [k: string]: any; addresses: Record<string, Address>; availableTimeSlots: Record<string, Return>; bagItems: Record<number, BagItemEntity>; ... 33 more ...; wishlistSets: Record<...>; }> | undefined; ... 24 more ...; wishlist?: State | undefined; }'.
packages/redux/src/products/selectors/__tests__/details.test.ts(310,44): error TS2345: Argument of type '{ products: { variantsByMerchantsLocations: { isLoading: { 11766695: boolean; 456: boolean; }; error: { 11766695: { message: string; }; }; }; sizes: { isLoading: { 11766695: boolean; 456: boolean; }; error: { ...; }; }; ... 7 more ...; attributes: { ...; }; }; bag: { ...; }; entities: { ...; }; }' is not assignable to parameter of type '{ entities?: Partial<{ [k: string]: any; addresses: Record<string, Address>; availableTimeSlots: Record<string, Return>; bagItems: Record<number, BagItemEntity>; ... 33 more ...; wishlistSets: Record<...>; }> | undefined; ... 24 more ...; wishlist?: State | undefined; }'.
  Types of property 'entities' are incompatible.
    Type '{ bagItems: { 101: { id: number; quantity: number; product: number; merchant: number; size: { id: number; scale: number; name: string; scaleDescription: string; scaleAbbreviation: string; globalQuantity: number; }; }; 102: { ...; }; 103: { ...; }; }; ... 4 more ...; productsLists: { ...; }; }' is not assignable to type 'Partial<{ [k: string]: any; addresses: Record<string, Address>; availableTimeSlots: Record<string, Return>; bagItems: Record<number, BagItemEntity>; ... 33 more ...; wishlistSets: Record<...>; }>'.
packages/redux/src/products/selectors/__tests__/details.test.ts(316,44): error TS2345: Argument of type '{ products: { variantsByMerchantsLocations: { isLoading: { 11766695: boolean; 456: boolean; }; error: { 11766695: { message: string; }; }; }; sizes: { isLoading: { 11766695: boolean; 456: boolean; }; error: { ...; }; }; ... 7 more ...; attributes: { ...; }; }; bag: { ...; }; entities: { ...; }; }' is not assignable to parameter of type '{ entities?: Partial<{ [k: string]: any; addresses: Record<string, Address>; availableTimeSlots: Record<string, Return>; bagItems: Record<number, BagItemEntity>; ... 33 more ...; wishlistSets: Record<...>; }> | undefined; ... 24 more ...; wishlist?: State | undefined; }'.
packages/redux/src/products/selectors/__tests__/fittings.test.ts(12,38): error TS2345: Argument of type '{ products: { variantsByMerchantsLocations: { isLoading: { 11766695: boolean; 456: boolean; }; error: { 11766695: { message: string; }; }; }; sizes: { isLoading: { 11766695: boolean; 456: boolean; }; error: { ...; }; }; ... 7 more ...; attributes: { ...; }; }; bag: { ...; }; entities: { ...; }; }' is not assignable to parameter of type 'Partial<{ entities: Partial<{ [k: string]: any; addresses: Record<string, Address>; availableTimeSlots: Record<string, Return>; bagItems: Record<number, BagItemEntity>; ... 33 more ...; wishlistSets: Record<...>; }>; ... 24 more ...; wishlist: State; }>'.
packages/redux/src/products/selectors/__tests__/fittings.test.ts(34,45): error TS2345: Argument of type '{ products: { fittings: { isLoading: { 11766695: boolean; 456: boolean; }; error: { 11766695: { message: string; }; }; }; variantsByMerchantsLocations: { isLoading: { 11766695: boolean; 456: boolean; }; error: { ...; }; }; ... 7 more ...; attributes: { ...; }; }; bag: { ...; }; entities: { ...; }; }' is not assignable to parameter of type 'Partial<{ entities: Partial<{ [k: string]: any; addresses: Record<string, Address>; availableTimeSlots: Record<string, Return>; bagItems: Record<number, BagItemEntity>; ... 33 more ...; wishlistSets: Record<...>; }>; ... 24 more ...; wishlist: State; }>'.
  Types of property 'entities' are incompatible.
    Type '{ bagItems: { 101: { id: number; quantity: number; product: number; merchant: number; size: { id: number; scale: number; name: string; scaleDescription: string; scaleAbbreviation: string; globalQuantity: number; }; }; 102: { ...; }; 103: { ...; }; }; ... 4 more ...; productsLists: { ...; }; }' is not assignable to type 'Partial<{ [k: string]: any; addresses: Record<string, Address>; availableTimeSlots: Record<string, Return>; bagItems: Record<number, BagItemEntity>; ... 33 more ...; wishlistSets: Record<...>; }>'.
packages/redux/src/products/selectors/__tests__/fittings.test.ts(45,43): error TS2345: Argument of type '{ products: { variantsByMerchantsLocations: { isLoading: { 11766695: boolean; 456: boolean; }; error: { 11766695: { message: string; }; }; }; sizes: { isLoading: { 11766695: boolean; 456: boolean; }; error: { ...; }; }; ... 7 more ...; attributes: { ...; }; }; bag: { ...; }; entities: { ...; }; }' is not assignable to parameter of type 'Partial<{ entities: Partial<{ [k: string]: any; addresses: Record<string, Address>; availableTimeSlots: Record<string, Return>; bagItems: Record<number, BagItemEntity>; ... 33 more ...; wishlistSets: Record<...>; }>; ... 24 more ...; wishlist: State; }>'.
packages/redux/src/products/selectors/__tests__/fittings.test.ts(53,45): error TS2345: Argument of type '{ products: { variantsByMerchantsLocations: { isLoading: { 11766695: boolean; 456: boolean; }; error: { 11766695: { message: string; }; }; }; sizes: { isLoading: { 11766695: boolean; 456: boolean; }; error: { ...; }; }; ... 7 more ...; attributes: { ...; }; }; bag: { ...; }; entities: { ...; }; }' is not assignable to parameter of type 'Partial<{ entities: Partial<{ [k: string]: any; addresses: Record<string, Address>; availableTimeSlots: Record<string, Return>; bagItems: Record<number, BagItemEntity>; ... 33 more ...; wishlistSets: Record<...>; }>; ... 24 more ...; wishlist: State; }>'.
packages/redux/src/products/selectors/__tests__/lists.test.ts(24,11): error TS2345: Argument of type '{ products: { variantsByMerchantsLocations: { isLoading: { 11766695: boolean; 456: boolean; }; error: { 11766695: { message: string; }; }; }; sizes: { isLoading: { 11766695: boolean; 456: boolean; }; error: { ...; }; }; ... 7 more ...; attributes: { ...; }; }; bag: { ...; }; entities: { ...; }; }' is not assignable to parameter of type 'Partial<{ entities: Partial<{ [k: string]: any; addresses: Record<string, Address>; availableTimeSlots: Record<string, Return>; bagItems: Record<number, BagItemEntity>; ... 33 more ...; wishlistSets: Record<...>; }>; ... 24 more ...; wishlist: State; }>'.
packages/redux/src/products/selectors/__tests__/lists.test.ts(33,41): error TS2345: Argument of type '{ products: { variantsByMerchantsLocations: { isLoading: { 11766695: boolean; 456: boolean; }; error: { 11766695: { message: string; }; }; }; sizes: { isLoading: { 11766695: boolean; 456: boolean; }; error: { ...; }; }; ... 7 more ...; attributes: { ...; }; }; bag: { ...; }; entities: { ...; }; }' is not assignable to parameter of type 'Partial<{ entities: Partial<{ [k: string]: any; addresses: Record<string, Address>; availableTimeSlots: Record<string, Return>; bagItems: Record<number, BagItemEntity>; ... 33 more ...; wishlistSets: Record<...>; }>; ... 24 more ...; wishlist: State; }>'.
packages/redux/src/products/selectors/__tests__/lists.test.ts(39,46): error TS2345: Argument of type '{ products: { variantsByMerchantsLocations: { isLoading: { 11766695: boolean; 456: boolean; }; error: { 11766695: { message: string; }; }; }; sizes: { isLoading: { 11766695: boolean; 456: boolean; }; error: { ...; }; }; ... 7 more ...; attributes: { ...; }; }; bag: { ...; }; entities: { ...; }; }' is not assignable to parameter of type 'Partial<{ entities: Partial<{ [k: string]: any; addresses: Record<string, Address>; availableTimeSlots: Record<string, Return>; bagItems: Record<number, BagItemEntity>; ... 33 more ...; wishlistSets: Record<...>; }>; ... 24 more ...; wishlist: State; }>'.
packages/redux/src/products/selectors/__tests__/lists.test.ts(48,11): error TS2345: Argument of type '{ products: { variantsByMerchantsLocations: { isLoading: { 11766695: boolean; 456: boolean; }; error: { 11766695: { message: string; }; }; }; sizes: { isLoading: { 11766695: boolean; 456: boolean; }; error: { ...; }; }; ... 7 more ...; attributes: { ...; }; }; bag: { ...; }; entities: { ...; }; }' is not assignable to parameter of type 'Partial<{ entities: Partial<{ [k: string]: any; addresses: Record<string, Address>; availableTimeSlots: Record<string, Return>; bagItems: Record<number, BagItemEntity>; ... 33 more ...; wishlistSets: Record<...>; }>; ... 24 more ...; wishlist: State; }>'.
packages/redux/src/products/selectors/__tests__/lists.test.ts(56,41): error TS2345: Argument of type '{ products: { variantsByMerchantsLocations: { isLoading: { 11766695: boolean; 456: boolean; }; error: { 11766695: { message: string; }; }; }; sizes: { isLoading: { 11766695: boolean; 456: boolean; }; error: { ...; }; }; ... 7 more ...; attributes: { ...; }; }; bag: { ...; }; entities: { ...; }; }' is not assignable to parameter of type 'Partial<{ entities: Partial<{ [k: string]: any; addresses: Record<string, Address>; availableTimeSlots: Record<string, Return>; bagItems: Record<number, BagItemEntity>; ... 33 more ...; wishlistSets: Record<...>; }>; ... 24 more ...; wishlist: State; }>'.
packages/redux/src/products/selectors/__tests__/lists.test.ts(61,46): error TS2345: Argument of type '{ products: { variantsByMerchantsLocations: { isLoading: { 11766695: boolean; 456: boolean; }; error: { 11766695: { message: string; }; }; }; sizes: { isLoading: { 11766695: boolean; 456: boolean; }; error: { ...; }; }; ... 7 more ...; attributes: { ...; }; }; bag: { ...; }; entities: { ...; }; }' is not assignable to parameter of type 'Partial<{ entities: Partial<{ [k: string]: any; addresses: Record<string, Address>; availableTimeSlots: Record<string, Return>; bagItems: Record<number, BagItemEntity>; ... 33 more ...; wishlistSets: Record<...>; }>; ... 24 more ...; wishlist: State; }>'.
packages/redux/src/products/selectors/__tests__/lists.test.ts(72,40): error TS2345: Argument of type '{ products: { variantsByMerchantsLocations: { isLoading: { 11766695: boolean; 456: boolean; }; error: { 11766695: { message: string; }; }; }; sizes: { isLoading: { 11766695: boolean; 456: boolean; }; error: { ...; }; }; ... 7 more ...; attributes: { ...; }; }; bag: { ...; }; entities: { ...; }; }' is not assignable to parameter of type 'Partial<{ entities: Partial<{ [k: string]: any; addresses: Record<string, Address>; availableTimeSlots: Record<string, Return>; bagItems: Record<number, BagItemEntity>; ... 33 more ...; wishlistSets: Record<...>; }>; ... 24 more ...; wishlist: State; }>'.
packages/redux/src/products/selectors/__tests__/lists.test.ts(79,40): error TS2345: Argument of type '{ products: { variantsByMerchantsLocations: { isLoading: { 11766695: boolean; 456: boolean; }; error: { 11766695: { message: string; }; }; }; sizes: { isLoading: { 11766695: boolean; 456: boolean; }; error: { ...; }; }; ... 7 more ...; attributes: { ...; }; }; bag: { ...; }; entities: { ...; }; }' is not assignable to parameter of type 'Partial<{ entities: Partial<{ [k: string]: any; addresses: Record<string, Address>; availableTimeSlots: Record<string, Return>; bagItems: Record<number, BagItemEntity>; ... 33 more ...; wishlistSets: Record<...>; }>; ... 24 more ...; wishlist: State; }>'.
packages/redux/src/products/selectors/__tests__/lists.test.ts(85,45): error TS2345: Argument of type '{ products: { variantsByMerchantsLocations: { isLoading: { 11766695: boolean; 456: boolean; }; error: { 11766695: { message: string; }; }; }; sizes: { isLoading: { 11766695: boolean; 456: boolean; }; error: { ...; }; }; ... 7 more ...; attributes: { ...; }; }; bag: { ...; }; entities: { ...; }; }' is not assignable to parameter of type 'Partial<{ entities: Partial<{ [k: string]: any; addresses: Record<string, Address>; availableTimeSlots: Record<string, Return>; bagItems: Record<number, BagItemEntity>; ... 33 more ...; wishlistSets: Record<...>; }>; ... 24 more ...; wishlist: State; }>'.
packages/redux/src/products/selectors/__tests__/lists.test.ts(98,11): error TS2345: Argument of type '{ products: { variantsByMerchantsLocations: { isLoading: { 11766695: boolean; 456: boolean; }; error: { 11766695: { message: string; }; }; }; sizes: { isLoading: { 11766695: boolean; 456: boolean; }; error: { ...; }; }; ... 7 more ...; attributes: { ...; }; }; bag: { ...; }; entities: { ...; }; }' is not assignable to parameter of type 'Partial<{ entities: Partial<{ [k: string]: any; addresses: Record<string, Address>; availableTimeSlots: Record<string, Return>; bagItems: Record<number, BagItemEntity>; ... 33 more ...; wishlistSets: Record<...>; }>; ... 24 more ...; wishlist: State; }>'.
packages/redux/src/products/selectors/__tests__/lists.test.ts(107,42): error TS2345: Argument of type '{ products: { variantsByMerchantsLocations: { isLoading: { 11766695: boolean; 456: boolean; }; error: { 11766695: { message: string; }; }; }; sizes: { isLoading: { 11766695: boolean; 456: boolean; }; error: { ...; }; }; ... 7 more ...; attributes: { ...; }; }; bag: { ...; }; entities: { ...; }; }' is not assignable to parameter of type 'Partial<{ entities: Partial<{ [k: string]: any; addresses: Record<string, Address>; availableTimeSlots: Record<string, Return>; bagItems: Record<number, BagItemEntity>; ... 33 more ...; wishlistSets: Record<...>; }>; ... 24 more ...; wishlist: State; }>'.
packages/redux/src/products/selectors/__tests__/lists.test.ts(113,47): error TS2345: Argument of type '{ products: { variantsByMerchantsLocations: { isLoading: { 11766695: boolean; 456: boolean; }; error: { 11766695: { message: string; }; }; }; sizes: { isLoading: { 11766695: boolean; 456: boolean; }; error: { ...; }; }; ... 7 more ...; attributes: { ...; }; }; bag: { ...; }; entities: { ...; }; }' is not assignable to parameter of type 'Partial<{ entities: Partial<{ [k: string]: any; addresses: Record<string, Address>; availableTimeSlots: Record<string, Return>; bagItems: Record<number, BagItemEntity>; ... 33 more ...; wishlistSets: Record<...>; }>; ... 24 more ...; wishlist: State; }>'.
packages/redux/src/products/selectors/__tests__/lists.test.ts(127,11): error TS2345: Argument of type '{ products: { variantsByMerchantsLocations: { isLoading: { 11766695: boolean; 456: boolean; }; error: { 11766695: { message: string; }; }; }; sizes: { isLoading: { 11766695: boolean; 456: boolean; }; error: { ...; }; }; ... 7 more ...; attributes: { ...; }; }; bag: { ...; }; entities: { ...; }; }' is not assignable to parameter of type 'Partial<{ entities: Partial<{ [k: string]: any; addresses: Record<string, Address>; availableTimeSlots: Record<string, Return>; bagItems: Record<number, BagItemEntity>; ... 33 more ...; wishlistSets: Record<...>; }>; ... 24 more ...; wishlist: State; }>'.
packages/redux/src/products/selectors/__tests__/lists.test.ts(134,51): error TS2345: Argument of type '{ products: { variantsByMerchantsLocations: { isLoading: { 11766695: boolean; 456: boolean; }; error: { 11766695: { message: string; }; }; }; sizes: { isLoading: { 11766695: boolean; 456: boolean; }; error: { ...; }; }; ... 7 more ...; attributes: { ...; }; }; bag: { ...; }; entities: { ...; }; }' is not assignable to parameter of type 'Partial<{ entities: Partial<{ [k: string]: any; addresses: Record<string, Address>; availableTimeSlots: Record<string, Return>; bagItems: Record<number, BagItemEntity>; ... 33 more ...; wishlistSets: Record<...>; }>; ... 24 more ...; wishlist: State; }>'.
packages/redux/src/products/selectors/__tests__/lists.test.ts(149,11): error TS2345: Argument of type '{ products: { variantsByMerchantsLocations: { isLoading: { 11766695: boolean; 456: boolean; }; error: { 11766695: { message: string; }; }; }; sizes: { isLoading: { 11766695: boolean; 456: boolean; }; error: { ...; }; }; ... 7 more ...; attributes: { ...; }; }; bag: { ...; }; entities: { ...; }; }' is not assignable to parameter of type 'Partial<{ entities: Partial<{ [k: string]: any; addresses: Record<string, Address>; availableTimeSlots: Record<string, Return>; bagItems: Record<number, BagItemEntity>; ... 33 more ...; wishlistSets: Record<...>; }>; ... 24 more ...; wishlist: State; }>'.
packages/redux/src/products/selectors/__tests__/lists.test.ts(156,46): error TS2345: Argument of type '{ products: { variantsByMerchantsLocations: { isLoading: { 11766695: boolean; 456: boolean; }; error: { 11766695: { message: string; }; }; }; sizes: { isLoading: { 11766695: boolean; 456: boolean; }; error: { ...; }; }; ... 7 more ...; attributes: { ...; }; }; bag: { ...; }; entities: { ...; }; }' is not assignable to parameter of type 'Partial<{ entities: Partial<{ [k: string]: any; addresses: Record<string, Address>; availableTimeSlots: Record<string, Return>; bagItems: Record<number, BagItemEntity>; ... 33 more ...; wishlistSets: Record<...>; }>; ... 24 more ...; wishlist: State; }>'.
packages/redux/src/products/selectors/__tests__/lists.test.ts(175,11): error TS2345: Argument of type '{ products: { variantsByMerchantsLocations: { isLoading: { 11766695: boolean; 456: boolean; }; error: { 11766695: { message: string; }; }; }; sizes: { isLoading: { 11766695: boolean; 456: boolean; }; error: { ...; }; }; ... 7 more ...; attributes: { ...; }; }; bag: { ...; }; entities: { ...; }; }' is not assignable to parameter of type 'Partial<{ entities: Partial<{ [k: string]: any; addresses: Record<string, Address>; availableTimeSlots: Record<string, Return>; bagItems: Record<number, BagItemEntity>; ... 33 more ...; wishlistSets: Record<...>; }>; ... 24 more ...; wishlist: State; }>'.
packages/redux/src/products/selectors/__tests__/lists.test.ts(182,48): error TS2345: Argument of type '{ products: { variantsByMerchantsLocations: { isLoading: { 11766695: boolean; 456: boolean; }; error: { 11766695: { message: string; }; }; }; sizes: { isLoading: { 11766695: boolean; 456: boolean; }; error: { ...; }; }; ... 7 more ...; attributes: { ...; }; }; bag: { ...; }; entities: { ...; }; }' is not assignable to parameter of type 'Partial<{ entities: Partial<{ [k: string]: any; addresses: Record<string, Address>; availableTimeSlots: Record<string, Return>; bagItems: Record<number, BagItemEntity>; ... 33 more ...; wishlistSets: Record<...>; }>; ... 24 more ...; wishlist: State; }>'.
packages/redux/src/products/selectors/__tests__/lists.test.ts(201,13): error TS2322: Type '{ productsLists: undefined; bagItems: { 101: { id: number; quantity: number; product: number; merchant: number; size: { id: number; scale: number; name: string; scaleDescription: string; scaleAbbreviation: string; globalQuantity: number; }; }; 102: { ...; }; 103: { ...; }; }; products: { ...; }; merchants: { ...; };...' is not assignable to type 'Partial<{ [k: string]: any; addresses: Record<string, Address>; availableTimeSlots: Record<string, Return>; bagItems: Record<number, BagItemEntity>; ... 33 more ...; wishlistSets: Record<...>; }>'.
  Types of property 'bagItems' are incompatible.
    Type '{ 101: { id: number; quantity: number; product: number; merchant: number; size: { id: number; scale: number; name: string; scaleDescription: string; scaleAbbreviation: string; globalQuantity: number; }; }; 102: { ...; }; 103: { ...; }; }' is not assignable to type 'Record<number, BagItemEntity>'.
packages/redux/src/products/selectors/__tests__/lists.test.ts(214,11): error TS2345: Argument of type '{ products: { variantsByMerchantsLocations: { isLoading: { 11766695: boolean; 456: boolean; }; error: { 11766695: { message: string; }; }; }; sizes: { isLoading: { 11766695: boolean; 456: boolean; }; error: { ...; }; }; ... 7 more ...; attributes: { ...; }; }; bag: { ...; }; entities: { ...; }; }' is not assignable to parameter of type 'Partial<{ entities: Partial<{ [k: string]: any; addresses: Record<string, Address>; availableTimeSlots: Record<string, Return>; bagItems: Record<number, BagItemEntity>; ... 33 more ...; wishlistSets: Record<...>; }>; ... 24 more ...; wishlist: State; }>'.
packages/redux/src/products/selectors/__tests__/lists.test.ts(222,55): error TS2345: Argument of type '{ products: { variantsByMerchantsLocations: { isLoading: { 11766695: boolean; 456: boolean; }; error: { 11766695: { message: string; }; }; }; sizes: { isLoading: { 11766695: boolean; 456: boolean; }; error: { ...; }; }; ... 7 more ...; attributes: { ...; }; }; bag: { ...; }; entities: { ...; }; }' is not assignable to parameter of type 'Partial<{ entities: Partial<{ [k: string]: any; addresses: Record<string, Address>; availableTimeSlots: Record<string, Return>; bagItems: Record<number, BagItemEntity>; ... 33 more ...; wishlistSets: Record<...>; }>; ... 24 more ...; wishlist: State; }>'.
packages/redux/src/products/selectors/__tests__/lists.test.ts(229,11): error TS2345: Argument of type '{ products: { variantsByMerchantsLocations: { isLoading: { 11766695: boolean; 456: boolean; }; error: { 11766695: { message: string; }; }; }; sizes: { isLoading: { 11766695: boolean; 456: boolean; }; error: { ...; }; }; ... 7 more ...; attributes: { ...; }; }; bag: { ...; }; entities: { ...; }; }' is not assignable to parameter of type 'Partial<{ entities: Partial<{ [k: string]: any; addresses: Record<string, Address>; availableTimeSlots: Record<string, Return>; bagItems: Record<number, BagItemEntity>; ... 33 more ...; wishlistSets: Record<...>; }>; ... 24 more ...; wishlist: State; }>'.
packages/redux/src/products/selectors/__tests__/lists.test.ts(247,11): error TS2345: Argument of type '{ products: { variantsByMerchantsLocations: { isLoading: { 11766695: boolean; 456: boolean; }; error: { 11766695: { message: string; }; }; }; sizes: { isLoading: { 11766695: boolean; 456: boolean; }; error: { ...; }; }; ... 7 more ...; attributes: { ...; }; }; bag: { ...; }; entities: { ...; }; }' is not assignable to parameter of type 'Partial<{ entities: Partial<{ [k: string]: any; addresses: Record<string, Address>; availableTimeSlots: Record<string, Return>; bagItems: Record<number, BagItemEntity>; ... 33 more ...; wishlistSets: Record<...>; }>; ... 24 more ...; wishlist: State; }>'.
packages/redux/src/products/selectors/__tests__/lists.test.ts(254,50): error TS2345: Argument of type '{ products: { variantsByMerchantsLocations: { isLoading: { 11766695: boolean; 456: boolean; }; error: { 11766695: { message: string; }; }; }; sizes: { isLoading: { 11766695: boolean; 456: boolean; }; error: { ...; }; }; ... 7 more ...; attributes: { ...; }; }; bag: { ...; }; entities: { ...; }; }' is not assignable to parameter of type 'Partial<{ entities: Partial<{ [k: string]: any; addresses: Record<string, Address>; availableTimeSlots: Record<string, Return>; bagItems: Record<number, BagItemEntity>; ... 33 more ...; wishlistSets: Record<...>; }>; ... 24 more ...; wishlist: State; }>'.
packages/redux/src/products/selectors/__tests__/lists.test.ts(274,11): error TS2345: Argument of type '{ entities: { productsLists: undefined; bagItems: { 101: { id: number; quantity: number; product: number; merchant: number; size: { id: number; scale: number; name: string; scaleDescription: string; scaleAbbreviation: string; globalQuantity: number; }; }; 102: { ...; }; 103: { ...; }; }; products: { ...; }; merchant...' is not assignable to parameter of type 'Partial<{ entities: Partial<{ [k: string]: any; addresses: Record<string, Address>; availableTimeSlots: Record<string, Return>; bagItems: Record<number, BagItemEntity>; ... 33 more ...; wishlistSets: Record<...>; }>; ... 24 more ...; wishlist: State; }>'.
  The types of 'entities.bagItems' are incompatible between these types.
    Type '{ 101: { id: number; quantity: number; product: number; merchant: number; size: { id: number; scale: number; name: string; scaleDescription: string; scaleAbbreviation: string; globalQuantity: number; }; }; 102: { ...; }; 103: { ...; }; }' is not assignable to type 'Record<number, BagItemEntity>'.
packages/redux/src/products/selectors/__tests__/lists.test.ts(285,11): error TS2345: Argument of type '{ products: { variantsByMerchantsLocations: { isLoading: { 11766695: boolean; 456: boolean; }; error: { 11766695: { message: string; }; }; }; sizes: { isLoading: { 11766695: boolean; 456: boolean; }; error: { ...; }; }; ... 7 more ...; attributes: { ...; }; }; bag: { ...; }; entities: { ...; }; }' is not assignable to parameter of type 'Partial<{ entities: Partial<{ [k: string]: any; addresses: Record<string, Address>; availableTimeSlots: Record<string, Return>; bagItems: Record<number, BagItemEntity>; ... 33 more ...; wishlistSets: Record<...>; }>; ... 24 more ...; wishlist: State; }>'.
packages/redux/src/products/selectors/__tests__/lists.test.ts(292,51): error TS2345: Argument of type '{ products: { variantsByMerchantsLocations: { isLoading: { 11766695: boolean; 456: boolean; }; error: { 11766695: { message: string; }; }; }; sizes: { isLoading: { 11766695: boolean; 456: boolean; }; error: { ...; }; }; ... 7 more ...; attributes: { ...; }; }; bag: { ...; }; entities: { ...; }; }' is not assignable to parameter of type 'Partial<{ entities: Partial<{ [k: string]: any; addresses: Record<string, Address>; availableTimeSlots: Record<string, Return>; bagItems: Record<number, BagItemEntity>; ... 33 more ...; wishlistSets: Record<...>; }>; ... 24 more ...; wishlist: State; }>'.
packages/redux/src/products/selectors/__tests__/lists.test.ts(301,40): error TS2345: Argument of type '{ products: { variantsByMerchantsLocations: { isLoading: { 11766695: boolean; 456: boolean; }; error: { 11766695: { message: string; }; }; }; sizes: { isLoading: { 11766695: boolean; 456: boolean; }; error: { ...; }; }; ... 7 more ...; attributes: { ...; }; }; bag: { ...; }; entities: { ...; }; }' is not assignable to parameter of type 'Partial<{ entities: Partial<{ [k: string]: any; addresses: Record<string, Address>; availableTimeSlots: Record<string, Return>; bagItems: Record<number, BagItemEntity>; ... 33 more ...; wishlistSets: Record<...>; }>; ... 24 more ...; wishlist: State; }>'.
packages/redux/src/products/selectors/__tests__/lists.test.ts(306,45): error TS2345: Argument of type '{ products: { variantsByMerchantsLocations: { isLoading: { 11766695: boolean; 456: boolean; }; error: { 11766695: { message: string; }; }; }; sizes: { isLoading: { 11766695: boolean; 456: boolean; }; error: { ...; }; }; ... 7 more ...; attributes: { ...; }; }; bag: { ...; }; entities: { ...; }; }' is not assignable to parameter of type 'Partial<{ entities: Partial<{ [k: string]: any; addresses: Record<string, Address>; availableTimeSlots: Record<string, Return>; bagItems: Record<number, BagItemEntity>; ... 33 more ...; wishlistSets: Record<...>; }>; ... 24 more ...; wishlist: State; }>'.
packages/redux/src/products/selectors/__tests__/lists.test.ts(310,45): error TS2345: Argument of type '{ products: { variantsByMerchantsLocations: { isLoading: { 11766695: boolean; 456: boolean; }; error: { 11766695: { message: string; }; }; }; sizes: { isLoading: { 11766695: boolean; 456: boolean; }; error: { ...; }; }; ... 7 more ...; attributes: { ...; }; }; bag: { ...; }; entities: { ...; }; }' is not assignable to parameter of type 'Partial<{ entities: Partial<{ [k: string]: any; addresses: Record<string, Address>; availableTimeSlots: Record<string, Return>; bagItems: Record<number, BagItemEntity>; ... 33 more ...; wishlistSets: Record<...>; }>; ... 24 more ...; wishlist: State; }>'.
packages/redux/src/products/selectors/__tests__/lists.test.ts(330,48): error TS2345: Argument of type '{ products: { lists: { hash: null; error: { "listing/woman/clothing?categories=135971&colors=6&pageindex=1": { message: string; }; }; isHydrated: { "listing/woman/clothing?categories=135971&colors=6&pageindex=1": boolean; }; isLoading: { ...; }; }; ... 8 more ...; attributes: { ...; }; }; bag: { ...; }; entities: { ...' is not assignable to parameter of type 'Partial<{ entities: Partial<{ [k: string]: any; addresses: Record<string, Address>; availableTimeSlots: Record<string, Return>; bagItems: Record<number, BagItemEntity>; ... 33 more ...; wishlistSets: Record<...>; }>; ... 24 more ...; wishlist: State; }>'.
  Types of property 'entities' are incompatible.
    Type '{ bagItems: { 101: { id: number; quantity: number; product: number; merchant: number; size: { id: number; scale: number; name: string; scaleDescription: string; scaleAbbreviation: string; globalQuantity: number; }; }; 102: { ...; }; 103: { ...; }; }; ... 4 more ...; productsLists: { ...; }; }' is not assignable to type 'Partial<{ [k: string]: any; addresses: Record<string, Address>; availableTimeSlots: Record<string, Return>; bagItems: Record<number, BagItemEntity>; ... 33 more ...; wishlistSets: Record<...>; }>'.
packages/redux/src/products/selectors/__tests__/lists.test.ts(344,11): error TS2345: Argument of type '{ products: { variantsByMerchantsLocations: { isLoading: { 11766695: boolean; 456: boolean; }; error: { 11766695: { message: string; }; }; }; sizes: { isLoading: { 11766695: boolean; 456: boolean; }; error: { ...; }; }; ... 7 more ...; attributes: { ...; }; }; bag: { ...; }; entities: { ...; }; }' is not assignable to parameter of type 'Partial<{ entities: Partial<{ [k: string]: any; addresses: Record<string, Address>; availableTimeSlots: Record<string, Return>; bagItems: Record<number, BagItemEntity>; ... 33 more ...; wishlistSets: Record<...>; }>; ... 24 more ...; wishlist: State; }>'.
packages/redux/src/products/selectors/__tests__/lists.test.ts(358,53): error TS2345: Argument of type '{ products: { variantsByMerchantsLocations: { isLoading: { 11766695: boolean; 456: boolean; }; error: { 11766695: { message: string; }; }; }; sizes: { isLoading: { 11766695: boolean; 456: boolean; }; error: { ...; }; }; ... 7 more ...; attributes: { ...; }; }; bag: { ...; }; entities: { ...; }; }' is not assignable to parameter of type 'Partial<{ entities: Partial<{ [k: string]: any; addresses: Record<string, Address>; availableTimeSlots: Record<string, Return>; bagItems: Record<number, BagItemEntity>; ... 33 more ...; wishlistSets: Record<...>; }>; ... 24 more ...; wishlist: State; }>'.
packages/redux/src/products/selectors/__tests__/lists.test.ts(398,48): error TS2345: Argument of type '{ entities: { productsLists: { "listing/woman/clothing?categories=135971&colors=6&pageindex=1": { filterSegments: { order: number; type: number; key: string; gender: null; value: number; valueUpperBound: number; fromQueryString: boolean; }[]; }; }; }; products: { ...; }; bag: { ...; }; }' is not assignable to parameter of type 'Partial<{ entities: Partial<{ [k: string]: any; addresses: Record<string, Address>; availableTimeSlots: Record<string, Return>; bagItems: Record<number, BagItemEntity>; ... 33 more ...; wishlistSets: Record<...>; }>; ... 24 more ...; wishlist: State; }>'.
  The types of 'entities.productsLists' are incompatible between these types.
    Type '{ "listing/woman/clothing?categories=135971&colors=6&pageindex=1": { filterSegments: { order: number; type: number; key: string; gender: null; value: number; valueUpperBound: number; fromQueryString: boolean; }[]; }; }' is not assignable to type 'Record<string, ProductsListEntity>'.
      Property '"listing/woman/clothing?categories=135971&colors=6&pageindex=1"' is incompatible with index signature.
        Type '{ filterSegments: { order: number; type: number; key: string; gender: null; value: number; valueUpperBound: number; fromQueryString: boolean; }[]; }' is not assignable to type 'ProductsListEntity'.
          Type '{ filterSegments: { order: number; type: number; key: string; gender: null; value: number; valueUpperBound: number; fromQueryString: boolean; }[]; }' is missing the following properties from type 'Omit<Listing, "products" | "facetGroups">': name, didYouMean, gender, breadCrumbs, and 8 more.
packages/redux/src/products/selectors/__tests__/lists.test.ts(428,48): error TS2345: Argument of type '{ entities: { productsLists: { "listing/woman/clothing?categories=135971&colors=6&pageindex=1": { filterSegments: { order: number; type: number; key: string; gender: null; value: number; valueUpperBound: number; fromQueryString: boolean; }[]; }; }; }; products: { ...; }; bag: { ...; }; }' is not assignable to parameter of type 'Partial<{ entities: Partial<{ [k: string]: any; addresses: Record<string, Address>; availableTimeSlots: Record<string, Return>; bagItems: Record<number, BagItemEntity>; ... 33 more ...; wishlistSets: Record<...>; }>; ... 24 more ...; wishlist: State; }>'.
  The types of 'entities.productsLists' are incompatible between these types.
    Type '{ "listing/woman/clothing?categories=135971&colors=6&pageindex=1": { filterSegments: { order: number; type: number; key: string; gender: null; value: number; valueUpperBound: number; fromQueryString: boolean; }[]; }; }' is not assignable to type 'Record<string, ProductsListEntity>'.
      Property '"listing/woman/clothing?categories=135971&colors=6&pageindex=1"' is incompatible with index signature.
        Type '{ filterSegments: { order: number; type: number; key: string; gender: null; value: number; valueUpperBound: number; fromQueryString: boolean; }[]; }' is not assignable to type 'ProductsListEntity'.
          Type '{ filterSegments: { order: number; type: number; key: string; gender: null; value: number; valueUpperBound: number; fromQueryString: boolean; }[]; }' is missing the following properties from type 'Omit<Listing, "products" | "facetGroups">': name, didYouMean, gender, breadCrumbs, and 8 more.
packages/redux/src/products/selectors/__tests__/lists.test.ts(446,55): error TS2345: Argument of type '{ products: { lists: { hash: null; error: { "listing/woman/clothing?categories=135971&colors=6&pageindex=1": { message: string; }; }; isHydrated: { "listing/woman/clothing?categories=135971&colors=6&pageindex=1": boolean; }; isLoading: { ...; }; }; ... 8 more ...; attributes: { ...; }; }; bag: { ...; }; entities: { ...' is not assignable to parameter of type 'Partial<{ entities: Partial<{ [k: string]: any; addresses: Record<string, Address>; availableTimeSlots: Record<string, Return>; bagItems: Record<number, BagItemEntity>; ... 33 more ...; wishlistSets: Record<...>; }>; ... 24 more ...; wishlist: State; }>'.
  Types of property 'entities' are incompatible.
    Type '{ bagItems: { 101: { id: number; quantity: number; product: number; merchant: number; size: { id: number; scale: number; name: string; scaleDescription: string; scaleAbbreviation: string; globalQuantity: number; }; }; 102: { ...; }; 103: { ...; }; }; ... 4 more ...; productsLists: { ...; }; }' is not assignable to type 'Partial<{ [k: string]: any; addresses: Record<string, Address>; availableTimeSlots: Record<string, Return>; bagItems: Record<number, BagItemEntity>; ... 33 more ...; wishlistSets: Record<...>; }>'.
packages/redux/src/products/selectors/__tests__/lists.test.ts(453,11): error TS2345: Argument of type '{ products: { variantsByMerchantsLocations: { isLoading: { 11766695: boolean; 456: boolean; }; error: { 11766695: { message: string; }; }; }; sizes: { isLoading: { 11766695: boolean; 456: boolean; }; error: { ...; }; }; ... 7 more ...; attributes: { ...; }; }; bag: { ...; }; entities: { ...; }; }' is not assignable to parameter of type 'Partial<{ entities: Partial<{ [k: string]: any; addresses: Record<string, Address>; availableTimeSlots: Record<string, Return>; bagItems: Record<number, BagItemEntity>; ... 33 more ...; wishlistSets: Record<...>; }>; ... 24 more ...; wishlist: State; }>'.
packages/redux/src/products/selectors/__tests__/lists.test.ts(461,55): error TS2345: Argument of type '{ products: { variantsByMerchantsLocations: { isLoading: { 11766695: boolean; 456: boolean; }; error: { 11766695: { message: string; }; }; }; sizes: { isLoading: { 11766695: boolean; 456: boolean; }; error: { ...; }; }; ... 7 more ...; attributes: { ...; }; }; bag: { ...; }; entities: { ...; }; }' is not assignable to parameter of type 'Partial<{ entities: Partial<{ [k: string]: any; addresses: Record<string, Address>; availableTimeSlots: Record<string, Return>; bagItems: Record<number, BagItemEntity>; ... 33 more ...; wishlistSets: Record<...>; }>; ... 24 more ...; wishlist: State; }>'.
packages/redux/src/products/selectors/__tests__/lists.test.ts(471,44): error TS2345: Argument of type '{ products: { variantsByMerchantsLocations: { isLoading: { 11766695: boolean; 456: boolean; }; error: { 11766695: { message: string; }; }; }; sizes: { isLoading: { 11766695: boolean; 456: boolean; }; error: { ...; }; }; ... 7 more ...; attributes: { ...; }; }; bag: { ...; }; entities: { ...; }; }' is not assignable to parameter of type 'Partial<{ entities: Partial<{ [k: string]: any; addresses: Record<string, Address>; availableTimeSlots: Record<string, Return>; bagItems: Record<number, BagItemEntity>; ... 33 more ...; wishlistSets: Record<...>; }>; ... 24 more ...; wishlist: State; }>'.
packages/redux/src/products/selectors/__tests__/lists.test.ts(490,39): error TS2345: Argument of type '{ products: { variantsByMerchantsLocations: { isLoading: { 11766695: boolean; 456: boolean; }; error: { 11766695: { message: string; }; }; }; sizes: { isLoading: { 11766695: boolean; 456: boolean; }; error: { ...; }; }; ... 7 more ...; attributes: { ...; }; }; bag: { ...; }; entities: { ...; }; }' is not assignable to parameter of type 'Partial<{ entities: Partial<{ [k: string]: any; addresses: Record<string, Address>; availableTimeSlots: Record<string, Return>; bagItems: Record<number, BagItemEntity>; ... 33 more ...; wishlistSets: Record<...>; }>; ... 24 more ...; wishlist: State; }>'.
packages/redux/src/products/selectors/__tests__/lists.test.ts(495,44): error TS2345: Argument of type '{ products: { variantsByMerchantsLocations: { isLoading: { 11766695: boolean; 456: boolean; }; error: { 11766695: { message: string; }; }; }; sizes: { isLoading: { 11766695: boolean; 456: boolean; }; error: { ...; }; }; ... 7 more ...; attributes: { ...; }; }; bag: { ...; }; entities: { ...; }; }' is not assignable to parameter of type 'Partial<{ entities: Partial<{ [k: string]: any; addresses: Record<string, Address>; availableTimeSlots: Record<string, Return>; bagItems: Record<number, BagItemEntity>; ... 33 more ...; wishlistSets: Record<...>; }>; ... 24 more ...; wishlist: State; }>'.
packages/redux/src/products/selectors/__tests__/lists.test.ts(516,11): error TS2345: Argument of type '{ products: { variantsByMerchantsLocations: { isLoading: { 11766695: boolean; 456: boolean; }; error: { 11766695: { message: string; }; }; }; sizes: { isLoading: { 11766695: boolean; 456: boolean; }; error: { ...; }; }; ... 7 more ...; attributes: { ...; }; }; bag: { ...; }; entities: { ...; }; }' is not assignable to parameter of type 'Partial<{ entities: Partial<{ [k: string]: any; addresses: Record<string, Address>; availableTimeSlots: Record<string, Return>; bagItems: Record<number, BagItemEntity>; ... 33 more ...; wishlistSets: Record<...>; }>; ... 24 more ...; wishlist: State; }>'.
packages/redux/src/products/selectors/__tests__/lists.test.ts(517,11): error TS2532: Object is possibly 'undefined'.
packages/redux/src/products/selectors/__tests__/lists.test.ts(536,11): error TS2345: Argument of type '{ products: { lists: { hash: string; error: { "listing/woman/clothing?categories=135971&colors=6&pageindex=1": { message: string; }; }; isHydrated: { "listing/woman/clothing?categories=135971&colors=6&pageindex=1": boolean; }; isLoading: { ...; }; }; ... 8 more ...; attributes: { ...; }; }; bag: { ...; }; entities: ...' is not assignable to parameter of type 'Partial<{ entities: Partial<{ [k: string]: any; addresses: Record<string, Address>; availableTimeSlots: Record<string, Return>; bagItems: Record<number, BagItemEntity>; ... 33 more ...; wishlistSets: Record<...>; }>; ... 24 more ...; wishlist: State; }>'.
  Types of property 'entities' are incompatible.
    Type '{ bagItems: { 101: { id: number; quantity: number; product: number; merchant: number; size: { id: number; scale: number; name: string; scaleDescription: string; scaleAbbreviation: string; globalQuantity: number; }; }; 102: { ...; }; 103: { ...; }; }; ... 4 more ...; productsLists: { ...; }; }' is not assignable to type 'Partial<{ [k: string]: any; addresses: Record<string, Address>; availableTimeSlots: Record<string, Return>; bagItems: Record<number, BagItemEntity>; ... 33 more ...; wishlistSets: Record<...>; }>'.
packages/redux/src/products/selectors/__tests__/lists.test.ts(537,11): error TS2532: Object is possibly 'undefined'.
packages/redux/src/products/selectors/__tests__/lists.test.ts(547,11): error TS2345: Argument of type '{ products: { variantsByMerchantsLocations: { isLoading: { 11766695: boolean; 456: boolean; }; error: { 11766695: { message: string; }; }; }; sizes: { isLoading: { 11766695: boolean; 456: boolean; }; error: { ...; }; }; ... 7 more ...; attributes: { ...; }; }; bag: { ...; }; entities: { ...; }; }' is not assignable to parameter of type 'Partial<{ entities: Partial<{ [k: string]: any; addresses: Record<string, Address>; availableTimeSlots: Record<string, Return>; bagItems: Record<number, BagItemEntity>; ... 33 more ...; wishlistSets: Record<...>; }>; ... 24 more ...; wishlist: State; }>'.
packages/redux/src/products/selectors/__tests__/lists.test.ts(548,11): error TS2532: Object is possibly 'undefined'.
packages/redux/src/products/selectors/__tests__/lists.test.ts(570,11): error TS2345: Argument of type '{ products: { variantsByMerchantsLocations: { isLoading: { 11766695: boolean; 456: boolean; }; error: { 11766695: { message: string; }; }; }; sizes: { isLoading: { 11766695: boolean; 456: boolean; }; error: { ...; }; }; ... 7 more ...; attributes: { ...; }; }; bag: { ...; }; entities: { ...; }; }' is not assignable to parameter of type 'Partial<{ entities: Partial<{ [k: string]: any; addresses: Record<string, Address>; availableTimeSlots: Record<string, Return>; bagItems: Record<number, BagItemEntity>; ... 33 more ...; wishlistSets: Record<...>; }>; ... 24 more ...; wishlist: State; }>'.
packages/redux/src/products/selectors/__tests__/lists.test.ts(571,11): error TS2532: Object is possibly 'undefined'.
packages/redux/src/products/selectors/__tests__/lists.test.ts(579,7): error TS2532: Object is possibly 'undefined'.
packages/redux/src/products/selectors/__tests__/lists.test.ts(582,7): error TS2532: Object is possibly 'undefined'.
packages/redux/src/products/selectors/__tests__/lists.test.ts(588,11): error TS2345: Argument of type '{ products: { variantsByMerchantsLocations: { isLoading: { 11766695: boolean; 456: boolean; }; error: { 11766695: { message: string; }; }; }; sizes: { isLoading: { 11766695: boolean; 456: boolean; }; error: { ...; }; }; ... 7 more ...; attributes: { ...; }; }; bag: { ...; }; entities: { ...; }; }' is not assignable to parameter of type 'Partial<{ entities: Partial<{ [k: string]: any; addresses: Record<string, Address>; availableTimeSlots: Record<string, Return>; bagItems: Record<number, BagItemEntity>; ... 33 more ...; wishlistSets: Record<...>; }>; ... 24 more ...; wishlist: State; }>'.
packages/redux/src/products/selectors/__tests__/lists.test.ts(589,11): error TS2532: Object is possibly 'undefined'.
packages/redux/src/products/selectors/__tests__/lists.test.ts(601,11): error TS2345: Argument of type '{ products: { variantsByMerchantsLocations: { isLoading: { 11766695: boolean; 456: boolean; }; error: { 11766695: { message: string; }; }; }; sizes: { isLoading: { 11766695: boolean; 456: boolean; }; error: { ...; }; }; ... 7 more ...; attributes: { ...; }; }; bag: { ...; }; entities: { ...; }; }' is not assignable to parameter of type 'Partial<{ entities: Partial<{ [k: string]: any; addresses: Record<string, Address>; availableTimeSlots: Record<string, Return>; bagItems: Record<number, BagItemEntity>; ... 33 more ...; wishlistSets: Record<...>; }>; ... 24 more ...; wishlist: State; }>'.
packages/redux/src/products/selectors/__tests__/lists.test.ts(602,11): error TS2532: Object is possibly 'undefined'.
packages/redux/src/products/selectors/__tests__/lists.test.ts(612,11): error TS2345: Argument of type '{ products: { variantsByMerchantsLocations: { isLoading: { 11766695: boolean; 456: boolean; }; error: { 11766695: { message: string; }; }; }; sizes: { isLoading: { 11766695: boolean; 456: boolean; }; error: { ...; }; }; ... 7 more ...; attributes: { ...; }; }; bag: { ...; }; entities: { ...; }; }' is not assignable to parameter of type 'Partial<{ entities: Partial<{ [k: string]: any; addresses: Record<string, Address>; availableTimeSlots: Record<string, Return>; bagItems: Record<number, BagItemEntity>; ... 33 more ...; wishlistSets: Record<...>; }>; ... 24 more ...; wishlist: State; }>'.
packages/redux/src/products/selectors/__tests__/lists.test.ts(613,11): error TS2532: Object is possibly 'undefined'.
packages/redux/src/products/selectors/__tests__/lists.test.ts(633,11): error TS2345: Argument of type '{ products: { variantsByMerchantsLocations: { isLoading: { 11766695: boolean; 456: boolean; }; error: { 11766695: { message: string; }; }; }; sizes: { isLoading: { 11766695: boolean; 456: boolean; }; error: { ...; }; }; ... 7 more ...; attributes: { ...; }; }; bag: { ...; }; entities: { ...; }; }' is not assignable to parameter of type '{ entities?: Partial<{ [k: string]: any; addresses: Record<string, Address>; availableTimeSlots: Record<string, Return>; bagItems: Record<number, BagItemEntity>; ... 33 more ...; wishlistSets: Record<...>; }> | undefined; ... 24 more ...; wishlist?: State | undefined; }'.
packages/redux/src/products/selectors/__tests__/lists.test.ts(634,11): error TS2532: Object is possibly 'undefined'.
packages/redux/src/products/selectors/__tests__/lists.test.ts(646,7): error TS2532: Object is possibly 'undefined'.
packages/redux/src/products/selectors/__tests__/lists.test.ts(649,7): error TS2532: Object is possibly 'undefined'.
packages/redux/src/products/selectors/__tests__/lists.test.ts(654,53): error TS2345: Argument of type '{ products: { variantsByMerchantsLocations: { isLoading: { 11766695: boolean; 456: boolean; }; error: { 11766695: { message: string; }; }; }; sizes: { isLoading: { 11766695: boolean; 456: boolean; }; error: { ...; }; }; ... 7 more ...; attributes: { ...; }; }; bag: { ...; }; entities: { ...; }; }' is not assignable to parameter of type '{ entities?: Partial<{ [k: string]: any; addresses: Record<string, Address>; availableTimeSlots: Record<string, Return>; bagItems: Record<number, BagItemEntity>; ... 33 more ...; wishlistSets: Record<...>; }> | undefined; ... 24 more ...; wishlist?: State | undefined; }'.
packages/redux/src/products/selectors/__tests__/lists.test.ts(654,60): error TS2532: Object is possibly 'undefined'.
packages/redux/src/products/selectors/__tests__/lists.test.ts(664,53): error TS2345: Argument of type '{ products: { variantsByMerchantsLocations: { isLoading: { 11766695: boolean; 456: boolean; }; error: { 11766695: { message: string; }; }; }; sizes: { isLoading: { 11766695: boolean; 456: boolean; }; error: { ...; }; }; ... 7 more ...; attributes: { ...; }; }; bag: { ...; }; entities: { ...; }; }' is not assignable to parameter of type '{ entities?: Partial<{ [k: string]: any; addresses: Record<string, Address>; availableTimeSlots: Record<string, Return>; bagItems: Record<number, BagItemEntity>; ... 33 more ...; wishlistSets: Record<...>; }> | undefined; ... 24 more ...; wishlist?: State | undefined; }'.
packages/redux/src/products/selectors/__tests__/lists.test.ts(664,60): error TS2532: Object is possibly 'undefined'.
packages/redux/src/products/selectors/__tests__/lists.test.ts(676,11): error TS2345: Argument of type '{ products: { variantsByMerchantsLocations: { isLoading: { 11766695: boolean; 456: boolean; }; error: { 11766695: { message: string; }; }; }; sizes: { isLoading: { 11766695: boolean; 456: boolean; }; error: { ...; }; }; ... 7 more ...; attributes: { ...; }; }; bag: { ...; }; entities: { ...; }; }' is not assignable to parameter of type '{ entities?: Partial<{ [k: string]: any; addresses: Record<string, Address>; availableTimeSlots: Record<string, Return>; bagItems: Record<number, BagItemEntity>; ... 33 more ...; wishlistSets: Record<...>; }> | undefined; ... 24 more ...; wishlist?: State | undefined; }'.
packages/redux/src/products/selectors/__tests__/lists.test.ts(677,11): error TS2532: Object is possibly 'undefined'.
packages/redux/src/products/selectors/__tests__/lists.test.ts(708,7): error TS2739: Type '{ categories_0: { description: string; groupsOn: number; id: string; parentId: string; slug: string; url: string; value: number; valueUpperBound: number; }; }' is missing the following properties from type '{ brands_580741: { readonly description: "Aquazzura"; readonly groupsOn: 0; readonly id: "brands_580741"; readonly parentId: "brands_0"; readonly slug: "aquazzura"; readonly url: "aquazzura"; readonly value: 580741; readonly valueUpperBound: 0; }; brands_34624: { ...; }; categories_136301: { ...; }; categories_13648...': [mockFacets[0].id], [mockFacets[1].id], [mockFacets[2].id], [mockFacets[3].id], [mockFacets[4].id]
packages/redux/src/products/selectors/__tests__/lists.test.ts(709,7): error TS2322: Type '{ deep: number; description: string; format: string; key: string; type: number; values: string[][]; }[]' is not assignable to type '({ deep: number; description: string; dynamic: number; format: string; key: string; type: number; values: "categories_136301"[][]; order?: undefined; } | { deep: number; description: string; dynamic: number; ... 4 more ...; order?: undefined; } | { ...; } | { ...; })[]'.
  Type '{ deep: number; description: string; format: string; key: string; type: number; values: string[][]; }' is not assignable to type '{ deep: number; description: string; dynamic: number; format: string; key: string; type: number; values: "categories_136301"[][]; order?: undefined; } | { deep: number; description: string; dynamic: number; ... 4 more ...; order?: undefined; } | { ...; } | { ...; }'.
    Type '{ deep: number; description: string; format: string; key: string; type: number; values: string[][]; }' is missing the following properties from type '{ deep: number; description: string; dynamic: number; format: string; key: string; order: number; type: number; values: string[][]; }': dynamic, order
packages/redux/src/products/selectors/__tests__/lists.test.ts(713,9): error TS2345: Argument of type '{ products: { variantsByMerchantsLocations: { isLoading: { 11766695: boolean; 456: boolean; }; error: { 11766695: { message: string; }; }; }; sizes: { isLoading: { 11766695: boolean; 456: boolean; }; error: { ...; }; }; ... 7 more ...; attributes: { ...; }; }; bag: { ...; }; entities: { ...; }; }' is not assignable to parameter of type '{ entities?: Partial<{ [k: string]: any; addresses: Record<string, Address>; availableTimeSlots: Record<string, Return>; bagItems: Record<number, BagItemEntity>; ... 33 more ...; wishlistSets: Record<...>; }> | undefined; ... 24 more ...; wishlist?: State | undefined; }'.
packages/redux/src/products/selectors/__tests__/lists.test.ts(714,9): error TS2532: Object is possibly 'undefined'.
packages/redux/src/products/selectors/__tests__/lists.test.ts(718,14): error TS2532: Object is possibly 'undefined'.
packages/redux/src/products/selectors/__tests__/lists.test.ts(718,14): error TS2532: Object is possibly 'undefined'.
packages/redux/src/products/selectors/__tests__/lists.test.ts(718,24): error TS2339: Property 'children' does not exist on type 'FacetEntity | { children: FacetEntity[] | undefined; value: number; valueUpperBound: number; description: string; slug: string; url: string; format: string; parentId: never; groupsOn: number; _isDisabled: boolean; _isActive: boolean; id: string; }'.
  Property 'children' does not exist on type 'FacetEntity'.
packages/redux/src/products/selectors/__tests__/lists.test.ts(725,13): error TS2345: Argument of type '{ products: { variantsByMerchantsLocations: { isLoading: { 11766695: boolean; 456: boolean; }; error: { 11766695: { message: string; }; }; }; sizes: { isLoading: { 11766695: boolean; 456: boolean; }; error: { ...; }; }; ... 7 more ...; attributes: { ...; }; }; bag: { ...; }; entities: { ...; }; }' is not assignable to parameter of type '{ entities?: Partial<{ [k: string]: any; addresses: Record<string, Address>; availableTimeSlots: Record<string, Return>; bagItems: Record<number, BagItemEntity>; ... 33 more ...; wishlistSets: Record<...>; }> | undefined; ... 24 more ...; wishlist?: State | undefined; }'.
packages/redux/src/products/selectors/__tests__/lists.test.ts(726,13): error TS2532: Object is possibly 'undefined'.
packages/redux/src/products/selectors/__tests__/lists.test.ts(742,13): error TS2345: Argument of type '{ products: { variantsByMerchantsLocations: { isLoading: { 11766695: boolean; 456: boolean; }; error: { 11766695: { message: string; }; }; }; sizes: { isLoading: { 11766695: boolean; 456: boolean; }; error: { ...; }; }; ... 7 more ...; attributes: { ...; }; }; bag: { ...; }; entities: { ...; }; }' is not assignable to parameter of type '{ entities?: Partial<{ [k: string]: any; addresses: Record<string, Address>; availableTimeSlots: Record<string, Return>; bagItems: Record<number, BagItemEntity>; ... 33 more ...; wishlistSets: Record<...>; }> | undefined; ... 24 more ...; wishlist?: State | undefined; }'.
packages/redux/src/products/selectors/__tests__/lists.test.ts(743,13): error TS2532: Object is possibly 'undefined'.
packages/redux/src/products/selectors/__tests__/lists.test.ts(757,13): error TS2345: Argument of type '{ products: { variantsByMerchantsLocations: { isLoading: { 11766695: boolean; 456: boolean; }; error: { 11766695: { message: string; }; }; }; sizes: { isLoading: { 11766695: boolean; 456: boolean; }; error: { ...; }; }; ... 7 more ...; attributes: { ...; }; }; bag: { ...; }; entities: { ...; }; }' is not assignable to parameter of type '{ entities?: Partial<{ [k: string]: any; addresses: Record<string, Address>; availableTimeSlots: Record<string, Return>; bagItems: Record<number, BagItemEntity>; ... 33 more ...; wishlistSets: Record<...>; }> | undefined; ... 24 more ...; wishlist?: State | undefined; }'.
packages/redux/src/products/selectors/__tests__/lists.test.ts(758,13): error TS2532: Object is possibly 'undefined'.
packages/redux/src/products/selectors/__tests__/lists.test.ts(774,13): error TS2345: Argument of type '{ products: { variantsByMerchantsLocations: { isLoading: { 11766695: boolean; 456: boolean; }; error: { 11766695: { message: string; }; }; }; sizes: { isLoading: { 11766695: boolean; 456: boolean; }; error: { ...; }; }; ... 7 more ...; attributes: { ...; }; }; bag: { ...; }; entities: { ...; }; }' is not assignable to parameter of type '{ entities?: Partial<{ [k: string]: any; addresses: Record<string, Address>; availableTimeSlots: Record<string, Return>; bagItems: Record<number, BagItemEntity>; ... 33 more ...; wishlistSets: Record<...>; }> | undefined; ... 24 more ...; wishlist?: State | undefined; }'.
packages/redux/src/products/selectors/__tests__/lists.test.ts(775,13): error TS2532: Object is possibly 'undefined'.
packages/redux/src/products/selectors/__tests__/lists.test.ts(838,13): error TS2345: Argument of type '{ entities: { facets: { categories_136330: { description: string; groupsOn: number; id: string; parentId: string; slug: string; url: string; value: number; valueUpperBound: number; }; brands_580741: { ...; }; brands_34624: { ...; }; categories_136301: { ...; }; categories_136484: { ...; }; colors_1: { ...; }; }; ......' is not assignable to parameter of type '{ entities?: Partial<{ [k: string]: any; addresses: Record<string, Address>; availableTimeSlots: Record<string, Return>; bagItems: Record<number, BagItemEntity>; ... 33 more ...; wishlistSets: Record<...>; }> | undefined; ... 24 more ...; wishlist?: State | undefined; }'.
  The types of 'entities.bagItems' are incompatible between these types.
    Type '{ 101: { id: number; quantity: number; product: number; merchant: number; size: { id: number; scale: number; name: string; scaleDescription: string; scaleAbbreviation: string; globalQuantity: number; }; }; 102: { ...; }; 103: { ...; }; }' is not assignable to type 'Record<number, BagItemEntity>'.
packages/redux/src/products/selectors/__tests__/lists.test.ts(839,13): error TS2532: Object is possibly 'undefined'.
packages/redux/src/products/selectors/__tests__/measurements.test.ts(12,42): error TS2345: Argument of type '{ products: { variantsByMerchantsLocations: { isLoading: { 11766695: boolean; 456: boolean; }; error: { 11766695: { message: string; }; }; }; sizes: { isLoading: { 11766695: boolean; 456: boolean; }; error: { ...; }; }; ... 7 more ...; attributes: { ...; }; }; bag: { ...; }; entities: { ...; }; }' is not assignable to parameter of type 'Partial<{ entities: Partial<{ [k: string]: any; addresses: Record<string, Address>; availableTimeSlots: Record<string, Return>; bagItems: Record<number, BagItemEntity>; ... 33 more ...; wishlistSets: Record<...>; }>; ... 24 more ...; wishlist: State; }>'.
packages/redux/src/products/selectors/__tests__/measurements.test.ts(35,11): error TS2345: Argument of type '{ products: { measurements: { isLoading: { 11766695: boolean; 456: boolean; }; error: { 11766695: { message: string; }; }; }; variantsByMerchantsLocations: { isLoading: { 11766695: boolean; 456: boolean; }; error: { ...; }; }; ... 7 more ...; attributes: { ...; }; }; bag: { ...; }; entities: { ...; }; }' is not assignable to parameter of type 'Partial<{ entities: Partial<{ [k: string]: any; addresses: Record<string, Address>; availableTimeSlots: Record<string, Return>; bagItems: Record<number, BagItemEntity>; ... 33 more ...; wishlistSets: Record<...>; }>; ... 24 more ...; wishlist: State; }>'.
  Types of property 'entities' are incompatible.
    Type '{ bagItems: { 101: { id: number; quantity: number; product: number; merchant: number; size: { id: number; scale: number; name: string; scaleDescription: string; scaleAbbreviation: string; globalQuantity: number; }; }; 102: { ...; }; 103: { ...; }; }; ... 4 more ...; productsLists: { ...; }; }' is not assignable to type 'Partial<{ [k: string]: any; addresses: Record<string, Address>; availableTimeSlots: Record<string, Return>; bagItems: Record<number, BagItemEntity>; ... 33 more ...; wishlistSets: Record<...>; }>'.
packages/redux/src/products/selectors/__tests__/measurements.test.ts(48,47): error TS2345: Argument of type '{ products: { variantsByMerchantsLocations: { isLoading: { 11766695: boolean; 456: boolean; }; error: { 11766695: { message: string; }; }; }; sizes: { isLoading: { 11766695: boolean; 456: boolean; }; error: { ...; }; }; ... 7 more ...; attributes: { ...; }; }; bag: { ...; }; entities: { ...; }; }' is not assignable to parameter of type 'Partial<{ entities: Partial<{ [k: string]: any; addresses: Record<string, Address>; availableTimeSlots: Record<string, Return>; bagItems: Record<number, BagItemEntity>; ... 33 more ...; wishlistSets: Record<...>; }>; ... 24 more ...; wishlist: State; }>'.
packages/redux/src/products/selectors/__tests__/measurements.test.ts(57,11): error TS2345: Argument of type '{ products: { variantsByMerchantsLocations: { isLoading: { 11766695: boolean; 456: boolean; }; error: { 11766695: { message: string; }; }; }; sizes: { isLoading: { 11766695: boolean; 456: boolean; }; error: { ...; }; }; ... 7 more ...; attributes: { ...; }; }; bag: { ...; }; entities: { ...; }; }' is not assignable to parameter of type 'Partial<{ entities: Partial<{ [k: string]: any; addresses: Record<string, Address>; availableTimeSlots: Record<string, Return>; bagItems: Record<number, BagItemEntity>; ... 33 more ...; wishlistSets: Record<...>; }>; ... 24 more ...; wishlist: State; }>'.
packages/redux/src/products/selectors/__tests__/recommendedSet.test.ts(27,11): error TS2345: Argument of type '{ products: { recommendedSets: { isLoading: { 202382: boolean; 11766695: boolean; 456: boolean; }; error: { 11766695: { message: string; }; }; }; variantsByMerchantsLocations: { isLoading: { 11766695: boolean; 456: boolean; }; error: { ...; }; }; ... 7 more ...; attributes: { ...; }; }; bag: { ...; }; entities: { .....' is not assignable to parameter of type 'Partial<{ entities: Partial<{ [k: string]: any; addresses: Record<string, Address>; availableTimeSlots: Record<string, Return>; bagItems: Record<number, BagItemEntity>; ... 33 more ...; wishlistSets: Record<...>; }>; ... 24 more ...; wishlist: State; }>'.
  Types of property 'entities' are incompatible.
    Type '{ bagItems: { 101: { id: number; quantity: number; product: number; merchant: number; size: { id: number; scale: number; name: string; scaleDescription: string; scaleAbbreviation: string; globalQuantity: number; }; }; 102: { ...; }; 103: { ...; }; }; ... 4 more ...; productsLists: { ...; }; }' is not assignable to type 'Partial<{ [k: string]: any; addresses: Record<string, Address>; availableTimeSlots: Record<string, Return>; bagItems: Record<number, BagItemEntity>; ... 33 more ...; wishlistSets: Record<...>; }>'.
packages/redux/src/products/selectors/__tests__/recommendedSet.test.ts(38,11): error TS2345: Argument of type '{ products: { variantsByMerchantsLocations: { isLoading: { 11766695: boolean; 456: boolean; }; error: { 11766695: { message: string; }; }; }; sizes: { isLoading: { 11766695: boolean; 456: boolean; }; error: { ...; }; }; ... 7 more ...; attributes: { ...; }; }; bag: { ...; }; entities: { ...; }; }' is not assignable to parameter of type 'Partial<{ entities: Partial<{ [k: string]: any; addresses: Record<string, Address>; availableTimeSlots: Record<string, Return>; bagItems: Record<number, BagItemEntity>; ... 33 more ...; wishlistSets: Record<...>; }>; ... 24 more ...; wishlist: State; }>'.
packages/redux/src/products/selectors/__tests__/recommendedSet.test.ts(52,11): error TS2345: Argument of type '{ products: { variantsByMerchantsLocations: { isLoading: { 11766695: boolean; 456: boolean; }; error: { 11766695: { message: string; }; }; }; sizes: { isLoading: { 11766695: boolean; 456: boolean; }; error: { ...; }; }; ... 7 more ...; attributes: { ...; }; }; bag: { ...; }; entities: { ...; }; }' is not assignable to parameter of type 'Partial<{ entities: Partial<{ [k: string]: any; addresses: Record<string, Address>; availableTimeSlots: Record<string, Return>; bagItems: Record<number, BagItemEntity>; ... 33 more ...; wishlistSets: Record<...>; }>; ... 24 more ...; wishlist: State; }>'.
packages/redux/src/products/selectors/__tests__/recommendedSet.test.ts(62,37): error TS2345: Argument of type '{ products: { variantsByMerchantsLocations: { isLoading: { 11766695: boolean; 456: boolean; }; error: { 11766695: { message: string; }; }; }; sizes: { isLoading: { 11766695: boolean; 456: boolean; }; error: { ...; }; }; ... 7 more ...; attributes: { ...; }; }; bag: { ...; }; entities: { ...; }; }' is not assignable to parameter of type 'Partial<{ entities: Partial<{ [k: string]: any; addresses: Record<string, Address>; availableTimeSlots: Record<string, Return>; bagItems: Record<number, BagItemEntity>; ... 33 more ...; wishlistSets: Record<...>; }>; ... 24 more ...; wishlist: State; }>'.
packages/redux/src/products/selectors/__tests__/sets.test.ts(15,11): error TS2345: Argument of type '{ products: { variantsByMerchantsLocations: { isLoading: { 11766695: boolean; 456: boolean; }; error: { 11766695: { message: string; }; }; }; sizes: { isLoading: { 11766695: boolean; 456: boolean; }; error: { ...; }; }; ... 7 more ...; attributes: { ...; }; }; bag: { ...; }; entities: { ...; }; }' is not assignable to parameter of type '{ entities?: Partial<{ [k: string]: any; addresses: Record<string, Address>; availableTimeSlots: Record<string, Return>; bagItems: Record<number, BagItemEntity>; ... 33 more ...; wishlistSets: Record<...>; }> | undefined; ... 24 more ...; wishlist?: State | undefined; }'.
packages/redux/src/products/selectors/__tests__/sets.test.ts(27,11): error TS2345: Argument of type '{ products: { variantsByMerchantsLocations: { isLoading: { 11766695: boolean; 456: boolean; }; error: { 11766695: { message: string; }; }; }; sizes: { isLoading: { 11766695: boolean; 456: boolean; }; error: { ...; }; }; ... 7 more ...; attributes: { ...; }; }; bag: { ...; }; entities: { ...; }; }' is not assignable to parameter of type '{ entities?: Partial<{ [k: string]: any; addresses: Record<string, Address>; availableTimeSlots: Record<string, Return>; bagItems: Record<number, BagItemEntity>; ... 33 more ...; wishlistSets: Record<...>; }> | undefined; ... 24 more ...; wishlist?: State | undefined; }'.
packages/redux/src/products/selectors/__tests__/sizeGuides.test.ts(12,39): error TS2345: Argument of type '{ products: { variantsByMerchantsLocations: { isLoading: { 11766695: boolean; 456: boolean; }; error: { 11766695: { message: string; }; }; }; sizes: { isLoading: { 11766695: boolean; 456: boolean; }; error: { ...; }; }; ... 7 more ...; attributes: { ...; }; }; bag: { ...; }; entities: { ...; }; }' is not assignable to parameter of type 'Partial<{ entities: Partial<{ [k: string]: any; addresses: Record<string, Address>; availableTimeSlots: Record<string, Return>; bagItems: Record<number, BagItemEntity>; ... 33 more ...; wishlistSets: Record<...>; }>; ... 24 more ...; wishlist: State; }>'.
packages/redux/src/products/selectors/__tests__/sizeGuides.test.ts(34,47): error TS2345: Argument of type '{ products: { sizeGuides: { isLoading: { 11766695: boolean; 456: boolean; }; error: { 11766695: { message: string; }; }; }; variantsByMerchantsLocations: { isLoading: { 11766695: boolean; 456: boolean; }; error: { ...; }; }; ... 7 more ...; attributes: { ...; }; }; bag: { ...; }; entities: { ...; }; }' is not assignable to parameter of type 'Partial<{ entities: Partial<{ [k: string]: any; addresses: Record<string, Address>; availableTimeSlots: Record<string, Return>; bagItems: Record<number, BagItemEntity>; ... 33 more ...; wishlistSets: Record<...>; }>; ... 24 more ...; wishlist: State; }>'.
  Types of property 'entities' are incompatible.
    Type '{ bagItems: { 101: { id: number; quantity: number; product: number; merchant: number; size: { id: number; scale: number; name: string; scaleDescription: string; scaleAbbreviation: string; globalQuantity: number; }; }; 102: { ...; }; 103: { ...; }; }; ... 4 more ...; productsLists: { ...; }; }' is not assignable to type 'Partial<{ [k: string]: any; addresses: Record<string, Address>; availableTimeSlots: Record<string, Return>; bagItems: Record<number, BagItemEntity>; ... 33 more ...; wishlistSets: Record<...>; }>'.
packages/redux/src/products/selectors/__tests__/sizeGuides.test.ts(45,45): error TS2345: Argument of type '{ products: { variantsByMerchantsLocations: { isLoading: { 11766695: boolean; 456: boolean; }; error: { 11766695: { message: string; }; }; }; sizes: { isLoading: { 11766695: boolean; 456: boolean; }; error: { ...; }; }; ... 7 more ...; attributes: { ...; }; }; bag: { ...; }; entities: { ...; }; }' is not assignable to parameter of type 'Partial<{ entities: Partial<{ [k: string]: any; addresses: Record<string, Address>; availableTimeSlots: Record<string, Return>; bagItems: Record<number, BagItemEntity>; ... 33 more ...; wishlistSets: Record<...>; }>; ... 24 more ...; wishlist: State; }>'.
packages/redux/src/products/selectors/__tests__/sizeGuides.test.ts(53,47): error TS2345: Argument of type '{ products: { variantsByMerchantsLocations: { isLoading: { 11766695: boolean; 456: boolean; }; error: { 11766695: { message: string; }; }; }; sizes: { isLoading: { 11766695: boolean; 456: boolean; }; error: { ...; }; }; ... 7 more ...; attributes: { ...; }; }; bag: { ...; }; entities: { ...; }; }' is not assignable to parameter of type 'Partial<{ entities: Partial<{ [k: string]: any; addresses: Record<string, Address>; availableTimeSlots: Record<string, Return>; bagItems: Record<number, BagItemEntity>; ... 33 more ...; wishlistSets: Record<...>; }>; ... 24 more ...; wishlist: State; }>'.
packages/redux/src/products/selectors/__tests__/sizes.test.ts(27,42): error TS2345: Argument of type '{ products: { sizes: { isLoading: { 11766695: boolean; 456: boolean; }; error: { 11766695: { message: string; }; }; }; variantsByMerchantsLocations: { isLoading: { 11766695: boolean; 456: boolean; }; error: { ...; }; }; ... 7 more ...; attributes: { ...; }; }; bag: { ...; }; entities: { ...; }; }' is not assignable to parameter of type 'Partial<{ entities: Partial<{ [k: string]: any; addresses: Record<string, Address>; availableTimeSlots: Record<string, Return>; bagItems: Record<number, BagItemEntity>; ... 33 more ...; wishlistSets: Record<...>; }>; ... 24 more ...; wishlist: State; }>'.
  Types of property 'entities' are incompatible.
    Type '{ bagItems: { 101: { id: number; quantity: number; product: number; merchant: number; size: { id: number; scale: number; name: string; scaleDescription: string; scaleAbbreviation: string; globalQuantity: number; }; }; 102: { ...; }; 103: { ...; }; }; ... 4 more ...; productsLists: { ...; }; }' is not assignable to type 'Partial<{ [k: string]: any; addresses: Record<string, Address>; availableTimeSlots: Record<string, Return>; bagItems: Record<number, BagItemEntity>; ... 33 more ...; wishlistSets: Record<...>; }>'.
packages/redux/src/products/selectors/__tests__/sizes.test.ts(35,42): error TS2345: Argument of type '{ products: { variantsByMerchantsLocations: { isLoading: { 11766695: boolean; 456: boolean; }; error: { 11766695: { message: string; }; }; }; sizes: { isLoading: { 11766695: boolean; 456: boolean; }; error: { ...; }; }; ... 7 more ...; attributes: { ...; }; }; bag: { ...; }; entities: { ...; }; }' is not assignable to parameter of type 'Partial<{ entities: Partial<{ [k: string]: any; addresses: Record<string, Address>; availableTimeSlots: Record<string, Return>; bagItems: Record<number, BagItemEntity>; ... 33 more ...; wishlistSets: Record<...>; }>; ... 24 more ...; wishlist: State; }>'.
packages/redux/src/products/selectors/__tests__/sizes.test.ts(46,40): error TS2345: Argument of type '{ products: { variantsByMerchantsLocations: { isLoading: { 11766695: boolean; 456: boolean; }; error: { 11766695: { message: string; }; }; }; sizes: { isLoading: { 11766695: boolean; 456: boolean; }; error: { ...; }; }; ... 7 more ...; attributes: { ...; }; }; bag: { ...; }; entities: { ...; }; }' is not assignable to parameter of type 'Partial<{ entities: Partial<{ [k: string]: any; addresses: Record<string, Address>; availableTimeSlots: Record<string, Return>; bagItems: Record<number, BagItemEntity>; ... 33 more ...; wishlistSets: Record<...>; }>; ... 24 more ...; wishlist: State; }>'.
packages/redux/src/products/selectors/__tests__/sizes.test.ts(54,35): error TS2345: Argument of type '{ products: { variantsByMerchantsLocations: { isLoading: { 11766695: boolean; 456: boolean; }; error: { 11766695: { message: string; }; }; }; sizes: { isLoading: { 11766695: boolean; 456: boolean; }; error: { ...; }; }; ... 7 more ...; attributes: { ...; }; }; bag: { ...; }; entities: { ...; }; }' is not assignable to parameter of type 'Partial<{ entities: Partial<{ [k: string]: any; addresses: Record<string, Address>; availableTimeSlots: Record<string, Return>; bagItems: Record<number, BagItemEntity>; ... 33 more ...; wishlistSets: Record<...>; }>; ... 24 more ...; wishlist: State; }>'.
packages/redux/src/products/selectors/__tests__/sizes.test.ts(73,44): error TS2345: Argument of type '{ entities: { products: { 11766695: { sizes: ({ id: number; name: string; scale: string; stock: { merchantId: number; quantity: number; }[]; } | { id: number; name: string; scale: number; stock: { merchantId: number; quantity: number; }[]; } | { ...; })[]; }; }; }; products: { ...; }; bag: { ...; }; }' is not assignable to parameter of type '{ entities?: Partial<{ [k: string]: any; addresses: Record<string, Address>; availableTimeSlots: Record<string, Return>; bagItems: Record<number, BagItemEntity>; ... 33 more ...; wishlistSets: Record<...>; }> | undefined; ... 24 more ...; wishlist?: State | undefined; }'.
  The types of 'entities.products' are incompatible between these types.
    Type '{ 11766695: { sizes: ({ id: number; name: string; scale: string; stock: { merchantId: number; quantity: number; }[]; } | { id: number; name: string; scale: number; stock: { merchantId: number; quantity: number; }[]; } | { ...; })[]; }; }' is not assignable to type 'Record<number, ProductEntity>'.
      Property '11766695' is incompatible with index signature.
        Type '{ sizes: ({ id: number; name: string; scale: string; stock: { merchantId: number; quantity: number; }[]; } | { id: number; name: string; scale: number; stock: { merchantId: number; quantity: number; }[]; } | { id: number; scale: number; stock: { ...; }[]; name?: undefined; })[]; }' is missing the following properties from type 'ProductEntity': brand, categories, merchant, associations, and 56 more.
packages/redux/src/products/selectors/__tests__/variantsByMerchantsLocations.test.ts(14,11): error TS2345: Argument of type '{ products: { variantsByMerchantsLocations: { isLoading: { 11766695: boolean; 456: boolean; }; error: { 11766695: { message: string; }; }; }; sizes: { isLoading: { 11766695: boolean; 456: boolean; }; error: { ...; }; }; ... 7 more ...; attributes: { ...; }; }; bag: { ...; }; entities: { ...; }; }' is not assignable to parameter of type 'Partial<{ entities: Partial<{ [k: string]: any; addresses: Record<string, Address>; availableTimeSlots: Record<string, Return>; bagItems: Record<number, BagItemEntity>; ... 33 more ...; wishlistSets: Record<...>; }>; ... 24 more ...; wishlist: State; }>'.
packages/redux/src/products/selectors/__tests__/variantsByMerchantsLocations.test.ts(36,11): error TS2345: Argument of type '{ entities: { products: { 11766695: { variants: null; associationsInformation: { hasColorGrouping: boolean; }; attributes: { id: number; name: string; values: { id: number; value: string; }[]; }[]; brand: number; ... 18 more ...; tag: { ...; }; }; }; ... 4 more ...; productsLists: { ...; }; }; products: { ...; }; ba...' is not assignable to parameter of type 'Partial<{ entities: Partial<{ [k: string]: any; addresses: Record<string, Address>; availableTimeSlots: Record<string, Return>; bagItems: Record<number, BagItemEntity>; ... 33 more ...; wishlistSets: Record<...>; }>; ... 24 more ...; wishlist: State; }>'.
  The types of 'entities.bagItems' are incompatible between these types.
    Type '{ 101: { id: number; quantity: number; product: number; merchant: number; size: { id: number; scale: number; name: string; scaleDescription: string; scaleAbbreviation: string; globalQuantity: number; }; }; 102: { ...; }; 103: { ...; }; }' is not assignable to type 'Record<number, BagItemEntity>'.
packages/redux/src/products/selectors/__tests__/variantsByMerchantsLocations.test.ts(63,11): error TS2345: Argument of type '{ products: { variantsByMerchantsLocations: { isLoading: { 11766695: boolean; 456: boolean; }; error: { 11766695: { message: string; }; }; }; sizes: { isLoading: { 11766695: boolean; 456: boolean; }; error: { ...; }; }; ... 7 more ...; attributes: { ...; }; }; bag: { ...; }; entities: { ...; }; }' is not assignable to parameter of type 'Partial<{ entities: Partial<{ [k: string]: any; addresses: Record<string, Address>; availableTimeSlots: Record<string, Return>; bagItems: Record<number, BagItemEntity>; ... 33 more ...; wishlistSets: Record<...>; }>; ... 24 more ...; wishlist: State; }>'.
  Types of property 'entities' are incompatible.
    Type '{ bagItems: { 101: { id: number; quantity: number; product: number; merchant: number; size: { id: number; scale: number; name: string; scaleDescription: string; scaleAbbreviation: string; globalQuantity: number; }; }; 102: { ...; }; 103: { ...; }; }; ... 4 more ...; productsLists: { ...; }; }' is not assignable to type 'Partial<{ [k: string]: any; addresses: Record<string, Address>; availableTimeSlots: Record<string, Return>; bagItems: Record<number, BagItemEntity>; ... 33 more ...; wishlistSets: Record<...>; }>'.
packages/redux/src/products/selectors/__tests__/variantsByMerchantsLocations.test.ts(79,11): error TS2345: Argument of type '{ products: { variantsByMerchantsLocations: { isLoading: { 11766695: boolean; 456: boolean; }; error: { 11766695: { message: string; }; }; }; sizes: { isLoading: { 11766695: boolean; 456: boolean; }; error: { ...; }; }; ... 7 more ...; attributes: { ...; }; }; bag: { ...; }; entities: { ...; }; }' is not assignable to parameter of type 'Partial<{ entities: Partial<{ [k: string]: any; addresses: Record<string, Address>; availableTimeSlots: Record<string, Return>; bagItems: Record<number, BagItemEntity>; ... 33 more ...; wishlistSets: Record<...>; }>; ... 24 more ...; wishlist: State; }>'.
packages/redux/src/products/selectors/__tests__/variantsByMerchantsLocations.test.ts(90,11): error TS2345: Argument of type '{ products: { variantsByMerchantsLocations: { isLoading: { 11766695: boolean; 456: boolean; }; error: { 11766695: { message: string; }; }; }; sizes: { isLoading: { 11766695: boolean; 456: boolean; }; error: { ...; }; }; ... 7 more ...; attributes: { ...; }; }; bag: { ...; }; entities: { ...; }; }' is not assignable to parameter of type 'Partial<{ entities: Partial<{ [k: string]: any; addresses: Record<string, Address>; availableTimeSlots: Record<string, Return>; bagItems: Record<number, BagItemEntity>; ... 33 more ...; wishlistSets: Record<...>; }>; ... 24 more ...; wishlist: State; }>'.
packages/redux/src/products/selectors/attributes.ts(20,40): error TS2532: Object is possibly 'undefined'.
packages/redux/src/products/selectors/attributes.ts(36,16): error TS2532: Object is possibly 'undefined'.
packages/redux/src/products/selectors/attributes.ts(52,34): error TS2532: Object is possibly 'undefined'.
packages/redux/src/products/selectors/colorGrouping.ts(21,40): error TS2532: Object is possibly 'undefined'.
packages/redux/src/products/selectors/colorGrouping.ts(36,34): error TS2532: Object is possibly 'undefined'.
packages/redux/src/products/selectors/details.ts(28,34): error TS2532: Object is possibly 'undefined'.
packages/redux/src/products/selectors/details.ts(43,41): error TS2532: Object is possibly 'undefined'.
packages/redux/src/products/selectors/details.ts(58,40): error TS2532: Object is possibly 'undefined'.
packages/redux/src/products/selectors/details.ts(74,17): error TS2532: Object is possibly 'undefined'.
packages/redux/src/products/selectors/details.ts(75,19): error TS2532: Object is possibly 'undefined'.
packages/redux/src/products/selectors/fittings.ts(20,40): error TS2532: Object is possibly 'undefined'.
packages/redux/src/products/selectors/fittings.ts(36,16): error TS2532: Object is possibly 'undefined'.
packages/redux/src/products/selectors/fittings.ts(52,34): error TS2532: Object is possibly 'undefined'.
packages/redux/src/products/selectors/lists.ts(62,49): error TS2532: Object is possibly 'undefined'.
packages/redux/src/products/selectors/lists.ts(79,34): error TS2532: Object is possibly 'undefined'.
packages/redux/src/products/selectors/lists.ts(96,41): error TS2532: Object is possibly 'undefined'.
packages/redux/src/products/selectors/lists.ts(113,40): error TS2532: Object is possibly 'undefined'.
packages/redux/src/products/selectors/lists.ts(131,16): error TS2532: Object is possibly 'undefined'.
packages/redux/src/products/selectors/lists.ts(149,26): error TS2322: Type 'unknown' is not assignable to type 'ProductsListEntity'.
  Type 'unknown' is not assignable to type 'Omit<Listing, "products" | "facetGroups">'.
packages/redux/src/products/selectors/measurements.ts(20,40): error TS2532: Object is possibly 'undefined'.
packages/redux/src/products/selectors/measurements.ts(36,16): error TS2532: Object is possibly 'undefined'.
packages/redux/src/products/selectors/measurements.ts(52,34): error TS2532: Object is possibly 'undefined'.
packages/redux/src/products/selectors/recommendedSet.ts(20,40): error TS2532: Object is possibly 'undefined'.
packages/redux/src/products/selectors/recommendedSet.ts(54,41): error TS2532: Object is possibly 'undefined'.
packages/redux/src/products/selectors/recommendedSet.ts(71,13): error TS2532: Object is possibly 'undefined'.
packages/redux/src/products/selectors/sizeGuides.ts(21,40): error TS2532: Object is possibly 'undefined'.
packages/redux/src/products/selectors/sizeGuides.ts(37,16): error TS2532: Object is possibly 'undefined'.
packages/redux/src/products/selectors/sizeGuides.ts(53,34): error TS2532: Object is possibly 'undefined'.
packages/redux/src/products/selectors/sizes.ts(21,40): error TS2532: Object is possibly 'undefined'.
packages/redux/src/products/selectors/sizes.ts(37,16): error TS2532: Object is possibly 'undefined'.
packages/redux/src/products/selectors/sizes.ts(53,34): error TS2532: Object is possibly 'undefined'.
packages/redux/src/products/selectors/variantsByMerchantsLocations.ts(28,16): error TS2532: Object is possibly 'undefined'.
packages/redux/src/products/selectors/variantsByMerchantsLocations.ts(44,16): error TS2532: Object is possibly 'undefined'.
packages/redux/src/products/selectors/variantsByMerchantsLocations.ts(63,12): error TS2532: Object is possibly 'undefined'.
packages/redux/src/products/serverInitialState/__tests__/index.test.ts(16,40): error TS2322: Type '{ slug: string; subfolder: string; config: { pageIndex: number; }; facetGroups: never[]; breadCrumbs: never[]; facetsBaseUrl: string; filterSegments: { order: number; type: number; key: string; value: number; }[]; ... 7 more ...; pageType: string; }' is not assignable to type 'Model'.
  Type '{ slug: string; subfolder: string; config: { pageIndex: number; }; facetGroups: never[]; breadCrumbs: never[]; facetsBaseUrl: string; filterSegments: { order: number; type: number; key: string; value: number; }[]; ... 7 more ...; pageType: string; }' is missing the following properties from type 'Listing': didYouMean, _sorts, _clearUrl, _isClearHidden
packages/redux/src/products/serverInitialState/__tests__/index.test.ts(23,7): error TS2322: Type '{ dataLayer: { general: { type: string; }; }; slug: string; breadCrumbs: { text: string; slug: string; link: string; }[]; complementaryInformation: { title: string; value: string; }[]; sizes: { sizeId: string; ... 4 more ...; variants: { ...; }[]; }[]; ... 9 more ...; liveModel: { ...; }; }' is not assignable to type 'Model'.
  Type '{ dataLayer: { general: { type: string; }; }; slug: string; breadCrumbs: { text: string; slug: string; link: string; }[]; complementaryInformation: { title: string; value: string; }[]; sizes: { sizeId: string; ... 4 more ...; variants: { ...; }[]; }[]; ... 9 more ...; liveModel: { ...; }; }' is missing the following properties from type 'Listing': name, products, facetGroups, filterSegments, and 10 more.
packages/redux/src/products/serverInitialState/__tests__/lists.test.ts(13,45): error TS2322: Type '{ slug: string; subfolder: string; config: { pageIndex: number; }; facetGroups: never[]; breadCrumbs: never[]; facetsBaseUrl: string; filterSegments: { order: number; type: number; key: string; value: number; }[]; ... 7 more ...; pageType: string; }' is not assignable to type 'Model'.
  Type '{ slug: string; subfolder: string; config: { pageIndex: number; }; facetGroups: never[]; breadCrumbs: never[]; facetsBaseUrl: string; filterSegments: { order: number; type: number; key: string; value: number; }[]; ... 7 more ...; pageType: string; }' is missing the following properties from type 'Listing': didYouMean, _sorts, _clearUrl, _isClearHidden
packages/redux/src/products/serverInitialState/__tests__/lists.test.ts(26,45): error TS2322: Type '{ pageType: string; slug: string; subfolder: string; config: { pageIndex: number; }; facetGroups: never[]; breadCrumbs: never[]; facetsBaseUrl: string; filterSegments: { order: number; type: number; key: string; value: number; }[]; ... 6 more ...; redirectInformation: null; }' is not assignable to type 'Model'.
  Type '{ pageType: string; slug: string; subfolder: string; config: { pageIndex: number; }; facetGroups: never[]; breadCrumbs: never[]; facetsBaseUrl: string; filterSegments: { order: number; type: number; key: string; value: number; }[]; ... 6 more ...; redirectInformation: null; }' is missing the following properties from type 'Listing': didYouMean, _sorts, _clearUrl, _isClearHidden
packages/redux/src/products/serverInitialState/__tests__/lists.test.ts(39,45): error TS2322: Type '{ slug: string; subfolder: string; config: { pageIndex: number; }; facetGroups: never[]; breadCrumbs: never[]; facetsBaseUrl: string; filterSegments: { order: number; type: number; key: string; value: number; }[]; ... 7 more ...; pageType: string; }' is not assignable to type 'Model'.
  Type '{ slug: string; subfolder: string; config: { pageIndex: number; }; facetGroups: never[]; breadCrumbs: never[]; facetsBaseUrl: string; filterSegments: { order: number; type: number; key: string; value: number; }[]; ... 7 more ...; pageType: string; }' is missing the following properties from type 'Listing': didYouMean, _sorts, _clearUrl, _isClearHidden
packages/redux/src/products/serverInitialState/__tests__/lists.test.ts(41,24): error TS2532: Object is possibly 'undefined'.
packages/redux/src/products/serverInitialState/__tests__/lists.test.ts(41,24): error TS2769: No overload matches this call.
  Overload 1 of 2, '(o: {}): string[]', gave the following error.
    Argument of type 'Record<string, ProductsListEntity> | undefined' is not assignable to parameter of type '{}'.
      Type 'undefined' is not assignable to type '{}'.
  Overload 2 of 2, '(o: object): string[]', gave the following error.
    Argument of type 'Record<string, ProductsListEntity> | undefined' is not assignable to parameter of type 'object'.
      Type 'undefined' is not assignable to type 'object'.
packages/redux/src/products/serverInitialState/__tests__/lists.test.ts(51,45): error TS2322: Type '{ slug: string; subfolder: string; config: { pageIndex: number; }; facetGroups: never[]; breadCrumbs: never[]; facetsBaseUrl: string; filterSegments: { order: number; type: number; key: string; value: number; }[]; ... 7 more ...; pageType: string; }' is not assignable to type 'Model'.
  Type '{ slug: string; subfolder: string; config: { pageIndex: number; }; facetGroups: never[]; breadCrumbs: never[]; facetsBaseUrl: string; filterSegments: { order: number; type: number; key: string; value: number; }[]; ... 7 more ...; pageType: string; }' is missing the following properties from type 'Listing': didYouMean, _sorts, _clearUrl, _isClearHidden
packages/redux/src/products/serverInitialState/__tests__/lists.test.ts(53,24): error TS2532: Object is possibly 'undefined'.
packages/redux/src/products/serverInitialState/__tests__/lists.test.ts(53,24): error TS2769: No overload matches this call.
  Overload 1 of 2, '(o: {}): string[]', gave the following error.
    Argument of type 'Record<string, ProductsListEntity> | undefined' is not assignable to parameter of type '{}'.
      Type 'undefined' is not assignable to type '{}'.
  Overload 2 of 2, '(o: object): string[]', gave the following error.
    Argument of type 'Record<string, ProductsListEntity> | undefined' is not assignable to parameter of type 'object'.
      Type 'undefined' is not assignable to type 'object'.
packages/redux/src/products/serverInitialState/__tests__/lists.test.ts(61,45): error TS2322: Type '{}' is not assignable to type 'Model'.
  Type '{}' is missing the following properties from type 'Listing': name, products, facetGroups, filterSegments, and 11 more.
packages/redux/src/products/serverInitialState/__tests__/products.test.ts(7,7): error TS2322: Type '{ dataLayer: { general: { type: string; }; }; slug: string; breadCrumbs: { text: string; slug: string; link: string; }[]; complementaryInformation: { title: string; value: string; }[]; sizes: { sizeId: string; ... 4 more ...; variants: { ...; }[]; }[]; ... 9 more ...; liveModel: { ...; }; }' is not assignable to type 'Model'.
packages/redux/src/products/serverInitialState/__tests__/products.test.ts(15,48): error TS2322: Type '{}' is not assignable to type 'Model'.
  Type '{}' is missing the following properties from type 'Listing': name, products, facetGroups, filterSegments, and 11 more.
packages/redux/src/products/utils/__tests__/buildFacetTree.test.ts(6,27): error TS2345: Argument of type 'readonly [{ readonly description: "Aquazzura"; readonly groupsOn: 0; readonly id: "brands_580741"; readonly parentId: "brands_0"; readonly slug: "aquazzura"; readonly url: "aquazzura"; readonly value: 580741; readonly valueUpperBound: 0; }, { ...; }, { ...; }, { ...; }, { ...; }]' is not assignable to parameter of type 'FacetEntity[]'.
  The type 'readonly [{ readonly description: "Aquazzura"; readonly groupsOn: 0; readonly id: "brands_580741"; readonly parentId: "brands_0"; readonly slug: "aquazzura"; readonly url: "aquazzura"; readonly value: 580741; readonly valueUpperBound: 0; }, { ...; }, { ...; }, { ...; }, { ...; }]' is 'readonly' and cannot be assigned to the mutable type 'FacetEntity[]'.
packages/redux/src/products/utils/__tests__/buildFacetTree.test.ts(17,27): error TS2345: Argument of type 'readonly [{ readonly description: "Aquazzura"; readonly groupsOn: 0; readonly id: "brands_580741"; readonly parentId: "brands_0"; readonly slug: "aquazzura"; readonly url: "aquazzura"; readonly value: 580741; readonly valueUpperBound: 0; }, { ...; }, { ...; }, { ...; }, { ...; }]' is not assignable to parameter of type 'FacetEntity[]'.
  The type 'readonly [{ readonly description: "Aquazzura"; readonly groupsOn: 0; readonly id: "brands_580741"; readonly parentId: "brands_0"; readonly slug: "aquazzura"; readonly url: "aquazzura"; readonly value: 580741; readonly valueUpperBound: 0; }, { ...; }, { ...; }, { ...; }, { ...; }]' is 'readonly' and cannot be assigned to the mutable type 'FacetEntity[]'.
packages/redux/src/products/utils/__tests__/buildFacetTree.test.ts(41,22): error TS2345: Argument of type '{ id: string; parentId: string; }[]' is not assignable to parameter of type 'FacetEntity[]'.
  Type '{ id: string; parentId: string; }' is not assignable to type 'FacetEntity'.
    Type '{ id: string; parentId: string; }' is missing the following properties from type 'FacetValue': value, valueUpperBound, description, slug, and 5 more.
packages/redux/src/products/utils/__tests__/buildSetFiltersQueryParams.test.ts(16,58): error TS2345: Argument of type '{ colors: string; }' is not assignable to parameter of type 'Record<string, number | string[] | number[]>'.
  Property '[mockFacetKey]' is incompatible with index signature.
    Type 'string' is not assignable to type 'number | string[] | number[]'.
packages/redux/src/products/utils/__tests__/buildSetFiltersQueryParams.test.ts(72,47): error TS2345: Argument of type '{ colors: string[]; }' is not assignable to parameter of type 'ListingQuery'.
  Types of property 'colors' are incompatible.
    Type 'string[]' is not assignable to type 'string'.
packages/redux/src/products/utils/__tests__/buildUnsetFiltersQueryParams.test.ts(93,49): error TS2345: Argument of type '{ colors: string[]; }' is not assignable to parameter of type 'ListingQuery'.
  Types of property 'colors' are incompatible.
    Type 'string[]' is not assignable to type 'string'.
packages/redux/src/products/utils/__tests__/buildUnsetFiltersQueryParams.test.ts(109,49): error TS2345: Argument of type '{ price: string[]; }' is not assignable to parameter of type 'ListingQuery'.
  Types of property 'price' are incompatible.
    Type 'string[]' is not assignable to type 'string'.
packages/redux/src/products/utils/__tests__/buildUnsetFiltersQueryParams.test.ts(127,49): error TS2345: Argument of type '{ colors: string[]; }' is not assignable to parameter of type 'ListingQuery'.
  Types of property 'colors' are incompatible.
    Type 'string[]' is not assignable to type 'string'.
packages/redux/src/products/utils/__tests__/generateProductsListHash.test.ts(9,67): error TS2345: Argument of type '{ categories: string; colors: string; pageIndex: string; }' is not assignable to parameter of type 'ListingQuery | SetQuery | undefined'.
  Type '{ categories: string; colors: string; pageIndex: string; }' is not assignable to type 'SetQuery'.
    Types of property 'pageIndex' are incompatible.
      Type 'string' is not assignable to type 'number | undefined'.
packages/redux/src/products/utils/__tests__/generateProductsListHash.test.ts(18,67): error TS2345: Argument of type '{ categories: string; colors: string; pageIndex: string; }' is not assignable to parameter of type 'ListingQuery | SetQuery | undefined'.
  Type '{ categories: string; colors: string; pageIndex: string; }' is not assignable to type 'SetQuery'.
packages/redux/src/products/utils/__tests__/generateProductsListHash.test.ts(39,7): error TS2345: Argument of type '"?sort=price&sortDirection=asc&pageIndex=2"' is not assignable to parameter of type 'ListingQuery | SetQuery | undefined'.
packages/redux/src/products/utils/__tests__/getMaxDepth.test.ts(6,24): error TS2345: Argument of type '{ deep: number; description: string; type: number; }[]' is not assignable to parameter of type 'FacetGroupsNormalized'.
  Type '{ deep: number; description: string; type: number; }' is not assignable to type 'Omit<FacetGroup, "values"> & { values: string[][]; }'.
    Type '{ deep: number; description: string; type: number; }' is missing the following properties from type 'Omit<FacetGroup, "values">': key, order, format, dynamic, and 3 more.
packages/redux/src/products/utils/__tests__/getShallowestDepth.test.ts(9,31): error TS2345: Argument of type '{ deep: number; description: string; type: number; }[]' is not assignable to parameter of type 'FacetGroupsNormalized'.
packages/redux/src/promotionEvaluations/__tests__/reducer.test.ts(8,5): error TS7034: Variable 'initialState' implicitly has type 'any' in some locations where its type cannot be determined.
packages/redux/src/promotionEvaluations/__tests__/reducer.test.ts(20,29): error TS7005: Variable 'initialState' implicitly has an 'any' type.
packages/redux/src/promotionEvaluations/__tests__/reducer.test.ts(52,29): error TS7005: Variable 'initialState' implicitly has an 'any' type.
packages/redux/src/promotionEvaluations/__tests__/reducer.test.ts(90,26): error TS7005: Variable 'initialState' implicitly has an 'any' type.
packages/redux/src/promotionEvaluations/__tests__/reducer.test.ts(100,29): error TS7005: Variable 'initialState' implicitly has an 'any' type.
packages/redux/src/promotionEvaluations/__tests__/reducer.test.ts(115,12): error TS7005: Variable 'initialState' implicitly has an 'any' type.
packages/redux/src/promotionEvaluations/__tests__/reducer.test.ts(127,29): error TS7005: Variable 'initialState' implicitly has an 'any' type.
packages/redux/src/promotionEvaluations/__tests__/reducer.test.ts(142,12): error TS7005: Variable 'initialState' implicitly has an 'any' type.
packages/redux/src/promotionEvaluations/__tests__/reducer.test.ts(152,35): error TS7005: Variable 'initialState' implicitly has an 'any' type.
packages/redux/src/promotionEvaluations/__tests__/reducer.test.ts(152,55): error TS7005: Variable 'initialState' implicitly has an 'any' type.
packages/redux/src/promotionEvaluations/__tests__/reducer.test.ts(158,39): error TS7005: Variable 'initialState' implicitly has an 'any' type.
packages/redux/src/promotionEvaluations/__tests__/reducer.test.ts(159,9): error TS7005: Variable 'initialState' implicitly has an 'any' type.
packages/redux/src/promotionEvaluations/__tests__/reducer.test.ts(166,36): error TS7005: Variable 'initialState' implicitly has an 'any' type.
packages/redux/src/promotionEvaluations/__tests__/reducer.test.ts(166,59): error TS7005: Variable 'initialState' implicitly has an 'any' type.
packages/redux/src/promotionEvaluations/__tests__/reducer.test.ts(172,32): error TS7005: Variable 'initialState' implicitly has an 'any' type.
packages/redux/src/promotionEvaluations/__tests__/reducer.test.ts(172,55): error TS7005: Variable 'initialState' implicitly has an 'any' type.
packages/redux/src/promotionEvaluations/__tests__/selectors.test.ts(40,60): error TS2345: Argument of type '{ promotionEvaluations: { id: string; error: null; isLoading: boolean; result: { id: string; eligiblePromotions: { promocode: null; displayName: string; eligibleOffers: { type: number; offerMoneyOff: { ...; }; offerPercentOff: null; }[]; }[]; }[]; }; }' is not assignable to parameter of type 'Partial<{ entities: Partial<{ [k: string]: any; addresses: Record<string, Address>; availableTimeSlots: Record<string, Return>; bagItems: Record<number, BagItemEntity>; ... 33 more ...; wishlistSets: Record<...>; }>; ... 24 more ...; wishlist: State; }>'.
  Types of property 'promotionEvaluations' are incompatible.
    Type '{ id: string; error: null; isLoading: boolean; result: { id: string; eligiblePromotions: { promocode: null; displayName: string; eligibleOffers: { type: number; offerMoneyOff: { discount: number; currencyCode: string; formattedDiscount: string; }; offerPercentOff: null; }[]; }[]; }[]; }' is not assignable to type 'State'.
      Type '{ id: string; error: null; isLoading: boolean; result: { id: string; eligiblePromotions: { promocode: null; displayName: string; eligibleOffers: { type: number; offerMoneyOff: { discount: number; currencyCode: string; formattedDiscount: string; }; offerPercentOff: null; }[]; }[]; }[]; }' is not assignable to type '{ error: Error | null; id: string | null; isLoading: boolean; result: PromotionEvaluationItem[] | null; }'.
        Types of property 'result' are incompatible.
          Type '{ id: string; eligiblePromotions: { promocode: null; displayName: string; eligibleOffers: { type: number; offerMoneyOff: { discount: number; currencyCode: string; formattedDiscount: string; }; offerPercentOff: null; }[]; }[]; }[]' is not assignable to type 'PromotionEvaluationItem[]'.
            Type '{ id: string; eligiblePromotions: { promocode: null; displayName: string; eligibleOffers: { type: number; offerMoneyOff: { discount: number; currencyCode: string; formattedDiscount: string; }; offerPercentOff: null; }[]; }[]; }' is not assignable to type 'PromotionEvaluationItem'.
              Types of property 'eligiblePromotions' are incompatible.
                Type '{ promocode: null; displayName: string; eligibleOffers: { type: number; offerMoneyOff: { discount: number; currencyCode: string; formattedDiscount: string; }; offerPercentOff: null; }[]; }[]' is not assignable to type '{ promocode: string; displayName: string; eligibleOffers: { type: number; offerMoneyOff: { discount: number; currencyCode: string; formattedDiscount: string; }; offerPercentOff: { discount: number; currencyCode: string; formattedDiscount: string; }; }[]; }[]'.
                  Type '{ promocode: null; displayName: string; eligibleOffers: { type: number; offerMoneyOff: { discount: number; currencyCode: string; formattedDiscount: string; }; offerPercentOff: null; }[]; }' is not assignable to type '{ promocode: string; displayName: string; eligibleOffers: { type: number; offerMoneyOff: { discount: number; currencyCode: string; formattedDiscount: string; }; offerPercentOff: { discount: number; currencyCode: string; formattedDiscount: string; }; }[]; }'.
                    Types of property 'promocode' are incompatible.
                      Type 'null' is not assignable to type 'string'.
packages/redux/src/promotionEvaluations/__tests__/selectors.test.ts(49,9): error TS2345: Argument of type '{ promotionEvaluations: { id: string; error: null; isLoading: boolean; result: { id: string; eligiblePromotions: { promocode: null; displayName: string; eligibleOffers: { type: number; offerMoneyOff: { ...; }; offerPercentOff: null; }[]; }[]; }[]; }; }' is not assignable to parameter of type 'Partial<{ entities: Partial<{ [k: string]: any; addresses: Record<string, Address>; availableTimeSlots: Record<string, Return>; bagItems: Record<number, BagItemEntity>; ... 33 more ...; wishlistSets: Record<...>; }>; ... 24 more ...; wishlist: State; }>'.
packages/redux/src/promotionEvaluations/__tests__/selectors.test.ts(59,57): error TS2345: Argument of type '{ promotionEvaluations: { id: string; error: null; isLoading: boolean; result: { id: string; eligiblePromotions: { promocode: null; displayName: string; eligibleOffers: { type: number; offerMoneyOff: { ...; }; offerPercentOff: null; }[]; }[]; }[]; }; }' is not assignable to parameter of type 'Partial<{ entities: Partial<{ [k: string]: any; addresses: Record<string, Address>; availableTimeSlots: Record<string, Return>; bagItems: Record<number, BagItemEntity>; ... 33 more ...; wishlistSets: Record<...>; }>; ... 24 more ...; wishlist: State; }>'.
packages/redux/src/promotionEvaluations/actions/__tests__/fetchPromotionEvaluationItems.test.ts(19,5): error TS7034: Variable 'store' implicitly has type 'any' in some locations where its type cannot be determined.
packages/redux/src/promotionEvaluations/actions/__tests__/fetchPromotionEvaluationItems.test.ts(30,33): error TS2339: Property 'mockRejectedValueOnce' does not exist on type 'GetPromotionEvaluationItems'.
packages/redux/src/promotionEvaluations/actions/__tests__/fetchPromotionEvaluationItems.test.ts(35,13): error TS7005: Variable 'store' implicitly has an 'any' type.
packages/redux/src/promotionEvaluations/actions/__tests__/fetchPromotionEvaluationItems.test.ts(45,14): error TS7005: Variable 'store' implicitly has an 'any' type.
packages/redux/src/promotionEvaluations/actions/__tests__/fetchPromotionEvaluationItems.test.ts(64,33): error TS2339: Property 'mockResolvedValueOnce' does not exist on type 'GetPromotionEvaluationItems'.
packages/redux/src/promotionEvaluations/actions/__tests__/fetchPromotionEvaluationItems.test.ts(70,11): error TS7005: Variable 'store' implicitly has an 'any' type.
packages/redux/src/promotionEvaluations/actions/__tests__/fetchPromotionEvaluationItems.test.ts(79,12): error TS7005: Variable 'store' implicitly has an 'any' type.
packages/redux/src/promotionEvaluations/actions/factories/fetchPromotionEvaluationItemsFactory.ts(64,20): error TS2322: Type 'unknown' is not assignable to type 'Error'.
packages/redux/src/promotionEvaluations/selectors.ts(33,33): error TS2345: Argument of type 'State | undefined' is not assignable to parameter of type 'State'.
  Type 'undefined' is not assignable to type 'State'.
    Type 'undefined' is not assignable to type 'EmptyObject'.
packages/redux/src/promotionEvaluations/selectors.ts(56,47): error TS2345: Argument of type 'State | undefined' is not assignable to parameter of type 'State'.
  Type 'undefined' is not assignable to type 'State'.
packages/redux/src/promotionEvaluations/selectors.ts(78,9): error TS2345: Argument of type 'State | undefined' is not assignable to parameter of type 'State'.
  Type 'undefined' is not assignable to type 'State'.
packages/redux/src/promotionEvaluations/selectors.ts(98,31): error TS2345: Argument of type 'State | undefined' is not assignable to parameter of type 'State'.
  Type 'undefined' is not assignable to type 'State'.
packages/redux/src/promotionEvaluations/selectors.ts(118,39): error TS2345: Argument of type 'State | undefined' is not assignable to parameter of type 'State'.
  Type 'undefined' is not assignable to type 'State'.
packages/redux/src/recentlyViewed/__tests__/reducer.test.ts(8,5): error TS7034: Variable 'initialState' implicitly has type 'any' in some locations where its type cannot be determined.
packages/redux/src/recentlyViewed/__tests__/reducer.test.ts(22,35): error TS7005: Variable 'initialState' implicitly has an 'any' type.
packages/redux/src/recentlyViewed/__tests__/reducer.test.ts(49,12): error TS7005: Variable 'initialState' implicitly has an 'any' type.
packages/redux/src/recentlyViewed/__tests__/reducer.test.ts(61,39): error TS7005: Variable 'initialState' implicitly has an 'any' type.
packages/redux/src/recentlyViewed/__tests__/reducer.test.ts(128,12): error TS7005: Variable 'initialState' implicitly has an 'any' type.
packages/redux/src/recentlyViewed/__tests__/reducer.test.ts(140,36): error TS7005: Variable 'initialState' implicitly has an 'any' type.
packages/redux/src/recentlyViewed/__tests__/reducer.test.ts(163,12): error TS7005: Variable 'initialState' implicitly has an 'any' type.
packages/redux/src/recentlyViewed/__tests__/reducer.test.ts(165,14): error TS7005: Variable 'initialState' implicitly has an 'any' type.
packages/redux/src/recentlyViewed/__tests__/reducer.test.ts(191,12): error TS7005: Variable 'initialState' implicitly has an 'any' type.
packages/redux/src/recentlyViewed/__tests__/reducer.test.ts(201,26): error TS7005: Variable 'initialState' implicitly has an 'any' type.
packages/redux/src/recentlyViewed/__tests__/reducer.test.ts(209,26): error TS7005: Variable 'initialState' implicitly has an 'any' type.
packages/redux/src/recentlyViewed/__tests__/reducer.test.ts(218,12): error TS7005: Variable 'initialState' implicitly has an 'any' type.
packages/redux/src/recentlyViewed/__tests__/selectors.test.ts(7,1): error TS1371: This import is never used as a value and must use 'import type' because 'importsNotUsedAsValues' is set to 'error'.
packages/redux/src/recentlyViewed/__tests__/selectors.test.ts(55,38): error TS2532: Object is possibly 'undefined'.
packages/redux/src/recentlyViewed/__tests__/selectors.test.ts(114,9): error TS2532: Object is possibly 'undefined'.
packages/redux/src/recentlyViewed/actions/__tests__/fetchRecentlyViewedProducts.test.ts(28,7): error TS7034: Variable 'store' implicitly has type 'any' in some locations where its type cannot be determined.
packages/redux/src/recentlyViewed/actions/__tests__/fetchRecentlyViewedProducts.test.ts(43,31): error TS2339: Property 'mockRejectedValueOnce' does not exist on type 'GetRecentlyViewedProducts'.
packages/redux/src/recentlyViewed/actions/__tests__/fetchRecentlyViewedProducts.test.ts(48,13): error TS7005: Variable 'store' implicitly has an 'any' type.
packages/redux/src/recentlyViewed/actions/__tests__/fetchRecentlyViewedProducts.test.ts(57,14): error TS7005: Variable 'store' implicitly has an 'any' type.
packages/redux/src/recentlyViewed/actions/__tests__/fetchRecentlyViewedProducts.test.ts(74,31): error TS2339: Property 'mockResolvedValueOnce' does not exist on type 'GetRecentlyViewedProducts'.
packages/redux/src/recentlyViewed/actions/__tests__/fetchRecentlyViewedProducts.test.ts(76,26): error TS7005: Variable 'store' implicitly has an 'any' type.
packages/redux/src/recentlyViewed/actions/__tests__/fetchRecentlyViewedProducts.test.ts(80,27): error TS7005: Variable 'store' implicitly has an 'any' type.
packages/redux/src/recentlyViewed/actions/__tests__/fetchRecentlyViewedProducts.test.ts(120,26): error TS2345: Argument of type '(dispatch: Dispatch<FetchRecentlyViewedProductsAction>, getState: () => Partial<{ entities: Partial<{ [k: string]: any; addresses: Record<string, Address>; ... 35 more ...; wishlistSets: Record<...>; }>; ... 24 more ...; wishlist: State; }>) => Promise<...>' is not assignable to parameter of type 'AnyAction'.
  Property 'type' is missing in type '(dispatch: Dispatch<FetchRecentlyViewedProductsAction>, getState: () => Partial<{ entities: Partial<{ [k: string]: any; addresses: Record<string, Address>; ... 35 more ...; wishlistSets: Record<...>; }>; ... 24 more ...; wishlist: State; }>) => Promise<...>' but required in type 'AnyAction'.
packages/redux/src/recentlyViewed/actions/__tests__/removeRecentlyViewedProduct.test.ts(25,7): error TS7034: Variable 'store' implicitly has type 'any' in some locations where its type cannot be determined.
packages/redux/src/recentlyViewed/actions/__tests__/removeRecentlyViewedProduct.test.ts(37,33): error TS2339: Property 'mockRejectedValueOnce' does not exist on type 'DeleteRecentlyViewedProducts'.
packages/redux/src/recentlyViewed/actions/__tests__/removeRecentlyViewedProduct.test.ts(42,13): error TS7005: Variable 'store' implicitly has an 'any' type.
packages/redux/src/recentlyViewed/actions/__tests__/removeRecentlyViewedProduct.test.ts(51,14): error TS7005: Variable 'store' implicitly has an 'any' type.
packages/redux/src/recentlyViewed/actions/__tests__/removeRecentlyViewedProduct.test.ts(68,33): error TS2339: Property 'mockResolvedValueOnce' does not exist on type 'DeleteRecentlyViewedProducts'.
packages/redux/src/recentlyViewed/actions/__tests__/removeRecentlyViewedProduct.test.ts(70,11): error TS7005: Variable 'store' implicitly has an 'any' type.
packages/redux/src/recentlyViewed/actions/__tests__/removeRecentlyViewedProduct.test.ts(74,27): error TS7005: Variable 'store' implicitly has an 'any' type.
packages/redux/src/recentlyViewed/actions/__tests__/saveRecentlyViewedProduct.test.ts(18,7): error TS7034: Variable 'store' implicitly has type 'any' in some locations where its type cannot be determined.
packages/redux/src/recentlyViewed/actions/__tests__/saveRecentlyViewedProduct.test.ts(27,5): error TS7005: Variable 'store' implicitly has an 'any' type.
packages/redux/src/recentlyViewed/actions/__tests__/saveRecentlyViewedProduct.test.ts(27,27): error TS2532: Object is possibly 'undefined'.
packages/redux/src/recentlyViewed/actions/__tests__/saveRecentlyViewedProduct.test.ts(29,27): error TS7005: Variable 'store' implicitly has an 'any' type.
packages/redux/src/recentlyViewed/actions/__tests__/saveRecentlyViewedProduct.test.ts(36,24): error TS2532: Object is possibly 'undefined'.
packages/redux/src/recentlyViewed/actions/factories/fetchRecentlyViewedProductsFactory.ts(53,20): error TS2322: Type 'unknown' is not assignable to type 'Error'.
packages/redux/src/recentlyViewed/actions/factories/removeRecentlyViewedProductFactory.ts(37,20): error TS2322: Type 'unknown' is not assignable to type 'Error'.
packages/redux/src/recentlyViewed/selectors.ts(26,45): error TS2345: Argument of type 'State | undefined' is not assignable to parameter of type 'State'.
  Type 'undefined' is not assignable to type 'State'.
    Type 'undefined' is not assignable to type 'EmptyObject'.
packages/redux/src/recentlyViewed/selectors.ts(39,53): error TS2345: Argument of type 'State | undefined' is not assignable to parameter of type 'State'.
  Type 'undefined' is not assignable to type 'State'.
packages/redux/src/recentlyViewed/selectors.ts(52,50): error TS2345: Argument of type 'State | undefined' is not assignable to parameter of type 'State'.
  Type 'undefined' is not assignable to type 'State'.
packages/redux/src/recentlyViewed/selectors.ts(66,30): error TS2345: Argument of type 'State | undefined' is not assignable to parameter of type 'State'.
  Type 'undefined' is not assignable to type 'State'.
packages/redux/src/recentlyViewed/selectors.ts(84,13): error TS2345: Argument of type 'State | undefined' is not assignable to parameter of type 'State'.
  Type 'undefined' is not assignable to type 'State'.
packages/redux/src/recommendations/actions/__tests__/fetchProductRecommendations.test.ts(30,7): error TS7034: Variable 'store' implicitly has type 'any' in some locations where its type cannot be determined.
packages/redux/src/recommendations/actions/__tests__/fetchProductRecommendations.test.ts(41,31): error TS2339: Property 'mockRejectedValueOnce' does not exist on type 'GetProductRecommendations'.
packages/redux/src/recommendations/actions/__tests__/fetchProductRecommendations.test.ts(44,11): error TS7005: Variable 'store' implicitly has an 'any' type.
packages/redux/src/recommendations/actions/__tests__/fetchProductRecommendations.test.ts(51,14): error TS7006: Parameter 'error' implicitly has an 'any' type.
packages/redux/src/recommendations/actions/__tests__/fetchProductRecommendations.test.ts(62,16): error TS7005: Variable 'store' implicitly has an 'any' type.
packages/redux/src/recommendations/actions/__tests__/fetchProductRecommendations.test.ts(79,31): error TS2339: Property 'mockResolvedValueOnce' does not exist on type 'GetProductRecommendations'.
packages/redux/src/recommendations/actions/__tests__/fetchProductRecommendations.test.ts(81,27): error TS7005: Variable 'store' implicitly has an 'any' type.
packages/redux/src/recommendations/actions/__tests__/fetchProductRecommendations.test.ts(82,56): error TS2345: Argument of type '{ id: string; products: { product: { id: string; }; score: number; }[]; }[]' is not assignable to parameter of type 'GetProductRecommendation[]'.
  Type '{ id: string; products: { product: { id: string; }; score: number; }[]; }' is not assignable to type 'GetProductRecommendation'.
    Types of property 'products' are incompatible.
      Type '{ product: { id: string; }; score: number; }[]' is not assignable to type 'GetProductItem[]'.
        Type '{ product: { id: string; }; score: number; }' is missing the following properties from type 'GetProductItem': trackers, productRecommendationType
packages/redux/src/recommendations/actions/__tests__/fetchProductRecommendations.test.ts(84,11): error TS7005: Variable 'store' implicitly has an 'any' type.
packages/redux/src/recommendations/actions/__tests__/fetchProductRecommendations.test.ts(95,13): error TS7006: Parameter 'clientResult' implicitly has an 'any' type.
packages/redux/src/recommendations/actions/factories/fetchProductRecommendationsFactory.ts(54,20): error TS2322: Type 'unknown' is not assignable to type 'Error'.
packages/redux/src/recommendations/types/state.types.ts(3,44): error TS2307: Cannot find module '@farfetch/blackout-client/recommendation/types' or its corresponding type declarations.
packages/redux/src/returns/__tests__/reducer.test.ts(88,22): error TS2345: Argument of type '{ error: string; id: string | number | null; isLoading: boolean; returns: StateWithoutResult; references: StateWithoutResult; pickupCapabilities: StateWithoutResult; }' is not assignable to parameter of type 'CombinedState<{ error: Error | null; id: never; isLoading: boolean; returns: any; references: any; pickupCapabilities: any; }>'.
  Type '{ error: string; id: string | number | null; isLoading: boolean; returns: StateWithoutResult; references: StateWithoutResult; pickupCapabilities: StateWithoutResult; }' is not assignable to type '{ error: Error | null; id: never; isLoading: boolean; returns: any; references: any; pickupCapabilities: any; }'.
    Types of property 'error' are incompatible.
      Type 'string' is not assignable to type 'Error | null'.
packages/redux/src/returns/__tests__/reducer.test.ts(129,22): error TS2345: Argument of type '{ id: string; error: Error | null; isLoading: boolean; returns: StateWithoutResult; references: StateWithoutResult; pickupCapabilities: StateWithoutResult; }' is not assignable to parameter of type 'CombinedState<{ error: Error | null; id: never; isLoading: boolean; returns: any; references: any; pickupCapabilities: any; }>'.
  Type '{ id: string; error: Error | null; isLoading: boolean; returns: StateWithoutResult; references: StateWithoutResult; pickupCapabilities: StateWithoutResult; }' is not assignable to type '{ error: Error | null; id: never; isLoading: boolean; returns: any; references: any; pickupCapabilities: any; }'.
    Types of property 'id' are incompatible.
      Type 'string' is not assignable to type 'never'.
packages/redux/src/returns/__tests__/reducer.test.ts(233,22): error TS2345: Argument of type '{ isLoading: string; error: Error | null; id: string | number | null; returns: StateWithoutResult; references: StateWithoutResult; pickupCapabilities: StateWithoutResult; }' is not assignable to parameter of type 'CombinedState<{ error: Error | null; id: never; isLoading: boolean; returns: any; references: any; pickupCapabilities: any; }>'.
  Type '{ isLoading: string; error: Error | null; id: string | number | null; returns: StateWithoutResult; references: StateWithoutResult; pickupCapabilities: StateWithoutResult; }' is not assignable to type '{ error: Error | null; id: never; isLoading: boolean; returns: any; references: any; pickupCapabilities: any; }'.
    Types of property 'id' are incompatible.
      Type 'string | number | null' is not assignable to type 'never'.
        Type 'null' is not assignable to type 'never'.
packages/redux/src/returns/__tests__/reducer.test.ts(296,11): error TS2322: Type '"@farfetch/blackout-redux/LOGOUT_SUCCESS"' is not assignable to type '"@farfetch/blackout-client/RESET_RETURN"'.
packages/redux/src/returns/__tests__/selectors.test.ts(18,38): error TS2345: Argument of type '{ returns: { error: string; id: number; isLoading: boolean; returns: { error: string; isLoading: boolean; }; references: { error: string; isLoading: boolean; }; pickupCapabilities: { error: string; isLoading: boolean; }; }; entities: { ...; }; }' is not assignable to parameter of type 'Partial<{ entities: Partial<{ [k: string]: any; addresses: Record<string, Address>; availableTimeSlots: Record<string, Return>; bagItems: Record<number, BagItemEntity>; ... 33 more ...; wishlistSets: Record<...>; }>; ... 24 more ...; wishlist: State; }>'.
  The types of 'entities.availableTimeSlots' are incompatible between these types.
    Type '{ start: string; end: string; }[]' is not assignable to type 'Record<string, Return>'.
      Index signature for type 'string' is missing in type '{ start: string; end: string; }[]'.
packages/redux/src/returns/__tests__/selectors.test.ts(29,36): error TS2345: Argument of type '{ returns: { error: string; id: number; isLoading: boolean; returns: { error: string; isLoading: boolean; }; references: { error: string; isLoading: boolean; }; pickupCapabilities: { error: string; isLoading: boolean; }; }; entities: { ...; }; }' is not assignable to parameter of type 'Partial<{ entities: Partial<{ [k: string]: any; addresses: Record<string, Address>; availableTimeSlots: Record<string, Return>; bagItems: Record<number, BagItemEntity>; ... 33 more ...; wishlistSets: Record<...>; }>; ... 24 more ...; wishlist: State; }>'.
packages/redux/src/returns/__tests__/selectors.test.ts(39,39): error TS2345: Argument of type '{ returns: { error: string; id: number; isLoading: boolean; returns: { error: string; isLoading: boolean; }; references: { error: string; isLoading: boolean; }; pickupCapabilities: { error: string; isLoading: boolean; }; }; entities: { ...; }; }' is not assignable to parameter of type 'Partial<{ entities: Partial<{ [k: string]: any; addresses: Record<string, Address>; availableTimeSlots: Record<string, Return>; bagItems: Record<number, BagItemEntity>; ... 33 more ...; wishlistSets: Record<...>; }>; ... 24 more ...; wishlist: State; }>'.
packages/redux/src/returns/__tests__/selectors.test.ts(49,40): error TS2345: Argument of type '{ returns: { error: string; id: number; isLoading: boolean; returns: { error: string; isLoading: boolean; }; references: { error: string; isLoading: boolean; }; pickupCapabilities: { error: string; isLoading: boolean; }; }; entities: { ...; }; }' is not assignable to parameter of type 'Partial<{ entities: Partial<{ [k: string]: any; addresses: Record<string, Address>; availableTimeSlots: Record<string, Return>; bagItems: Record<number, BagItemEntity>; ... 33 more ...; wishlistSets: Record<...>; }>; ... 24 more ...; wishlist: State; }>'.
packages/redux/src/returns/__tests__/selectors.test.ts(56,34): error TS2345: Argument of type '{ returns: { error: string; id: number; isLoading: boolean; returns: { error: string; isLoading: boolean; }; references: { error: string; isLoading: boolean; }; pickupCapabilities: { error: string; isLoading: boolean; }; }; entities: { ...; }; }' is not assignable to parameter of type '{ entities?: Partial<{ [k: string]: any; addresses: Record<string, Address>; availableTimeSlots: Record<string, Return>; bagItems: Record<number, BagItemEntity>; ... 33 more ...; wishlistSets: Record<...>; }> | undefined; ... 24 more ...; wishlist?: State | undefined; }'.
  Types of property 'entities' are incompatible.
    Type '{ returnItems: {}; returns: { [x: number]: { id: number; orderId: string; merchantId: number; userId: number; items: (number | undefined)[]; }; }; availableTimeSlots: { start: string; end: string; }[]; }' is not assignable to type 'Partial<{ [k: string]: any; addresses: Record<string, Address>; availableTimeSlots: Record<string, Return>; bagItems: Record<number, BagItemEntity>; ... 33 more ...; wishlistSets: Record<...>; }>'.
packages/redux/src/returns/__tests__/selectors.test.ts(67,34): error TS2345: Argument of type '{ returns: { id: undefined; error: string; isLoading: boolean; returns: { error: string; isLoading: boolean; }; references: { error: string; isLoading: boolean; }; pickupCapabilities: { error: string; isLoading: boolean; }; }; entities: { ...; }; }' is not assignable to parameter of type '{ entities?: Partial<{ [k: string]: any; addresses: Record<string, Address>; availableTimeSlots: Record<string, Return>; bagItems: Record<number, BagItemEntity>; ... 33 more ...; wishlistSets: Record<...>; }> | undefined; ... 24 more ...; wishlist?: State | undefined; }'.
  Types of property 'entities' are incompatible.
    Type '{ returnItems: {}; returns: { [x: number]: { id: number; orderId: string; merchantId: number; userId: number; items: (number | undefined)[]; }; }; availableTimeSlots: { start: string; end: string; }[]; }' is not assignable to type 'Partial<{ [k: string]: any; addresses: Record<string, Address>; availableTimeSlots: Record<string, Return>; bagItems: Record<number, BagItemEntity>; ... 33 more ...; wishlistSets: Record<...>; }>'.
packages/redux/src/returns/__tests__/selectors.test.ts(73,30): error TS2532: Object is possibly 'undefined'.
packages/redux/src/returns/__tests__/selectors.test.ts(74,42): error TS2345: Argument of type '{ returns: { error: string; id: number; isLoading: boolean; returns: { error: string; isLoading: boolean; }; references: { error: string; isLoading: boolean; }; pickupCapabilities: { error: string; isLoading: boolean; }; }; entities: { ...; }; }' is not assignable to parameter of type '{ entities?: Partial<{ [k: string]: any; addresses: Record<string, Address>; availableTimeSlots: Record<string, Return>; bagItems: Record<number, BagItemEntity>; ... 33 more ...; wishlistSets: Record<...>; }> | undefined; ... 24 more ...; wishlist?: State | undefined; }'.
  Types of property 'entities' are incompatible.
    Type '{ returnItems: {}; returns: { [x: number]: { id: number; orderId: string; merchantId: number; userId: number; items: (number | undefined)[]; }; }; availableTimeSlots: { start: string; end: string; }[]; }' is not assignable to type 'Partial<{ [k: string]: any; addresses: Record<string, Address>; availableTimeSlots: Record<string, Return>; bagItems: Record<number, BagItemEntity>; ... 33 more ...; wishlistSets: Record<...>; }>'.
packages/redux/src/returns/__tests__/selectors.test.ts(80,62): error TS2538: Type 'undefined' cannot be used as an index type.
packages/redux/src/returns/__tests__/selectors.test.ts(81,39): error TS2345: Argument of type '{ returns: { error: string; id: number; isLoading: boolean; returns: { error: string; isLoading: boolean; }; references: { error: string; isLoading: boolean; }; pickupCapabilities: { error: string; isLoading: boolean; }; }; entities: { ...; }; }' is not assignable to parameter of type '{ entities?: Partial<{ [k: string]: any; addresses: Record<string, Address>; availableTimeSlots: Record<string, Return>; bagItems: Record<number, BagItemEntity>; ... 33 more ...; wishlistSets: Record<...>; }> | undefined; ... 24 more ...; wishlist?: State | undefined; }'.
  Types of property 'entities' are incompatible.
    Type '{ returnItems: {}; returns: { [x: number]: { id: number; orderId: string; merchantId: number; userId: number; items: (number | undefined)[]; }; }; availableTimeSlots: { start: string; end: string; }[]; }' is not assignable to type 'Partial<{ [k: string]: any; addresses: Record<string, Address>; availableTimeSlots: Record<string, Return>; bagItems: Record<number, BagItemEntity>; ... 33 more ...; wishlistSets: Record<...>; }>'.
packages/redux/src/returns/__tests__/selectors.test.ts(90,41): error TS2345: Argument of type '{ returns: { error: string; id: number; isLoading: boolean; returns: { error: string; isLoading: boolean; }; references: { error: string; isLoading: boolean; }; pickupCapabilities: { error: string; isLoading: boolean; }; }; entities: { ...; }; }' is not assignable to parameter of type 'Partial<{ entities: Partial<{ [k: string]: any; addresses: Record<string, Address>; availableTimeSlots: Record<string, Return>; bagItems: Record<number, BagItemEntity>; ... 33 more ...; wishlistSets: Record<...>; }>; ... 24 more ...; wishlist: State; }>'.
packages/redux/src/returns/__tests__/selectors.test.ts(100,40): error TS2345: Argument of type '{ returns: { error: string; id: number; isLoading: boolean; returns: { error: string; isLoading: boolean; }; references: { error: string; isLoading: boolean; }; pickupCapabilities: { error: string; isLoading: boolean; }; }; entities: { ...; }; }' is not assignable to parameter of type 'Partial<{ entities: Partial<{ [k: string]: any; addresses: Record<string, Address>; availableTimeSlots: Record<string, Return>; bagItems: Record<number, BagItemEntity>; ... 33 more ...; wishlistSets: Record<...>; }>; ... 24 more ...; wishlist: State; }>'.
packages/redux/src/returns/__tests__/selectors.test.ts(110,44): error TS2345: Argument of type '{ returns: { error: string; id: number; isLoading: boolean; returns: { error: string; isLoading: boolean; }; references: { error: string; isLoading: boolean; }; pickupCapabilities: { error: string; isLoading: boolean; }; }; entities: { ...; }; }' is not assignable to parameter of type 'Partial<{ entities: Partial<{ [k: string]: any; addresses: Record<string, Address>; availableTimeSlots: Record<string, Return>; bagItems: Record<number, BagItemEntity>; ... 33 more ...; wishlistSets: Record<...>; }>; ... 24 more ...; wishlist: State; }>'.
packages/redux/src/returns/__tests__/selectors.test.ts(120,43): error TS2345: Argument of type '{ returns: { error: string; id: number; isLoading: boolean; returns: { error: string; isLoading: boolean; }; references: { error: string; isLoading: boolean; }; pickupCapabilities: { error: string; isLoading: boolean; }; }; entities: { ...; }; }' is not assignable to parameter of type 'Partial<{ entities: Partial<{ [k: string]: any; addresses: Record<string, Address>; availableTimeSlots: Record<string, Return>; bagItems: Record<number, BagItemEntity>; ... 33 more ...; wishlistSets: Record<...>; }>; ... 24 more ...; wishlist: State; }>'.
packages/redux/src/returns/__tests__/selectors.test.ts(130,52): error TS2345: Argument of type '{ returns: { error: string; id: number; isLoading: boolean; returns: { error: string; isLoading: boolean; }; references: { error: string; isLoading: boolean; }; pickupCapabilities: { error: string; isLoading: boolean; }; }; entities: { ...; }; }' is not assignable to parameter of type 'Partial<{ entities: Partial<{ [k: string]: any; addresses: Record<string, Address>; availableTimeSlots: Record<string, Return>; bagItems: Record<number, BagItemEntity>; ... 33 more ...; wishlistSets: Record<...>; }>; ... 24 more ...; wishlist: State; }>'.
packages/redux/src/returns/__tests__/selectors.test.ts(142,51): error TS2345: Argument of type '{ returns: { error: string; id: number; isLoading: boolean; returns: { error: string; isLoading: boolean; }; references: { error: string; isLoading: boolean; }; pickupCapabilities: { error: string; isLoading: boolean; }; }; entities: { ...; }; }' is not assignable to parameter of type 'Partial<{ entities: Partial<{ [k: string]: any; addresses: Record<string, Address>; availableTimeSlots: Record<string, Return>; bagItems: Record<number, BagItemEntity>; ... 33 more ...; wishlistSets: Record<...>; }>; ... 24 more ...; wishlist: State; }>'.
packages/redux/src/returns/actions/__tests__/createReturn.test.ts(23,7): error TS7034: Variable 'store' implicitly has type 'any' in some locations where its type cannot be determined.
packages/redux/src/returns/actions/__tests__/createReturn.test.ts(34,16): error TS2339: Property 'mockRejectedValueOnce' does not exist on type 'PostReturn'.
packages/redux/src/returns/actions/__tests__/createReturn.test.ts(38,13): error TS7005: Variable 'store' implicitly has an 'any' type.
packages/redux/src/returns/actions/__tests__/createReturn.test.ts(38,41): error TS2345: Argument of type '{ availableDates: string[]; id: number; orderId: string; merchantId: number; userId: number; type: string; status: string; courier: string; numberOfBoxes: number; numberOfItems: number; maximumDateForPickup: string; ... 4 more ...; references: { ...; }[]; }' is not assignable to parameter of type 'Return'.
  Type '{ availableDates: string[]; id: number; orderId: string; merchantId: number; userId: number; type: string; status: string; courier: string; numberOfBoxes: number; numberOfItems: number; maximumDateForPickup: string; ... 4 more ...; references: { ...; }[]; }' is missing the following properties from type 'Return': userPickupAddress, pickupSchedule, merchantLocationId, refundPreference
packages/redux/src/returns/actions/__tests__/createReturn.test.ts(43,14): error TS7005: Variable 'store' implicitly has an 'any' type.
packages/redux/src/returns/actions/__tests__/createReturn.test.ts(56,16): error TS2339: Property 'mockResolvedValueOnce' does not exist on type 'PostReturn'.
packages/redux/src/returns/actions/__tests__/createReturn.test.ts(58,11): error TS7005: Variable 'store' implicitly has an 'any' type.
packages/redux/src/returns/actions/__tests__/createReturn.test.ts(58,39): error TS2345: Argument of type '{ availableDates: string[]; id: number; orderId: string; merchantId: number; userId: number; type: string; status: string; courier: string; numberOfBoxes: number; numberOfItems: number; maximumDateForPickup: string; ... 4 more ...; references: { ...; }[]; }' is not assignable to parameter of type 'Return'.
packages/redux/src/returns/actions/__tests__/createReturn.test.ts(60,27): error TS7005: Variable 'store' implicitly has an 'any' type.
packages/redux/src/returns/actions/__tests__/fetchPickupCapabilities.test.ts(20,7): error TS7034: Variable 'store' implicitly has type 'any' in some locations where its type cannot be determined.
packages/redux/src/returns/actions/__tests__/fetchPickupCapabilities.test.ts(31,27): error TS2339: Property 'mockRejectedValueOnce' does not exist on type 'GetPickupCapabilities'.
packages/redux/src/returns/actions/__tests__/fetchPickupCapabilities.test.ts(35,13): error TS7005: Variable 'store' implicitly has an 'any' type.
packages/redux/src/returns/actions/__tests__/fetchPickupCapabilities.test.ts(44,14): error TS7005: Variable 'store' implicitly has an 'any' type.
packages/redux/src/returns/actions/__tests__/fetchPickupCapabilities.test.ts(59,27): error TS2339: Property 'mockResolvedValueOnce' does not exist on type 'GetPickupCapabilities'.
packages/redux/src/returns/actions/__tests__/fetchPickupCapabilities.test.ts(61,11): error TS7005: Variable 'store' implicitly has an 'any' type.
packages/redux/src/returns/actions/__tests__/fetchPickupCapabilities.test.ts(63,13): error TS7006: Parameter 'result' implicitly has an 'any' type.
packages/redux/src/returns/actions/__tests__/fetchPickupCapabilities.test.ts(67,27): error TS7005: Variable 'store' implicitly has an 'any' type.
packages/redux/src/returns/actions/__tests__/fetchReferences.test.ts(19,7): error TS7034: Variable 'store' implicitly has type 'any' in some locations where its type cannot be determined.
packages/redux/src/returns/actions/__tests__/fetchReferences.test.ts(31,19): error TS2339: Property 'mockRejectedValueOnce' does not exist on type 'GetReferences'.
packages/redux/src/returns/actions/__tests__/fetchReferences.test.ts(35,13): error TS7005: Variable 'store' implicitly has an 'any' type.
packages/redux/src/returns/actions/__tests__/fetchReferences.test.ts(45,14): error TS7005: Variable 'store' implicitly has an 'any' type.
packages/redux/src/returns/actions/__tests__/fetchReferences.test.ts(58,19): error TS2339: Property 'mockResolvedValueOnce' does not exist on type 'GetReferences'.
packages/redux/src/returns/actions/__tests__/fetchReferences.test.ts(59,11): error TS7005: Variable 'store' implicitly has an 'any' type.
packages/redux/src/returns/actions/__tests__/fetchReferences.test.ts(61,27): error TS7005: Variable 'store' implicitly has an 'any' type.
packages/redux/src/returns/actions/__tests__/fetchReturn.test.ts(22,7): error TS7034: Variable 'store' implicitly has type 'any' in some locations where its type cannot be determined.
packages/redux/src/returns/actions/__tests__/fetchReturn.test.ts(36,15): error TS2339: Property 'mockRejectedValueOnce' does not exist on type 'GetReturn'.
packages/redux/src/returns/actions/__tests__/fetchReturn.test.ts(40,13): error TS7005: Variable 'store' implicitly has an 'any' type.
packages/redux/src/returns/actions/__tests__/fetchReturn.test.ts(45,14): error TS7005: Variable 'store' implicitly has an 'any' type.
packages/redux/src/returns/actions/__tests__/fetchReturn.test.ts(58,15): error TS2339: Property 'mockResolvedValueOnce' does not exist on type 'GetReturn'.
packages/redux/src/returns/actions/__tests__/fetchReturn.test.ts(59,11): error TS7005: Variable 'store' implicitly has an 'any' type.
packages/redux/src/returns/actions/__tests__/fetchReturn.test.ts(61,27): error TS7005: Variable 'store' implicitly has an 'any' type.
packages/redux/src/returns/actions/__tests__/fetchReturnsFromOrder.test.ts(25,7): error TS7034: Variable 'store' implicitly has type 'any' in some locations where its type cannot be determined.
packages/redux/src/returns/actions/__tests__/fetchReturnsFromOrder.test.ts(36,25): error TS2339: Property 'mockRejectedValueOnce' does not exist on type 'GetReturnsFromOrder'.
packages/redux/src/returns/actions/__tests__/fetchReturnsFromOrder.test.ts(40,13): error TS7005: Variable 'store' implicitly has an 'any' type.
packages/redux/src/returns/actions/__tests__/fetchReturnsFromOrder.test.ts(49,14): error TS7005: Variable 'store' implicitly has an 'any' type.
packages/redux/src/returns/actions/__tests__/fetchReturnsFromOrder.test.ts(62,25): error TS2339: Property 'mockResolvedValueOnce' does not exist on type 'GetReturnsFromOrder'.
packages/redux/src/returns/actions/__tests__/fetchReturnsFromOrder.test.ts(65,11): error TS7005: Variable 'store' implicitly has an 'any' type.
packages/redux/src/returns/actions/__tests__/fetchReturnsFromOrder.test.ts(67,27): error TS7005: Variable 'store' implicitly has an 'any' type.
packages/redux/src/returns/actions/__tests__/resetReturn.test.ts(10,7): error TS7034: Variable 'store' implicitly has type 'any' in some locations where its type cannot be determined.
packages/redux/src/returns/actions/__tests__/resetReturn.test.ts(20,11): error TS7005: Variable 'store' implicitly has an 'any' type.
packages/redux/src/returns/actions/__tests__/resetReturn.test.ts(22,12): error TS7005: Variable 'store' implicitly has an 'any' type.
packages/redux/src/returns/actions/__tests__/resetReturn.test.ts(35,11): error TS7005: Variable 'store' implicitly has an 'any' type.
packages/redux/src/returns/actions/__tests__/resetReturn.test.ts(37,12): error TS7005: Variable 'store' implicitly has an 'any' type.
packages/redux/src/returns/actions/__tests__/updateReturn.test.ts(19,7): error TS7034: Variable 'store' implicitly has type 'any' in some locations where its type cannot be determined.
packages/redux/src/returns/actions/__tests__/updateReturn.test.ts(40,17): error TS2339: Property 'mockRejectedValueOnce' does not exist on type 'PatchReturn'.
packages/redux/src/returns/actions/__tests__/updateReturn.test.ts(44,13): error TS7005: Variable 'store' implicitly has an 'any' type.
packages/redux/src/returns/actions/__tests__/updateReturn.test.ts(54,14): error TS7005: Variable 'store' implicitly has an 'any' type.
packages/redux/src/returns/actions/__tests__/updateReturn.test.ts(67,17): error TS2339: Property 'mockResolvedValueOnce' does not exist on type 'PatchReturn'.
packages/redux/src/returns/actions/__tests__/updateReturn.test.ts(69,11): error TS7005: Variable 'store' implicitly has an 'any' type.
packages/redux/src/returns/actions/__tests__/updateReturn.test.ts(71,27): error TS7005: Variable 'store' implicitly has an 'any' type.
packages/redux/src/returns/reducer.ts(173,22): error TS7006: Parameter 'state' implicitly has an 'any' type.
packages/redux/src/returns/reducer.ts(173,29): error TS7006: Parameter 'action' implicitly has an 'any' type.
packages/redux/src/returns/selectors.ts(33,57): error TS2345: Argument of type 'State | undefined' is not assignable to parameter of type 'State'.
  Type 'undefined' is not assignable to type 'State'.
packages/redux/src/returns/selectors.ts(47,33): error TS7053: Element implicitly has an 'any' type because expression of type 'string | number' can't be used to index type 'Return'.
  No index signature with a parameter of type 'string' was found on type 'Return'.
packages/redux/src/returns/selectors.ts(59,63): error TS2345: Argument of type 'State | undefined' is not assignable to parameter of type 'State'.
  Type 'undefined' is not assignable to type 'State'.
packages/redux/src/returns/selectors.ts(100,33): error TS2532: Object is possibly 'undefined'.
packages/redux/src/returns/selectors.ts(100,33): error TS7053: Element implicitly has an 'any' type because expression of type 'string' can't be used to index type 'ReturnItem'.
  No index signature with a parameter of type 'string' was found on type 'ReturnItem'.
packages/redux/src/returns/selectors.ts(114,16): error TS2345: Argument of type 'State | undefined' is not assignable to parameter of type 'State'.
  Type 'undefined' is not assignable to type 'State'.
packages/redux/src/returns/selectors.ts(127,14): error TS2345: Argument of type 'State | undefined' is not assignable to parameter of type 'State'.
  Type 'undefined' is not assignable to type 'State'.
packages/redux/src/returns/selectors.ts(140,14): error TS2345: Argument of type 'State | undefined' is not assignable to parameter of type 'State'.
  Type 'undefined' is not assignable to type 'State'.
packages/redux/src/returns/selectors.ts(152,25): error TS2345: Argument of type 'State | undefined' is not assignable to parameter of type 'State'.
  Type 'undefined' is not assignable to type 'State'.
packages/redux/src/returns/selectors.ts(164,25): error TS2345: Argument of type 'State | undefined' is not assignable to parameter of type 'State'.
  Type 'undefined' is not assignable to type 'State'.
packages/redux/src/returns/selectors.ts(176,17): error TS2345: Argument of type 'State | undefined' is not assignable to parameter of type 'State'.
  Type 'undefined' is not assignable to type 'State'.
packages/redux/src/returns/selectors.ts(188,17): error TS2345: Argument of type 'State | undefined' is not assignable to parameter of type 'State'.
  Type 'undefined' is not assignable to type 'State'.
packages/redux/src/search/actions/__tests__/fetchSearchDidYouMean.test.ts(20,5): error TS7034: Variable 'store' implicitly has type 'any' in some locations where its type cannot be determined.
packages/redux/src/search/actions/__tests__/fetchSearchDidYouMean.test.ts(31,25): error TS2339: Property 'mockRejectedValueOnce' does not exist on type 'GetSearchDidYouMean'.
packages/redux/src/search/actions/__tests__/fetchSearchDidYouMean.test.ts(35,11): error TS7005: Variable 'store' implicitly has an 'any' type.
packages/redux/src/search/actions/__tests__/fetchSearchDidYouMean.test.ts(35,48): error TS2345: Argument of type '{ genders: number[]; searchTerms: string; }' is not assignable to parameter of type 'SearchDidYouMeanQuery'.
packages/redux/src/search/actions/__tests__/fetchSearchDidYouMean.test.ts(35,62): error TS7006: Parameter 'error' implicitly has an 'any' type.
packages/redux/src/search/actions/__tests__/fetchSearchDidYouMean.test.ts(39,14): error TS7005: Variable 'store' implicitly has an 'any' type.
packages/redux/src/search/actions/__tests__/fetchSearchDidYouMean.test.ts(54,25): error TS2339: Property 'mockResolvedValueOnce' does not exist on type 'GetSearchDidYouMean'.
packages/redux/src/search/actions/__tests__/fetchSearchDidYouMean.test.ts(58,11): error TS7005: Variable 'store' implicitly has an 'any' type.
packages/redux/src/search/actions/__tests__/fetchSearchDidYouMean.test.ts(58,48): error TS2345: Argument of type '{ genders: number[]; searchTerms: string; }' is not assignable to parameter of type 'SearchDidYouMeanQuery'.
packages/redux/src/search/actions/__tests__/fetchSearchDidYouMean.test.ts(58,61): error TS7006: Parameter 'clientResult' implicitly has an 'any' type.
packages/redux/src/search/actions/__tests__/fetchSearchDidYouMean.test.ts(64,12): error TS7005: Variable 'store' implicitly has an 'any' type.
packages/redux/src/search/actions/__tests__/fetchSearchIntents.test.ts(20,5): error TS7034: Variable 'store' implicitly has type 'any' in some locations where its type cannot be determined.
packages/redux/src/search/actions/__tests__/fetchSearchIntents.test.ts(31,22): error TS2339: Property 'mockRejectedValueOnce' does not exist on type 'GetSearchIntents'.
packages/redux/src/search/actions/__tests__/fetchSearchIntents.test.ts(35,11): error TS7005: Variable 'store' implicitly has an 'any' type.
packages/redux/src/search/actions/__tests__/fetchSearchIntents.test.ts(35,59): error TS7006: Parameter 'error' implicitly has an 'any' type.
packages/redux/src/search/actions/__tests__/fetchSearchIntents.test.ts(39,14): error TS7005: Variable 'store' implicitly has an 'any' type.
packages/redux/src/search/actions/__tests__/fetchSearchIntents.test.ts(54,22): error TS2339: Property 'mockResolvedValueOnce' does not exist on type 'GetSearchIntents'.
packages/redux/src/search/actions/__tests__/fetchSearchIntents.test.ts(58,11): error TS7005: Variable 'store' implicitly has an 'any' type.
packages/redux/src/search/actions/__tests__/fetchSearchIntents.test.ts(58,58): error TS7006: Parameter 'clientResult' implicitly has an 'any' type.
packages/redux/src/search/actions/__tests__/fetchSearchIntents.test.ts(64,12): error TS7005: Variable 'store' implicitly has an 'any' type.
packages/redux/src/search/actions/__tests__/fetchSearchSuggestions.test.ts(20,5): error TS7034: Variable 'store' implicitly has type 'any' in some locations where its type cannot be determined.
packages/redux/src/search/actions/__tests__/fetchSearchSuggestions.test.ts(31,26): error TS2339: Property 'mockRejectedValueOnce' does not exist on type 'GetSearchSuggestions'.
packages/redux/src/search/actions/__tests__/fetchSearchSuggestions.test.ts(35,11): error TS7005: Variable 'store' implicitly has an 'any' type.
packages/redux/src/search/actions/__tests__/fetchSearchSuggestions.test.ts(35,63): error TS7006: Parameter 'error' implicitly has an 'any' type.
packages/redux/src/search/actions/__tests__/fetchSearchSuggestions.test.ts(39,14): error TS7005: Variable 'store' implicitly has an 'any' type.
packages/redux/src/search/actions/__tests__/fetchSearchSuggestions.test.ts(54,26): error TS2339: Property 'mockResolvedValueOnce' does not exist on type 'GetSearchSuggestions'.
packages/redux/src/search/actions/__tests__/fetchSearchSuggestions.test.ts(58,11): error TS7005: Variable 'store' implicitly has an 'any' type.
packages/redux/src/search/actions/__tests__/fetchSearchSuggestions.test.ts(58,62): error TS7006: Parameter 'clientResult' implicitly has an 'any' type.
packages/redux/src/search/actions/__tests__/fetchSearchSuggestions.test.ts(64,12): error TS7005: Variable 'store' implicitly has an 'any' type.
packages/redux/src/search/actions/__tests__/resetSearchDidYouMean.test.ts(9,13): error TS2554: Expected 2-3 arguments, but got 0.
packages/redux/src/search/actions/__tests__/resetSearchDidYouMean.test.ts(10,20): error TS2345: Argument of type '(dispatch: Dispatch) => void' is not assignable to parameter of type 'AnyAction'.
  Property 'type' is missing in type '(dispatch: Dispatch) => void' but required in type 'AnyAction'.
packages/redux/src/search/actions/__tests__/resetSearchIntents.test.ts(9,13): error TS2554: Expected 2-3 arguments, but got 0.
packages/redux/src/search/actions/__tests__/resetSearchIntents.test.ts(10,20): error TS2345: Argument of type '(dispatch: Dispatch) => void' is not assignable to parameter of type 'AnyAction'.
  Property 'type' is missing in type '(dispatch: Dispatch) => void' but required in type 'AnyAction'.
packages/redux/src/search/actions/__tests__/resetSearchSuggestions.test.ts(9,13): error TS2554: Expected 2-3 arguments, but got 0.
packages/redux/src/search/actions/__tests__/resetSearchSuggestions.test.ts(10,20): error TS2345: Argument of type '(dispatch: Dispatch) => void' is not assignable to parameter of type 'AnyAction'.
  Property 'type' is missing in type '(dispatch: Dispatch) => void' but required in type 'AnyAction'.
packages/redux/src/search/actions/factories/fetchSearchDidYouMeanFactory.ts(64,20): error TS2322: Type 'unknown' is not assignable to type 'Error'.
packages/redux/src/search/actions/factories/fetchSearchIntentsFactory.ts(67,20): error TS2322: Type 'unknown' is not assignable to type 'Error'.
packages/redux/src/search/actions/factories/fetchSearchSuggestionsFactory.ts(65,20): error TS2322: Type 'unknown' is not assignable to type 'Error'.
packages/redux/src/search/reducer/__tests__/searchDidYouMean.test.ts(6,5): error TS7034: Variable 'initialState' implicitly has type 'any' in some locations where its type cannot be determined.
packages/redux/src/search/reducer/__tests__/searchDidYouMean.test.ts(18,17): error TS2345: Argument of type 'undefined' is not assignable to parameter of type 'SearchDidYouMeanState'.
  Type 'undefined' is not assignable to type 'EmptyObject'.
packages/redux/src/search/reducer/__tests__/searchDidYouMean.test.ts(21,17): error TS7005: Variable 'initialState' implicitly has an 'any' type.
packages/redux/src/search/reducer/__tests__/searchDidYouMean.test.ts(27,29): error TS2345: Argument of type 'undefined' is not assignable to parameter of type 'SearchDidYouMeanState'.
packages/redux/src/search/reducer/__tests__/searchDidYouMean.test.ts(29,29): error TS7005: Variable 'initialState' implicitly has an 'any' type.
packages/redux/src/search/reducer/__tests__/searchDidYouMean.test.ts(35,17): error TS2345: Argument of type 'undefined' is not assignable to parameter of type 'SearchDidYouMeanState'.
packages/redux/src/search/reducer/__tests__/searchDidYouMean.test.ts(39,17): error TS7005: Variable 'initialState' implicitly has an 'any' type.
packages/redux/src/search/reducer/__tests__/searchDidYouMean.test.ts(46,17): error TS2345: Argument of type 'undefined' is not assignable to parameter of type 'SearchDidYouMeanState'.
packages/redux/src/search/reducer/__tests__/searchDidYouMean.test.ts(57,26): error TS7005: Variable 'initialState' implicitly has an 'any' type.
packages/redux/src/search/reducer/__tests__/searchDidYouMean.test.ts(59,29): error TS2345: Argument of type '{ type: string; }' is not assignable to parameter of type 'FetchSearchDidYouMeanAction | ResetSearchDidYouMeanAction'.
  Type '{ type: string; }' is not assignable to type 'ResetSearchDidYouMeanAction'.
    Types of property 'type' are incompatible.
      Type 'string' is not assignable to type '"@farfetch/blackout-redux/RESET_SEARCH_DID_YOU_MEAN"'.
packages/redux/src/search/reducer/__tests__/searchDidYouMean.test.ts(65,29): error TS2345: Argument of type 'undefined' is not assignable to parameter of type 'SearchDidYouMeanState'.
packages/redux/src/search/reducer/__tests__/searchDidYouMean.test.ts(67,29): error TS7005: Variable 'initialState' implicitly has an 'any' type.
packages/redux/src/search/reducer/__tests__/searchDidYouMean.test.ts(73,17): error TS2345: Argument of type 'undefined' is not assignable to parameter of type 'SearchDidYouMeanState'.
packages/redux/src/search/reducer/__tests__/searchDidYouMean.test.ts(81,26): error TS7005: Variable 'initialState' implicitly has an 'any' type.
packages/redux/src/search/reducer/__tests__/searchDidYouMean.test.ts(83,29): error TS2345: Argument of type '{ type: string; }' is not assignable to parameter of type 'FetchSearchDidYouMeanAction | ResetSearchDidYouMeanAction'.
packages/redux/src/search/reducer/__tests__/searchDidYouMean.test.ts(89,29): error TS2345: Argument of type 'undefined' is not assignable to parameter of type 'SearchDidYouMeanState'.
packages/redux/src/search/reducer/__tests__/searchDidYouMean.test.ts(91,29): error TS7005: Variable 'initialState' implicitly has an 'any' type.
packages/redux/src/search/reducer/__tests__/searchDidYouMean.test.ts(97,17): error TS2345: Argument of type 'undefined' is not assignable to parameter of type 'SearchDidYouMeanState'.
packages/redux/src/search/reducer/__tests__/searchDidYouMean.test.ts(106,17): error TS2345: Argument of type 'undefined' is not assignable to parameter of type 'SearchDidYouMeanState'.
packages/redux/src/search/reducer/__tests__/searchDidYouMean.test.ts(111,17): error TS7005: Variable 'initialState' implicitly has an 'any' type.
packages/redux/src/search/reducer/__tests__/searchDidYouMean.test.ts(116,17): error TS2345: Argument of type 'undefined' is not assignable to parameter of type 'SearchDidYouMeanState'.
packages/redux/src/search/reducer/__tests__/searchDidYouMean.test.ts(121,17): error TS7005: Variable 'initialState' implicitly has an 'any' type.
packages/redux/src/search/reducer/__tests__/searchDidYouMean.test.ts(125,26): error TS7005: Variable 'initialState' implicitly has an 'any' type.
packages/redux/src/search/reducer/__tests__/searchDidYouMean.test.ts(127,29): error TS2345: Argument of type '{ type: string; }' is not assignable to parameter of type 'FetchSearchDidYouMeanAction | ResetSearchDidYouMeanAction'.
packages/redux/src/search/reducer/__tests__/searchDidYouMean.test.ts(133,29): error TS2345: Argument of type 'undefined' is not assignable to parameter of type 'SearchDidYouMeanState'.
packages/redux/src/search/reducer/__tests__/searchDidYouMean.test.ts(135,29): error TS7005: Variable 'initialState' implicitly has an 'any' type.
packages/redux/src/search/reducer/__tests__/searchDidYouMean.test.ts(141,17): error TS2345: Argument of type 'undefined' is not assignable to parameter of type 'SearchDidYouMeanState'.
packages/redux/src/search/reducer/__tests__/searchDidYouMean.test.ts(150,17): error TS2345: Argument of type 'undefined' is not assignable to parameter of type 'SearchDidYouMeanState'.
packages/redux/src/search/reducer/__tests__/searchDidYouMean.test.ts(161,17): error TS2345: Argument of type 'undefined' is not assignable to parameter of type 'SearchDidYouMeanState'.
packages/redux/src/search/reducer/__tests__/searchDidYouMean.test.ts(170,26): error TS7005: Variable 'initialState' implicitly has an 'any' type.
packages/redux/src/search/reducer/__tests__/searchDidYouMean.test.ts(172,29): error TS2345: Argument of type '{ type: string; }' is not assignable to parameter of type 'FetchSearchDidYouMeanAction | ResetSearchDidYouMeanAction'.
packages/redux/src/search/reducer/__tests__/searchDidYouMean.test.ts(179,26): error TS7005: Variable 'initialState' implicitly has an 'any' type.
packages/redux/src/search/reducer/__tests__/searchDidYouMean.test.ts(188,26): error TS7005: Variable 'initialState' implicitly has an 'any' type.
packages/redux/src/search/reducer/__tests__/searchDidYouMean.test.ts(197,26): error TS7005: Variable 'initialState' implicitly has an 'any' type.
packages/redux/src/search/reducer/__tests__/searchDidYouMean.test.ts(206,26): error TS7005: Variable 'initialState' implicitly has an 'any' type.
packages/redux/src/search/reducer/__tests__/searchIntents.test.ts(6,5): error TS7034: Variable 'initialState' implicitly has type 'any' in some locations where its type cannot be determined.
packages/redux/src/search/reducer/__tests__/searchIntents.test.ts(19,17): error TS2345: Argument of type 'undefined' is not assignable to parameter of type 'SearchIntentsState'.
  Type 'undefined' is not assignable to type 'EmptyObject'.
packages/redux/src/search/reducer/__tests__/searchIntents.test.ts(22,17): error TS7005: Variable 'initialState' implicitly has an 'any' type.
packages/redux/src/search/reducer/__tests__/searchIntents.test.ts(28,29): error TS2345: Argument of type 'undefined' is not assignable to parameter of type 'SearchIntentsState'.
packages/redux/src/search/reducer/__tests__/searchIntents.test.ts(30,29): error TS7005: Variable 'initialState' implicitly has an 'any' type.
packages/redux/src/search/reducer/__tests__/searchIntents.test.ts(36,17): error TS2345: Argument of type 'undefined' is not assignable to parameter of type 'SearchIntentsState'.
packages/redux/src/search/reducer/__tests__/searchIntents.test.ts(40,17): error TS7005: Variable 'initialState' implicitly has an 'any' type.
packages/redux/src/search/reducer/__tests__/searchIntents.test.ts(47,17): error TS2345: Argument of type 'undefined' is not assignable to parameter of type 'SearchIntentsState'.
packages/redux/src/search/reducer/__tests__/searchIntents.test.ts(58,26): error TS7005: Variable 'initialState' implicitly has an 'any' type.
packages/redux/src/search/reducer/__tests__/searchIntents.test.ts(60,29): error TS2345: Argument of type '{ type: string; }' is not assignable to parameter of type 'FetchSearchIntentsAction | ResetSearchIntentsAction'.
  Type '{ type: string; }' is not assignable to type 'ResetSearchIntentsAction'.
    Types of property 'type' are incompatible.
      Type 'string' is not assignable to type '"@farfetch/blackout-redux/RESET_SEARCH_INTENTS"'.
packages/redux/src/search/reducer/__tests__/searchIntents.test.ts(66,29): error TS2345: Argument of type 'undefined' is not assignable to parameter of type 'SearchIntentsState'.
packages/redux/src/search/reducer/__tests__/searchIntents.test.ts(68,29): error TS7005: Variable 'initialState' implicitly has an 'any' type.
packages/redux/src/search/reducer/__tests__/searchIntents.test.ts(74,17): error TS2345: Argument of type 'undefined' is not assignable to parameter of type 'SearchIntentsState'.
packages/redux/src/search/reducer/__tests__/searchIntents.test.ts(83,17): error TS2345: Argument of type 'undefined' is not assignable to parameter of type 'SearchIntentsState'.
packages/redux/src/search/reducer/__tests__/searchIntents.test.ts(88,17): error TS7005: Variable 'initialState' implicitly has an 'any' type.
packages/redux/src/search/reducer/__tests__/searchIntents.test.ts(93,17): error TS2345: Argument of type 'undefined' is not assignable to parameter of type 'SearchIntentsState'.
packages/redux/src/search/reducer/__tests__/searchIntents.test.ts(98,17): error TS7005: Variable 'initialState' implicitly has an 'any' type.
packages/redux/src/search/reducer/__tests__/searchIntents.test.ts(102,26): error TS7005: Variable 'initialState' implicitly has an 'any' type.
packages/redux/src/search/reducer/__tests__/searchIntents.test.ts(104,29): error TS2345: Argument of type '{ type: string; }' is not assignable to parameter of type 'FetchSearchIntentsAction | ResetSearchIntentsAction'.
packages/redux/src/search/reducer/__tests__/searchIntents.test.ts(110,29): error TS2345: Argument of type 'undefined' is not assignable to parameter of type 'SearchIntentsState'.
packages/redux/src/search/reducer/__tests__/searchIntents.test.ts(112,29): error TS7005: Variable 'initialState' implicitly has an 'any' type.
packages/redux/src/search/reducer/__tests__/searchIntents.test.ts(118,17): error TS2345: Argument of type 'undefined' is not assignable to parameter of type 'SearchIntentsState'.
packages/redux/src/search/reducer/__tests__/searchIntents.test.ts(127,17): error TS2345: Argument of type 'undefined' is not assignable to parameter of type 'SearchIntentsState'.
packages/redux/src/search/reducer/__tests__/searchIntents.test.ts(138,17): error TS2345: Argument of type 'undefined' is not assignable to parameter of type 'SearchIntentsState'.
packages/redux/src/search/reducer/__tests__/searchIntents.test.ts(147,26): error TS7005: Variable 'initialState' implicitly has an 'any' type.
packages/redux/src/search/reducer/__tests__/searchIntents.test.ts(149,29): error TS2345: Argument of type '{ type: string; }' is not assignable to parameter of type 'FetchSearchIntentsAction | ResetSearchIntentsAction'.
packages/redux/src/search/reducer/__tests__/searchIntents.test.ts(156,26): error TS7005: Variable 'initialState' implicitly has an 'any' type.
packages/redux/src/search/reducer/__tests__/searchIntents.test.ts(165,26): error TS7005: Variable 'initialState' implicitly has an 'any' type.
packages/redux/src/search/reducer/__tests__/searchIntents.test.ts(174,26): error TS7005: Variable 'initialState' implicitly has an 'any' type.
packages/redux/src/search/reducer/__tests__/searchSuggestions.test.ts(6,5): error TS7034: Variable 'initialState' implicitly has type 'any' in some locations where its type cannot be determined.
packages/redux/src/search/reducer/__tests__/searchSuggestions.test.ts(19,17): error TS2345: Argument of type 'undefined' is not assignable to parameter of type 'SearchSuggestionsState'.
  Type 'undefined' is not assignable to type 'EmptyObject'.
packages/redux/src/search/reducer/__tests__/searchSuggestions.test.ts(22,17): error TS7005: Variable 'initialState' implicitly has an 'any' type.
packages/redux/src/search/reducer/__tests__/searchSuggestions.test.ts(28,29): error TS2345: Argument of type 'undefined' is not assignable to parameter of type 'SearchSuggestionsState'.
packages/redux/src/search/reducer/__tests__/searchSuggestions.test.ts(30,29): error TS7005: Variable 'initialState' implicitly has an 'any' type.
packages/redux/src/search/reducer/__tests__/searchSuggestions.test.ts(36,17): error TS2345: Argument of type 'undefined' is not assignable to parameter of type 'SearchSuggestionsState'.
packages/redux/src/search/reducer/__tests__/searchSuggestions.test.ts(40,17): error TS7005: Variable 'initialState' implicitly has an 'any' type.
packages/redux/src/search/reducer/__tests__/searchSuggestions.test.ts(47,17): error TS2345: Argument of type 'undefined' is not assignable to parameter of type 'SearchSuggestionsState'.
packages/redux/src/search/reducer/__tests__/searchSuggestions.test.ts(58,26): error TS7005: Variable 'initialState' implicitly has an 'any' type.
packages/redux/src/search/reducer/__tests__/searchSuggestions.test.ts(60,29): error TS2345: Argument of type '{ type: string; }' is not assignable to parameter of type 'FetchSearchSuggestionsAction | ResetSearchSuggestionsAction'.
  Type '{ type: string; }' is not assignable to type 'ResetSearchSuggestionsAction'.
    Types of property 'type' are incompatible.
      Type 'string' is not assignable to type '"@farfetch/blackout-redux/RESET_SEARCH_SUGGESTIONS"'.
packages/redux/src/search/reducer/__tests__/searchSuggestions.test.ts(66,29): error TS2345: Argument of type 'undefined' is not assignable to parameter of type 'SearchSuggestionsState'.
packages/redux/src/search/reducer/__tests__/searchSuggestions.test.ts(68,29): error TS7005: Variable 'initialState' implicitly has an 'any' type.
packages/redux/src/search/reducer/__tests__/searchSuggestions.test.ts(74,17): error TS2345: Argument of type 'undefined' is not assignable to parameter of type 'SearchSuggestionsState'.
packages/redux/src/search/reducer/__tests__/searchSuggestions.test.ts(83,17): error TS2345: Argument of type 'undefined' is not assignable to parameter of type 'SearchSuggestionsState'.
packages/redux/src/search/reducer/__tests__/searchSuggestions.test.ts(88,17): error TS7005: Variable 'initialState' implicitly has an 'any' type.
packages/redux/src/search/reducer/__tests__/searchSuggestions.test.ts(93,17): error TS2345: Argument of type 'undefined' is not assignable to parameter of type 'SearchSuggestionsState'.
packages/redux/src/search/reducer/__tests__/searchSuggestions.test.ts(98,17): error TS7005: Variable 'initialState' implicitly has an 'any' type.
packages/redux/src/search/reducer/__tests__/searchSuggestions.test.ts(102,26): error TS7005: Variable 'initialState' implicitly has an 'any' type.
packages/redux/src/search/reducer/__tests__/searchSuggestions.test.ts(104,29): error TS2345: Argument of type '{ type: string; }' is not assignable to parameter of type 'FetchSearchSuggestionsAction | ResetSearchSuggestionsAction'.
packages/redux/src/search/reducer/__tests__/searchSuggestions.test.ts(110,29): error TS2345: Argument of type 'undefined' is not assignable to parameter of type 'SearchSuggestionsState'.
packages/redux/src/search/reducer/__tests__/searchSuggestions.test.ts(112,29): error TS7005: Variable 'initialState' implicitly has an 'any' type.
packages/redux/src/search/reducer/__tests__/searchSuggestions.test.ts(118,17): error TS2345: Argument of type 'undefined' is not assignable to parameter of type 'SearchSuggestionsState'.
packages/redux/src/search/reducer/__tests__/searchSuggestions.test.ts(126,26): error TS7005: Variable 'initialState' implicitly has an 'any' type.
packages/redux/src/search/reducer/__tests__/searchSuggestions.test.ts(128,29): error TS2345: Argument of type '{ type: string; }' is not assignable to parameter of type 'FetchSearchSuggestionsAction | ResetSearchSuggestionsAction'.
packages/redux/src/search/reducer/__tests__/searchSuggestions.test.ts(134,29): error TS2345: Argument of type 'undefined' is not assignable to parameter of type 'SearchSuggestionsState'.
packages/redux/src/search/reducer/__tests__/searchSuggestions.test.ts(136,29): error TS7005: Variable 'initialState' implicitly has an 'any' type.
packages/redux/src/search/reducer/__tests__/searchSuggestions.test.ts(142,17): error TS2345: Argument of type 'undefined' is not assignable to parameter of type 'SearchSuggestionsState'.
packages/redux/src/search/reducer/__tests__/searchSuggestions.test.ts(151,17): error TS2345: Argument of type 'undefined' is not assignable to parameter of type 'SearchSuggestionsState'.
packages/redux/src/search/reducer/__tests__/searchSuggestions.test.ts(162,17): error TS2345: Argument of type 'undefined' is not assignable to parameter of type 'SearchSuggestionsState'.
packages/redux/src/search/reducer/__tests__/searchSuggestions.test.ts(171,26): error TS7005: Variable 'initialState' implicitly has an 'any' type.
packages/redux/src/search/reducer/__tests__/searchSuggestions.test.ts(173,29): error TS2345: Argument of type '{ type: string; }' is not assignable to parameter of type 'FetchSearchSuggestionsAction | ResetSearchSuggestionsAction'.
packages/redux/src/search/reducer/__tests__/searchSuggestions.test.ts(180,26): error TS7005: Variable 'initialState' implicitly has an 'any' type.
packages/redux/src/search/reducer/__tests__/searchSuggestions.test.ts(189,26): error TS7005: Variable 'initialState' implicitly has an 'any' type.
packages/redux/src/search/reducer/__tests__/searchSuggestions.test.ts(198,26): error TS7005: Variable 'initialState' implicitly has an 'any' type.
packages/redux/src/search/reducer/__tests__/searchSuggestions.test.ts(207,26): error TS7005: Variable 'initialState' implicitly has an 'any' type.
packages/redux/src/search/selectors/__tests__/searchDidYouMean.test.ts(20,50): error TS2345: Argument of type '{ search: { didYouMean: { query: { genders: number[]; searchTerms: string; }; error: string; isLoading: boolean; result: { suggestion: string; type: number; resourceId: number; }[]; }; }; }' is not assignable to parameter of type 'Partial<{ entities: Partial<{ [k: string]: any; addresses: Record<string, Address>; availableTimeSlots: Record<string, Return>; bagItems: Record<number, BagItemEntity>; ... 33 more ...; wishlistSets: Record<...>; }>; ... 24 more ...; wishlist: State; }>'.
  Types of property 'search' are incompatible.
    Type '{ didYouMean: { query: { genders: number[]; searchTerms: string; }; error: string; isLoading: boolean; result: { suggestion: string; type: number; resourceId: number; }[]; }; }' is not assignable to type 'State'.
      Type '{ didYouMean: { query: { genders: number[]; searchTerms: string; }; error: string; isLoading: boolean; result: { suggestion: string; type: number; resourceId: number; }[]; }; }' is missing the following properties from type '{ didYouMean: SearchDidYouMeanState; intents: SearchIntentsState; suggestions: SearchSuggestionsState; }': intents, suggestions
packages/redux/src/search/selectors/__tests__/searchDidYouMean.test.ts(30,49): error TS2345: Argument of type '{ search: { didYouMean: { query: { genders: number[]; searchTerms: string; }; error: string; isLoading: boolean; result: { suggestion: string; type: number; resourceId: number; }[]; }; }; }' is not assignable to parameter of type 'Partial<{ entities: Partial<{ [k: string]: any; addresses: Record<string, Address>; availableTimeSlots: Record<string, Return>; bagItems: Record<number, BagItemEntity>; ... 33 more ...; wishlistSets: Record<...>; }>; ... 24 more ...; wishlist: State; }>'.
packages/redux/src/search/selectors/__tests__/searchDidYouMean.test.ts(39,49): error TS2345: Argument of type '{ search: { didYouMean: { query: { genders: number[]; searchTerms: string; }; error: string; isLoading: boolean; result: { suggestion: string; type: number; resourceId: number; }[]; }; }; }' is not assignable to parameter of type 'Partial<{ entities: Partial<{ [k: string]: any; addresses: Record<string, Address>; availableTimeSlots: Record<string, Return>; bagItems: Record<number, BagItemEntity>; ... 33 more ...; wishlistSets: Record<...>; }>; ... 24 more ...; wishlist: State; }>'.
packages/redux/src/search/selectors/__tests__/searchDidYouMean.test.ts(47,50): error TS2345: Argument of type '{ search: { didYouMean: { query: { genders: number[]; searchTerms: string; }; error: string; isLoading: boolean; result: { suggestion: string; type: number; resourceId: number; }[]; }; }; }' is not assignable to parameter of type 'Partial<{ entities: Partial<{ [k: string]: any; addresses: Record<string, Address>; availableTimeSlots: Record<string, Return>; bagItems: Record<number, BagItemEntity>; ... 33 more ...; wishlistSets: Record<...>; }>; ... 24 more ...; wishlist: State; }>'.
packages/redux/src/search/selectors/__tests__/searchIntents.test.ts(19,48): error TS2345: Argument of type '{ search: { intents: { error: null; isLoading: boolean; result: { typeRequest: number; redirectUrl: string; resources: { typeFilter: number; values: { value: string; slug: string; }[]; }[]; }; }; }; }' is not assignable to parameter of type 'Partial<{ entities: Partial<{ [k: string]: any; addresses: Record<string, Address>; availableTimeSlots: Record<string, Return>; bagItems: Record<number, BagItemEntity>; ... 33 more ...; wishlistSets: Record<...>; }>; ... 24 more ...; wishlist: State; }>'.
  Types of property 'search' are incompatible.
    Type '{ intents: { error: null; isLoading: boolean; result: { typeRequest: number; redirectUrl: string; resources: { typeFilter: number; values: { value: string; slug: string; }[]; }[]; }; }; }' is not assignable to type 'State'.
      Type '{ intents: { error: null; isLoading: boolean; result: { typeRequest: number; redirectUrl: string; resources: { typeFilter: number; values: { value: string; slug: string; }[]; }[]; }; }; }' is missing the following properties from type '{ didYouMean: SearchDidYouMeanState; intents: SearchIntentsState; suggestions: SearchSuggestionsState; }': didYouMean, suggestions
packages/redux/src/search/selectors/__tests__/searchIntents.test.ts(29,46): error TS2345: Argument of type '{ search: { intents: { error: null; isLoading: boolean; result: { typeRequest: number; redirectUrl: string; resources: { typeFilter: number; values: { value: string; slug: string; }[]; }[]; }; }; }; }' is not assignable to parameter of type 'Partial<{ entities: Partial<{ [k: string]: any; addresses: Record<string, Address>; availableTimeSlots: Record<string, Return>; bagItems: Record<number, BagItemEntity>; ... 33 more ...; wishlistSets: Record<...>; }>; ... 24 more ...; wishlist: State; }>'.
packages/redux/src/search/selectors/__tests__/searchIntents.test.ts(38,47): error TS2345: Argument of type '{ search: { intents: { error: null; isLoading: boolean; result: { typeRequest: number; redirectUrl: string; resources: { typeFilter: number; values: { value: string; slug: string; }[]; }[]; }; }; }; }' is not assignable to parameter of type 'Partial<{ entities: Partial<{ [k: string]: any; addresses: Record<string, Address>; availableTimeSlots: Record<string, Return>; bagItems: Record<number, BagItemEntity>; ... 33 more ...; wishlistSets: Record<...>; }>; ... 24 more ...; wishlist: State; }>'.
packages/redux/src/search/selectors/__tests__/searchSuggestions.test.ts(20,52): error TS2345: Argument of type '{ search: { suggestions: { error: string; isLoading: boolean; query: { gender: number; ignoreFilterExclusions: boolean; query: string; }; result: { gender: number; id: number; suggestion: string; type: number; matchesSearch: boolean; typeName: string; url: string; numberOfResults: number; }[]; }; }; }' is not assignable to parameter of type 'Partial<{ entities: Partial<{ [k: string]: any; addresses: Record<string, Address>; availableTimeSlots: Record<string, Return>; bagItems: Record<number, BagItemEntity>; ... 33 more ...; wishlistSets: Record<...>; }>; ... 24 more ...; wishlist: State; }>'.
  Types of property 'search' are incompatible.
    Type '{ suggestions: { error: string; isLoading: boolean; query: { gender: number; ignoreFilterExclusions: boolean; query: string; }; result: { gender: number; id: number; suggestion: string; type: number; matchesSearch: boolean; typeName: string; url: string; numberOfResults: number; }[]; }; }' is not assignable to type 'State'.
      Type '{ suggestions: { error: string; isLoading: boolean; query: { gender: number; ignoreFilterExclusions: boolean; query: string; }; result: { gender: number; id: number; suggestion: string; type: number; matchesSearch: boolean; typeName: string; url: string; numberOfResults: number; }[]; }; }' is missing the following properties from type '{ didYouMean: SearchDidYouMeanState; intents: SearchIntentsState; suggestions: SearchSuggestionsState; }': didYouMean, intents
packages/redux/src/search/selectors/__tests__/searchSuggestions.test.ts(30,50): error TS2345: Argument of type '{ search: { suggestions: { error: string; isLoading: boolean; query: { gender: number; ignoreFilterExclusions: boolean; query: string; }; result: { gender: number; id: number; suggestion: string; type: number; matchesSearch: boolean; typeName: string; url: string; numberOfResults: number; }[]; }; }; }' is not assignable to parameter of type 'Partial<{ entities: Partial<{ [k: string]: any; addresses: Record<string, Address>; availableTimeSlots: Record<string, Return>; bagItems: Record<number, BagItemEntity>; ... 33 more ...; wishlistSets: Record<...>; }>; ... 24 more ...; wishlist: State; }>'.
packages/redux/src/search/selectors/__tests__/searchSuggestions.test.ts(39,50): error TS2345: Argument of type '{ search: { suggestions: { error: string; isLoading: boolean; query: { gender: number; ignoreFilterExclusions: boolean; query: string; }; result: { gender: number; id: number; suggestion: string; type: number; matchesSearch: boolean; typeName: string; url: string; numberOfResults: number; }[]; }; }; }' is not assignable to parameter of type 'Partial<{ entities: Partial<{ [k: string]: any; addresses: Record<string, Address>; availableTimeSlots: Record<string, Return>; bagItems: Record<number, BagItemEntity>; ... 33 more ...; wishlistSets: Record<...>; }>; ... 24 more ...; wishlist: State; }>'.
packages/redux/src/search/selectors/__tests__/searchSuggestions.test.ts(47,51): error TS2345: Argument of type '{ search: { suggestions: { error: string; isLoading: boolean; query: { gender: number; ignoreFilterExclusions: boolean; query: string; }; result: { gender: number; id: number; suggestion: string; type: number; matchesSearch: boolean; typeName: string; url: string; numberOfResults: number; }[]; }; }; }' is not assignable to parameter of type 'Partial<{ entities: Partial<{ [k: string]: any; addresses: Record<string, Address>; availableTimeSlots: Record<string, Return>; bagItems: Record<number, BagItemEntity>; ... 33 more ...; wishlistSets: Record<...>; }>; ... 24 more ...; wishlist: State; }>'.
packages/redux/src/search/selectors/searchDidYouMean.ts(27,40): error TS2532: Object is possibly 'undefined'.
packages/redux/src/search/selectors/searchDidYouMean.ts(47,44): error TS2532: Object is possibly 'undefined'.
packages/redux/src/search/selectors/searchDidYouMean.ts(69,40): error TS2532: Object is possibly 'undefined'.
packages/redux/src/search/selectors/searchDidYouMean.ts(91,41): error TS2532: Object is possibly 'undefined'.
packages/redux/src/search/selectors/searchIntents.ts(24,37): error TS2532: Object is possibly 'undefined'.
packages/redux/src/search/selectors/searchIntents.ts(44,41): error TS2532: Object is possibly 'undefined'.
packages/redux/src/search/selectors/searchIntents.ts(66,38): error TS2532: Object is possibly 'undefined'.
packages/redux/src/search/selectors/searchSuggestions.ts(27,41): error TS2532: Object is possibly 'undefined'.
packages/redux/src/search/selectors/searchSuggestions.ts(47,45): error TS2532: Object is possibly 'undefined'.
packages/redux/src/search/selectors/searchSuggestions.ts(69,41): error TS2532: Object is possibly 'undefined'.
packages/redux/src/search/selectors/searchSuggestions.ts(91,42): error TS2532: Object is possibly 'undefined'.
packages/redux/src/sizeGuides/__tests__/reducer.test.ts(5,5): error TS7034: Variable 'initialState' implicitly has type 'any' in some locations where its type cannot be determined.
packages/redux/src/sizeGuides/__tests__/reducer.test.ts(19,17): error TS7005: Variable 'initialState' implicitly has an 'any' type.
packages/redux/src/sizeGuides/__tests__/reducer.test.ts(27,29): error TS7005: Variable 'initialState' implicitly has an 'any' type.
packages/redux/src/sizeGuides/__tests__/reducer.test.ts(32,30): error TS7005: Variable 'initialState' implicitly has an 'any' type.
packages/redux/src/sizeGuides/__tests__/reducer.test.ts(56,26): error TS7005: Variable 'initialState' implicitly has an 'any' type.
packages/redux/src/sizeGuides/__tests__/reducer.test.ts(66,29): error TS7005: Variable 'initialState' implicitly has an 'any' type.
packages/redux/src/sizeGuides/__tests__/reducer.test.ts(86,17): error TS7005: Variable 'initialState' implicitly has an 'any' type.
packages/redux/src/sizeGuides/__tests__/reducer.test.ts(96,17): error TS7005: Variable 'initialState' implicitly has an 'any' type.
packages/redux/src/sizeGuides/__tests__/reducer.test.ts(100,26): error TS7005: Variable 'initialState' implicitly has an 'any' type.
packages/redux/src/sizeGuides/__tests__/reducer.test.ts(110,36): error TS7005: Variable 'initialState' implicitly has an 'any' type.
packages/redux/src/sizeGuides/__tests__/reducer.test.ts(126,12): error TS7005: Variable 'initialState' implicitly has an 'any' type.
packages/redux/src/sizeGuides/__tests__/reducer.test.ts(137,26): error TS7005: Variable 'initialState' implicitly has an 'any' type.
packages/redux/src/sizeGuides/__tests__/reducer.test.ts(146,26): error TS7005: Variable 'initialState' implicitly has an 'any' type.
packages/redux/src/sizeGuides/__tests__/reducer.test.ts(155,26): error TS7005: Variable 'initialState' implicitly has an 'any' type.
packages/redux/src/sizeGuides/__tests__/selectors.test.ts(21,45): error TS2345: Argument of type '{ sizeGuides: { error: string; isLoading: boolean; result: ({ categoryId: number; brandId: null; maps: { sizeScaleId: number; description: string; abbreviation: string; maps: { description: string; position: number; }[]; }[]; } | { ...; })[]; }; entities: { ...; }; }' is not assignable to parameter of type 'Partial<{ entities: Partial<{ [k: string]: any; addresses: Record<string, Address>; availableTimeSlots: Record<string, Return>; bagItems: Record<number, BagItemEntity>; ... 33 more ...; wishlistSets: Record<...>; }>; ... 24 more ...; wishlist: State; }>'.
  Types of property 'sizeGuides' are incompatible.
    Type '{ error: string; isLoading: boolean; result: ({ categoryId: number; brandId: null; maps: { sizeScaleId: number; description: string; abbreviation: string; maps: { description: string; position: number; }[]; }[]; } | { ...; })[]; }' is not assignable to type 'State'.
      Type '{ error: string; isLoading: boolean; result: ({ categoryId: number; brandId: null; maps: { sizeScaleId: number; description: string; abbreviation: string; maps: { description: string; position: number; }[]; }[]; } | { ...; })[]; }' is not assignable to type '{ error: Error | null; isLoading: boolean; result: SizeGuide[] | null; }'.
        Types of property 'error' are incompatible.
          Type 'string' is not assignable to type 'Error | null'.
packages/redux/src/sizeGuides/__tests__/selectors.test.ts(31,43): error TS2345: Argument of type '{ sizeGuides: { error: string; isLoading: boolean; result: ({ categoryId: number; brandId: null; maps: { sizeScaleId: number; description: string; abbreviation: string; maps: { description: string; position: number; }[]; }[]; } | { ...; })[]; }; entities: { ...; }; }' is not assignable to parameter of type 'Partial<{ entities: Partial<{ [k: string]: any; addresses: Record<string, Address>; availableTimeSlots: Record<string, Return>; bagItems: Record<number, BagItemEntity>; ... 33 more ...; wishlistSets: Record<...>; }>; ... 24 more ...; wishlist: State; }>'.
packages/redux/src/sizeGuides/__tests__/selectors.test.ts(40,38): error TS2345: Argument of type '{ sizeGuides: { error: string; isLoading: boolean; result: ({ categoryId: number; brandId: null; maps: { sizeScaleId: number; description: string; abbreviation: string; maps: { description: string; position: number; }[]; }[]; } | { ...; })[]; }; entities: { ...; }; }' is not assignable to parameter of type 'Partial<{ entities: Partial<{ [k: string]: any; addresses: Record<string, Address>; availableTimeSlots: Record<string, Return>; bagItems: Record<number, BagItemEntity>; ... 33 more ...; wishlistSets: Record<...>; }>; ... 24 more ...; wishlist: State; }>'.
packages/redux/src/sizeGuides/__tests__/selectors.test.ts(49,38): error TS2345: Argument of type '{ sizeGuides: { error: string; isLoading: boolean; result: ({ categoryId: number; brandId: null; maps: { sizeScaleId: number; description: string; abbreviation: string; maps: { description: string; position: number; }[]; }[]; } | { ...; })[]; }; entities: { ...; }; }' is not assignable to parameter of type 'Partial<{ entities: Partial<{ [k: string]: any; addresses: Record<string, Address>; availableTimeSlots: Record<string, Return>; bagItems: Record<number, BagItemEntity>; ... 33 more ...; wishlistSets: Record<...>; }>; ... 24 more ...; wishlist: State; }>'.
packages/redux/src/sizeGuides/__tests__/utils.test.ts(12,9): error TS2322: Type '({ categoryId: number; brandId: null; maps: { sizeScaleId: number; description: string; abbreviation: string; maps: { description: string; position: number; }[]; }[]; } | { categoryId: number; brandId: number; maps: { ...; }[]; })[]' is not assignable to type 'SizeGuide[]'.
packages/redux/src/sizeGuides/__tests__/utils.test.ts(24,9): error TS2322: Type '({ categoryId: number; brandId: null; maps: { sizeScaleId: number; description: string; abbreviation: string; maps: { description: string; position: number; }[]; }[]; } | { categoryId: number; brandId: number; maps: { ...; }[]; } | undefined)[]' is not assignable to type 'SizeGuide[]'.
  Type '{ categoryId: number; brandId: null; maps: { sizeScaleId: number; description: string; abbreviation: string; maps: { description: string; position: number; }[]; }[]; } | { categoryId: number; brandId: number; maps: { ...; }[]; } | undefined' is not assignable to type 'SizeGuide'.
    Type 'undefined' is not assignable to type 'SizeGuide'.
packages/redux/src/sizeGuides/__tests__/utils.test.ts(36,9): error TS2322: Type '({ categoryId: number; brandId: null; maps: { sizeScaleId: number; description: string; abbreviation: string; maps: { description: string; position: number; }[]; }[]; } | { categoryId: number; brandId: number; maps: { ...; }[]; } | undefined)[]' is not assignable to type 'SizeGuide[]'.
packages/redux/src/sizeGuides/__tests__/utils.test.ts(48,9): error TS2322: Type '({ categoryId: number; brandId: null; maps: { sizeScaleId: number; description: string; abbreviation: string; maps: { description: string; position: number; }[]; }[]; } | { categoryId: number; brandId: number; maps: { ...; }[]; } | undefined)[]' is not assignable to type 'SizeGuide[]'.
packages/redux/src/sizeGuides/actions/__tests__/fetchSizeGuides.test.ts(16,5): error TS7034: Variable 'store' implicitly has type 'any' in some locations where its type cannot be determined.
packages/redux/src/sizeGuides/actions/__tests__/fetchSizeGuides.test.ts(27,19): error TS2339: Property 'mockRejectedValueOnce' does not exist on type 'GetSizeGuides'.
packages/redux/src/sizeGuides/actions/__tests__/fetchSizeGuides.test.ts(31,11): error TS7005: Variable 'store' implicitly has an 'any' type.
packages/redux/src/sizeGuides/actions/__tests__/fetchSizeGuides.test.ts(31,60): error TS7006: Parameter 'error' implicitly has an 'any' type.
packages/redux/src/sizeGuides/actions/__tests__/fetchSizeGuides.test.ts(35,14): error TS7005: Variable 'store' implicitly has an 'any' type.
packages/redux/src/sizeGuides/actions/__tests__/fetchSizeGuides.test.ts(50,19): error TS2339: Property 'mockResolvedValueOnce' does not exist on type 'GetSizeGuides'.
packages/redux/src/sizeGuides/actions/__tests__/fetchSizeGuides.test.ts(54,11): error TS7005: Variable 'store' implicitly has an 'any' type.
packages/redux/src/sizeGuides/actions/__tests__/fetchSizeGuides.test.ts(54,59): error TS7006: Parameter 'clientResult' implicitly has an 'any' type.
packages/redux/src/sizeGuides/actions/__tests__/fetchSizeGuides.test.ts(60,12): error TS7005: Variable 'store' implicitly has an 'any' type.
packages/redux/src/sizeGuides/actions/__tests__/resetSizeGuidesState.test.ts(9,13): error TS2554: Expected 2-3 arguments, but got 0.
packages/redux/src/sizeGuides/actions/__tests__/resetSizeGuidesState.test.ts(10,20): error TS2345: Argument of type '(dispatch: Dispatch) => void' is not assignable to parameter of type 'AnyAction'.
  Property 'type' is missing in type '(dispatch: Dispatch) => void' but required in type 'AnyAction'.
packages/redux/src/sizeGuides/actions/factories/fetchSizeGuidesFactory.ts(68,20): error TS2322: Type 'unknown' is not assignable to type 'Error'.
packages/redux/src/sizeGuides/selectors.ts(26,16): error TS2345: Argument of type 'State | undefined' is not assignable to parameter of type 'State'.
  Type 'undefined' is not assignable to type 'State'.
    Type 'undefined' is not assignable to type 'EmptyObject'.
packages/redux/src/sizeGuides/selectors.ts(39,12): error TS2345: Argument of type 'State | undefined' is not assignable to parameter of type 'State'.
  Type 'undefined' is not assignable to type 'State'.
packages/redux/src/sizeGuides/selectors.ts(52,13): error TS2345: Argument of type 'State | undefined' is not assignable to parameter of type 'State'.
  Type 'undefined' is not assignable to type 'State'.
packages/redux/src/sizeScales/__tests__/reducer.test.ts(5,3): error TS2724: '"tests/__fixtures__/sizeScales"' has no exported member named 'mockSizeScaleId'. Did you mean 'mockSizeScale'?
packages/redux/src/sizeScales/__tests__/reducer.test.ts(12,44): error TS2345: Argument of type '{ brand: number; gender: number; sizeScale: number; }' is not assignable to parameter of type 'SizeScaleMappingsQuery'.
packages/redux/src/sizeScales/__tests__/reducer.test.ts(15,5): error TS7034: Variable 'initialState' implicitly has type 'any' in some locations where its type cannot be determined.
packages/redux/src/sizeScales/__tests__/reducer.test.ts(28,17): error TS7005: Variable 'initialState' implicitly has an 'any' type.
packages/redux/src/sizeScales/__tests__/reducer.test.ts(36,26): error TS7005: Variable 'initialState' implicitly has an 'any' type.
packages/redux/src/sizeScales/__tests__/reducer.test.ts(41,30): error TS7005: Variable 'initialState' implicitly has an 'any' type.
packages/redux/src/sizeScales/__tests__/reducer.test.ts(66,26): error TS7005: Variable 'initialState' implicitly has an 'any' type.
packages/redux/src/sizeScales/__tests__/reducer.test.ts(76,26): error TS7005: Variable 'initialState' implicitly has an 'any' type.
packages/redux/src/sizeScales/__tests__/reducer.test.ts(96,17): error TS7005: Variable 'initialState' implicitly has an 'any' type.
packages/redux/src/sizeScales/__tests__/reducer.test.ts(106,17): error TS7005: Variable 'initialState' implicitly has an 'any' type.
packages/redux/src/sizeScales/__tests__/reducer.test.ts(110,26): error TS7005: Variable 'initialState' implicitly has an 'any' type.
packages/redux/src/sizeScales/__tests__/reducer.test.ts(120,29): error TS7005: Variable 'initialState' implicitly has an 'any' type.
packages/redux/src/sizeScales/__tests__/reducer.test.ts(215,12): error TS7005: Variable 'initialState' implicitly has an 'any' type.
packages/redux/src/sizeScales/__tests__/reducer.test.ts(230,29): error TS7005: Variable 'initialState' implicitly has an 'any' type.
packages/redux/src/sizeScales/__tests__/reducer.test.ts(282,41): error TS2345: Argument of type '{ mappings: { error: { "?brand=1664&gender=0&sizeScale=453": { message: string; }; }; isLoading: { "?brand=1664&gender=0&sizeScale=453": boolean; }; result: { "?brand=1664&gender=0&sizeScale=453": { ...; }[]; }; }; error: null; isLoading: boolean; sizeScale: { ...; }; }' is not assignable to parameter of type 'State'.
  Type '{ mappings: { error: { "?brand=1664&gender=0&sizeScale=453": { message: string; }; }; isLoading: { "?brand=1664&gender=0&sizeScale=453": boolean; }; result: { "?brand=1664&gender=0&sizeScale=453": { ...; }[]; }; }; error: null; isLoading: boolean; sizeScale: { ...; }; }' is not assignable to type '{ error: Error | null; isLoading: boolean; sizeScale: { error: Record<string | number, Error | undefined>; isLoading: Record<string | number, boolean | undefined>; }; mappings: { ...; }; }'.
    The types of 'mappings.result' are incompatible between these types.
      Type '{ "?brand=1664&gender=0&sizeScale=453": { scales: { id: number; name: string; gender: number; country: { alpha2Code: string; }; brand: { id: number; }; sizes: { position: number; code: string; }[]; }[]; }[]; }' is not assignable to type 'Record<string, SizeScaleMapping>'.
        Property '"?brand=1664&gender=0&sizeScale=453"' is incompatible with index signature.
          Type '{ scales: { id: number; name: string; gender: number; country: { alpha2Code: string; }; brand: { id: number; }; sizes: { position: number; code: string; }[]; }[]; }[]' is not assignable to type 'SizeScaleMapping'.
packages/redux/src/sizeScales/__tests__/reducer.test.ts(291,15): error TS2345: Argument of type '{ mappings: { error: { "?brand=1664&gender=0&sizeScale=453": { message: string; }; }; isLoading: { "?brand=1664&gender=0&sizeScale=453": boolean; }; result: { "?brand=1664&gender=0&sizeScale=453": { ...; }[]; }; }; error: null; isLoading: boolean; sizeScale: { ...; }; }' is not assignable to parameter of type 'State'.
packages/redux/src/sizeScales/__tests__/reducer.test.ts(300,42): error TS2345: Argument of type '{ mappings: { error: { "?brand=1664&gender=0&sizeScale=453": { message: string; }; }; isLoading: { "?brand=1664&gender=0&sizeScale=453": boolean; }; result: { "?brand=1664&gender=0&sizeScale=453": { ...; }[]; }; }; error: null; isLoading: boolean; sizeScale: { ...; }; }' is not assignable to parameter of type 'State'.
packages/redux/src/sizeScales/__tests__/reducer.test.ts(310,26): error TS7005: Variable 'initialState' implicitly has an 'any' type.
packages/redux/src/sizeScales/__tests__/reducer.test.ts(319,26): error TS7005: Variable 'initialState' implicitly has an 'any' type.
packages/redux/src/sizeScales/__tests__/selectors.test.ts(17,43): error TS2345: Argument of type '{ sizeScales: { error: null; isLoading: boolean; sizeScale: { error: {}; isLoading: { [x: string]: boolean; 284: boolean; }; }; }; entities: { sizeScales: { 284: { sizeScaleId: number; description: string; abbreviation: string; maps: { ...; }[]; isDefault: boolean; categoryId: number; }; }; }; }' is not assignable to parameter of type '{ entities?: Partial<{ [k: string]: any; addresses: Record<string, Address>; availableTimeSlots: Record<string, Return>; bagItems: Record<number, BagItemEntity>; ... 33 more ...; wishlistSets: Record<...>; }> | undefined; ... 24 more ...; wishlist?: State | undefined; }'.
  Types of property 'sizeScales' are incompatible.
    Type '{ error: null; isLoading: boolean; sizeScale: { error: {}; isLoading: { [x: string]: boolean; 284: boolean; }; }; }' is not assignable to type 'State'.
      Property 'mappings' is missing in type '{ error: null; isLoading: boolean; sizeScale: { error: {}; isLoading: { [x: string]: boolean; 284: boolean; }; }; }' but required in type '{ error: Error | null; isLoading: boolean; sizeScale: { error: Record<string | number, Error | undefined>; isLoading: Record<string | number, boolean | undefined>; }; mappings: { ...; }; }'.
packages/redux/src/sizeScales/__tests__/selectors.test.ts(38,43): error TS2345: Argument of type '{ sizeScales: { error: null; isLoading: boolean; sizeScale: { error: {}; isLoading: { [x: string]: boolean; 284: boolean; }; }; }; entities: {}; }' is not assignable to parameter of type '{ entities?: Partial<{ [k: string]: any; addresses: Record<string, Address>; availableTimeSlots: Record<string, Return>; bagItems: Record<number, BagItemEntity>; ... 33 more ...; wishlistSets: Record<...>; }> | undefined; ... 24 more ...; wishlist?: State | undefined; }'.
  Types of property 'sizeScales' are incompatible.
    Type '{ error: null; isLoading: boolean; sizeScale: { error: {}; isLoading: { [x: string]: boolean; 284: boolean; }; }; }' is not assignable to type 'State'.
      Property 'mappings' is missing in type '{ error: null; isLoading: boolean; sizeScale: { error: {}; isLoading: { [x: string]: boolean; 284: boolean; }; }; }' but required in type '{ error: Error | null; isLoading: boolean; sizeScale: { error: Record<string | number, Error | undefined>; isLoading: Record<string | number, boolean | undefined>; }; mappings: { ...; }; }'.
packages/redux/src/sizeScales/__tests__/selectors.test.ts(47,45): error TS2345: Argument of type '{ sizeScales: { error: null; isLoading: boolean; sizeScale: { error: {}; isLoading: { [x: string]: boolean; 284: boolean; }; }; }; entities: { sizeScales: { 284: { sizeScaleId: number; description: string; abbreviation: string; maps: { ...; }[]; isDefault: boolean; categoryId: number; }; }; }; }' is not assignable to parameter of type 'Partial<{ entities: Partial<{ [k: string]: any; addresses: Record<string, Address>; availableTimeSlots: Record<string, Return>; bagItems: Record<number, BagItemEntity>; ... 33 more ...; wishlistSets: Record<...>; }>; ... 24 more ...; wishlist: State; }>'.
  Types of property 'sizeScales' are incompatible.
    Type '{ error: null; isLoading: boolean; sizeScale: { error: {}; isLoading: { [x: string]: boolean; 284: boolean; }; }; }' is not assignable to type 'State'.
packages/redux/src/sizeScales/__tests__/selectors.test.ts(58,43): error TS2345: Argument of type '{ sizeScales: { error: null; isLoading: boolean; sizeScale: { error: {}; isLoading: { [x: string]: boolean; 284: boolean; }; }; }; entities: { sizeScales: { 284: { sizeScaleId: number; description: string; abbreviation: string; maps: { ...; }[]; isDefault: boolean; categoryId: number; }; }; }; }' is not assignable to parameter of type 'Partial<{ entities: Partial<{ [k: string]: any; addresses: Record<string, Address>; availableTimeSlots: Record<string, Return>; bagItems: Record<number, BagItemEntity>; ... 33 more ...; wishlistSets: Record<...>; }>; ... 24 more ...; wishlist: State; }>'.
packages/redux/src/sizeScales/__tests__/selectors.test.ts(66,38): error TS2345: Argument of type '{ sizeScales: { error: null; isLoading: boolean; sizeScale: { error: {}; isLoading: { [x: string]: boolean; 284: boolean; }; }; }; entities: { sizeScales: { 284: { sizeScaleId: number; description: string; abbreviation: string; maps: { ...; }[]; isDefault: boolean; categoryId: number; }; }; }; }' is not assignable to parameter of type 'Partial<{ entities: Partial<{ [k: string]: any; addresses: Record<string, Address>; availableTimeSlots: Record<string, Return>; bagItems: Record<number, BagItemEntity>; ... 33 more ...; wishlistSets: Record<...>; }>; ... 24 more ...; wishlist: State; }>'.
packages/redux/src/sizeScales/__tests__/selectors.test.ts(88,43): error TS2345: Argument of type '{ sizeScales: { error: string; }; }' is not assignable to parameter of type 'Partial<{ entities: Partial<{ [k: string]: any; addresses: Record<string, Address>; availableTimeSlots: Record<string, Return>; bagItems: Record<number, BagItemEntity>; ... 33 more ...; wishlistSets: Record<...>; }>; ... 24 more ...; wishlist: State; }>'.
  Types of property 'sizeScales' are incompatible.
    Type '{ error: string; }' is not assignable to type 'State'.
      Type '{ error: string; }' is missing the following properties from type '{ error: Error | null; isLoading: boolean; sizeScale: { error: Record<string | number, Error | undefined>; isLoading: Record<string | number, boolean | undefined>; }; mappings: { ...; }; }': isLoading, sizeScale, mappings
packages/redux/src/sizeScales/__tests__/selectors.test.ts(108,42): error TS2345: Argument of type '{ sizeScales: { sizeScale: { error: { 284: string; }; }; }; }' is not assignable to parameter of type 'Partial<{ entities: Partial<{ [k: string]: any; addresses: Record<string, Address>; availableTimeSlots: Record<string, Return>; bagItems: Record<number, BagItemEntity>; ... 33 more ...; wishlistSets: Record<...>; }>; ... 24 more ...; wishlist: State; }>'.
  Types of property 'sizeScales' are incompatible.
    Type '{ sizeScale: { error: { 284: string; }; }; }' is not assignable to type 'State'.
      Type '{ sizeScale: { error: { 284: string; }; }; }' is missing the following properties from type '{ error: Error | null; isLoading: boolean; sizeScale: { error: Record<string | number, Error | undefined>; isLoading: Record<string | number, boolean | undefined>; }; mappings: { ...; }; }': error, isLoading, mappings
packages/redux/src/sizeScales/__tests__/selectors.test.ts(127,37): error TS2345: Argument of type '{ sizeScales: { sizeScale: { error: { [x: string]: string; }; }; }; }' is not assignable to parameter of type 'Partial<{ entities: Partial<{ [k: string]: any; addresses: Record<string, Address>; availableTimeSlots: Record<string, Return>; bagItems: Record<number, BagItemEntity>; ... 33 more ...; wishlistSets: Record<...>; }>; ... 24 more ...; wishlist: State; }>'.
  Types of property 'sizeScales' are incompatible.
    Type '{ sizeScale: { error: { [x: string]: string; }; }; }' is not assignable to type 'State'.
      Type '{ sizeScale: { error: { [x: string]: string; }; }; }' is missing the following properties from type '{ error: Error | null; isLoading: boolean; sizeScale: { error: Record<string | number, Error | undefined>; isLoading: Record<string | number, boolean | undefined>; }; mappings: { ...; }; }': error, isLoading, mappings
packages/redux/src/sizeScales/__tests__/selectors.test.ts(137,43): error TS2345: Argument of type '{ sizeScales: { error: null; isLoading: boolean; sizeScale: { error: {}; isLoading: { [x: string]: boolean; 284: boolean; }; }; }; entities: { sizeScales: { 284: { sizeScaleId: number; description: string; abbreviation: string; maps: { ...; }[]; isDefault: boolean; categoryId: number; }; }; }; }' is not assignable to parameter of type 'Partial<{ entities: Partial<{ [k: string]: any; addresses: Record<string, Address>; availableTimeSlots: Record<string, Return>; bagItems: Record<number, BagItemEntity>; ... 33 more ...; wishlistSets: Record<...>; }>; ... 24 more ...; wishlist: State; }>'.
packages/redux/src/sizeScales/__tests__/selectors.test.ts(151,11): error TS2345: Argument of type '{ sizeScales: { mappings: { error: { "?brand=1664&gender=0&sizeScale=453": { message: string; }; }; isLoading: { "?brand=1664&gender=0&sizeScale=453": boolean; }; result: { "?brand=1664&gender=0&sizeScale=453": { ...; }[]; }; }; error: null; isLoading: boolean; sizeScale: { ...; }; }; entities: { ...; }; }' is not assignable to parameter of type 'Partial<{ entities: Partial<{ [k: string]: any; addresses: Record<string, Address>; availableTimeSlots: Record<string, Return>; bagItems: Record<number, BagItemEntity>; ... 33 more ...; wishlistSets: Record<...>; }>; ... 24 more ...; wishlist: State; }>'.
  Types of property 'sizeScales' are incompatible.
    Type '{ mappings: { error: { "?brand=1664&gender=0&sizeScale=453": { message: string; }; }; isLoading: { "?brand=1664&gender=0&sizeScale=453": boolean; }; result: { "?brand=1664&gender=0&sizeScale=453": { ...; }[]; }; }; error: null; isLoading: boolean; sizeScale: { ...; }; }' is not assignable to type 'State'.
packages/redux/src/sizeScales/__tests__/selectors.test.ts(169,11): error TS2345: Argument of type '{ sizeScales: { mappings: { error: { "?brand=1664&gender=0&sizeScale=453": { message: string; }; }; isLoading: { "?brand=1664&gender=0&sizeScale=453": boolean; }; result: { "?brand=1664&gender=0&sizeScale=453": { ...; }[]; }; }; error: null; isLoading: boolean; sizeScale: { ...; }; }; entities: { ...; }; }' is not assignable to parameter of type 'Partial<{ entities: Partial<{ [k: string]: any; addresses: Record<string, Address>; availableTimeSlots: Record<string, Return>; bagItems: Record<number, BagItemEntity>; ... 33 more ...; wishlistSets: Record<...>; }>; ... 24 more ...; wishlist: State; }>'.
packages/redux/src/sizeScales/__tests__/selectors.test.ts(187,11): error TS2345: Argument of type '{ sizeScales: { mappings: { error: { "?brand=1664&gender=0&sizeScale=453": { message: string; }; }; isLoading: { "?brand=1664&gender=0&sizeScale=453": boolean; }; result: { "?brand=1664&gender=0&sizeScale=453": { ...; }[]; }; }; error: null; isLoading: boolean; sizeScale: { ...; }; }; entities: { ...; }; }' is not assignable to parameter of type 'Partial<{ entities: Partial<{ [k: string]: any; addresses: Record<string, Address>; availableTimeSlots: Record<string, Return>; bagItems: Record<number, BagItemEntity>; ... 33 more ...; wishlistSets: Record<...>; }>; ... 24 more ...; wishlist: State; }>'.
packages/redux/src/sizeScales/__tests__/utils.test.ts(7,50): error TS2345: Argument of type '{ brand: number; gender: number; sizeScale: number; }' is not assignable to parameter of type 'SizeScaleMappingsQuery'.
packages/redux/src/sizeScales/actions/__tests__/fetchSizeScale.test.ts(23,5): error TS7034: Variable 'store' implicitly has type 'any' in some locations where its type cannot be determined.
packages/redux/src/sizeScales/actions/__tests__/fetchSizeScale.test.ts(34,18): error TS2339: Property 'mockRejectedValueOnce' does not exist on type 'GetSizeScale'.
packages/redux/src/sizeScales/actions/__tests__/fetchSizeScale.test.ts(38,11): error TS7005: Variable 'store' implicitly has an 'any' type.
packages/redux/src/sizeScales/actions/__tests__/fetchSizeScale.test.ts(38,61): error TS7006: Parameter 'error' implicitly has an 'any' type.
packages/redux/src/sizeScales/actions/__tests__/fetchSizeScale.test.ts(42,14): error TS7005: Variable 'store' implicitly has an 'any' type.
packages/redux/src/sizeScales/actions/__tests__/fetchSizeScale.test.ts(61,18): error TS2339: Property 'mockResolvedValueOnce' does not exist on type 'GetSizeScale'.
packages/redux/src/sizeScales/actions/__tests__/fetchSizeScale.test.ts(65,11): error TS7005: Variable 'store' implicitly has an 'any' type.
packages/redux/src/sizeScales/actions/__tests__/fetchSizeScale.test.ts(65,60): error TS7006: Parameter 'clientResult' implicitly has an 'any' type.
packages/redux/src/sizeScales/actions/__tests__/fetchSizeScale.test.ts(72,12): error TS7005: Variable 'store' implicitly has an 'any' type.
packages/redux/src/sizeScales/actions/__tests__/fetchSizeScaleMappings.test.ts(19,5): error TS7034: Variable 'store' implicitly has type 'any' in some locations where its type cannot be determined.
packages/redux/src/sizeScales/actions/__tests__/fetchSizeScaleMappings.test.ts(30,26): error TS2339: Property 'mockRejectedValueOnce' does not exist on type 'GetSizeScaleMappings'.
packages/redux/src/sizeScales/actions/__tests__/fetchSizeScaleMappings.test.ts(34,11): error TS7005: Variable 'store' implicitly has an 'any' type.
packages/redux/src/sizeScales/actions/__tests__/fetchSizeScaleMappings.test.ts(35,40): error TS2345: Argument of type '{ brand: number; gender: number; sizeScale: number; }' is not assignable to parameter of type 'SizeScaleMappingsQuery'.
packages/redux/src/sizeScales/actions/__tests__/fetchSizeScaleMappings.test.ts(36,14): error TS7006: Parameter 'error' implicitly has an 'any' type.
packages/redux/src/sizeScales/actions/__tests__/fetchSizeScaleMappings.test.ts(43,16): error TS7005: Variable 'store' implicitly has an 'any' type.
packages/redux/src/sizeScales/actions/__tests__/fetchSizeScaleMappings.test.ts(66,26): error TS2339: Property 'mockResolvedValueOnce' does not exist on type 'GetSizeScaleMappings'.
packages/redux/src/sizeScales/actions/__tests__/fetchSizeScaleMappings.test.ts(70,11): error TS7005: Variable 'store' implicitly has an 'any' type.
packages/redux/src/sizeScales/actions/__tests__/fetchSizeScaleMappings.test.ts(71,40): error TS2345: Argument of type '{ brand: number; gender: number; sizeScale: number; }' is not assignable to parameter of type 'SizeScaleMappingsQuery'.
packages/redux/src/sizeScales/actions/__tests__/fetchSizeScaleMappings.test.ts(72,13): error TS7006: Parameter 'clientResult' implicitly has an 'any' type.
packages/redux/src/sizeScales/actions/__tests__/fetchSizeScaleMappings.test.ts(81,12): error TS7005: Variable 'store' implicitly has an 'any' type.
packages/redux/src/sizeScales/actions/__tests__/fetchSizeScales.test.ts(21,5): error TS7034: Variable 'store' implicitly has type 'any' in some locations where its type cannot be determined.
packages/redux/src/sizeScales/actions/__tests__/fetchSizeScales.test.ts(32,19): error TS2339: Property 'mockRejectedValueOnce' does not exist on type 'GetSizeScales'.
packages/redux/src/sizeScales/actions/__tests__/fetchSizeScales.test.ts(36,11): error TS7005: Variable 'store' implicitly has an 'any' type.
packages/redux/src/sizeScales/actions/__tests__/fetchSizeScales.test.ts(36,60): error TS7006: Parameter 'error' implicitly has an 'any' type.
packages/redux/src/sizeScales/actions/__tests__/fetchSizeScales.test.ts(40,14): error TS7005: Variable 'store' implicitly has an 'any' type.
packages/redux/src/sizeScales/actions/__tests__/fetchSizeScales.test.ts(55,19): error TS2339: Property 'mockResolvedValueOnce' does not exist on type 'GetSizeScales'.
packages/redux/src/sizeScales/actions/__tests__/fetchSizeScales.test.ts(59,11): error TS7005: Variable 'store' implicitly has an 'any' type.
packages/redux/src/sizeScales/actions/__tests__/fetchSizeScales.test.ts(61,27): error TS7005: Variable 'store' implicitly has an 'any' type.
packages/redux/src/sizeScales/actions/__tests__/resetSizeScalesState.test.ts(9,13): error TS2554: Expected 2-3 arguments, but got 0.
packages/redux/src/sizeScales/actions/__tests__/resetSizeScalesState.test.ts(10,20): error TS2345: Argument of type '(dispatch: Dispatch<ResetSizeScalesStateAction>) => void' is not assignable to parameter of type 'AnyAction'.
  Property 'type' is missing in type '(dispatch: Dispatch<ResetSizeScalesStateAction>) => void' but required in type 'AnyAction'.
packages/redux/src/sizeScales/actions/factories/fetchSizeScaleFactory.ts(56,20): error TS2322: Type 'unknown' is not assignable to type 'Error'.
packages/redux/src/sizeScales/actions/factories/fetchSizeScaleMappingsFactory.ts(81,20): error TS2322: Type 'unknown' is not assignable to type 'Error'.
packages/redux/src/sizeScales/actions/factories/fetchSizeScalesFactory.ts(67,20): error TS2322: Type 'unknown' is not assignable to type 'Error'.
packages/redux/src/sizeScales/selectors.ts(66,16): error TS2345: Argument of type 'State | undefined' is not assignable to parameter of type 'State'.
  Type 'undefined' is not assignable to type 'State'.
    Type 'undefined' is not assignable to type 'EmptyObject'.
packages/redux/src/sizeScales/selectors.ts(92,44): error TS2345: Argument of type 'State | undefined' is not assignable to parameter of type 'State'.
  Type 'undefined' is not assignable to type 'State'.
packages/redux/src/sizeScales/selectors.ts(106,12): error TS2345: Argument of type 'State | undefined' is not assignable to parameter of type 'State'.
  Type 'undefined' is not assignable to type 'State'.
packages/redux/src/sizeScales/selectors.ts(132,40): error TS2345: Argument of type 'State | undefined' is not assignable to parameter of type 'State'.
  Type 'undefined' is not assignable to type 'State'.
packages/redux/src/sizeScales/selectors.ts(150,37): error TS2345: Argument of type 'State | undefined' is not assignable to parameter of type 'State'.
  Type 'undefined' is not assignable to type 'State'.
packages/redux/src/sizeScales/selectors.ts(179,19): error TS2345: Argument of type 'State | undefined' is not assignable to parameter of type 'State'.
  Type 'undefined' is not assignable to type 'State'.
packages/redux/src/sizeScales/selectors.ts(208,23): error TS2345: Argument of type 'State | undefined' is not assignable to parameter of type 'State'.
  Type 'undefined' is not assignable to type 'State'.
packages/redux/src/sizeScales/selectors.ts(237,20): error TS2345: Argument of type 'State | undefined' is not assignable to parameter of type 'State'.
  Type 'undefined' is not assignable to type 'State'.
packages/redux/src/staffMembers/actions/__tests__/fetchStaffMember.test.ts(37,17): error TS2345: Argument of type '(dispatch: Dispatch<FetchStaffMemberAction>) => Promise<StaffMember>' is not assignable to parameter of type 'AnyAction'.
  Property 'type' is missing in type '(dispatch: Dispatch<FetchStaffMemberAction>) => Promise<StaffMember>' but required in type 'AnyAction'.
packages/redux/src/staffMembers/actions/__tests__/fetchStaffMember.test.ts(65,17): error TS2345: Argument of type '(dispatch: Dispatch<FetchStaffMemberAction>) => Promise<StaffMember>' is not assignable to parameter of type 'AnyAction'.
packages/redux/src/staffMembers/actions/factories/fetchStaffMemberFactory.ts(55,20): error TS2322: Type 'unknown' is not assignable to type 'Error'.
packages/redux/src/staffMembers/selectors.ts(25,34): error TS2345: Argument of type 'State | undefined' is not assignable to parameter of type 'State'.
  Type 'undefined' is not assignable to type 'State'.
packages/redux/src/staffMembers/selectors.ts(40,40): error TS2345: Argument of type 'State | undefined' is not assignable to parameter of type 'State'.
  Type 'undefined' is not assignable to type 'State'.
packages/redux/src/staffMembers/selectors.ts(55,41): error TS2345: Argument of type 'State | undefined' is not assignable to parameter of type 'State'.
  Type 'undefined' is not assignable to type 'State'.
packages/redux/src/subscriptions/actions/__tests__/clearAllUnsubscribeRecipientFromTopicRequests.test.ts(6,7): error TS7034: Variable 'store' implicitly has type 'any' in some locations where its type cannot be determined.
packages/redux/src/subscriptions/actions/__tests__/clearAllUnsubscribeRecipientFromTopicRequests.test.ts(8,13): error TS2554: Expected 2-3 arguments, but got 0.
packages/redux/src/subscriptions/actions/__tests__/clearAllUnsubscribeRecipientFromTopicRequests.test.ts(12,5): error TS7005: Variable 'store' implicitly has an 'any' type.
packages/redux/src/subscriptions/actions/__tests__/clearAllUnsubscribeRecipientFromTopicRequests.test.ts(14,12): error TS7005: Variable 'store' implicitly has an 'any' type.
packages/redux/src/subscriptions/actions/__tests__/clearUnsubscribeRecipientFromTopicRequest.test.ts(5,5): error TS7034: Variable 'store' implicitly has type 'any' in some locations where its type cannot be determined.
packages/redux/src/subscriptions/actions/__tests__/clearUnsubscribeRecipientFromTopicRequest.test.ts(9,13): error TS2554: Expected 2-3 arguments, but got 0.
packages/redux/src/subscriptions/actions/__tests__/clearUnsubscribeRecipientFromTopicRequest.test.ts(15,5): error TS7005: Variable 'store' implicitly has an 'any' type.
packages/redux/src/subscriptions/actions/__tests__/clearUnsubscribeRecipientFromTopicRequest.test.ts(17,12): error TS7005: Variable 'store' implicitly has an 'any' type.
packages/redux/src/subscriptions/actions/__tests__/fetchSubscriptionPackages.test.ts(21,7): error TS7034: Variable 'store' implicitly has type 'any' in some locations where its type cannot be determined.
packages/redux/src/subscriptions/actions/__tests__/fetchSubscriptionPackages.test.ts(33,31): error TS2339: Property 'mockRejectedValueOnce' does not exist on type 'GetSubscriptionPackages'.
packages/redux/src/subscriptions/actions/__tests__/fetchSubscriptionPackages.test.ts(37,15): error TS7005: Variable 'store' implicitly has an 'any' type.
packages/redux/src/subscriptions/actions/__tests__/fetchSubscriptionPackages.test.ts(47,16): error TS7005: Variable 'store' implicitly has an 'any' type.
packages/redux/src/subscriptions/actions/__tests__/fetchSubscriptionPackages.test.ts(62,31): error TS2339: Property 'mockResolvedValueOnce' does not exist on type 'GetSubscriptionPackages'.
packages/redux/src/subscriptions/actions/__tests__/fetchSubscriptionPackages.test.ts(66,13): error TS7005: Variable 'store' implicitly has an 'any' type.
packages/redux/src/subscriptions/actions/__tests__/fetchSubscriptionPackages.test.ts(68,15): error TS7006: Parameter 'clientResult' implicitly has an 'any' type.
packages/redux/src/subscriptions/actions/__tests__/fetchSubscriptionPackages.test.ts(72,29): error TS7005: Variable 'store' implicitly has an 'any' type.
packages/redux/src/subscriptions/actions/__tests__/fetchUserSubscriptions.test.ts(20,7): error TS7034: Variable 'store' implicitly has type 'any' in some locations where its type cannot be determined.
packages/redux/src/subscriptions/actions/__tests__/fetchUserSubscriptions.test.ts(32,24): error TS2339: Property 'mockRejectedValueOnce' does not exist on type 'GetSubscriptions'.
packages/redux/src/subscriptions/actions/__tests__/fetchUserSubscriptions.test.ts(36,15): error TS7005: Variable 'store' implicitly has an 'any' type.
packages/redux/src/subscriptions/actions/__tests__/fetchUserSubscriptions.test.ts(37,34): error TS2345: Argument of type '{ customerId: string; }' is not assignable to parameter of type 'GetSubscriptionsQuery'.
packages/redux/src/subscriptions/actions/__tests__/fetchUserSubscriptions.test.ts(46,16): error TS7005: Variable 'store' implicitly has an 'any' type.
packages/redux/src/subscriptions/actions/__tests__/fetchUserSubscriptions.test.ts(59,24): error TS2339: Property 'mockResolvedValueOnce' does not exist on type 'GetSubscriptions'.
packages/redux/src/subscriptions/actions/__tests__/fetchUserSubscriptions.test.ts(61,13): error TS7005: Variable 'store' implicitly has an 'any' type.
packages/redux/src/subscriptions/actions/__tests__/fetchUserSubscriptions.test.ts(62,42): error TS2345: Argument of type '{ customerId: string; }' is not assignable to parameter of type 'GetSubscriptionsQuery'.
packages/redux/src/subscriptions/actions/__tests__/fetchUserSubscriptions.test.ts(63,15): error TS7006: Parameter 'clientResult' implicitly has an 'any' type.
packages/redux/src/subscriptions/actions/__tests__/fetchUserSubscriptions.test.ts(67,29): error TS7005: Variable 'store' implicitly has an 'any' type.
packages/redux/src/subscriptions/actions/__tests__/resetSubscriptions.test.ts(5,5): error TS7034: Variable 'store' implicitly has type 'any' in some locations where its type cannot be determined.
packages/redux/src/subscriptions/actions/__tests__/resetSubscriptions.test.ts(9,13): error TS2554: Expected 2-3 arguments, but got 0.
packages/redux/src/subscriptions/actions/__tests__/resetSubscriptions.test.ts(13,5): error TS7005: Variable 'store' implicitly has an 'any' type.
packages/redux/src/subscriptions/actions/__tests__/resetSubscriptions.test.ts(14,27): error TS7005: Variable 'store' implicitly has an 'any' type.
packages/redux/src/subscriptions/actions/__tests__/unsubscribeFromSubscriptions.test.ts(20,7): error TS7034: Variable 'store' implicitly has type 'any' in some locations where its type cannot be determined.
packages/redux/src/subscriptions/actions/__tests__/unsubscribeFromSubscriptions.test.ts(39,26): error TS2339: Property 'mockRejectedValueOnce' does not exist on type 'DeleteSubscription'.
packages/redux/src/subscriptions/actions/__tests__/unsubscribeFromSubscriptions.test.ts(42,15): error TS7005: Variable 'store' implicitly has an 'any' type.
packages/redux/src/subscriptions/actions/__tests__/unsubscribeFromSubscriptions.test.ts(48,16): error TS7005: Variable 'store' implicitly has an 'any' type.
packages/redux/src/subscriptions/actions/__tests__/unsubscribeFromSubscriptions.test.ts(63,26): error TS2339: Property 'mockResolvedValueOnce' does not exist on type 'DeleteSubscription'.
packages/redux/src/subscriptions/actions/__tests__/unsubscribeFromSubscriptions.test.ts(65,13): error TS7005: Variable 'store' implicitly has an 'any' type.
packages/redux/src/subscriptions/actions/__tests__/unsubscribeFromSubscriptions.test.ts(70,14): error TS7005: Variable 'store' implicitly has an 'any' type.
packages/redux/src/subscriptions/actions/__tests__/unsubscribeRecipientFromTopic.test.ts(24,7): error TS7034: Variable 'store' implicitly has type 'any' in some locations where its type cannot be determined.
packages/redux/src/subscriptions/actions/__tests__/unsubscribeRecipientFromTopic.test.ts(53,32): error TS2339: Property 'mockRejectedValueOnce' does not exist on type 'DeleteRecipientFromTopic'.
packages/redux/src/subscriptions/actions/__tests__/unsubscribeRecipientFromTopic.test.ts(56,15): error TS7005: Variable 'store' implicitly has an 'any' type.
packages/redux/src/subscriptions/actions/__tests__/unsubscribeRecipientFromTopic.test.ts(67,16): error TS7005: Variable 'store' implicitly has an 'any' type.
packages/redux/src/subscriptions/actions/__tests__/unsubscribeRecipientFromTopic.test.ts(91,32): error TS2339: Property 'mockResolvedValueOnce' does not exist on type 'DeleteRecipientFromTopic'.
packages/redux/src/subscriptions/actions/__tests__/unsubscribeRecipientFromTopic.test.ts(93,13): error TS7005: Variable 'store' implicitly has an 'any' type.
packages/redux/src/subscriptions/actions/__tests__/unsubscribeRecipientFromTopic.test.ts(103,14): error TS7005: Variable 'store' implicitly has an 'any' type.
packages/redux/src/subscriptions/actions/__tests__/updateUserSubscriptions.test.ts(21,7): error TS7034: Variable 'store' implicitly has type 'any' in some locations where its type cannot be determined.
packages/redux/src/subscriptions/actions/__tests__/updateUserSubscriptions.test.ts(40,24): error TS2339: Property 'mockRejectedValueOnce' does not exist on type 'PutSubscriptions'.
packages/redux/src/subscriptions/actions/__tests__/updateUserSubscriptions.test.ts(43,15): error TS7005: Variable 'store' implicitly has an 'any' type.
packages/redux/src/subscriptions/actions/__tests__/updateUserSubscriptions.test.ts(43,30): error TS2554: Expected 1-2 arguments, but got 0.
packages/redux/src/subscriptions/actions/__tests__/updateUserSubscriptions.test.ts(47,16): error TS7005: Variable 'store' implicitly has an 'any' type.
packages/redux/src/subscriptions/actions/__tests__/updateUserSubscriptions.test.ts(54,13): error TS7005: Variable 'store' implicitly has an 'any' type.
packages/redux/src/subscriptions/actions/__tests__/updateUserSubscriptions.test.ts(56,15): error TS7006: Parameter 'clientResult' implicitly has an 'any' type.
packages/redux/src/subscriptions/actions/__tests__/updateUserSubscriptions.test.ts(57,58): error TS2339: Property 'response' does not exist on type '{ data: { id: string; customerId: string; topics: { type: string; channels: { platform: string; address: string; source: string; active: boolean; }[]; }[]; }; }'.
packages/redux/src/subscriptions/actions/__tests__/updateUserSubscriptions.test.ts(60,29): error TS7005: Variable 'store' implicitly has an 'any' type.
packages/redux/src/subscriptions/actions/factories/fetchSubscriptionPackagesFactory.ts(33,18): error TS2322: Type 'unknown' is not assignable to type 'Error'.
packages/redux/src/subscriptions/actions/factories/fetchUserSubscriptionsFactory.ts(31,18): error TS2322: Type 'unknown' is not assignable to type 'Error'.
packages/redux/src/subscriptions/actions/factories/unsubscribeFromSubscriptionFactory.ts(29,18): error TS2322: Type 'unknown' is not assignable to type 'Error'.
packages/redux/src/subscriptions/actions/factories/unsubscribeRecipientFromTopicFactory.ts(47,33): error TS2322: Type 'unknown' is not assignable to type 'Error'.
packages/redux/src/subscriptions/actions/factories/updateUserSubscriptionsFactory.ts(30,18): error TS2322: Type 'unknown' is not assignable to type 'Error'.
packages/redux/src/subscriptions/reducer/__tests__/index.test.ts(18,28): error TS2345: Argument of type '{ user: { error: null; isLoading: boolean; result: { id: string; topics: { type: string; channels: { platform: string; address: string; source: string; }[]; }[]; }[]; }; packages: { error: null; isLoading: boolean; result: { ...; }; }; }' is not assignable to parameter of type 'SubscriptionState'.
  Type '{ user: { error: null; isLoading: boolean; result: { id: string; topics: { type: string; channels: { platform: string; address: string; source: string; }[]; }[]; }[]; }; packages: { error: null; isLoading: boolean; result: { ...; }; }; }' is not assignable to type '{ user: UserState; packages: PackagesState; }'.
    Types of property 'user' are incompatible.
      Type '{ error: null; isLoading: boolean; result: { id: string; topics: { type: string; channels: { platform: string; address: string; source: string; }[]; }[]; }[]; }' is not assignable to type 'UserState'.
        Type '{ error: null; isLoading: boolean; result: { id: string; topics: { type: string; channels: { platform: string; address: string; source: string; }[]; }[]; }[]; }' is missing the following properties from type '{ error: Error | null | undefined; isLoading: boolean; result: Subscription[]; unsubscribeRecipientFromTopicRequests: Record<string, UnsubscribeRecipientFromTopicType>; updateSubscriptionsError: Error | ... 1 more ... | undefined; }': unsubscribeRecipientFromTopicRequests, updateSubscriptionsError
packages/redux/src/subscriptions/reducer/__tests__/index.test.ts(38,12): error TS7053: Element implicitly has an 'any' type because expression of type 'string' can't be used to index type '{ "@farfetch/blackout-redux/RESET_SUBSCRIPTIONS": (state: Partial<{ [k: string]: any; addresses: Record<string, Address>; availableTimeSlots: Record<string, Return>; ... 34 more ...; wishlistSets: Record<...>; }> | undefined) => { ...; }; "@farfetch/blackout-redux/LOGOUT_SUCCESS": (state: Partial<...> | undefined) =...'.
  No index signature with a parameter of type 'string' was found on type '{ "@farfetch/blackout-redux/RESET_SUBSCRIPTIONS": (state: Partial<{ [k: string]: any; addresses: Record<string, Address>; availableTimeSlots: Record<string, Return>; ... 34 more ...; wishlistSets: Record<...>; }> | undefined) => { ...; }; "@farfetch/blackout-redux/LOGOUT_SUCCESS": (state: Partial<...> | undefined) =...'.
packages/redux/src/subscriptions/reducer/__tests__/user.test.ts(57,13): error TS2322: Type '{ error: { message: string; }; isLoading: false; result: never[]; unsubscribeRecipientFromTopicRequests: {}; }' is not assignable to type 'UserState'.
  Property 'updateSubscriptionsError' is missing in type '{ error: { message: string; }; isLoading: false; result: never[]; unsubscribeRecipientFromTopicRequests: {}; }' but required in type '{ error: Error | null | undefined; isLoading: boolean; result: Subscription[]; unsubscribeRecipientFromTopicRequests: Record<string, UnsubscribeRecipientFromTopicType>; updateSubscriptionsError: Error | ... 1 more ... | undefined; }'.
packages/redux/src/subscriptions/reducer/__tests__/user.test.ts(140,26): error TS2532: Object is possibly 'undefined'.
packages/redux/src/subscriptions/reducer/__tests__/user.test.ts(144,21): error TS2532: Object is possibly 'undefined'.
packages/redux/src/subscriptions/reducer/__tests__/user.test.ts(146,28): error TS2532: Object is possibly 'undefined'.
packages/redux/src/subscriptions/reducer/__tests__/user.test.ts(156,31): error TS2532: Object is possibly 'undefined'.
packages/redux/src/subscriptions/reducer/__tests__/user.test.ts(160,12): error TS2532: Object is possibly 'undefined'.
packages/redux/src/subscriptions/reducer/__tests__/user.test.ts(164,36): error TS2488: Type '{ id: string; type: string; channels: { id: string; platform: string; address: string; source: string; }[]; }[] | undefined' must have a '[Symbol.iterator]()' method that returns an iterator.
packages/redux/src/subscriptions/reducer/__tests__/user.test.ts(165,7): error TS2322: Type '{ channels: { id: string; platform: string; address: string; source: string; }[]; id?: string | undefined; type?: string | undefined; }' is not assignable to type '{ id: string; type: string; channels: { id: string; platform: string; address: string; source: string; }[]; }'.
  Types of property 'id' are incompatible.
    Type 'string | undefined' is not assignable to type 'string'.
      Type 'undefined' is not assignable to type 'string'.
packages/redux/src/subscriptions/reducer/__tests__/user.test.ts(167,7): error TS2322: Type '{ id?: string | undefined; topics?: { id: string; type: string; channels: { id: string; platform: string; address: string; source: string; }[]; }[] | undefined; }' is not assignable to type '{ id: string; topics: { id: string; type: string; channels: { id: string; platform: string; address: string; source: string; }[]; }[]; }'.
  Types of property 'id' are incompatible.
    Type 'string | undefined' is not assignable to type 'string'.
      Type 'undefined' is not assignable to type 'string'.
packages/redux/src/subscriptions/reducer/__tests__/user.test.ts(204,7): error TS2322: Type 'number' is not assignable to type 'string'.
packages/redux/src/subscriptions/reducer/__tests__/user.test.ts(213,7): error TS2322: Type 'number' is not assignable to type 'string'.
packages/redux/src/subscriptions/reducer/__tests__/user.test.ts(313,22): error TS2345: Argument of type '{ isLoading: boolean; }' is not assignable to parameter of type 'UserState'.
  Type '{ isLoading: boolean; }' is missing the following properties from type '{ error: Error | null | undefined; isLoading: boolean; result: Subscription[]; unsubscribeRecipientFromTopicRequests: Record<string, UnsubscribeRecipientFromTopicType>; updateSubscriptionsError: Error | ... 1 more ... | undefined; }': error, result, unsubscribeRecipientFromTopicRequests, updateSubscriptionsError
packages/redux/src/subscriptions/reducer/__tests__/user.test.ts(448,14): error TS2790: The operand of a 'delete' operator must be optional.
packages/redux/src/subscriptions/reducer/index.ts(31,11): error TS2339: Property 'subscriptionPackages' does not exist on type 'Partial<{ [k: string]: any; addresses: Record<string, Address>; availableTimeSlots: Record<string, Return>; bagItems: Record<number, BagItemEntity>; ... 33 more ...; wishlistSets: Record<...>; }> | undefined'.
packages/redux/src/types/StoreState.types.ts(31,3): error TS2724: '"../entities/types"' has no exported member named 'SubscriptionPackageEntity'. Did you mean 'SubscriptionPackagesEntity'?
packages/redux/src/users/__tests__/reducer.test.ts(140,22): error TS2345: Argument of type '{ error: string; [$CombinedState]?: undefined; isLoading: boolean; result: any; benefits: StateWithoutResult; preferences: StateWithoutResult; ... 5 more ...; userAttributes: StateWithResult; }' is not assignable to parameter of type 'State'.
  Type '{ error: string; [$CombinedState]?: undefined; isLoading: boolean; result: any; benefits: StateWithoutResult; preferences: StateWithoutResult; ... 5 more ...; userAttributes: StateWithResult; }' is not assignable to type '{ error: Nullable<Error>; isLoading: boolean; result: any; benefits: StateWithoutResult; preferences: StateWithoutResult; ... 5 more ...; userAttributes: StateWithResult; }'.
    Types of property 'error' are incompatible.
      Type 'string' is not assignable to type 'Nullable<Error>'.
packages/redux/src/users/__tests__/reducer.test.ts(516,11): error TS2345: Argument of type '{ payload: {}; type: "@farfetch/blackout-redux/LOGOUT_SUCCESS"; }' is not assignable to parameter of type 'ActionType'.
  Object literal may only specify known properties, and 'payload' does not exist in type 'LogoutAction'.
packages/redux/src/users/__tests__/selectors.test.ts(74,40): error TS2345: Argument of type '{ users: { error: string; result: string; isLoading: boolean; benefits: { error: string; isLoading: boolean; }; preferences: { error: string; isLoading: boolean; }; updatePreferences: { error: string; isLoading: boolean; }; ... 4 more ...; userAttributes: { ...; }; }; entities: { ...; }; }' is not assignable to parameter of type 'Partial<{ entities: Partial<{ [k: string]: any; addresses: Record<string, Address>; availableTimeSlots: Record<string, Return>; bagItems: Record<number, BagItemEntity>; ... 33 more ...; wishlistSets: Record<...>; }>; ... 24 more ...; wishlist: State; }>'.
  Types of property 'users' are incompatible.
    Type '{ error: string; result: string; isLoading: boolean; benefits: { error: string; isLoading: boolean; }; preferences: { error: string; isLoading: boolean; }; updatePreferences: { error: string; isLoading: boolean; }; ... 4 more ...; userAttributes: { ...; }; }' is not assignable to type 'State'.
      Type '{ error: string; result: string; isLoading: boolean; benefits: { error: string; isLoading: boolean; }; preferences: { error: string; isLoading: boolean; }; updatePreferences: { error: string; isLoading: boolean; }; ... 4 more ...; userAttributes: { ...; }; }' is not assignable to type '{ error: Nullable<Error>; isLoading: boolean; result: any; benefits: StateWithoutResult; preferences: StateWithoutResult; ... 5 more ...; userAttributes: StateWithResult; }'.
        Types of property 'error' are incompatible.
          Type 'string' is not assignable to type 'Nullable<Error>'.
packages/redux/src/users/__tests__/selectors.test.ts(83,38): error TS2345: Argument of type '{ users: { error: string; result: string; isLoading: boolean; benefits: { error: string; isLoading: boolean; }; preferences: { error: string; isLoading: boolean; }; updatePreferences: { error: string; isLoading: boolean; }; ... 4 more ...; userAttributes: { ...; }; }; entities: { ...; }; }' is not assignable to parameter of type 'Partial<{ entities: Partial<{ [k: string]: any; addresses: Record<string, Address>; availableTimeSlots: Record<string, Return>; bagItems: Record<number, BagItemEntity>; ... 33 more ...; wishlistSets: Record<...>; }>; ... 24 more ...; wishlist: State; }>'.
packages/redux/src/users/__tests__/selectors.test.ts(92,34): error TS2345: Argument of type '{ users: { error: string; result: string; isLoading: boolean; benefits: { error: string; isLoading: boolean; }; preferences: { error: string; isLoading: boolean; }; updatePreferences: { error: string; isLoading: boolean; }; ... 4 more ...; userAttributes: { ...; }; }; entities: { ...; }; }' is not assignable to parameter of type 'Partial<{ entities: Partial<{ [k: string]: any; addresses: Record<string, Address>; availableTimeSlots: Record<string, Return>; bagItems: Record<number, BagItemEntity>; ... 33 more ...; wishlistSets: Record<...>; }>; ... 24 more ...; wishlist: State; }>'.
packages/redux/src/users/__tests__/selectors.test.ts(130,36): error TS2345: Argument of type '{ users: { error: string; result: string; isLoading: boolean; benefits: { error: string; isLoading: boolean; }; preferences: { error: string; isLoading: boolean; }; updatePreferences: { error: string; isLoading: boolean; }; ... 4 more ...; userAttributes: { ...; }; }; entities: { ...; }; }' is not assignable to parameter of type 'Partial<{ entities: Partial<{ [k: string]: any; addresses: Record<string, Address>; availableTimeSlots: Record<string, Return>; bagItems: Record<number, BagItemEntity>; ... 33 more ...; wishlistSets: Record<...>; }>; ... 24 more ...; wishlist: State; }>'.
packages/redux/src/users/__tests__/selectors.test.ts(140,39): error TS2345: Argument of type '{ users: { error: string; result: string; isLoading: boolean; benefits: { error: string; isLoading: boolean; }; preferences: { error: string; isLoading: boolean; }; updatePreferences: { error: string; isLoading: boolean; }; ... 4 more ...; userAttributes: { ...; }; }; entities: { ...; }; }' is not assignable to parameter of type 'Partial<{ entities: Partial<{ [k: string]: any; addresses: Record<string, Address>; availableTimeSlots: Record<string, Return>; bagItems: Record<number, BagItemEntity>; ... 33 more ...; wishlistSets: Record<...>; }>; ... 24 more ...; wishlist: State; }>'.
packages/redux/src/users/__tests__/selectors.test.ts(147,45): error TS2345: Argument of type '{ users: { error: string; result: string; isLoading: boolean; benefits: { error: string; isLoading: boolean; }; preferences: { error: string; isLoading: boolean; }; updatePreferences: { error: string; isLoading: boolean; }; ... 4 more ...; userAttributes: { ...; }; }; entities: { ...; }; }' is not assignable to parameter of type 'Partial<{ entities: Partial<{ [k: string]: any; addresses: Record<string, Address>; availableTimeSlots: Record<string, Return>; bagItems: Record<number, BagItemEntity>; ... 33 more ...; wishlistSets: Record<...>; }>; ... 24 more ...; wishlist: State; }>'.
packages/redux/src/users/__tests__/selectors.test.ts(153,46): error TS2345: Argument of type '{ users: { error: string; result: string; isLoading: boolean; benefits: { error: string; isLoading: boolean; }; preferences: { error: string; isLoading: boolean; }; updatePreferences: { error: string; isLoading: boolean; }; ... 4 more ...; userAttributes: { ...; }; }; entities: { ...; }; }' is not assignable to parameter of type 'Partial<{ entities: Partial<{ [k: string]: any; addresses: Record<string, Address>; availableTimeSlots: Record<string, Return>; bagItems: Record<number, BagItemEntity>; ... 33 more ...; wishlistSets: Record<...>; }>; ... 24 more ...; wishlist: State; }>'.
packages/redux/src/users/__tests__/selectors.test.ts(159,50): error TS2345: Argument of type '{ users: { error: string; result: string; isLoading: boolean; benefits: { error: string; isLoading: boolean; }; preferences: { error: string; isLoading: boolean; }; updatePreferences: { error: string; isLoading: boolean; }; ... 4 more ...; userAttributes: { ...; }; }; entities: { ...; }; }' is not assignable to parameter of type 'Partial<{ entities: Partial<{ [k: string]: any; addresses: Record<string, Address>; availableTimeSlots: Record<string, Return>; bagItems: Record<number, BagItemEntity>; ... 33 more ...; wishlistSets: Record<...>; }>; ... 24 more ...; wishlist: State; }>'.
packages/redux/src/users/__tests__/selectors.test.ts(170,34): error TS2345: Argument of type '{ users: { error: string; result: string; isLoading: boolean; benefits: { error: string; isLoading: boolean; }; preferences: { error: string; isLoading: boolean; }; updatePreferences: { error: string; isLoading: boolean; }; ... 4 more ...; userAttributes: { ...; }; }; entities: { ...; }; }' is not assignable to parameter of type 'Partial<{ entities: Partial<{ [k: string]: any; addresses: Record<string, Address>; availableTimeSlots: Record<string, Return>; bagItems: Record<number, BagItemEntity>; ... 33 more ...; wishlistSets: Record<...>; }>; ... 24 more ...; wishlist: State; }>'.
packages/redux/src/users/__tests__/selectors.test.ts(184,37): error TS2345: Argument of type '{ users: { error: string; result: string; isLoading: boolean; benefits: { error: string; isLoading: boolean; }; preferences: { error: string; isLoading: boolean; }; updatePreferences: { error: string; isLoading: boolean; }; ... 4 more ...; userAttributes: { ...; }; }; entities: { ...; }; }' is not assignable to parameter of type 'Partial<{ entities: Partial<{ [k: string]: any; addresses: Record<string, Address>; availableTimeSlots: Record<string, Return>; bagItems: Record<number, BagItemEntity>; ... 33 more ...; wishlistSets: Record<...>; }>; ... 24 more ...; wishlist: State; }>'.
packages/redux/src/users/__tests__/selectors.test.ts(194,34): error TS2345: Argument of type '{ users: { error: string; result: string; isLoading: boolean; benefits: { error: string; isLoading: boolean; }; preferences: { error: string; isLoading: boolean; }; updatePreferences: { error: string; isLoading: boolean; }; ... 4 more ...; userAttributes: { ...; }; }; entities: { ...; }; }' is not assignable to parameter of type 'Partial<{ entities: Partial<{ [k: string]: any; addresses: Record<string, Address>; availableTimeSlots: Record<string, Return>; bagItems: Record<number, BagItemEntity>; ... 33 more ...; wishlistSets: Record<...>; }>; ... 24 more ...; wishlist: State; }>'.
packages/redux/src/users/__tests__/selectors.test.ts(204,43): error TS2345: Argument of type '{ users: { error: string; result: string; isLoading: boolean; benefits: { error: string; isLoading: boolean; }; preferences: { error: string; isLoading: boolean; }; updatePreferences: { error: string; isLoading: boolean; }; ... 4 more ...; userAttributes: { ...; }; }; entities: { ...; }; }' is not assignable to parameter of type 'Partial<{ entities: Partial<{ [k: string]: any; addresses: Record<string, Address>; availableTimeSlots: Record<string, Return>; bagItems: Record<number, BagItemEntity>; ... 33 more ...; wishlistSets: Record<...>; }>; ... 24 more ...; wishlist: State; }>'.
packages/redux/src/users/__tests__/selectors.test.ts(214,36): error TS2345: Argument of type '{ users: { error: string; result: string; isLoading: boolean; benefits: { error: string; isLoading: boolean; }; preferences: { error: string; isLoading: boolean; }; updatePreferences: { error: string; isLoading: boolean; }; ... 4 more ...; userAttributes: { ...; }; }; entities: { ...; }; }' is not assignable to parameter of type 'Partial<{ entities: Partial<{ [k: string]: any; addresses: Record<string, Address>; availableTimeSlots: Record<string, Return>; bagItems: Record<number, BagItemEntity>; ... 33 more ...; wishlistSets: Record<...>; }>; ... 24 more ...; wishlist: State; }>'.
packages/redux/src/users/__tests__/selectors.test.ts(221,48): error TS2345: Argument of type '{ users: { error: string; result: string; isLoading: boolean; benefits: { error: string; isLoading: boolean; }; preferences: { error: string; isLoading: boolean; }; updatePreferences: { error: string; isLoading: boolean; }; ... 4 more ...; userAttributes: { ...; }; }; entities: { ...; }; }' is not assignable to parameter of type 'Partial<{ entities: Partial<{ [k: string]: any; addresses: Record<string, Address>; availableTimeSlots: Record<string, Return>; bagItems: Record<number, BagItemEntity>; ... 33 more ...; wishlistSets: Record<...>; }>; ... 24 more ...; wishlist: State; }>'.
packages/redux/src/users/__tests__/selectors.test.ts(227,42): error TS2345: Argument of type '{ users: { error: string; result: string; isLoading: boolean; benefits: { error: string; isLoading: boolean; }; preferences: { error: string; isLoading: boolean; }; updatePreferences: { error: string; isLoading: boolean; }; ... 4 more ...; userAttributes: { ...; }; }; entities: { ...; }; }' is not assignable to parameter of type 'Partial<{ entities: Partial<{ [k: string]: any; addresses: Record<string, Address>; availableTimeSlots: Record<string, Return>; bagItems: Record<number, BagItemEntity>; ... 33 more ...; wishlistSets: Record<...>; }>; ... 24 more ...; wishlist: State; }>'.
packages/redux/src/users/__tests__/selectors.test.ts(233,47): error TS2345: Argument of type '{ users: { error: string; result: string; isLoading: boolean; benefits: { error: string; isLoading: boolean; }; preferences: { error: string; isLoading: boolean; }; updatePreferences: { error: string; isLoading: boolean; }; ... 4 more ...; userAttributes: { ...; }; }; entities: { ...; }; }' is not assignable to parameter of type 'Partial<{ entities: Partial<{ [k: string]: any; addresses: Record<string, Address>; availableTimeSlots: Record<string, Return>; bagItems: Record<number, BagItemEntity>; ... 33 more ...; wishlistSets: Record<...>; }>; ... 24 more ...; wishlist: State; }>'.
packages/redux/src/users/actions/__tests__/createContact.test.ts(48,28): error TS2345: Argument of type '(dispatch: Dispatch) => Promise<ContactResponse>' is not assignable to parameter of type 'AnyAction'.
  Property 'type' is missing in type '(dispatch: Dispatch) => Promise<ContactResponse>' but required in type 'AnyAction'.
packages/redux/src/users/actions/__tests__/createContact.test.ts(73,26): error TS2345: Argument of type '(dispatch: Dispatch) => Promise<ContactResponse>' is not assignable to parameter of type 'AnyAction'.
packages/redux/src/users/actions/__tests__/createGuestUser.test.ts(37,28): error TS2345: Argument of type '(dispatch: Dispatch) => Promise<GuestUserResponse>' is not assignable to parameter of type 'AnyAction'.
  Property 'type' is missing in type '(dispatch: Dispatch) => Promise<GuestUserResponse>' but required in type 'AnyAction'.
packages/redux/src/users/actions/__tests__/createGuestUser.test.ts(58,26): error TS2345: Argument of type '(dispatch: Dispatch) => Promise<GuestUserResponse>' is not assignable to parameter of type 'AnyAction'.
packages/redux/src/users/actions/__tests__/createUserAttributes.test.ts(45,28): error TS2345: Argument of type '(dispatch: Dispatch) => Promise<UserAttributesResponse>' is not assignable to parameter of type 'AnyAction'.
  Property 'type' is missing in type '(dispatch: Dispatch) => Promise<UserAttributesResponse>' but required in type 'AnyAction'.
packages/redux/src/users/actions/__tests__/createUserAttributes.test.ts(70,26): error TS2345: Argument of type '(dispatch: Dispatch) => Promise<UserAttributesResponse>' is not assignable to parameter of type 'AnyAction'.
packages/redux/src/users/actions/__tests__/fetchBenefits.test.ts(39,28): error TS2345: Argument of type '(dispatch: Dispatch) => Promise<GetBenefitsResponse>' is not assignable to parameter of type 'AnyAction'.
  Property 'type' is missing in type '(dispatch: Dispatch) => Promise<GetBenefitsResponse>' but required in type 'AnyAction'.
packages/redux/src/users/actions/__tests__/fetchBenefits.test.ts(59,26): error TS2345: Argument of type '(dispatch: Dispatch) => Promise<GetBenefitsResponse>' is not assignable to parameter of type 'AnyAction'.
packages/redux/src/users/actions/__tests__/fetchContact.test.ts(42,28): error TS2345: Argument of type '(dispatch: Dispatch) => Promise<ContactResponse>' is not assignable to parameter of type 'AnyAction'.
  Property 'type' is missing in type '(dispatch: Dispatch) => Promise<ContactResponse>' but required in type 'AnyAction'.
packages/redux/src/users/actions/__tests__/fetchContact.test.ts(68,7): error TS2345: Argument of type '(dispatch: Dispatch) => Promise<ContactResponse>' is not assignable to parameter of type 'AnyAction'.
packages/redux/src/users/actions/__tests__/fetchContacts.test.ts(40,28): error TS2345: Argument of type '(dispatch: Dispatch) => Promise<ContactResponse>' is not assignable to parameter of type 'AnyAction'.
  Property 'type' is missing in type '(dispatch: Dispatch) => Promise<ContactResponse>' but required in type 'AnyAction'.
packages/redux/src/users/actions/__tests__/fetchContacts.test.ts(60,26): error TS2345: Argument of type '(dispatch: Dispatch) => Promise<ContactResponse>' is not assignable to parameter of type 'AnyAction'.
packages/redux/src/users/actions/__tests__/fetchCredit.test.ts(37,28): error TS2345: Argument of type '(dispatch: Dispatch) => Promise<GetCreditResponse>' is not assignable to parameter of type 'AnyAction'.
  Property 'type' is missing in type '(dispatch: Dispatch) => Promise<GetCreditResponse>' but required in type 'AnyAction'.
packages/redux/src/users/actions/__tests__/fetchCredit.test.ts(57,26): error TS2345: Argument of type '(dispatch: Dispatch) => Promise<GetCreditResponse>' is not assignable to parameter of type 'AnyAction'.
packages/redux/src/users/actions/__tests__/fetchCredit.test.ts(80,26): error TS2345: Argument of type '(dispatch: Dispatch) => Promise<GetCreditResponse>' is not assignable to parameter of type 'AnyAction'.
packages/redux/src/users/actions/__tests__/fetchCreditMovements.test.ts(40,28): error TS2345: Argument of type '(dispatch: Dispatch) => Promise<GetCreditMovementsResponse>' is not assignable to parameter of type 'AnyAction'.
  Property 'type' is missing in type '(dispatch: Dispatch) => Promise<GetCreditMovementsResponse>' but required in type 'AnyAction'.
packages/redux/src/users/actions/__tests__/fetchCreditMovements.test.ts(66,26): error TS2345: Argument of type '(dispatch: Dispatch) => Promise<GetCreditMovementsResponse>' is not assignable to parameter of type 'AnyAction'.
packages/redux/src/users/actions/__tests__/fetchGuestUser.test.ts(37,28): error TS2345: Argument of type '(dispatch: Dispatch) => Promise<GuestUserResponse>' is not assignable to parameter of type 'AnyAction'.
  Property 'type' is missing in type '(dispatch: Dispatch) => Promise<GuestUserResponse>' but required in type 'AnyAction'.
packages/redux/src/users/actions/__tests__/fetchGuestUser.test.ts(57,26): error TS2345: Argument of type '(dispatch: Dispatch) => Promise<GuestUserResponse>' is not assignable to parameter of type 'AnyAction'.
packages/redux/src/users/actions/__tests__/fetchPreferences.test.ts(40,28): error TS2345: Argument of type '(dispatch: Dispatch) => Promise<PreferencesResponse>' is not assignable to parameter of type 'AnyAction'.
  Property 'type' is missing in type '(dispatch: Dispatch) => Promise<PreferencesResponse>' but required in type 'AnyAction'.
packages/redux/src/users/actions/__tests__/fetchPreferences.test.ts(68,26): error TS2345: Argument of type '(dispatch: Dispatch) => Promise<PreferencesResponse>' is not assignable to parameter of type 'AnyAction'.
packages/redux/src/users/actions/__tests__/fetchTitles.test.ts(42,28): error TS2345: Argument of type '(dispatch: Dispatch) => Promise<GetTitlesResponse>' is not assignable to parameter of type 'AnyAction'.
  Property 'type' is missing in type '(dispatch: Dispatch) => Promise<GetTitlesResponse>' but required in type 'AnyAction'.
packages/redux/src/users/actions/__tests__/fetchTitles.test.ts(62,26): error TS2345: Argument of type '(dispatch: Dispatch) => Promise<GetTitlesResponse>' is not assignable to parameter of type 'AnyAction'.
packages/redux/src/users/actions/__tests__/fetchUser.test.ts(37,28): error TS2345: Argument of type '(dispatch: Dispatch) => Promise<GetUserResponse>' is not assignable to parameter of type 'AnyAction'.
  Property 'type' is missing in type '(dispatch: Dispatch) => Promise<GetUserResponse>' but required in type 'AnyAction'.
packages/redux/src/users/actions/__tests__/fetchUser.test.ts(57,26): error TS2345: Argument of type '(dispatch: Dispatch) => Promise<GetUserResponse>' is not assignable to parameter of type 'AnyAction'.
packages/redux/src/users/actions/__tests__/fetchUserAttribute.test.ts(35,28): error TS2345: Argument of type '(dispatch: Dispatch) => Promise<UserAttributesResponse>' is not assignable to parameter of type 'AnyAction'.
  Property 'type' is missing in type '(dispatch: Dispatch) => Promise<UserAttributesResponse>' but required in type 'AnyAction'.
packages/redux/src/users/actions/__tests__/fetchUserAttribute.test.ts(61,26): error TS2345: Argument of type '(dispatch: Dispatch) => Promise<UserAttributesResponse>' is not assignable to parameter of type 'AnyAction'.
packages/redux/src/users/actions/__tests__/fetchUserAttributes.test.ts(35,28): error TS2345: Argument of type '(dispatch: Dispatch) => Promise<UserAttributesResponse>' is not assignable to parameter of type 'AnyAction'.
  Property 'type' is missing in type '(dispatch: Dispatch) => Promise<UserAttributesResponse>' but required in type 'AnyAction'.
packages/redux/src/users/actions/__tests__/fetchUserAttributes.test.ts(61,26): error TS2345: Argument of type '(dispatch: Dispatch) => Promise<UserAttributesResponse>' is not assignable to parameter of type 'AnyAction'.
packages/redux/src/users/actions/__tests__/removeContact.test.ts(38,28): error TS2345: Argument of type '(dispatch: Dispatch) => Promise<ContactResponse>' is not assignable to parameter of type 'AnyAction'.
  Property 'type' is missing in type '(dispatch: Dispatch) => Promise<ContactResponse>' but required in type 'AnyAction'.
packages/redux/src/users/actions/__tests__/removeContact.test.ts(64,7): error TS2345: Argument of type '(dispatch: Dispatch) => Promise<ContactResponse>' is not assignable to parameter of type 'AnyAction'.
packages/redux/src/users/actions/__tests__/removeUserAttribute.test.ts(35,28): error TS2345: Argument of type '(dispatch: Dispatch) => Promise<number>' is not assignable to parameter of type 'AnyAction'.
  Property 'type' is missing in type '(dispatch: Dispatch) => Promise<number>' but required in type 'AnyAction'.
packages/redux/src/users/actions/__tests__/removeUserAttribute.test.ts(61,26): error TS2345: Argument of type '(dispatch: Dispatch) => Promise<number>' is not assignable to parameter of type 'AnyAction'.
packages/redux/src/users/actions/__tests__/setPreferences.test.ts(40,9): error TS2345: Argument of type '(dispatch: Dispatch) => Promise<PreferencesResponse>' is not assignable to parameter of type 'AnyAction'.
  Property 'type' is missing in type '(dispatch: Dispatch) => Promise<PreferencesResponse>' but required in type 'AnyAction'.
packages/redux/src/users/actions/__tests__/setPreferences.test.ts(72,26): error TS2345: Argument of type '(dispatch: Dispatch) => Promise<PreferencesResponse>' is not assignable to parameter of type 'AnyAction'.
packages/redux/src/users/actions/__tests__/setUser.test.ts(42,28): error TS2345: Argument of type '(dispatch: Dispatch) => Promise<PutUserResponse>' is not assignable to parameter of type 'AnyAction'.
  Property 'type' is missing in type '(dispatch: Dispatch) => Promise<PutUserResponse>' but required in type 'AnyAction'.
packages/redux/src/users/actions/__tests__/setUser.test.ts(62,26): error TS2345: Argument of type '(dispatch: Dispatch) => Promise<PutUserResponse>' is not assignable to parameter of type 'AnyAction'.
packages/redux/src/users/actions/__tests__/setUserAttribute.test.ts(45,28): error TS2345: Argument of type '(dispatch: Dispatch) => Promise<number>' is not assignable to parameter of type 'AnyAction'.
  Property 'type' is missing in type '(dispatch: Dispatch) => Promise<number>' but required in type 'AnyAction'.
packages/redux/src/users/actions/__tests__/setUserAttribute.test.ts(72,26): error TS2345: Argument of type '(dispatch: Dispatch) => Promise<number>' is not assignable to parameter of type 'AnyAction'.
packages/redux/src/users/actions/__tests__/updateContact.test.ts(54,28): error TS2345: Argument of type '(dispatch: Dispatch) => Promise<ContactResponse>' is not assignable to parameter of type 'AnyAction'.
  Property 'type' is missing in type '(dispatch: Dispatch) => Promise<ContactResponse>' but required in type 'AnyAction'.
packages/redux/src/users/actions/__tests__/updateContact.test.ts(81,7): error TS2345: Argument of type '(dispatch: Dispatch) => Promise<ContactResponse>' is not assignable to parameter of type 'AnyAction'.
packages/redux/src/users/actions/__tests__/updateUserAttribute.test.ts(42,28): error TS2345: Argument of type '(dispatch: Dispatch) => Promise<number>' is not assignable to parameter of type 'AnyAction'.
  Property 'type' is missing in type '(dispatch: Dispatch) => Promise<number>' but required in type 'AnyAction'.
packages/redux/src/users/actions/__tests__/updateUserAttribute.test.ts(69,26): error TS2345: Argument of type '(dispatch: Dispatch) => Promise<number>' is not assignable to parameter of type 'AnyAction'.
packages/redux/src/users/actions/fetchCredit.ts(13,35): error TS2345: Argument of type '(id: string, config?: Config | undefined) => Promise<any>' is not assignable to parameter of type 'GetCredit'.
  Types of parameters 'id' and 'id' are incompatible.
    Type 'number' is not assignable to type 'string'.
packages/redux/src/users/actions/fetchGuestUser.ts(13,38): error TS2345: Argument of type '(id: string, config?: Config | undefined) => Promise<any>' is not assignable to parameter of type 'GetGuestUser'.
  Types of parameters 'id' and 'id' are incompatible.
    Type 'number' is not assignable to type 'string'.
packages/redux/src/users/actions/setPreferences.ts(13,38): error TS2345: Argument of type '(userId: number, data: PutPreferencesData, config?: Config | undefined) => Promise<AxiosResponse<any>>' is not assignable to parameter of type 'SetPreferences'.
  Types of parameters 'data' and 'data' are incompatible.
    Type 'SetPreferencesData' is not assignable to type 'PutPreferencesData'.
      Target requires 1 element(s) but source may have fewer.
packages/redux/src/users/selectors.ts(34,68): error TS2345: Argument of type 'State | undefined' is not assignable to parameter of type 'State'.
  Type 'undefined' is not assignable to type 'State'.
    Type 'undefined' is not assignable to type 'EmptyObject'.
packages/redux/src/users/selectors.ts(45,62): error TS2345: Argument of type 'State | undefined' is not assignable to parameter of type 'State'.
  Type 'undefined' is not assignable to type 'State'.
packages/redux/src/users/selectors.ts(56,59): error TS2345: Argument of type 'State | undefined' is not assignable to parameter of type 'State'.
  Type 'undefined' is not assignable to type 'State'.
packages/redux/src/users/selectors.ts(68,21): error TS2345: Argument of type 'State | undefined' is not assignable to parameter of type 'State'.
  Type 'undefined' is not assignable to type 'State'.
packages/redux/src/users/selectors.ts(80,21): error TS2345: Argument of type 'State | undefined' is not assignable to parameter of type 'State'.
  Type 'undefined' is not assignable to type 'State'.
packages/redux/src/users/selectors.ts(104,24): error TS2345: Argument of type 'State | undefined' is not assignable to parameter of type 'State'.
  Type 'undefined' is not assignable to type 'State'.
packages/redux/src/users/selectors.ts(116,24): error TS2345: Argument of type 'State | undefined' is not assignable to parameter of type 'State'.
  Type 'undefined' is not assignable to type 'State'.
packages/redux/src/users/selectors.ts(128,30): error TS2345: Argument of type 'State | undefined' is not assignable to parameter of type 'State'.
  Type 'undefined' is not assignable to type 'State'.
packages/redux/src/users/selectors.ts(140,30): error TS2345: Argument of type 'State | undefined' is not assignable to parameter of type 'State'.
  Type 'undefined' is not assignable to type 'State'.
packages/redux/src/users/selectors.ts(164,19): error TS2345: Argument of type 'State | undefined' is not assignable to parameter of type 'State'.
  Type 'undefined' is not assignable to type 'State'.
packages/redux/src/users/selectors.ts(176,19): error TS2345: Argument of type 'State | undefined' is not assignable to parameter of type 'State'.
  Type 'undefined' is not assignable to type 'State'.
packages/redux/src/users/selectors.ts(212,19): error TS2345: Argument of type 'State | undefined' is not assignable to parameter of type 'State'.
  Type 'undefined' is not assignable to type 'State'.
packages/redux/src/users/selectors.ts(224,19): error TS2345: Argument of type 'State | undefined' is not assignable to parameter of type 'State'.
  Type 'undefined' is not assignable to type 'State'.
packages/redux/src/users/selectors.ts(247,28): error TS2345: Argument of type 'State | undefined' is not assignable to parameter of type 'State'.
  Type 'undefined' is not assignable to type 'State'.
packages/redux/src/users/selectors.ts(259,28): error TS2345: Argument of type 'State | undefined' is not assignable to parameter of type 'State'.
  Type 'undefined' is not assignable to type 'State'.
packages/redux/src/users/selectors.ts(283,21): error TS2345: Argument of type 'State | undefined' is not assignable to parameter of type 'State'.
  Type 'undefined' is not assignable to type 'State'.
packages/redux/src/users/selectors.ts(295,21): error TS2345: Argument of type 'State | undefined' is not assignable to parameter of type 'State'.
  Type 'undefined' is not assignable to type 'State'.
packages/redux/src/users/selectors.ts(319,27): error TS2345: Argument of type 'State | undefined' is not assignable to parameter of type 'State'.
  Type 'undefined' is not assignable to type 'State'.
packages/redux/src/users/selectors.ts(331,27): error TS2345: Argument of type 'State | undefined' is not assignable to parameter of type 'State'.
  Type 'undefined' is not assignable to type 'State'.
packages/redux/src/users/selectors.ts(345,27): error TS2345: Argument of type 'State | undefined' is not assignable to parameter of type 'State'.
  Type 'undefined' is not assignable to type 'State'.
packages/redux/src/wishlists/actions/__tests__/addWishlistItem.test.ts(34,5): error TS7034: Variable 'store' implicitly has type 'any' in some locations where its type cannot be determined.
packages/redux/src/wishlists/actions/__tests__/addWishlistItem.test.ts(43,22): error TS2345: Argument of type '(dispatch: Dispatch<AddWishlistItemAction>, getState: () => StoreState, { getOptions, }: GetOptionsArgument) => Promise<Wishlist | undefined>' is not assignable to parameter of type 'AnyAction'.
  Property 'type' is missing in type '(dispatch: Dispatch<AddWishlistItemAction>, getState: () => StoreState, { getOptions, }: GetOptionsArgument) => Promise<Wishlist | undefined>' but required in type 'AnyAction'.
packages/redux/src/wishlists/actions/__tests__/addWishlistItem.test.ts(43,38): error TS2345: Argument of type '{ productId: number; merchantId: number; quantity: number; size: number; }' is not assignable to parameter of type 'PostWishlistItemActionData'.
  Property 'from' is missing in type '{ productId: number; merchantId: number; quantity: number; size: number; }' but required in type 'PostWishlistItemActionAnalyticsData'.
packages/redux/src/wishlists/actions/__tests__/addWishlistItem.test.ts(53,22): error TS2339: Property 'mockRejectedValueOnce' does not exist on type 'PostWishlistItem'.
packages/redux/src/wishlists/actions/__tests__/addWishlistItem.test.ts(57,26): error TS2345: Argument of type '(dispatch: Dispatch<AddWishlistItemAction>, getState: () => StoreState, { getOptions, }: GetOptionsArgument) => Promise<Wishlist | undefined>' is not assignable to parameter of type 'AnyAction'.
packages/redux/src/wishlists/actions/__tests__/addWishlistItem.test.ts(57,42): error TS2345: Argument of type '{ productId: number; }' is not assignable to parameter of type 'PostWishlistItemActionData'.
  Type '{ productId: number; }' is missing the following properties from type 'PostWishlistItemData': merchantId, quantity, size
packages/redux/src/wishlists/actions/__tests__/addWishlistItem.test.ts(57,55): error TS7006: Parameter 'error' implicitly has an 'any' type.
packages/redux/src/wishlists/actions/__tests__/addWishlistItem.test.ts(65,14): error TS7005: Variable 'store' implicitly has an 'any' type.
packages/redux/src/wishlists/actions/__tests__/addWishlistItem.test.ts(81,22): error TS2339: Property 'mockResolvedValueOnce' does not exist on type 'PostWishlistItem'.
packages/redux/src/wishlists/actions/__tests__/addWishlistItem.test.ts(85,26): error TS2345: Argument of type '(dispatch: Dispatch<AddWishlistItemAction>, getState: () => StoreState, { getOptions, }: GetOptionsArgument) => Promise<Wishlist | undefined>' is not assignable to parameter of type 'AnyAction'.
packages/redux/src/wishlists/actions/__tests__/addWishlistItem.test.ts(85,42): error TS2345: Argument of type '{ productId: number; merchantId: number; quantity: number; size: number; }' is not assignable to parameter of type 'PostWishlistItemActionData'.
packages/redux/src/wishlists/actions/__tests__/addWishlistItem.test.ts(85,54): error TS7006: Parameter 'clientResult' implicitly has an 'any' type.
packages/redux/src/wishlists/actions/__tests__/addWishlistItem.test.ts(128,22): error TS2339: Property 'mockResolvedValueOnce' does not exist on type 'PostWishlistItem'.
packages/redux/src/wishlists/actions/__tests__/addWishlistItem.test.ts(132,26): error TS2345: Argument of type '(dispatch: Dispatch<AddWishlistItemAction>, getState: () => StoreState, { getOptions, }: GetOptionsArgument) => Promise<Wishlist | undefined>' is not assignable to parameter of type 'AnyAction'.
packages/redux/src/wishlists/actions/__tests__/addWishlistItem.test.ts(132,42): error TS2345: Argument of type '{ productId: number; merchantId: number; quantity: number; size: number; }' is not assignable to parameter of type 'PostWishlistItemActionData'.
packages/redux/src/wishlists/actions/__tests__/addWishlistItem.test.ts(132,54): error TS7006: Parameter 'clientResult' implicitly has an 'any' type.
packages/redux/src/wishlists/actions/__tests__/addWishlistSet.test.ts(24,5): error TS7034: Variable 'store' implicitly has type 'any' in some locations where its type cannot be determined.
packages/redux/src/wishlists/actions/__tests__/addWishlistSet.test.ts(33,22): error TS2345: Argument of type '(dispatch: Dispatch<AddWishlistSetAction>, getState: () => StoreState) => Promise<WishlistSet | undefined>' is not assignable to parameter of type 'AnyAction'.
  Property 'type' is missing in type '(dispatch: Dispatch<AddWishlistSetAction>, getState: () => StoreState) => Promise<WishlistSet | undefined>' but required in type 'AnyAction'.
packages/redux/src/wishlists/actions/__tests__/addWishlistSet.test.ts(42,21): error TS2339: Property 'mockRejectedValueOnce' does not exist on type 'PostWishlistSet'.
packages/redux/src/wishlists/actions/__tests__/addWishlistSet.test.ts(46,26): error TS2345: Argument of type '(dispatch: Dispatch<AddWishlistSetAction>, getState: () => StoreState) => Promise<WishlistSet | undefined>' is not assignable to parameter of type 'AnyAction'.
packages/redux/src/wishlists/actions/__tests__/addWishlistSet.test.ts(46,54): error TS7006: Parameter 'error' implicitly has an 'any' type.
packages/redux/src/wishlists/actions/__tests__/addWishlistSet.test.ts(54,14): error TS7005: Variable 'store' implicitly has an 'any' type.
packages/redux/src/wishlists/actions/__tests__/addWishlistSet.test.ts(66,21): error TS2339: Property 'mockResolvedValueOnce' does not exist on type 'PostWishlistSet'.
packages/redux/src/wishlists/actions/__tests__/addWishlistSet.test.ts(70,26): error TS2345: Argument of type '(dispatch: Dispatch<AddWishlistSetAction>, getState: () => StoreState) => Promise<WishlistSet | undefined>' is not assignable to parameter of type 'AnyAction'.
packages/redux/src/wishlists/actions/__tests__/addWishlistSet.test.ts(70,53): error TS7006: Parameter 'clientResult' implicitly has an 'any' type.
packages/redux/src/wishlists/actions/__tests__/fetchWishlist.test.ts(31,5): error TS7034: Variable 'store' implicitly has type 'any' in some locations where its type cannot be determined.
packages/redux/src/wishlists/actions/__tests__/fetchWishlist.test.ts(43,17): error TS2339: Property 'mockRejectedValueOnce' does not exist on type 'GetWishlist'.
packages/redux/src/wishlists/actions/__tests__/fetchWishlist.test.ts(47,11): error TS7005: Variable 'store' implicitly has an 'any' type.
packages/redux/src/wishlists/actions/__tests__/fetchWishlist.test.ts(47,63): error TS7006: Parameter 'error' implicitly has an 'any' type.
packages/redux/src/wishlists/actions/__tests__/fetchWishlist.test.ts(51,14): error TS7005: Variable 'store' implicitly has an 'any' type.
packages/redux/src/wishlists/actions/__tests__/fetchWishlist.test.ts(62,17): error TS2339: Property 'mockResolvedValueOnce' does not exist on type 'GetWishlist'.
packages/redux/src/wishlists/actions/__tests__/fetchWishlist.test.ts(66,11): error TS7005: Variable 'store' implicitly has an 'any' type.
packages/redux/src/wishlists/actions/__tests__/fetchWishlist.test.ts(66,62): error TS7006: Parameter 'clientResult' implicitly has an 'any' type.
packages/redux/src/wishlists/actions/__tests__/fetchWishlist.test.ts(70,26): error TS7005: Variable 'store' implicitly has an 'any' type.
packages/redux/src/wishlists/actions/__tests__/fetchWishlist.test.ts(97,17): error TS2339: Property 'mockResolvedValueOnce' does not exist on type 'GetWishlist'.
packages/redux/src/wishlists/actions/__tests__/fetchWishlist.test.ts(101,26): error TS2345: Argument of type '(dispatch: Dispatch<FetchWishlistAction>, getState: () => StoreState, { getOptions, }: GetOptionsArgument) => Promise<Wishlist | undefined>' is not assignable to parameter of type 'AnyAction'.
  Property 'type' is missing in type '(dispatch: Dispatch<FetchWishlistAction>, getState: () => StoreState, { getOptions, }: GetOptionsArgument) => Promise<Wishlist | undefined>' but required in type 'AnyAction'.
packages/redux/src/wishlists/actions/__tests__/fetchWishlist.test.ts(101,62): error TS7006: Parameter 'clientResult' implicitly has an 'any' type.
packages/redux/src/wishlists/actions/__tests__/fetchWishlistSet.test.ts(23,5): error TS7034: Variable 'store' implicitly has type 'any' in some locations where its type cannot be determined.
packages/redux/src/wishlists/actions/__tests__/fetchWishlistSet.test.ts(37,20): error TS2339: Property 'mockRejectedValueOnce' does not exist on type 'GetWishlistSet'.
packages/redux/src/wishlists/actions/__tests__/fetchWishlistSet.test.ts(41,11): error TS7005: Variable 'store' implicitly has an 'any' type.
packages/redux/src/wishlists/actions/__tests__/fetchWishlistSet.test.ts(41,69): error TS7006: Parameter 'error' implicitly has an 'any' type.
packages/redux/src/wishlists/actions/__tests__/fetchWishlistSet.test.ts(50,14): error TS7005: Variable 'store' implicitly has an 'any' type.
packages/redux/src/wishlists/actions/__tests__/fetchWishlistSet.test.ts(65,20): error TS2339: Property 'mockResolvedValueOnce' does not exist on type 'GetWishlistSet'.
packages/redux/src/wishlists/actions/__tests__/fetchWishlistSet.test.ts(69,11): error TS7005: Variable 'store' implicitly has an 'any' type.
packages/redux/src/wishlists/actions/__tests__/fetchWishlistSet.test.ts(71,13): error TS7006: Parameter 'clientResult' implicitly has an 'any' type.
packages/redux/src/wishlists/actions/__tests__/fetchWishlistSet.test.ts(82,12): error TS7005: Variable 'store' implicitly has an 'any' type.
packages/redux/src/wishlists/actions/__tests__/fetchWishlistSets.test.ts(23,5): error TS7034: Variable 'store' implicitly has type 'any' in some locations where its type cannot be determined.
packages/redux/src/wishlists/actions/__tests__/fetchWishlistSets.test.ts(37,21): error TS2339: Property 'mockRejectedValueOnce' does not exist on type 'GetWishlistSets'.
packages/redux/src/wishlists/actions/__tests__/fetchWishlistSets.test.ts(41,11): error TS7005: Variable 'store' implicitly has an 'any' type.
packages/redux/src/wishlists/actions/__tests__/fetchWishlistSets.test.ts(41,53): error TS7006: Parameter 'error' implicitly has an 'any' type.
packages/redux/src/wishlists/actions/__tests__/fetchWishlistSets.test.ts(48,14): error TS7005: Variable 'store' implicitly has an 'any' type.
packages/redux/src/wishlists/actions/__tests__/fetchWishlistSets.test.ts(62,21): error TS2339: Property 'mockResolvedValueOnce' does not exist on type 'GetWishlistSets'.
packages/redux/src/wishlists/actions/__tests__/fetchWishlistSets.test.ts(66,11): error TS7005: Variable 'store' implicitly has an 'any' type.
packages/redux/src/wishlists/actions/__tests__/fetchWishlistSets.test.ts(66,52): error TS7006: Parameter 'clientResult' implicitly has an 'any' type.
packages/redux/src/wishlists/actions/__tests__/fetchWishlistSets.test.ts(70,26): error TS7005: Variable 'store' implicitly has an 'any' type.
packages/redux/src/wishlists/actions/__tests__/removeWishlistItem.test.ts(34,5): error TS7034: Variable 'store' implicitly has type 'any' in some locations where its type cannot be determined.
packages/redux/src/wishlists/actions/__tests__/removeWishlistItem.test.ts(47,22): error TS2345: Argument of type '(dispatch: Dispatch<RemoveWishlistItemAction>, getState: () => StoreState, { getOptions, }: GetOptionsArgument) => Promise<Wishlist | undefined>' is not assignable to parameter of type 'AnyAction'.
  Property 'type' is missing in type '(dispatch: Dispatch<RemoveWishlistItemAction>, getState: () => StoreState, { getOptions, }: GetOptionsArgument) => Promise<Wishlist | undefined>' but required in type 'AnyAction'.
packages/redux/src/wishlists/actions/__tests__/removeWishlistItem.test.ts(55,24): error TS2339: Property 'mockRejectedValueOnce' does not exist on type 'DeleteWishlistItem'.
packages/redux/src/wishlists/actions/__tests__/removeWishlistItem.test.ts(59,11): error TS7005: Variable 'store' implicitly has an 'any' type.
packages/redux/src/wishlists/actions/__tests__/removeWishlistItem.test.ts(61,14): error TS7006: Parameter 'error' implicitly has an 'any' type.
packages/redux/src/wishlists/actions/__tests__/removeWishlistItem.test.ts(69,16): error TS7005: Variable 'store' implicitly has an 'any' type.
packages/redux/src/wishlists/actions/__tests__/removeWishlistItem.test.ts(90,24): error TS2339: Property 'mockResolvedValueOnce' does not exist on type 'DeleteWishlistItem'.
packages/redux/src/wishlists/actions/__tests__/removeWishlistItem.test.ts(94,11): error TS7005: Variable 'store' implicitly has an 'any' type.
packages/redux/src/wishlists/actions/__tests__/removeWishlistItem.test.ts(96,13): error TS7006: Parameter 'clientResult' implicitly has an 'any' type.
packages/redux/src/wishlists/actions/__tests__/removeWishlistItem.test.ts(100,26): error TS7005: Variable 'store' implicitly has an 'any' type.
packages/redux/src/wishlists/actions/__tests__/removeWishlistItem.test.ts(144,24): error TS2339: Property 'mockResolvedValueOnce' does not exist on type 'DeleteWishlistItem'.
packages/redux/src/wishlists/actions/__tests__/removeWishlistItem.test.ts(149,17): error TS2345: Argument of type '(dispatch: Dispatch<RemoveWishlistItemAction>, getState: () => StoreState, { getOptions, }: GetOptionsArgument) => Promise<Wishlist | undefined>' is not assignable to parameter of type 'AnyAction'.
packages/redux/src/wishlists/actions/__tests__/removeWishlistItem.test.ts(150,13): error TS7006: Parameter 'clientResult' implicitly has an 'any' type.
packages/redux/src/wishlists/actions/__tests__/removeWishlistSet.test.ts(19,5): error TS7034: Variable 'store' implicitly has type 'any' in some locations where its type cannot be determined.
packages/redux/src/wishlists/actions/__tests__/removeWishlistSet.test.ts(33,23): error TS2339: Property 'mockRejectedValueOnce' does not exist on type 'DeleteWishlistSet'.
packages/redux/src/wishlists/actions/__tests__/removeWishlistSet.test.ts(37,11): error TS7005: Variable 'store' implicitly has an 'any' type.
packages/redux/src/wishlists/actions/__tests__/removeWishlistSet.test.ts(37,70): error TS7006: Parameter 'error' implicitly has an 'any' type.
packages/redux/src/wishlists/actions/__tests__/removeWishlistSet.test.ts(45,14): error TS7005: Variable 'store' implicitly has an 'any' type.
packages/redux/src/wishlists/actions/__tests__/removeWishlistSet.test.ts(60,23): error TS2339: Property 'mockResolvedValueOnce' does not exist on type 'DeleteWishlistSet'.
packages/redux/src/wishlists/actions/__tests__/removeWishlistSet.test.ts(64,11): error TS7005: Variable 'store' implicitly has an 'any' type.
packages/redux/src/wishlists/actions/__tests__/removeWishlistSet.test.ts(66,13): error TS7006: Parameter 'clientResult' implicitly has an 'any' type.
packages/redux/src/wishlists/actions/__tests__/removeWishlistSet.test.ts(76,12): error TS7005: Variable 'store' implicitly has an 'any' type.
packages/redux/src/wishlists/actions/__tests__/resetWishlist.test.ts(5,5): error TS7034: Variable 'store' implicitly has type 'any' in some locations where its type cannot be determined.
packages/redux/src/wishlists/actions/__tests__/resetWishlist.test.ts(9,13): error TS2554: Expected 2-3 arguments, but got 0.
packages/redux/src/wishlists/actions/__tests__/resetWishlist.test.ts(13,5): error TS7005: Variable 'store' implicitly has an 'any' type.
packages/redux/src/wishlists/actions/__tests__/resetWishlist.test.ts(15,12): error TS7005: Variable 'store' implicitly has an 'any' type.
packages/redux/src/wishlists/actions/__tests__/resetwishlistSets.test.ts(5,5): error TS7034: Variable 'store' implicitly has type 'any' in some locations where its type cannot be determined.
packages/redux/src/wishlists/actions/__tests__/resetwishlistSets.test.ts(9,13): error TS2554: Expected 2-3 arguments, but got 0.
packages/redux/src/wishlists/actions/__tests__/resetwishlistSets.test.ts(13,5): error TS7005: Variable 'store' implicitly has an 'any' type.
packages/redux/src/wishlists/actions/__tests__/resetwishlistSets.test.ts(15,12): error TS7005: Variable 'store' implicitly has an 'any' type.
packages/redux/src/wishlists/actions/__tests__/resetWishlistSetsState.test.ts(5,5): error TS7034: Variable 'store' implicitly has type 'any' in some locations where its type cannot be determined.
packages/redux/src/wishlists/actions/__tests__/resetWishlistSetsState.test.ts(9,13): error TS2554: Expected 2-3 arguments, but got 0.
packages/redux/src/wishlists/actions/__tests__/resetWishlistSetsState.test.ts(15,5): error TS7005: Variable 'store' implicitly has an 'any' type.
packages/redux/src/wishlists/actions/__tests__/resetWishlistSetsState.test.ts(17,12): error TS7005: Variable 'store' implicitly has an 'any' type.
packages/redux/src/wishlists/actions/__tests__/resetWishlistSetsState.test.ts(26,5): error TS7005: Variable 'store' implicitly has an 'any' type.
packages/redux/src/wishlists/actions/__tests__/resetWishlistSetsState.test.ts(28,12): error TS7005: Variable 'store' implicitly has an 'any' type.
packages/redux/src/wishlists/actions/__tests__/resetWishlistState.test.ts(5,5): error TS7034: Variable 'store' implicitly has type 'any' in some locations where its type cannot be determined.
packages/redux/src/wishlists/actions/__tests__/resetWishlistState.test.ts(9,13): error TS2554: Expected 2-3 arguments, but got 0.
packages/redux/src/wishlists/actions/__tests__/resetWishlistState.test.ts(15,5): error TS7005: Variable 'store' implicitly has an 'any' type.
packages/redux/src/wishlists/actions/__tests__/resetWishlistState.test.ts(17,12): error TS7005: Variable 'store' implicitly has an 'any' type.
packages/redux/src/wishlists/actions/__tests__/resetWishlistState.test.ts(26,5): error TS7005: Variable 'store' implicitly has an 'any' type.
packages/redux/src/wishlists/actions/__tests__/resetWishlistState.test.ts(28,12): error TS7005: Variable 'store' implicitly has an 'any' type.
packages/redux/src/wishlists/actions/__tests__/updateWishlistItem.test.ts(36,5): error TS7034: Variable 'store' implicitly has type 'any' in some locations where its type cannot be determined.
packages/redux/src/wishlists/actions/__tests__/updateWishlistItem.test.ts(49,22): error TS2345: Argument of type '(dispatch: Dispatch<UpdateWishlistItemAction>, getState: () => StoreState, { getOptions, }: GetOptionsArgument) => Promise<Wishlist | undefined>' is not assignable to parameter of type 'AnyAction'.
  Property 'type' is missing in type '(dispatch: Dispatch<UpdateWishlistItemAction>, getState: () => StoreState, { getOptions, }: GetOptionsArgument) => Promise<Wishlist | undefined>' but required in type 'AnyAction'.
packages/redux/src/wishlists/actions/__tests__/updateWishlistItem.test.ts(57,23): error TS2339: Property 'mockRejectedValueOnce' does not exist on type 'PatchWishlistItem'.
packages/redux/src/wishlists/actions/__tests__/updateWishlistItem.test.ts(61,11): error TS7005: Variable 'store' implicitly has an 'any' type.
packages/redux/src/wishlists/actions/__tests__/updateWishlistItem.test.ts(63,14): error TS7006: Parameter 'error' implicitly has an 'any' type.
packages/redux/src/wishlists/actions/__tests__/updateWishlistItem.test.ts(72,16): error TS7005: Variable 'store' implicitly has an 'any' type.
packages/redux/src/wishlists/actions/__tests__/updateWishlistItem.test.ts(93,23): error TS2339: Property 'mockResolvedValueOnce' does not exist on type 'PatchWishlistItem'.
packages/redux/src/wishlists/actions/__tests__/updateWishlistItem.test.ts(97,11): error TS7005: Variable 'store' implicitly has an 'any' type.
packages/redux/src/wishlists/actions/__tests__/updateWishlistItem.test.ts(99,13): error TS7006: Parameter 'clientResult' implicitly has an 'any' type.
packages/redux/src/wishlists/actions/__tests__/updateWishlistItem.test.ts(103,26): error TS7005: Variable 'store' implicitly has an 'any' type.
packages/redux/src/wishlists/actions/__tests__/updateWishlistItem.test.ts(147,23): error TS2339: Property 'mockResolvedValueOnce' does not exist on type 'PatchWishlistItem'.
packages/redux/src/wishlists/actions/__tests__/updateWishlistItem.test.ts(152,17): error TS2345: Argument of type '(dispatch: Dispatch<UpdateWishlistItemAction>, getState: () => StoreState, { getOptions, }: GetOptionsArgument) => Promise<Wishlist | undefined>' is not assignable to parameter of type 'AnyAction'.
packages/redux/src/wishlists/actions/__tests__/updateWishlistItem.test.ts(153,13): error TS7006: Parameter 'clientResult' implicitly has an 'any' type.
packages/redux/src/wishlists/actions/__tests__/updateWishlistSet.test.ts(27,5): error TS7034: Variable 'store' implicitly has type 'any' in some locations where its type cannot be determined.
packages/redux/src/wishlists/actions/__tests__/updateWishlistSet.test.ts(41,22): error TS2339: Property 'mockRejectedValueOnce' does not exist on type 'PatchWishlistSet'.
packages/redux/src/wishlists/actions/__tests__/updateWishlistSet.test.ts(45,11): error TS7005: Variable 'store' implicitly has an 'any' type.
packages/redux/src/wishlists/actions/__tests__/updateWishlistSet.test.ts(47,14): error TS7006: Parameter 'error' implicitly has an 'any' type.
packages/redux/src/wishlists/actions/__tests__/updateWishlistSet.test.ts(56,16): error TS7005: Variable 'store' implicitly has an 'any' type.
packages/redux/src/wishlists/actions/__tests__/updateWishlistSet.test.ts(71,22): error TS2339: Property 'mockResolvedValueOnce' does not exist on type 'PatchWishlistSet'.
packages/redux/src/wishlists/actions/__tests__/updateWishlistSet.test.ts(72,20): error TS2339: Property 'mockResolvedValueOnce' does not exist on type 'GetWishlistSet'.
packages/redux/src/wishlists/actions/__tests__/updateWishlistSet.test.ts(76,11): error TS7005: Variable 'store' implicitly has an 'any' type.
packages/redux/src/wishlists/actions/__tests__/updateWishlistSet.test.ts(78,13): error TS7006: Parameter 'clientResult' implicitly has an 'any' type.
packages/redux/src/wishlists/actions/__tests__/updateWishlistSet.test.ts(89,12): error TS7005: Variable 'store' implicitly has an 'any' type.
packages/redux/src/wishlists/actions/factories/addWishlistItemFactory.ts(89,20): error TS2322: Type 'unknown' is not assignable to type 'Error'.
packages/redux/src/wishlists/actions/factories/addWishlistSetFactory.ts(63,20): error TS2322: Type 'unknown' is not assignable to type 'Error'.
packages/redux/src/wishlists/actions/factories/fetchWishlistFactory.ts(64,20): error TS2322: Type 'unknown' is not assignable to type 'Error'.
packages/redux/src/wishlists/actions/factories/fetchWishlistSetFactory.ts(68,20): error TS2322: Type 'unknown' is not assignable to type 'Error'.
packages/redux/src/wishlists/actions/factories/fetchWishlistSetsFactory.ts(60,20): error TS2322: Type 'unknown' is not assignable to type 'Error'.
packages/redux/src/wishlists/actions/factories/removeWishlistItemFactory.ts(55,9): error TS2322: Type 'number | undefined' is not assignable to type 'number'.
  Type 'undefined' is not assignable to type 'number'.
packages/redux/src/wishlists/actions/factories/removeWishlistItemFactory.ts(80,11): error TS2322: Type 'number | undefined' is not assignable to type 'number'.
  Type 'undefined' is not assignable to type 'number'.
packages/redux/src/wishlists/actions/factories/removeWishlistItemFactory.ts(91,11): error TS2322: Type 'number | undefined' is not assignable to type 'number'.
  Type 'undefined' is not assignable to type 'number'.
packages/redux/src/wishlists/actions/factories/removeWishlistItemFactory.ts(94,20): error TS2322: Type 'unknown' is not assignable to type 'Error'.
packages/redux/src/wishlists/actions/factories/removeWishlistSetFactory.ts(61,20): error TS2322: Type 'unknown' is not assignable to type 'Error'.
packages/redux/src/wishlists/actions/factories/updateWishlistItemFactory.ts(60,9): error TS2322: Type 'number | undefined' is not assignable to type 'number'.
  Type 'undefined' is not assignable to type 'number'.
packages/redux/src/wishlists/actions/factories/updateWishlistItemFactory.ts(82,11): error TS2322: Type 'number | undefined' is not assignable to type 'number'.
  Type 'undefined' is not assignable to type 'number'.
packages/redux/src/wishlists/actions/factories/updateWishlistItemFactory.ts(96,11): error TS2322: Type 'number | undefined' is not assignable to type 'number'.
  Type 'undefined' is not assignable to type 'number'.
packages/redux/src/wishlists/actions/factories/updateWishlistItemFactory.ts(99,20): error TS2322: Type 'unknown' is not assignable to type 'Error'.
packages/redux/src/wishlists/actions/factories/updateWishlistSetFactory.ts(81,7): error TS2769: No overload matches this call.
  Overload 1 of 3, '(thunkAction: ThunkAction<unknown, Partial<{ entities: Partial<{ [k: string]: any; addresses: Record<string, Address>; availableTimeSlots: Record<string, Return>; bagItems: Record<number, BagItemEntity>; ... 33 more ...; wishlistSets: Record<...>; }>; ... 24 more ...; wishlist: State; }>, unknown, FetchWishlistSetAction | UpdateWishlistSetAction>): unknown', gave the following error.
    Argument of type '{ meta: { wishlistSetId: string; }; payload: { error: unknown; }; type: string; }' is not assignable to parameter of type 'ThunkAction<unknown, Partial<{ entities: Partial<{ [k: string]: any; addresses: Record<string, Address>; availableTimeSlots: Record<string, Return>; bagItems: Record<number, BagItemEntity>; ... 33 more ...; wishlistSets: Record<...>; }>; ... 24 more ...; wishlist: State; }>, unknown, FetchWishlistSetAction | UpdateW...'.
      Object literal may only specify known properties, and 'meta' does not exist in type 'ThunkAction<unknown, Partial<{ entities: Partial<{ [k: string]: any; addresses: Record<string, Address>; availableTimeSlots: Record<string, Return>; bagItems: Record<number, BagItemEntity>; ... 33 more ...; wishlistSets: Record<...>; }>; ... 24 more ...; wishlist: State; }>, unknown, FetchWishlistSetAction | UpdateW...'.
  Overload 2 of 3, '(action: FetchWishlistSetAction | UpdateWishlistSetAction | ThunkAction<unknown, Partial<{ entities: Partial<{ [k: string]: any; addresses: Record<string, Address>; ... 35 more ...; wishlistSets: Record<...>; }>; ... 24 more ...; wishlist: State; }>, unknown, FetchWishlistSetAction | UpdateWishlistSetAction>): unknown', gave the following error.
    Type 'unknown' is not assignable to type 'Error'.
  Overload 3 of 3, '(action: FetchWishlistSetAction | UpdateWishlistSetAction): FetchWishlistSetAction | UpdateWishlistSetAction', gave the following error.
    Type 'unknown' is not assignable to type 'Error'.
packages/redux/src/wishlists/reducer/__tests__/wishlists.test.ts(13,5): error TS7034: Variable 'initialState' implicitly has type 'any' in some locations where its type cannot be determined.
packages/redux/src/wishlists/reducer/__tests__/wishlists.test.ts(29,17): error TS7005: Variable 'initialState' implicitly has an 'any' type.
packages/redux/src/wishlists/reducer/__tests__/wishlists.test.ts(40,17): error TS7005: Variable 'initialState' implicitly has an 'any' type.
packages/redux/src/wishlists/reducer/__tests__/wishlists.test.ts(51,13): error TS7005: Variable 'initialState' implicitly has an 'any' type.
packages/redux/src/wishlists/reducer/__tests__/wishlists.test.ts(55,17): error TS2345: Argument of type '{ id: string; error: string; [$CombinedState]?: undefined; isLoading: boolean; result: Record<string, never> | NormalizedWishlist; items: { ids: number[] | null; item: { ...; }; }; sets: SetsState; }' is not assignable to parameter of type 'State'.
  Type '{ id: string; error: string; [$CombinedState]?: undefined; isLoading: boolean; result: Record<string, never> | NormalizedWishlist; items: { ids: number[] | null; item: { ...; }; }; sets: SetsState; }' is not assignable to type '{ error: Error | null; id: string | null; isLoading: boolean; result: Record<string, never> | NormalizedWishlist; items: { ids: number[] | null; item: { ...; }; }; sets: SetsState; }'.
    Types of property 'error' are incompatible.
      Type 'string' is not assignable to type 'Error | null'.
packages/redux/src/wishlists/reducer/__tests__/wishlists.test.ts(80,16): error TS7005: Variable 'initialState' implicitly has an 'any' type.
packages/redux/src/wishlists/reducer/__tests__/wishlists.test.ts(85,20): error TS7005: Variable 'initialState' implicitly has an 'any' type.
packages/redux/src/wishlists/reducer/__tests__/wishlists.test.ts(91,17): error TS2345: Argument of type '{ id: string; error: string; items: { item: { ids: number[]; 481426747: { error: string; }; error: Record<number, Error | null | undefined>; isLoading: Record<number, boolean | undefined>; }; ids: number[] | null; }; [$CombinedState]?: undefined; isLoading: boolean; result: Record<...> | NormalizedWishlist; sets: Se...' is not assignable to parameter of type 'State'.
  Type '{ id: string; error: string; items: { item: { ids: number[]; 481426747: { error: string; }; error: Record<number, Error | null | undefined>; isLoading: Record<number, boolean | undefined>; }; ids: number[] | null; }; [$CombinedState]?: undefined; isLoading: boolean; result: Record<...> | NormalizedWishlist; sets: Se...' is not assignable to type '{ error: Error | null; id: string | null; isLoading: boolean; result: Record<string, never> | NormalizedWishlist; items: { ids: number[] | null; item: { ...; }; }; sets: SetsState; }'.
    Types of property 'error' are incompatible.
      Type 'string' is not assignable to type 'Error | null'.
packages/redux/src/wishlists/reducer/__tests__/wishlists.test.ts(103,26): error TS7005: Variable 'initialState' implicitly has an 'any' type.
packages/redux/src/wishlists/reducer/__tests__/wishlists.test.ts(126,22): error TS2345: Argument of type '{ result: { items: number[]; count: number; id: string; userId: null; }; [$CombinedState]?: undefined; error: Error | null; id: string | null; isLoading: boolean; items: { ids: number[] | null; item: { ...; }; }; sets: SetsState; }' is not assignable to parameter of type 'State'.
  Type '{ result: { items: number[]; count: number; id: string; userId: null; }; [$CombinedState]?: undefined; error: Error | null; id: string | null; isLoading: boolean; items: { ids: number[] | null; item: { ...; }; }; sets: SetsState; }' is not assignable to type '{ error: Error | null; id: string | null; isLoading: boolean; result: Record<string, never> | NormalizedWishlist; items: { ids: number[] | null; item: { ...; }; }; sets: SetsState; }'.
    Types of property 'result' are incompatible.
      Type '{ items: number[]; count: number; id: string; userId: null; }' is not assignable to type 'Record<string, never> | NormalizedWishlist'.
        Type '{ items: number[]; count: number; id: string; userId: null; }' is not assignable to type 'NormalizedWishlist'.
          Type '{ items: number[]; count: number; id: string; userId: null; }' is not assignable to type 'Omit<Wishlist, "items">'.
            Types of property 'userId' are incompatible.
              Type 'null' is not assignable to type 'number'.
packages/redux/src/wishlists/reducer/__tests__/wishlists.test.ts(134,26): error TS7005: Variable 'initialState' implicitly has an 'any' type.
packages/redux/src/wishlists/reducer/__tests__/wishlists.test.ts(166,22): error TS2345: Argument of type '{ error: string; [$CombinedState]?: undefined; id: string | null; isLoading: boolean; result: Record<string, never> | NormalizedWishlist; items: { ...; }; sets: SetsState; }' is not assignable to parameter of type 'State'.
  Type '{ error: string; [$CombinedState]?: undefined; id: string | null; isLoading: boolean; result: Record<string, never> | NormalizedWishlist; items: { ...; }; sets: SetsState; }' is not assignable to type '{ error: Error | null; id: string | null; isLoading: boolean; result: Record<string, never> | NormalizedWishlist; items: { ids: number[] | null; item: { ...; }; }; sets: SetsState; }'.
    Types of property 'error' are incompatible.
      Type 'string' is not assignable to type 'Error | null'.
packages/redux/src/wishlists/reducer/__tests__/wishlists.test.ts(174,26): error TS7005: Variable 'initialState' implicitly has an 'any' type.
packages/redux/src/wishlists/reducer/__tests__/wishlists.test.ts(203,26): error TS7005: Variable 'initialState' implicitly has an 'any' type.
packages/redux/src/wishlists/reducer/__tests__/wishlists.test.ts(221,14): error TS7005: Variable 'initialState' implicitly has an 'any' type.
packages/redux/src/wishlists/reducer/__tests__/wishlists.test.ts(230,14): error TS7005: Variable 'initialState' implicitly has an 'any' type.
packages/redux/src/wishlists/reducer/__tests__/wishlists.test.ts(246,14): error TS7005: Variable 'initialState' implicitly has an 'any' type.
packages/redux/src/wishlists/reducer/__tests__/wishlists.test.ts(255,14): error TS7005: Variable 'initialState' implicitly has an 'any' type.
packages/redux/src/wishlists/reducer/__tests__/wishlists.test.ts(273,29): error TS7005: Variable 'initialState' implicitly has an 'any' type.
packages/redux/src/wishlists/reducer/__tests__/wishlists.test.ts(437,61): error TS2345: Argument of type '{ products: { 1: { id: number; }; }; wishlistItems: { 1: { id: number; }; }; wishlistSets: { 1: { id: number; }; }; dummy: { 1: { id: number; }; }; dummy2: { 2: { id: number; }; }; }' is not assignable to parameter of type 'Partial<{ [k: string]: any; addresses: Record<string, Address>; availableTimeSlots: Record<string, Return>; bagItems: Record<number, BagItemEntity>; ... 33 more ...; wishlistSets: Record<...>; }>'.
  Types of property 'products' are incompatible.
    Type '{ 1: { id: number; }; }' is not assignable to type 'Record<number, ProductEntity>'.
      Property '1' is incompatible with index signature.
        Type '{ id: number; }' is missing the following properties from type 'ProductEntity': brand, categories, merchant, associations, and 56 more.
packages/redux/src/wishlists/reducer/__tests__/wishlists.test.ts(442,45): error TS2345: Argument of type '{ products: { 1: { id: number; }; }; wishlistItems: { 1: { id: number; }; }; wishlistSets: { 1: { id: number; }; }; dummy: { 1: { id: number; }; }; dummy2: { 2: { id: number; }; }; }' is not assignable to parameter of type 'Partial<{ [k: string]: any; addresses: Record<string, Address>; availableTimeSlots: Record<string, Return>; bagItems: Record<number, BagItemEntity>; ... 33 more ...; wishlistSets: Record<...>; }>'.
packages/redux/src/wishlists/reducer/__tests__/wishlists.test.ts(451,54): error TS2322: Type 'number' is not assignable to type 'string | null'.
packages/redux/src/wishlists/reducer/__tests__/wishlists.test.ts(459,57): error TS2322: Type 'string' is not assignable to type 'Error | null'.
packages/redux/src/wishlists/reducer/__tests__/wishlists.test.ts(470,58): error TS2322: Type '{ items: number[]; count: number; id: string; userId: null; }' is not assignable to type 'Record<string, never> | NormalizedWishlist'.
  Type '{ items: number[]; count: number; id: string; userId: null; }' is not assignable to type 'NormalizedWishlist'.
    Type '{ items: number[]; count: number; id: string; userId: null; }' is not assignable to type 'Omit<Wishlist, "items">'.
      Types of property 'userId' are incompatible.
        Type 'null' is not assignable to type 'number'.
packages/redux/src/wishlists/reducer/__tests__/wishlists.test.ts(512,62): error TS2322: Type '{ item: { error: { 123: string; }; isLoading: Record<number, boolean | undefined>; }; ids: number[] | null; }' is not assignable to type '{ ids: number[] | null; item: { error: Record<number, Error | null | undefined>; isLoading: Record<number, boolean | undefined>; }; }'.
  The types of 'item.error' are incompatible between these types.
    Type '{ 123: string; }' is not assignable to type 'Record<number, Error | null | undefined>'.
      Property '123' is incompatible with index signature.
        Type 'string' is not assignable to type 'Error | null | undefined'.
packages/redux/src/wishlists/reducer/__tests__/wishlistsSets.test.ts(19,5): error TS7034: Variable 'initialState' implicitly has type 'any' in some locations where its type cannot be determined.
packages/redux/src/wishlists/reducer/__tests__/wishlistsSets.test.ts(33,17): error TS7005: Variable 'initialState' implicitly has an 'any' type.
packages/redux/src/wishlists/reducer/__tests__/wishlistsSets.test.ts(44,17): error TS7005: Variable 'initialState' implicitly has an 'any' type.
packages/redux/src/wishlists/reducer/__tests__/wishlistsSets.test.ts(61,14): error TS7005: Variable 'initialState' implicitly has an 'any' type.
packages/redux/src/wishlists/reducer/__tests__/wishlistsSets.test.ts(65,17): error TS2345: Argument of type '{ ids: string[]; error: string; set: { error: { "77fae745-7608-4b7d-8e7d-4f6923e032ef": { message: string; }; }; isLoading: Record<string, boolean | undefined>; }; [$CombinedState]?: undefined; isLoading: boolean; }' is not assignable to parameter of type 'SetsState'.
  Type '{ ids: string[]; error: string; set: { error: { "77fae745-7608-4b7d-8e7d-4f6923e032ef": { message: string; }; }; isLoading: Record<string, boolean | undefined>; }; [$CombinedState]?: undefined; isLoading: boolean; }' is not assignable to type '{ error: Error | null; ids: string[] | null; isLoading: boolean; set: { error: Record<string, Error | null | undefined>; isLoading: Record<string, boolean | undefined>; }; }'.
    Types of property 'error' are incompatible.
      Type 'string' is not assignable to type 'Error | null'.
packages/redux/src/wishlists/reducer/__tests__/wishlistsSets.test.ts(86,16): error TS7005: Variable 'initialState' implicitly has an 'any' type.
packages/redux/src/wishlists/reducer/__tests__/wishlistsSets.test.ts(89,18): error TS7005: Variable 'initialState' implicitly has an 'any' type.
packages/redux/src/wishlists/reducer/__tests__/wishlistsSets.test.ts(94,17): error TS2345: Argument of type '{ ids: string[]; error: string; set: { error: { "77fae745-7608-4b7d-8e7d-4f6923e032ef": { message: string; }; }; isLoading: Record<string, boolean | undefined>; }; [$CombinedState]?: undefined; isLoading: boolean; }' is not assignable to parameter of type 'SetsState'.
  Type '{ ids: string[]; error: string; set: { error: { "77fae745-7608-4b7d-8e7d-4f6923e032ef": { message: string; }; }; isLoading: Record<string, boolean | undefined>; }; [$CombinedState]?: undefined; isLoading: boolean; }' is not assignable to type '{ error: Error | null; ids: string[] | null; isLoading: boolean; set: { error: Record<string, Error | null | undefined>; isLoading: Record<string, boolean | undefined>; }; }'.
    Types of property 'error' are incompatible.
      Type 'string' is not assignable to type 'Error | null'.
packages/redux/src/wishlists/reducer/__tests__/wishlistsSets.test.ts(106,26): error TS7005: Variable 'initialState' implicitly has an 'any' type.
packages/redux/src/wishlists/reducer/__tests__/wishlistsSets.test.ts(139,26): error TS7005: Variable 'initialState' implicitly has an 'any' type.
packages/redux/src/wishlists/reducer/__tests__/wishlistsSets.test.ts(208,14): error TS7005: Variable 'initialState' implicitly has an 'any' type.
packages/redux/src/wishlists/reducer/__tests__/wishlistsSets.test.ts(222,26): error TS7005: Variable 'initialState' implicitly has an 'any' type.
packages/redux/src/wishlists/reducer/__tests__/wishlistsSets.test.ts(248,14): error TS7005: Variable 'initialState' implicitly has an 'any' type.
packages/redux/src/wishlists/reducer/__tests__/wishlistsSets.test.ts(257,14): error TS7005: Variable 'initialState' implicitly has an 'any' type.
packages/redux/src/wishlists/reducer/__tests__/wishlistsSets.test.ts(266,14): error TS7005: Variable 'initialState' implicitly has an 'any' type.
packages/redux/src/wishlists/reducer/__tests__/wishlistsSets.test.ts(275,14): error TS7005: Variable 'initialState' implicitly has an 'any' type.
packages/redux/src/wishlists/reducer/__tests__/wishlistsSets.test.ts(289,29): error TS7005: Variable 'initialState' implicitly has an 'any' type.
packages/redux/src/wishlists/reducer/__tests__/wishlistsSets.test.ts(344,16): error TS7005: Variable 'initialState' implicitly has an 'any' type.
packages/redux/src/wishlists/reducer/__tests__/wishlistsSets.test.ts(356,16): error TS7005: Variable 'initialState' implicitly has an 'any' type.
packages/redux/src/wishlists/reducer/__tests__/wishlistsSets.test.ts(368,16): error TS7005: Variable 'initialState' implicitly has an 'any' type.
packages/redux/src/wishlists/reducer/__tests__/wishlistsSets.test.ts(466,65): error TS2345: Argument of type '{ wishlistSets: { "77fae745-7608-4b7d-8e7d-4f6923e032ef": { id: string; }; '1354986456-0000-0000-0000-000000000000': { id: string; }; }; wishlistItems: { 481426747: { id: number; }; }; dummy: { 1: { id: number; }; }; dummy2: { ...; }; }' is not assignable to parameter of type 'Partial<{ [k: string]: any; addresses: Record<string, Address>; availableTimeSlots: Record<string, Return>; bagItems: Record<number, BagItemEntity>; ... 33 more ...; wishlistSets: Record<...>; }>'.
  Types of property 'wishlistItems' are incompatible.
    Type '{ 481426747: { id: number; }; }' is not assignable to type 'Record<number, WishlistItemEntity>'.
      Property '481426747' is incompatible with index signature.
        Type '{ id: number; }' is missing the following properties from type 'WishlistItemEntity': attributes, createdByStaffMemberId, dateCreated, fulfillmentDate, and 8 more.
packages/redux/src/wishlists/reducer/__tests__/wishlistsSets.test.ts(497,66): error TS2345: Argument of type '{ wishlistSets: { 1: { id: number; }; }; wishlistItems: { 481426747: { id: number; }; }; dummy: { 1: { id: number; }; }; dummy2: { 2: { id: number; }; }; }' is not assignable to parameter of type 'Partial<{ [k: string]: any; addresses: Record<string, Address>; availableTimeSlots: Record<string, Return>; bagItems: Record<number, BagItemEntity>; ... 33 more ...; wishlistSets: Record<...>; }>'.
  Types of property 'wishlistItems' are incompatible.
    Type '{ 481426747: { id: number; }; }' is not assignable to type 'Record<number, WishlistItemEntity>'.
      Property '481426747' is incompatible with index signature.
        Type '{ id: number; }' is missing the following properties from type 'WishlistItemEntity': attributes, createdByStaffMemberId, dateCreated, fulfillmentDate, and 8 more.
packages/redux/src/wishlists/reducer/wishlists.ts(191,15): error TS2339: Property 'wishlistItems' does not exist on type 'Partial<{ [k: string]: any; addresses: Record<string, Address>; availableTimeSlots: Record<string, Return>; bagItems: Record<number, BagItemEntity>; ... 33 more ...; wishlistSets: Record<...>; }> | undefined'.
packages/redux/src/wishlists/reducer/wishlists.ts(191,30): error TS2339: Property 'wishlistSets' does not exist on type 'Partial<{ [k: string]: any; addresses: Record<string, Address>; availableTimeSlots: Record<string, Return>; bagItems: Record<number, BagItemEntity>; ... 33 more ...; wishlistSets: Record<...>; }> | undefined'.
packages/redux/src/wishlists/reducer/wishlists.ts(198,13): error TS2339: Property 'wishlistItems' does not exist on type 'Partial<{ [k: string]: any; addresses: Record<string, Address>; availableTimeSlots: Record<string, Return>; bagItems: Record<number, BagItemEntity>; ... 33 more ...; wishlistSets: Record<...>; }> | undefined'.
packages/redux/src/wishlists/reducer/wishlists.ts(198,28): error TS2339: Property 'wishlistSets' does not exist on type 'Partial<{ [k: string]: any; addresses: Record<string, Address>; availableTimeSlots: Record<string, Return>; bagItems: Record<number, BagItemEntity>; ... 33 more ...; wishlistSets: Record<...>; }> | undefined'.
packages/redux/src/wishlists/reducer/wishlists.ts(256,11): error TS2532: Object is possibly 'undefined'.
packages/redux/src/wishlists/reducer/wishlists.ts(257,11): error TS2532: Object is possibly 'undefined'.
packages/redux/src/wishlists/reducer/wishlistsSets.ts(174,15): error TS2339: Property 'wishlistSets' does not exist on type 'Partial<{ [k: string]: any; addresses: Record<string, Address>; availableTimeSlots: Record<string, Return>; bagItems: Record<number, BagItemEntity>; ... 33 more ...; wishlistSets: Record<...>; }> | undefined'.
packages/redux/src/wishlists/reducer/wishlistsSets.ts(185,15): error TS2339: Property 'wishlistSets' does not exist on type 'Partial<{ [k: string]: any; addresses: Record<string, Address>; availableTimeSlots: Record<string, Return>; bagItems: Record<number, BagItemEntity>; ... 33 more ...; wishlistSets: Record<...>; }> | undefined'.
packages/redux/src/wishlists/reducer/wishlistsSets.ts(237,13): error TS2532: Object is possibly 'undefined'.
packages/redux/src/wishlists/selectors/__tests__/wishlists.test.ts(25,38): error TS2345: Argument of type '{ wishlist: { error: undefined; id: string; isLoading: boolean; items: { ids: number[]; item: { error: { 481426747: { code: number; status: number; }; }; isLoading: { 481426747: boolean; }; }; }; result: { id: string; items: number[]; }; sets: { ...; }; }; entities: { ...; }; }' is not assignable to parameter of type 'Partial<{ entities: Partial<{ [k: string]: any; addresses: Record<string, Address>; availableTimeSlots: Record<string, Return>; bagItems: Record<number, BagItemEntity>; ... 33 more ...; wishlistSets: Record<...>; }>; ... 24 more ...; wishlist: State; }>'.
  The types of 'entities.products' are incompatible between these types.
    Type '{ 12129099: { id: number; }; 1002: { id: number; description: string; }; }' is not assignable to type 'Record<number, ProductEntity>'.
      Property '12129099' is incompatible with index signature.
        Type '{ id: number; }' is missing the following properties from type 'ProductEntity': brand, categories, merchant, associations, and 56 more.
packages/redux/src/wishlists/selectors/__tests__/wishlists.test.ts(36,36): error TS2345: Argument of type '{ wishlist: { error: undefined; id: string; isLoading: boolean; items: { ids: number[]; item: { error: { 481426747: { code: number; status: number; }; }; isLoading: { 481426747: boolean; }; }; }; result: { id: string; items: number[]; }; sets: { ...; }; }; entities: { ...; }; }' is not assignable to parameter of type 'Partial<{ entities: Partial<{ [k: string]: any; addresses: Record<string, Address>; availableTimeSlots: Record<string, Return>; bagItems: Record<number, BagItemEntity>; ... 33 more ...; wishlistSets: Record<...>; }>; ... 24 more ...; wishlist: State; }>'.
packages/redux/src/wishlists/selectors/__tests__/wishlists.test.ts(48,41): error TS2345: Argument of type '{ wishlist: { error: undefined; id: string; isLoading: boolean; items: { ids: number[]; item: { error: { 481426747: { code: number; status: number; }; }; isLoading: { 481426747: boolean; }; }; }; result: { id: string; items: number[]; }; sets: { ...; }; }; entities: { ...; }; }' is not assignable to parameter of type 'Partial<{ entities: Partial<{ [k: string]: any; addresses: Record<string, Address>; availableTimeSlots: Record<string, Return>; bagItems: Record<number, BagItemEntity>; ... 33 more ...; wishlistSets: Record<...>; }>; ... 24 more ...; wishlist: State; }>'.
packages/redux/src/wishlists/selectors/__tests__/wishlists.test.ts(60,42): error TS2345: Argument of type '{ wishlist: { error: undefined; id: string; isLoading: boolean; items: { ids: number[]; item: { error: { 481426747: { code: number; status: number; }; }; isLoading: { 481426747: boolean; }; }; }; result: { id: string; items: number[]; }; sets: { ...; }; }; entities: { ...; }; }' is not assignable to parameter of type 'Partial<{ entities: Partial<{ [k: string]: any; addresses: Record<string, Address>; availableTimeSlots: Record<string, Return>; bagItems: Record<number, BagItemEntity>; ... 33 more ...; wishlistSets: Record<...>; }>; ... 24 more ...; wishlist: State; }>'.
packages/redux/src/wishlists/selectors/__tests__/wishlists.test.ts(77,35): error TS2345: Argument of type '{ wishlist: { error: undefined; id: string; isLoading: boolean; items: { ids: number[]; item: { error: { 481426747: { code: number; status: number; }; }; isLoading: { 481426747: boolean; }; }; }; result: { id: string; items: number[]; }; sets: { ...; }; }; entities: { ...; }; }' is not assignable to parameter of type '{ entities?: Partial<{ [k: string]: any; addresses: Record<string, Address>; availableTimeSlots: Record<string, Return>; bagItems: Record<number, BagItemEntity>; ... 33 more ...; wishlistSets: Record<...>; }> | undefined; ... 24 more ...; wishlist?: State | undefined; }'.
  Types of property 'entities' are incompatible.
    Type '{ wishlistItems: { 481426747: { product: number; dateCreated: number; id: number; quantity: number; createdByStaffMemberId: null; }; 102: { id: number; product: number; quantity: number; }; }; products: { ...; }; wishlistSets: { ...; }; }' is not assignable to type 'Partial<{ [k: string]: any; addresses: Record<string, Address>; availableTimeSlots: Record<string, Return>; bagItems: Record<number, BagItemEntity>; ... 33 more ...; wishlistSets: Record<...>; }>'.
packages/redux/src/wishlists/selectors/__tests__/wishlists.test.ts(100,35): error TS2345: Argument of type '{ wishlist: { error: undefined; id: string; isLoading: boolean; items: { ids: number[]; item: { error: { 481426747: { code: number; status: number; }; }; isLoading: { 481426747: boolean; }; }; }; result: { id: string; items: number[]; }; sets: { ...; }; }; entities: { ...; }; }' is not assignable to parameter of type '{ entities?: Partial<{ [k: string]: any; addresses: Record<string, Address>; availableTimeSlots: Record<string, Return>; bagItems: Record<number, BagItemEntity>; ... 33 more ...; wishlistSets: Record<...>; }> | undefined; ... 24 more ...; wishlist?: State | undefined; }'.
packages/redux/src/wishlists/selectors/__tests__/wishlists.test.ts(109,44): error TS2345: Argument of type '{ wishlist: { error: undefined; id: string; isLoading: boolean; items: { ids: number[]; item: { error: { 481426747: { code: number; status: number; }; }; isLoading: { 481426747: boolean; }; }; }; result: { id: string; items: number[]; }; sets: { ...; }; }; entities: { ...; }; }' is not assignable to parameter of type 'Partial<{ entities: Partial<{ [k: string]: any; addresses: Record<string, Address>; availableTimeSlots: Record<string, Return>; bagItems: Record<number, BagItemEntity>; ... 33 more ...; wishlistSets: Record<...>; }>; ... 24 more ...; wishlist: State; }>'.
packages/redux/src/wishlists/selectors/__tests__/wishlists.test.ts(165,48): error TS2345: Argument of type '{ wishlist: { error: undefined; id: string; isLoading: boolean; items: { ids: number[]; item: { error: { 481426747: { code: number; status: number; }; }; isLoading: { 481426747: boolean; }; }; }; result: { id: string; items: number[]; }; sets: { ...; }; }; entities: { ...; }; }' is not assignable to parameter of type 'Partial<{ entities: Partial<{ [k: string]: any; addresses: Record<string, Address>; availableTimeSlots: Record<string, Return>; bagItems: Record<number, BagItemEntity>; ... 33 more ...; wishlistSets: Record<...>; }>; ... 24 more ...; wishlist: State; }>'.
packages/redux/src/wishlists/selectors/__tests__/wishlists.test.ts(184,48): error TS2345: Argument of type '{ wishlist: { items: { ids: never[]; item: { error: { 481426747: { code: number; status: number; }; }; isLoading: { 481426747: boolean; }; }; }; error: undefined; id: string; isLoading: boolean; result: { id: string; items: number[]; }; sets: { ...; }; }; entities: { ...; }; }' is not assignable to parameter of type 'Partial<{ entities: Partial<{ [k: string]: any; addresses: Record<string, Address>; availableTimeSlots: Record<string, Return>; bagItems: Record<number, BagItemEntity>; ... 33 more ...; wishlistSets: Record<...>; }>; ... 24 more ...; wishlist: State; }>'.
  Types of property 'wishlist' are incompatible.
    Type '{ items: { ids: never[]; item: { error: { 481426747: { code: number; status: number; }; }; isLoading: { 481426747: boolean; }; }; }; error: undefined; id: string; isLoading: boolean; result: { id: string; items: number[]; }; sets: { ...; }; }' is not assignable to type 'State'.
      Type '{ items: { ids: never[]; item: { error: { 481426747: { code: number; status: number; }; }; isLoading: { 481426747: boolean; }; }; }; error: undefined; id: string; isLoading: boolean; result: { id: string; items: number[]; }; sets: { ...; }; }' is not assignable to type '{ error: Error | null; id: string | null; isLoading: boolean; result: Record<string, never> | NormalizedWishlist; items: { ids: number[] | null; item: { ...; }; }; sets: SetsState; }'.
        Types of property 'error' are incompatible.
          Type 'undefined' is not assignable to type 'Error | null'.
packages/redux/src/wishlists/selectors/__tests__/wishlists.test.ts(192,49): error TS2345: Argument of type '{ wishlist: { error: undefined; id: string; isLoading: boolean; items: { ids: number[]; item: { error: { 481426747: { code: number; status: number; }; }; isLoading: { 481426747: boolean; }; }; }; result: { id: string; items: number[]; }; sets: { ...; }; }; entities: { ...; }; }' is not assignable to parameter of type 'Partial<{ entities: Partial<{ [k: string]: any; addresses: Record<string, Address>; availableTimeSlots: Record<string, Return>; bagItems: Record<number, BagItemEntity>; ... 33 more ...; wishlistSets: Record<...>; }>; ... 24 more ...; wishlist: State; }>'.
packages/redux/src/wishlists/selectors/__tests__/wishlists.test.ts(211,49): error TS2345: Argument of type '{ wishlist: { items: { ids: never[]; item: { error: { 481426747: { code: number; status: number; }; }; isLoading: { 481426747: boolean; }; }; }; error: undefined; id: string; isLoading: boolean; result: { id: string; items: number[]; }; sets: { ...; }; }; entities: { ...; }; }' is not assignable to parameter of type 'Partial<{ entities: Partial<{ [k: string]: any; addresses: Record<string, Address>; availableTimeSlots: Record<string, Return>; bagItems: Record<number, BagItemEntity>; ... 33 more ...; wishlistSets: Record<...>; }>; ... 24 more ...; wishlist: State; }>'.
  Types of property 'wishlist' are incompatible.
    Type '{ items: { ids: never[]; item: { error: { 481426747: { code: number; status: number; }; }; isLoading: { 481426747: boolean; }; }; }; error: undefined; id: string; isLoading: boolean; result: { id: string; items: number[]; }; sets: { ...; }; }' is not assignable to type 'State'.
      Type '{ items: { ids: never[]; item: { error: { 481426747: { code: number; status: number; }; }; isLoading: { 481426747: boolean; }; }; }; error: undefined; id: string; isLoading: boolean; result: { id: string; items: number[]; }; sets: { ...; }; }' is not assignable to type '{ error: Error | null; id: string | null; isLoading: boolean; result: Record<string, never> | NormalizedWishlist; items: { ids: number[] | null; item: { ...; }; }; sets: SetsState; }'.
        Types of property 'error' are incompatible.
          Type 'undefined' is not assignable to type 'Error | null'.
packages/redux/src/wishlists/selectors/__tests__/wishlists.test.ts(223,41): error TS2345: Argument of type '{ wishlist: { error: undefined; id: string; isLoading: boolean; items: { ids: number[]; item: { error: { 481426747: { code: number; status: number; }; }; isLoading: { 481426747: boolean; }; }; }; result: { id: string; items: number[]; }; sets: { ...; }; }; entities: { ...; }; }' is not assignable to parameter of type '{ entities?: Partial<{ [k: string]: any; addresses: Record<string, Address>; availableTimeSlots: Record<string, Return>; bagItems: Record<number, BagItemEntity>; ... 33 more ...; wishlistSets: Record<...>; }> | undefined; ... 24 more ...; wishlist?: State | undefined; }'.
packages/redux/src/wishlists/selectors/__tests__/wishlists.test.ts(225,36): error TS2339: Property 'size' does not exist on type '{ dateCreated: number; id: number; quantity: number; createdByStaffMemberId: null; }'.
packages/redux/src/wishlists/selectors/__tests__/wishlists.test.ts(247,41): error TS2345: Argument of type '{ wishlist: { items: { ids: never[]; item: { error: { 481426747: { code: number; status: number; }; }; isLoading: { 481426747: boolean; }; }; }; error: undefined; id: string; isLoading: boolean; result: { id: string; items: number[]; }; sets: { ...; }; }; entities: { ...; }; }' is not assignable to parameter of type '{ entities?: Partial<{ [k: string]: any; addresses: Record<string, Address>; availableTimeSlots: Record<string, Return>; bagItems: Record<number, BagItemEntity>; ... 33 more ...; wishlistSets: Record<...>; }> | undefined; ... 24 more ...; wishlist?: State | undefined; }'.
  Types of property 'wishlist' are incompatible.
    Type '{ items: { ids: never[]; item: { error: { 481426747: { code: number; status: number; }; }; isLoading: { 481426747: boolean; }; }; }; error: undefined; id: string; isLoading: boolean; result: { id: string; items: number[]; }; sets: { ...; }; }' is not assignable to type 'State'.
      Type '{ items: { ids: never[]; item: { error: { 481426747: { code: number; status: number; }; }; isLoading: { 481426747: boolean; }; }; }; error: undefined; id: string; isLoading: boolean; result: { id: string; items: number[]; }; sets: { ...; }; }' is not assignable to type '{ error: Error | null; id: string | null; isLoading: boolean; result: Record<string, never> | NormalizedWishlist; items: { ids: number[] | null; item: { ...; }; }; sets: SetsState; }'.
        Types of property 'error' are incompatible.
          Type 'undefined' is not assignable to type 'Error | null'.
packages/redux/src/wishlists/selectors/__tests__/wishlists.test.ts(259,41): error TS2345: Argument of type '{ wishlist: { error: undefined; id: string; isLoading: boolean; items: { ids: number[]; item: { error: { 481426747: { code: number; status: number; }; }; isLoading: { 481426747: boolean; }; }; }; result: { id: string; items: number[]; }; sets: { ...; }; }; entities: { ...; }; }' is not assignable to parameter of type 'Partial<{ entities: Partial<{ [k: string]: any; addresses: Record<string, Address>; availableTimeSlots: Record<string, Return>; bagItems: Record<number, BagItemEntity>; ... 33 more ...; wishlistSets: Record<...>; }>; ... 24 more ...; wishlist: State; }>'.
packages/redux/src/wishlists/selectors/__tests__/wishlists.test.ts(272,40): error TS2345: Argument of type '{ wishlist: { error: undefined; id: string; isLoading: boolean; items: { ids: number[]; item: { error: { 481426747: { code: number; status: number; }; }; isLoading: { 481426747: boolean; }; }; }; result: { id: string; items: number[]; }; sets: { ...; }; }; entities: { ...; }; }' is not assignable to parameter of type 'Partial<{ entities: Partial<{ [k: string]: any; addresses: Record<string, Address>; availableTimeSlots: Record<string, Return>; bagItems: Record<number, BagItemEntity>; ... 33 more ...; wishlistSets: Record<...>; }>; ... 24 more ...; wishlist: State; }>'.
packages/redux/src/wishlists/selectors/__tests__/wishlists.test.ts(301,42): error TS2345: Argument of type '{ wishlist: { error: string; id: string; isLoading: boolean; items: { ids: number[]; item: { isLoading: { 481426747: boolean; }; error: { 481426747: null; }; }; }; }; entities: { wishlistItems: { 481426747: { product: number; dateCreated: number; id: number; quantity: number; createdByStaffMemberId: null; }; 102: { ...' is not assignable to parameter of type 'Partial<{ entities: Partial<{ [k: string]: any; addresses: Record<string, Address>; availableTimeSlots: Record<string, Return>; bagItems: Record<number, BagItemEntity>; ... 33 more ...; wishlistSets: Record<...>; }>; ... 24 more ...; wishlist: State; }>'.
  Types of property 'entities' are incompatible.
    Type '{ wishlistItems: { 481426747: { product: number; dateCreated: number; id: number; quantity: number; createdByStaffMemberId: null; }; 102: { id: number; product: number; quantity: number; }; }; products: { ...; }; wishlistSets: { ...; }; }' is not assignable to type 'Partial<{ [k: string]: any; addresses: Record<string, Address>; availableTimeSlots: Record<string, Return>; bagItems: Record<number, BagItemEntity>; ... 33 more ...; wishlistSets: Record<...>; }>'.
packages/redux/src/wishlists/selectors/__tests__/wishlists.test.ts(327,42): error TS2345: Argument of type '{ wishlist: { error: null; id: string; isLoading: boolean; items: { ids: number[]; item: { isLoading: { 481426747: boolean; }; error: { 481426747: string; }; }; }; }; entities: { wishlistItems: { 481426747: { product: number; dateCreated: number; id: number; quantity: number; createdByStaffMemberId: null; }; 102: { ...' is not assignable to parameter of type 'Partial<{ entities: Partial<{ [k: string]: any; addresses: Record<string, Address>; availableTimeSlots: Record<string, Return>; bagItems: Record<number, BagItemEntity>; ... 33 more ...; wishlistSets: Record<...>; }>; ... 24 more ...; wishlist: State; }>'.
  Types of property 'entities' are incompatible.
    Type '{ wishlistItems: { 481426747: { product: number; dateCreated: number; id: number; quantity: number; createdByStaffMemberId: null; }; 102: { id: number; product: number; quantity: number; }; }; products: { ...; }; wishlistSets: { ...; }; }' is not assignable to type 'Partial<{ [k: string]: any; addresses: Record<string, Address>; availableTimeSlots: Record<string, Return>; bagItems: Record<number, BagItemEntity>; ... 33 more ...; wishlistSets: Record<...>; }>'.
packages/redux/src/wishlists/selectors/__tests__/wishlists.test.ts(351,47): error TS2345: Argument of type '{ wishlist: { error: null; id: string; isLoading: boolean; items: { ids: number[]; item: { isLoading: { 481426747: boolean; }; error: { 481426747: null; }; }; }; }; entities: { wishlistItems: { 481426747: { product: number; dateCreated: number; id: number; quantity: number; createdByStaffMemberId: null; }; 102: { .....' is not assignable to parameter of type 'Partial<{ entities: Partial<{ [k: string]: any; addresses: Record<string, Address>; availableTimeSlots: Record<string, Return>; bagItems: Record<number, BagItemEntity>; ... 33 more ...; wishlistSets: Record<...>; }>; ... 24 more ...; wishlist: State; }>'.
  Types of property 'entities' are incompatible.
    Type '{ wishlistItems: { 481426747: { product: number; dateCreated: number; id: number; quantity: number; createdByStaffMemberId: null; }; 102: { id: number; product: number; quantity: number; }; }; products: { ...; }; wishlistSets: { ...; }; }' is not assignable to type 'Partial<{ [k: string]: any; addresses: Record<string, Address>; availableTimeSlots: Record<string, Return>; bagItems: Record<number, BagItemEntity>; ... 33 more ...; wishlistSets: Record<...>; }>'.
packages/redux/src/wishlists/selectors/__tests__/wishlists.test.ts(373,42): error TS2345: Argument of type '{ wishlist: { error: null; id: string; isLoading: boolean; items: { ids: never[]; item: { isLoading: {}; error: {}; }; }; }; entities: { wishlistItems: { 481426747: { product: number; dateCreated: number; id: number; quantity: number; createdByStaffMemberId: null; }; 102: { ...; }; }; products: { ...; }; wishlistSet...' is not assignable to parameter of type 'Partial<{ entities: Partial<{ [k: string]: any; addresses: Record<string, Address>; availableTimeSlots: Record<string, Return>; bagItems: Record<number, BagItemEntity>; ... 33 more ...; wishlistSets: Record<...>; }>; ... 24 more ...; wishlist: State; }>'.
  Types of property 'entities' are incompatible.
    Type '{ wishlistItems: { 481426747: { product: number; dateCreated: number; id: number; quantity: number; createdByStaffMemberId: null; }; 102: { id: number; product: number; quantity: number; }; }; products: { ...; }; wishlistSets: { ...; }; }' is not assignable to type 'Partial<{ [k: string]: any; addresses: Record<string, Address>; availableTimeSlots: Record<string, Return>; bagItems: Record<number, BagItemEntity>; ... 33 more ...; wishlistSets: Record<...>; }>'.
packages/redux/src/wishlists/selectors/__tests__/wishlists.test.ts(393,42): error TS2345: Argument of type '{ wishlist: { error: null; id: string; isLoading: boolean; items: { item: { isLoading: {}; error: {}; }; }; }; entities: { wishlistItems: { 481426747: { product: number; dateCreated: number; id: number; quantity: number; createdByStaffMemberId: null; }; 102: { ...; }; }; products: { ...; }; wishlistSets: { ...; }; }...' is not assignable to parameter of type 'Partial<{ entities: Partial<{ [k: string]: any; addresses: Record<string, Address>; availableTimeSlots: Record<string, Return>; bagItems: Record<number, BagItemEntity>; ... 33 more ...; wishlistSets: Record<...>; }>; ... 24 more ...; wishlist: State; }>'.
  Types of property 'entities' are incompatible.
    Type '{ wishlistItems: { 481426747: { product: number; dateCreated: number; id: number; quantity: number; createdByStaffMemberId: null; }; 102: { id: number; product: number; quantity: number; }; }; products: { ...; }; wishlistSets: { ...; }; }' is not assignable to type 'Partial<{ [k: string]: any; addresses: Record<string, Address>; availableTimeSlots: Record<string, Return>; bagItems: Record<number, BagItemEntity>; ... 33 more ...; wishlistSets: Record<...>; }>'.
packages/redux/src/wishlists/selectors/__tests__/wishlists.test.ts(401,39): error TS2345: Argument of type '{ wishlist: { error: undefined; id: string; isLoading: boolean; items: { ids: number[]; item: { error: { 481426747: { code: number; status: number; }; }; isLoading: { 481426747: boolean; }; }; }; result: { id: string; items: number[]; }; sets: { ...; }; }; entities: { ...; }; }' is not assignable to parameter of type 'Partial<{ entities: Partial<{ [k: string]: any; addresses: Record<string, Address>; availableTimeSlots: Record<string, Return>; bagItems: Record<number, BagItemEntity>; ... 33 more ...; wishlistSets: Record<...>; }>; ... 24 more ...; wishlist: State; }>'.
packages/redux/src/wishlists/selectors/__tests__/wishlists.test.ts(409,39): error TS2345: Argument of type '{ wishlist: { error: undefined; id: string; isLoading: boolean; items: { ids: number[]; item: { error: { 481426747: { code: number; status: number; }; }; isLoading: { 481426747: boolean; }; }; }; result: { id: string; items: number[]; }; sets: { ...; }; }; entities: { ...; }; }' is not assignable to parameter of type 'Partial<{ entities: Partial<{ [k: string]: any; addresses: Record<string, Address>; availableTimeSlots: Record<string, Return>; bagItems: Record<number, BagItemEntity>; ... 33 more ...; wishlistSets: Record<...>; }>; ... 24 more ...; wishlist: State; }>'.
packages/redux/src/wishlists/selectors/__tests__/wishlists.test.ts(436,47): error TS2345: Argument of type '{ wishlist: { items: { ids: number[]; item: { error: { 481426747: { code: number; status: number; }; }; isLoading: { 481426747: boolean; }; }; }; error: undefined; id: string; isLoading: boolean; result: { id: string; items: number[]; }; sets: { ...; }; }; entities: { ...; }; }' is not assignable to parameter of type '{ entities?: Partial<{ [k: string]: any; addresses: Record<string, Address>; availableTimeSlots: Record<string, Return>; bagItems: Record<number, BagItemEntity>; ... 33 more ...; wishlistSets: Record<...>; }> | undefined; ... 24 more ...; wishlist?: State | undefined; }'.
  The types of 'entities.products' are incompatible between these types.
    Type '{ 12129099: { id: number; }; 1002: { id: number; description: string; }; }' is not assignable to type 'Record<number, ProductEntity>'.
packages/redux/src/wishlists/selectors/__tests__/wishlists.test.ts(445,11): error TS2345: Argument of type '{ wishlist: { error: undefined; id: string; isLoading: boolean; items: { ids: number[]; item: { error: { 481426747: { code: number; status: number; }; }; isLoading: { 481426747: boolean; }; }; }; result: { id: string; items: number[]; }; sets: { ...; }; }; entities: { ...; }; }' is not assignable to parameter of type '{ entities?: Partial<{ [k: string]: any; addresses: Record<string, Address>; availableTimeSlots: Record<string, Return>; bagItems: Record<number, BagItemEntity>; ... 33 more ...; wishlistSets: Record<...>; }> | undefined; ... 24 more ...; wishlist?: State | undefined; }'.
packages/redux/src/wishlists/selectors/__tests__/wishlistsSets.test.ts(33,45): error TS2345: Argument of type '{ wishlist: { sets: { error: { message: string; }; ids: string[]; isLoading: boolean; set: { error: { "77fae745-7608-4b7d-8e7d-4f6923e032ef": { code: number; status: number; }; }; isLoading: { "77fae745-7608-4b7d-8e7d-4f6923e032ef": boolean; }; }; }; ... 4 more ...; result: { ...; }; }; entities: { ...; }; }' is not assignable to parameter of type 'Partial<{ entities: Partial<{ [k: string]: any; addresses: Record<string, Address>; availableTimeSlots: Record<string, Return>; bagItems: Record<number, BagItemEntity>; ... 33 more ...; wishlistSets: Record<...>; }>; ... 24 more ...; wishlist: State; }>'.
  Types of property 'entities' are incompatible.
    Type '{ wishlistItems: { 481426747: { product: number; dateCreated: number; id: number; quantity: number; createdByStaffMemberId: null; }; 102: { id: number; product: number; quantity: number; }; }; products: { ...; }; wishlistSets: { ...; }; }' is not assignable to type 'Partial<{ [k: string]: any; addresses: Record<string, Address>; availableTimeSlots: Record<string, Return>; bagItems: Record<number, BagItemEntity>; ... 33 more ...; wishlistSets: Record<...>; }>'.
packages/redux/src/wishlists/selectors/__tests__/wishlistsSets.test.ts(45,43): error TS2345: Argument of type '{ wishlist: { error: undefined; id: string; isLoading: boolean; items: { ids: number[]; item: { error: { 481426747: { code: number; status: number; }; }; isLoading: { 481426747: boolean; }; }; }; result: { id: string; items: number[]; }; sets: { ...; }; }; entities: { ...; }; }' is not assignable to parameter of type 'Partial<{ entities: Partial<{ [k: string]: any; addresses: Record<string, Address>; availableTimeSlots: Record<string, Return>; bagItems: Record<number, BagItemEntity>; ... 33 more ...; wishlistSets: Record<...>; }>; ... 24 more ...; wishlist: State; }>'.
packages/redux/src/wishlists/selectors/__tests__/wishlistsSets.test.ts(57,47): error TS2345: Argument of type '{ wishlist: { error: undefined; id: string; isLoading: boolean; items: { ids: number[]; item: { error: { 481426747: { code: number; status: number; }; }; isLoading: { 481426747: boolean; }; }; }; result: { id: string; items: number[]; }; sets: { ...; }; }; entities: { ...; }; }' is not assignable to parameter of type 'Partial<{ entities: Partial<{ [k: string]: any; addresses: Record<string, Address>; availableTimeSlots: Record<string, Return>; bagItems: Record<number, BagItemEntity>; ... 33 more ...; wishlistSets: Record<...>; }>; ... 24 more ...; wishlist: State; }>'.
packages/redux/src/wishlists/selectors/__tests__/wishlistsSets.test.ts(71,39): error TS2345: Argument of type '{ wishlist: { error: undefined; id: string; isLoading: boolean; items: { ids: number[]; item: { error: { 481426747: { code: number; status: number; }; }; isLoading: { 481426747: boolean; }; }; }; result: { id: string; items: number[]; }; sets: { ...; }; }; entities: { ...; }; }' is not assignable to parameter of type 'Partial<{ entities: Partial<{ [k: string]: any; addresses: Record<string, Address>; availableTimeSlots: Record<string, Return>; bagItems: Record<number, BagItemEntity>; ... 33 more ...; wishlistSets: Record<...>; }>; ... 24 more ...; wishlist: State; }>'.
packages/redux/src/wishlists/selectors/__tests__/wishlistsSets.test.ts(84,40): error TS2345: Argument of type '{ wishlist: { error: undefined; id: string; isLoading: boolean; items: { ids: number[]; item: { error: { 481426747: { code: number; status: number; }; }; isLoading: { 481426747: boolean; }; }; }; result: { id: string; items: number[]; }; sets: { ...; }; }; entities: { ...; }; }' is not assignable to parameter of type 'Partial<{ entities: Partial<{ [k: string]: any; addresses: Record<string, Address>; availableTimeSlots: Record<string, Return>; bagItems: Record<number, BagItemEntity>; ... 33 more ...; wishlistSets: Record<...>; }>; ... 24 more ...; wishlist: State; }>'.
packages/redux/src/wishlists/selectors/__tests__/wishlistsSets.test.ts(110,40): error TS2345: Argument of type '{ wishlist: { sets: { set: { isLoading: { "77fae745-7608-4b7d-8e7d-4f6923e032ef": boolean; }; error: { "77fae745-7608-4b7d-8e7d-4f6923e032ef": { code: number; status: number; }; }; }; error: null; ids: string[]; isLoading: boolean; }; ... 4 more ...; result: { ...; }; }; entities: { ...; }; }' is not assignable to parameter of type 'Partial<{ entities: Partial<{ [k: string]: any; addresses: Record<string, Address>; availableTimeSlots: Record<string, Return>; bagItems: Record<number, BagItemEntity>; ... 33 more ...; wishlistSets: Record<...>; }>; ... 24 more ...; wishlist: State; }>'.
  Types of property 'entities' are incompatible.
    Type '{ wishlistItems: { 481426747: { product: number; dateCreated: number; id: number; quantity: number; createdByStaffMemberId: null; }; 102: { id: number; product: number; quantity: number; }; }; products: { ...; }; wishlistSets: { ...; }; }' is not assignable to type 'Partial<{ [k: string]: any; addresses: Record<string, Address>; availableTimeSlots: Record<string, Return>; bagItems: Record<number, BagItemEntity>; ... 33 more ...; wishlistSets: Record<...>; }>'.
packages/redux/src/wishlists/selectors/__tests__/wishlistsSets.test.ts(116,40): error TS2345: Argument of type '{ wishlist: { error: undefined; id: string; isLoading: boolean; items: { ids: number[]; item: { error: { 481426747: { code: number; status: number; }; }; isLoading: { 481426747: boolean; }; }; }; result: { id: string; items: number[]; }; sets: { ...; }; }; entities: { ...; }; }' is not assignable to parameter of type 'Partial<{ entities: Partial<{ [k: string]: any; addresses: Record<string, Address>; availableTimeSlots: Record<string, Return>; bagItems: Record<number, BagItemEntity>; ... 33 more ...; wishlistSets: Record<...>; }>; ... 24 more ...; wishlist: State; }>'.
packages/redux/src/wishlists/selectors/__tests__/wishlistsSets.test.ts(139,40): error TS2345: Argument of type '{ wishlist: { sets: { set: { isLoading: { "77fae745-7608-4b7d-8e7d-4f6923e032ef": undefined; }; error: { "77fae745-7608-4b7d-8e7d-4f6923e032ef": { code: number; status: number; }; }; }; error: null; ids: string[]; isLoading: boolean; }; ... 4 more ...; result: { ...; }; }; entities: { ...; }; }' is not assignable to parameter of type 'Partial<{ entities: Partial<{ [k: string]: any; addresses: Record<string, Address>; availableTimeSlots: Record<string, Return>; bagItems: Record<number, BagItemEntity>; ... 33 more ...; wishlistSets: Record<...>; }>; ... 24 more ...; wishlist: State; }>'.
  Types of property 'entities' are incompatible.
    Type '{ wishlistItems: { 481426747: { product: number; dateCreated: number; id: number; quantity: number; createdByStaffMemberId: null; }; 102: { id: number; product: number; quantity: number; }; }; products: { ...; }; wishlistSets: { ...; }; }' is not assignable to type 'Partial<{ [k: string]: any; addresses: Record<string, Address>; availableTimeSlots: Record<string, Return>; bagItems: Record<number, BagItemEntity>; ... 33 more ...; wishlistSets: Record<...>; }>'.
packages/redux/src/wishlists/selectors/__tests__/wishlistsSets.test.ts(160,34): error TS2345: Argument of type '{ wishlist: { error: undefined; id: string; isLoading: boolean; items: { ids: number[]; item: { error: { 481426747: { code: number; status: number; }; }; isLoading: { 481426747: boolean; }; }; }; result: { id: string; items: number[]; }; sets: { ...; }; }; entities: { ...; }; }' is not assignable to parameter of type '{ entities?: Partial<{ [k: string]: any; addresses: Record<string, Address>; availableTimeSlots: Record<string, Return>; bagItems: Record<number, BagItemEntity>; ... 33 more ...; wishlistSets: Record<...>; }> | undefined; ... 24 more ...; wishlist?: State | undefined; }'.
packages/redux/src/wishlists/selectors/__tests__/wishlistsSets.test.ts(188,39): error TS2345: Argument of type '{ entities: { wishlistSets: { "77fae745-7608-4b7d-8e7d-4f6923e032ef": { id: string; name: string; }; }; wishlistItems: { 481426747: { product: number; dateCreated: number; id: number; quantity: number; createdByStaffMemberId: null; }; 102: { ...; }; }; products: { ...; }; }; wishlist: { ...; }; }' is not assignable to parameter of type '{ entities?: Partial<{ [k: string]: any; addresses: Record<string, Address>; availableTimeSlots: Record<string, Return>; bagItems: Record<number, BagItemEntity>; ... 33 more ...; wishlistSets: Record<...>; }> | undefined; ... 24 more ...; wishlist?: State | undefined; }'.
  The types of 'entities.products' are incompatible between these types.
    Type '{ 12129099: { id: number; }; 1002: { id: number; description: string; }; }' is not assignable to type 'Record<number, ProductEntity>'.
packages/redux/src/wishlists/selectors/__tests__/wishlistsSets.test.ts(215,40): error TS2345: Argument of type '{ wishlist: { error: undefined; id: string; isLoading: boolean; items: { ids: number[]; item: { error: { 481426747: { code: number; status: number; }; }; isLoading: { 481426747: boolean; }; }; }; result: { id: string; items: number[]; }; sets: { ...; }; }; entities: { ...; }; }' is not assignable to parameter of type '{ entities?: Partial<{ [k: string]: any; addresses: Record<string, Address>; availableTimeSlots: Record<string, Return>; bagItems: Record<number, BagItemEntity>; ... 33 more ...; wishlistSets: Record<...>; }> | undefined; ... 24 more ...; wishlist?: State | undefined; }'.
packages/redux/src/wishlists/selectors/__tests__/wishlistsSets.test.ts(225,11): error TS2345: Argument of type '{ wishlist: { error: undefined; id: string; isLoading: boolean; items: { ids: number[]; item: { error: { 481426747: { code: number; status: number; }; }; isLoading: { 481426747: boolean; }; }; }; result: { id: string; items: number[]; }; sets: { ...; }; }; entities: { ...; }; }' is not assignable to parameter of type 'Partial<{ entities: Partial<{ [k: string]: any; addresses: Record<string, Address>; availableTimeSlots: Record<string, Return>; bagItems: Record<number, BagItemEntity>; ... 33 more ...; wishlistSets: Record<...>; }>; ... 24 more ...; wishlist: State; }>'.
packages/redux/src/wishlists/selectors/__tests__/wishlistsSets.test.ts(234,11): error TS2345: Argument of type '{ entities: { wishlistSets: {}; }; wishlist: { error: undefined; id: string; isLoading: boolean; items: { ids: number[]; item: { error: { 481426747: { code: number; status: number; }; }; isLoading: { 481426747: boolean; }; }; }; result: { ...; }; sets: { ...; }; }; }' is not assignable to parameter of type 'Partial<{ entities: Partial<{ [k: string]: any; addresses: Record<string, Address>; availableTimeSlots: Record<string, Return>; bagItems: Record<number, BagItemEntity>; ... 33 more ...; wishlistSets: Record<...>; }>; ... 24 more ...; wishlist: State; }>'.
  Types of property 'wishlist' are incompatible.
    Type '{ error: undefined; id: string; isLoading: boolean; items: { ids: number[]; item: { error: { 481426747: { code: number; status: number; }; }; isLoading: { 481426747: boolean; }; }; }; result: { id: string; items: number[]; }; sets: { ...; }; }' is not assignable to type 'State'.
      Type '{ error: undefined; id: string; isLoading: boolean; items: { ids: number[]; item: { error: { 481426747: { code: number; status: number; }; }; isLoading: { 481426747: boolean; }; }; }; result: { id: string; items: number[]; }; sets: { ...; }; }' is not assignable to type '{ error: Error | null; id: string | null; isLoading: boolean; result: Record<string, never> | NormalizedWishlist; items: { ids: number[] | null; item: { ...; }; }; sets: SetsState; }'.
        Types of property 'error' are incompatible.
          Type 'undefined' is not assignable to type 'Error | null'.
packages/redux/src/wishlists/selectors/__tests__/wishlistsSets.test.ts(248,11): error TS2345: Argument of type '{ wishlist: { error: undefined; id: string; isLoading: boolean; items: { ids: number[]; item: { error: { 481426747: { code: number; status: number; }; }; isLoading: { 481426747: boolean; }; }; }; result: { id: string; items: number[]; }; sets: { ...; }; }; entities: { ...; }; }' is not assignable to parameter of type 'Partial<{ entities: Partial<{ [k: string]: any; addresses: Record<string, Address>; availableTimeSlots: Record<string, Return>; bagItems: Record<number, BagItemEntity>; ... 33 more ...; wishlistSets: Record<...>; }>; ... 24 more ...; wishlist: State; }>'.
packages/redux/src/wishlists/selectors/__tests__/wishlistsSets.test.ts(257,11): error TS2345: Argument of type '{ entities: { wishlistSets: {}; }; wishlist: { error: undefined; id: string; isLoading: boolean; items: { ids: number[]; item: { error: { 481426747: { code: number; status: number; }; }; isLoading: { 481426747: boolean; }; }; }; result: { ...; }; sets: { ...; }; }; }' is not assignable to parameter of type 'Partial<{ entities: Partial<{ [k: string]: any; addresses: Record<string, Address>; availableTimeSlots: Record<string, Return>; bagItems: Record<number, BagItemEntity>; ... 33 more ...; wishlistSets: Record<...>; }>; ... 24 more ...; wishlist: State; }>'.
  Types of property 'wishlist' are incompatible.
    Type '{ error: undefined; id: string; isLoading: boolean; items: { ids: number[]; item: { error: { 481426747: { code: number; status: number; }; }; isLoading: { 481426747: boolean; }; }; }; result: { id: string; items: number[]; }; sets: { ...; }; }' is not assignable to type 'State'.
packages/redux/src/wishlists/selectors/__tests__/wishlistsSets.test.ts(280,48): error TS2345: Argument of type '{ wishlist: { sets: { isLoading: boolean; error: null; ids: string[]; set: { error: { "77fae745-7608-4b7d-8e7d-4f6923e032ef": { code: number; status: number; }; }; isLoading: { "77fae745-7608-4b7d-8e7d-4f6923e032ef": boolean; }; }; }; ... 4 more ...; result: { ...; }; }; entities: { ...; }; }' is not assignable to parameter of type 'Partial<{ entities: Partial<{ [k: string]: any; addresses: Record<string, Address>; availableTimeSlots: Record<string, Return>; bagItems: Record<number, BagItemEntity>; ... 33 more ...; wishlistSets: Record<...>; }>; ... 24 more ...; wishlist: State; }>'.
  Types of property 'entities' are incompatible.
    Type '{ wishlistItems: { 481426747: { product: number; dateCreated: number; id: number; quantity: number; createdByStaffMemberId: null; }; 102: { id: number; product: number; quantity: number; }; }; products: { ...; }; wishlistSets: { ...; }; }' is not assignable to type 'Partial<{ [k: string]: any; addresses: Record<string, Address>; availableTimeSlots: Record<string, Return>; bagItems: Record<number, BagItemEntity>; ... 33 more ...; wishlistSets: Record<...>; }>'.
packages/redux/src/wishlists/selectors/__tests__/wishlistsSets.test.ts(284,48): error TS2345: Argument of type '{ wishlist: { error: undefined; id: string; isLoading: boolean; items: { ids: number[]; item: { error: { 481426747: { code: number; status: number; }; }; isLoading: { 481426747: boolean; }; }; }; result: { id: string; items: number[]; }; sets: { ...; }; }; entities: { ...; }; }' is not assignable to parameter of type 'Partial<{ entities: Partial<{ [k: string]: any; addresses: Record<string, Address>; availableTimeSlots: Record<string, Return>; bagItems: Record<number, BagItemEntity>; ... 33 more ...; wishlistSets: Record<...>; }>; ... 24 more ...; wishlist: State; }>'.
packages/redux/src/wishlists/selectors/__tests__/wishlistsSets.test.ts(302,48): error TS2345: Argument of type '{ wishlist: { sets: { set: { isLoading: {}; error: { "77fae745-7608-4b7d-8e7d-4f6923e032ef": { code: number; status: number; }; }; }; error: null; ids: string[]; isLoading: boolean; }; error: undefined; id: string; isLoading: boolean; items: { ...; }; result: { ...; }; }; entities: { ...; }; }' is not assignable to parameter of type 'Partial<{ entities: Partial<{ [k: string]: any; addresses: Record<string, Address>; availableTimeSlots: Record<string, Return>; bagItems: Record<number, BagItemEntity>; ... 33 more ...; wishlistSets: Record<...>; }>; ... 24 more ...; wishlist: State; }>'.
  Types of property 'entities' are incompatible.
    Type '{ wishlistItems: { 481426747: { product: number; dateCreated: number; id: number; quantity: number; createdByStaffMemberId: null; }; 102: { id: number; product: number; quantity: number; }; }; products: { ...; }; wishlistSets: { ...; }; }' is not assignable to type 'Partial<{ [k: string]: any; addresses: Record<string, Address>; availableTimeSlots: Record<string, Return>; bagItems: Record<number, BagItemEntity>; ... 33 more ...; wishlistSets: Record<...>; }>'.
packages/redux/src/wishlists/selectors/__tests__/wishlistsSets.test.ts(319,48): error TS2345: Argument of type '{ wishlist: { sets: { ids: null; error: null; isLoading: boolean; set: { error: { "77fae745-7608-4b7d-8e7d-4f6923e032ef": { code: number; status: number; }; }; isLoading: { "77fae745-7608-4b7d-8e7d-4f6923e032ef": boolean; }; }; }; ... 4 more ...; result: { ...; }; }; entities: { ...; }; }' is not assignable to parameter of type 'Partial<{ entities: Partial<{ [k: string]: any; addresses: Record<string, Address>; availableTimeSlots: Record<string, Return>; bagItems: Record<number, BagItemEntity>; ... 33 more ...; wishlistSets: Record<...>; }>; ... 24 more ...; wishlist: State; }>'.
  Types of property 'entities' are incompatible.
    Type '{ wishlistItems: { 481426747: { product: number; dateCreated: number; id: number; quantity: number; createdByStaffMemberId: null; }; 102: { id: number; product: number; quantity: number; }; }; products: { ...; }; wishlistSets: { ...; }; }' is not assignable to type 'Partial<{ [k: string]: any; addresses: Record<string, Address>; availableTimeSlots: Record<string, Return>; bagItems: Record<number, BagItemEntity>; ... 33 more ...; wishlistSets: Record<...>; }>'.
packages/redux/src/wishlists/selectors/__tests__/wishlistsSets.test.ts(338,52): error TS2345: Argument of type '{ wishlist: { sets: { error: { message: string; }; ids: string[]; isLoading: boolean; set: { error: { "77fae745-7608-4b7d-8e7d-4f6923e032ef": { code: number; status: number; }; }; isLoading: { "77fae745-7608-4b7d-8e7d-4f6923e032ef": boolean; }; }; }; ... 4 more ...; result: { ...; }; }; entities: { ...; }; }' is not assignable to parameter of type 'Partial<{ entities: Partial<{ [k: string]: any; addresses: Record<string, Address>; availableTimeSlots: Record<string, Return>; bagItems: Record<number, BagItemEntity>; ... 33 more ...; wishlistSets: Record<...>; }>; ... 24 more ...; wishlist: State; }>'.
  Types of property 'entities' are incompatible.
    Type '{ wishlistItems: { 481426747: { product: number; dateCreated: number; id: number; quantity: number; createdByStaffMemberId: null; }; 102: { id: number; product: number; quantity: number; }; }; products: { ...; }; wishlistSets: { ...; }; }' is not assignable to type 'Partial<{ [k: string]: any; addresses: Record<string, Address>; availableTimeSlots: Record<string, Return>; bagItems: Record<number, BagItemEntity>; ... 33 more ...; wishlistSets: Record<...>; }>'.
packages/redux/src/wishlists/selectors/__tests__/wishlistsSets.test.ts(344,52): error TS2345: Argument of type '{ wishlist: { error: undefined; id: string; isLoading: boolean; items: { ids: number[]; item: { error: { 481426747: { code: number; status: number; }; }; isLoading: { 481426747: boolean; }; }; }; result: { id: string; items: number[]; }; sets: { ...; }; }; entities: { ...; }; }' is not assignable to parameter of type 'Partial<{ entities: Partial<{ [k: string]: any; addresses: Record<string, Address>; availableTimeSlots: Record<string, Return>; bagItems: Record<number, BagItemEntity>; ... 33 more ...; wishlistSets: Record<...>; }>; ... 24 more ...; wishlist: State; }>'.
packages/redux/src/wishlists/selectors/__tests__/wishlistsSets.test.ts(364,52): error TS2345: Argument of type '{ wishlist: { sets: { set: { error: {}; isLoading: { "77fae745-7608-4b7d-8e7d-4f6923e032ef": boolean; }; }; error: null; ids: string[]; isLoading: boolean; }; error: undefined; id: string; isLoading: boolean; items: { ...; }; result: { ...; }; }; entities: { ...; }; }' is not assignable to parameter of type 'Partial<{ entities: Partial<{ [k: string]: any; addresses: Record<string, Address>; availableTimeSlots: Record<string, Return>; bagItems: Record<number, BagItemEntity>; ... 33 more ...; wishlistSets: Record<...>; }>; ... 24 more ...; wishlist: State; }>'.
  Types of property 'entities' are incompatible.
    Type '{ wishlistItems: { 481426747: { product: number; dateCreated: number; id: number; quantity: number; createdByStaffMemberId: null; }; 102: { id: number; product: number; quantity: number; }; }; products: { ...; }; wishlistSets: { ...; }; }' is not assignable to type 'Partial<{ [k: string]: any; addresses: Record<string, Address>; availableTimeSlots: Record<string, Return>; bagItems: Record<number, BagItemEntity>; ... 33 more ...; wishlistSets: Record<...>; }>'.
packages/redux/src/wishlists/selectors/__tests__/wishlistsSets.test.ts(381,52): error TS2345: Argument of type '{ wishlist: { sets: { ids: null; error: null; isLoading: boolean; set: { error: { "77fae745-7608-4b7d-8e7d-4f6923e032ef": { code: number; status: number; }; }; isLoading: { "77fae745-7608-4b7d-8e7d-4f6923e032ef": boolean; }; }; }; ... 4 more ...; result: { ...; }; }; entities: { ...; }; }' is not assignable to parameter of type 'Partial<{ entities: Partial<{ [k: string]: any; addresses: Record<string, Address>; availableTimeSlots: Record<string, Return>; bagItems: Record<number, BagItemEntity>; ... 33 more ...; wishlistSets: Record<...>; }>; ... 24 more ...; wishlist: State; }>'.
  Types of property 'entities' are incompatible.
    Type '{ wishlistItems: { 481426747: { product: number; dateCreated: number; id: number; quantity: number; createdByStaffMemberId: null; }; 102: { id: number; product: number; quantity: number; }; }; products: { ...; }; wishlistSets: { ...; }; }' is not assignable to type 'Partial<{ [k: string]: any; addresses: Record<string, Address>; availableTimeSlots: Record<string, Return>; bagItems: Record<number, BagItemEntity>; ... 33 more ...; wishlistSets: Record<...>; }>'.
packages/redux/src/wishlists/selectors/__tests__/wishlistsSets.test.ts(397,49): error TS2345: Argument of type '{ wishlist: { error: undefined; id: string; isLoading: boolean; items: { ids: number[]; item: { error: { 481426747: { code: number; status: number; }; }; isLoading: { 481426747: boolean; }; }; }; result: { id: string; items: number[]; }; sets: { ...; }; }; entities: { ...; }; }' is not assignable to parameter of type '{ entities?: Partial<{ [k: string]: any; addresses: Record<string, Address>; availableTimeSlots: Record<string, Return>; bagItems: Record<number, BagItemEntity>; ... 33 more ...; wishlistSets: Record<...>; }> | undefined; ... 24 more ...; wishlist?: State | undefined; }'.
packages/redux/src/wishlists/selectors/__tests__/wishlistsSets.test.ts(418,44): error TS2345: Argument of type '{ wishlist: { sets: { set: { error: {}; isLoading: { "77fae745-7608-4b7d-8e7d-4f6923e032ef": boolean; }; }; error: null; ids: string[]; isLoading: boolean; }; error: undefined; id: string; isLoading: boolean; items: { ...; }; result: { ...; }; }; entities: { ...; }; }' is not assignable to parameter of type '{ entities?: Partial<{ [k: string]: any; addresses: Record<string, Address>; availableTimeSlots: Record<string, Return>; bagItems: Record<number, BagItemEntity>; ... 33 more ...; wishlistSets: Record<...>; }> | undefined; ... 24 more ...; wishlist?: State | undefined; }'.
  Types of property 'entities' are incompatible.
    Type '{ wishlistItems: { 481426747: { product: number; dateCreated: number; id: number; quantity: number; createdByStaffMemberId: null; }; 102: { id: number; product: number; quantity: number; }; }; products: { ...; }; wishlistSets: { ...; }; }' is not assignable to type 'Partial<{ [k: string]: any; addresses: Record<string, Address>; availableTimeSlots: Record<string, Return>; bagItems: Record<number, BagItemEntity>; ... 33 more ...; wishlistSets: Record<...>; }>'.
packages/redux/src/wishlists/selectors/__tests__/wishlistsSets.test.ts(435,44): error TS2345: Argument of type '{ wishlist: { sets: { ids: null; error: null; isLoading: boolean; set: { error: { "77fae745-7608-4b7d-8e7d-4f6923e032ef": { code: number; status: number; }; }; isLoading: { "77fae745-7608-4b7d-8e7d-4f6923e032ef": boolean; }; }; }; ... 4 more ...; result: { ...; }; }; entities: { ...; }; }' is not assignable to parameter of type '{ entities?: Partial<{ [k: string]: any; addresses: Record<string, Address>; availableTimeSlots: Record<string, Return>; bagItems: Record<number, BagItemEntity>; ... 33 more ...; wishlistSets: Record<...>; }> | undefined; ... 24 more ...; wishlist?: State | undefined; }'.
  Types of property 'entities' are incompatible.
    Type '{ wishlistItems: { 481426747: { product: number; dateCreated: number; id: number; quantity: number; createdByStaffMemberId: null; }; 102: { id: number; product: number; quantity: number; }; }; products: { ...; }; wishlistSets: { ...; }; }' is not assignable to type 'Partial<{ [k: string]: any; addresses: Record<string, Address>; availableTimeSlots: Record<string, Return>; bagItems: Record<number, BagItemEntity>; ... 33 more ...; wishlistSets: Record<...>; }>'.
packages/redux/src/wishlists/selectors/wishlists.ts(36,29): error TS2345: Argument of type 'State | undefined' is not assignable to parameter of type 'State'.
  Type 'undefined' is not assignable to type 'State'.
    Type 'undefined' is not assignable to type 'EmptyObject'.
packages/redux/src/wishlists/selectors/wishlists.ts(56,33): error TS2345: Argument of type 'State | undefined' is not assignable to parameter of type 'State'.
  Type 'undefined' is not assignable to type 'State'.
packages/redux/src/wishlists/selectors/wishlists.ts(111,9): error TS2532: Object is possibly 'undefined'.
packages/redux/src/wishlists/selectors/wishlists.ts(137,9): error TS2698: Spread types may only be created from object types.
packages/redux/src/wishlists/selectors/wishlists.ts(142,14): error TS2698: Spread types may only be created from object types.
packages/redux/src/wishlists/selectors/wishlists.ts(164,35): error TS2345: Argument of type 'State | undefined' is not assignable to parameter of type 'State'.
  Type 'undefined' is not assignable to type 'State'.
packages/redux/src/wishlists/selectors/wishlists.ts(222,32): error TS2345: Argument of type 'State | undefined' is not assignable to parameter of type 'State'.
  Type 'undefined' is not assignable to type 'State'.
packages/redux/src/wishlists/selectors/wishlists.ts(245,36): error TS2345: Argument of type 'State | undefined' is not assignable to parameter of type 'State'.
  Type 'undefined' is not assignable to type 'State'.
packages/redux/src/wishlists/selectors/wishlists.ts(331,42): error TS2345: Argument of type 'State | undefined' is not assignable to parameter of type 'State'.
  Type 'undefined' is not assignable to type 'State'.
packages/redux/src/wishlists/selectors/wishlists.ts(359,37): error TS2345: Argument of type 'State | undefined' is not assignable to parameter of type 'State'.
  Type 'undefined' is not assignable to type 'State'.
packages/redux/src/wishlists/selectors/wishlistsSets.ts(36,36): error TS2532: Object is possibly 'undefined'.
packages/redux/src/wishlists/selectors/wishlistsSets.ts(59,34): error TS2532: Object is possibly 'undefined'.
packages/redux/src/wishlists/selectors/wishlistsSets.ts(84,40): error TS2532: Object is possibly 'undefined'.
packages/redux/src/wishlists/selectors/wishlistsSets.ts(109,39): error TS2532: Object is possibly 'undefined'.
packages/redux/src/wishlists/selectors/wishlistsSets.ts(133,43): error TS2532: Object is possibly 'undefined'.
packages/redux/src/wishlists/selectors/wishlistsSets.ts(150,22): error TS2532: Object is possibly 'undefined'.
packages/redux/src/wishlists/selectors/wishlistsSets.ts(196,12): error TS2352: Conversion of type '{ wishlistSetItems: { product: 0 | ProductEntity | undefined; attributes?: Attribute[] | undefined; createdByStaffMemberId?: string | null | undefined; ... 10 more ...; wishlistItemId: number; }[]; ... 4 more ...; id: string; }' to type 'WishlistSetHydrated' may be a mistake because neither type sufficiently overlaps with the other. If this was intentional, convert the expression to 'unknown' first.
  Type '{ wishlistSetItems: { product: 0 | ProductEntity | undefined; attributes?: Attribute[] | undefined; createdByStaffMemberId?: string | null | undefined; ... 10 more ...; wishlistItemId: number; }[]; ... 4 more ...; id: string; }' is not comparable to type '{ wishlistSetItems: { product: ProductEntity | undefined; }; }'.
    Types of property 'wishlistSetItems' are incompatible.
      Property 'product' is missing in type '{ product: 0 | ProductEntity | undefined; attributes?: Attribute[] | undefined; createdByStaffMemberId?: string | null | undefined; dateCreated: string | null; ... 9 more ...; wishlistItemId: number; }[]' but required in type '{ product: ProductEntity | undefined; }'.
packages/redux/src/wishlists/selectors/wishlistsSets.ts(196,12): error TS2352: Conversion of type '{ wishlistSetItems: { product: 0 | ProductEntity | undefined; attributes?: Attribute[] | undefined; createdByStaffMemberId?: string | null | undefined; ... 10 more ...; wishlistItemId: number; }[]; ... 4 more ...; id: string; }' to type 'WishlistSetHydrated' may be a mistake because neither type sufficiently overlaps with the other. If this was intentional, convert the expression to 'unknown' first.
  Type '{ wishlistSetItems: { product: 0 | ProductEntity | undefined; attributes?: Attribute[] | undefined; createdByStaffMemberId?: string | null | undefined; ... 10 more ...; wishlistItemId: number; }[]; ... 4 more ...; id: string; }' is not comparable to type '{ wishlistSetItems: { product: ProductEntity | undefined; }; }'.
    Types of property 'wishlistSetItems' are incompatible.
      Type '{ product: 0 | ProductEntity | undefined; attributes?: Attribute[] | undefined; createdByStaffMemberId?: string | null | undefined; dateCreated: string | null; ... 9 more ...; wishlistItemId: number; }[]' is not comparable to type '{ product: ProductEntity | undefined; }'.
packages/redux/src/wishlists/selectors/wishlistsSets.ts(289,52): error TS2339: Property 'length' does not exist on type '{ product: ProductEntity | undefined; }'.
packages/redux/src/wishlists/selectors/wishlistsSets.ts(293,39): error TS2339: Property 'reduce' does not exist on type '{ product: ProductEntity | undefined; }'.
packages/redux/src/wishlists/selectors/wishlistsSets.ts(294,6): error TS7006: Parameter 'acc' implicitly has an 'any' type.
packages/redux/src/wishlists/selectors/wishlistsSets.ts(294,11): error TS7006: Parameter 'wishlistItem' implicitly has an 'any' type.
packages/redux/src/wishlists/utils/__tests__/buildWishlistItem.test.ts(13,9): error TS2322: Type '{ associationsInformation: { hasColorGrouping: boolean; }; attributes: { id: number; name: string; values: { id: number; value: string; }[]; }[]; brand: number; breadCrumbs: { text: string; slug: string; link: string; }[]; ... 18 more ...; variants: { ...; }[]; }' is not assignable to type 'ProductEntity'.
packages/redux/src/wishlists/utils/__tests__/buildWishlistItem.test.ts(35,9): error TS2740: Type '{ brand: number; name: string; id: number; sizes: null; }' is missing the following properties from type 'ProductEntity': categories, merchant, associations, associationsInformation, and 54 more.
packages/redux/src/wishlists/utils/__tests__/buildWishlistItem.test.ts(54,9): error TS2322: Type '{ associationsInformation: { hasColorGrouping: boolean; }; attributes: { id: number; name: string; values: { id: number; value: string; }[]; }[]; brand: number; breadCrumbs: { text: string; slug: string; link: string; }[]; ... 18 more ...; variants: { ...; }[]; }' is not assignable to type 'ProductEntity'.
packages/redux/src/wishlists/utils/__tests__/generateWishlistItemHash.test.ts(14,10): error TS2532: Object is possibly 'undefined'.
packages/redux/src/wishlists/utils/__tests__/generateWishlistItemHash.test.ts(15,9): error TS2532: Object is possibly 'undefined'.
packages/redux/src/wishlists/utils/__tests__/generateWishlistItemHash.test.ts(29,34): error TS2345: Argument of type '{ productId: undefined; merchantId: number; quantity: number; scale: string | number; size: number; }' is not assignable to parameter of type 'Partial<{ merchant: number; merchantId: number; product: ProductEntity | undefined; productId: number; scale: number; size: number | AttributesAdapted; }>'.
  Types of property 'scale' are incompatible.
    Type 'string | number' is not assignable to type 'number | undefined'.
packages/redux/src/wishlists/utils/__tests__/generateWishlistItemHash.test.ts(38,34): error TS2345: Argument of type '{ merchantId: number; productId: number; quantity: number; scale: string | number; size: number; }' is not assignable to parameter of type 'Partial<{ merchant: number; merchantId: number; product: ProductEntity | undefined; productId: number; scale: number; size: number | AttributesAdapted; }>'.
  Types of property 'scale' are incompatible.
    Type 'string | number' is not assignable to type 'number | undefined'.
      Type 'string' is not assignable to type 'number | undefined'.
packages/redux/src/wishlists/utils/__tests__/generateWishlistItemHash.test.ts(54,34): error TS2345: Argument of type '{ id: string; merchant: number; product: { associationsInformation: { hasColorGrouping: boolean; }; attributes: { id: number; name: string; values: { id: number; value: string; }[]; }[]; brand: number; breadCrumbs: { ...; }[]; ... 18 more ...; variants: { ...; }[]; }; quantity: number; size: { ...; } | ... 3 more .....' is not assignable to parameter of type 'Partial<{ merchant: number; merchantId: number; product: ProductEntity | undefined; productId: number; scale: number; size: number | AttributesAdapted; }>'.
  Types of property 'product' are incompatible.
    Type '{ associationsInformation: { hasColorGrouping: boolean; }; attributes: { id: number; name: string; values: { id: number; value: string; }[]; }[]; brand: number; breadCrumbs: { text: string; slug: string; link: string; }[]; ... 18 more ...; variants: { ...; }[]; }' is not assignable to type 'ProductEntity'.
packages/redux/tests/helpers/reducerAssertions.ts(9,5): error TS7034: Variable 'initialState' implicitly has type 'any' in some locations where its type cannot be determined.
packages/redux/tests/helpers/reducerAssertions.ts(17,29): error TS7006: Parameter 'reducer' implicitly has an 'any' type.
packages/redux/tests/helpers/reducerAssertions.ts(17,38): error TS7006: Parameter 'prop' implicitly has an 'any' type.
packages/redux/tests/helpers/reducerAssertions.ts(21,24): error TS7005: Variable 'initialState' implicitly has an 'any' type.
packages/redux/tests/helpers/reducerAssertions.ts(34,30): error TS7006: Parameter 'reducer' implicitly has an 'any' type.
packages/redux/tests/helpers/reducerAssertions.ts(34,39): error TS7006: Parameter 'prop' implicitly has an 'any' type.
packages/redux/tests/helpers/reducerAssertions.ts(37,5): error TS7053: Element implicitly has an 'any' type because expression of type 'any' can't be used to index type '{}'.
packages/redux/tests/helpers/reducerAssertions.ts(39,39): error TS7053: Element implicitly has an 'any' type because expression of type 'any' can't be used to index type '{}'.
packages/redux/tests/helpers/reducerAssertions.ts(51,28): error TS7006: Parameter 'reducer' implicitly has an 'any' type.
packages/redux/tests/helpers/reducerAssertions.ts(51,37): error TS7006: Parameter 'actionTypes' implicitly has an 'any' type.
packages/redux/tests/helpers/reducerAssertions.ts(51,50): error TS7006: Parameter 'prop' implicitly has an 'any' type.
packages/redux/tests/helpers/reducerAssertions.ts(52,56): error TS2345: Argument of type '(actionType: any) => void' is not assignable to parameter of type '(...args: any[] | [any]) => any'.
  Types of parameters 'actionType' and 'args' are incompatible.
    Type 'any[] | [any]' is not assignable to type '[actionType: any]'.
      Type 'any[]' is not assignable to type '[actionType: any]'.
        Target requires 1 element(s) but source may have fewer.
packages/redux/tests/helpers/reducerAssertions.ts(54,5): error TS7053: Element implicitly has an 'any' type because expression of type 'any' can't be used to index type '{}'.
packages/redux/tests/helpers/reducerAssertions.ts(61,27): error TS7053: Element implicitly has an 'any' type because expression of type 'any' can't be used to index type '{}'.
packages/redux/tests/helpers/reducerAssertions.ts(72,33): error TS7006: Parameter 'reducer' implicitly has an 'any' type.
packages/redux/tests/helpers/reducerAssertions.ts(72,42): error TS7006: Parameter 'actionTypes' implicitly has an 'any' type.
packages/redux/tests/helpers/reducerAssertions.ts(72,55): error TS7006: Parameter 'prop' implicitly has an 'any' type.
packages/redux/tests/helpers/reducerAssertions.ts(73,56): error TS2345: Argument of type '(actionType: any) => void' is not assignable to parameter of type '(...args: any[] | [any]) => any'.
  Types of parameters 'actionType' and 'args' are incompatible.
    Type 'any[] | [any]' is not assignable to type '[actionType: any]'.
      Type 'any[]' is not assignable to type '[actionType: any]'.
        Target requires 1 element(s) but source may have fewer.
packages/redux/tests/helpers/reducerAssertions.ts(93,42): error TS7006: Parameter 'reducer' implicitly has an 'any' type.
packages/redux/tests/helpers/reducerAssertions.ts(93,51): error TS7006: Parameter 'actionTypes' implicitly has an 'any' type.
packages/redux/tests/helpers/reducerAssertions.ts(94,56): error TS2345: Argument of type '(actionType: any) => void' is not assignable to parameter of type '(...args: any[] | [any]) => any'.
  Types of parameters 'actionType' and 'args' are incompatible.
    Type 'any[] | [any]' is not assignable to type '[actionType: any]'.
      Type 'any[]' is not assignable to type '[actionType: any]'.
        Target requires 1 element(s) but source may have fewer.
packages/redux/tests/helpers/reducerAssertions.ts(109,42): error TS7006: Parameter 'reducer' implicitly has an 'any' type.
packages/redux/tests/helpers/reducerAssertions.ts(109,51): error TS7006: Parameter 'actionTypes' implicitly has an 'any' type.
packages/redux/tests/helpers/reducerAssertions.ts(110,56): error TS2345: Argument of type '(actionType: any) => void' is not assignable to parameter of type '(...args: any[] | [any]) => any'.
  Types of parameters 'actionType' and 'args' are incompatible.
    Type 'any[] | [any]' is not assignable to type '[actionType: any]'.
      Type 'any[]' is not assignable to type '[actionType: any]'.
        Target requires 1 element(s) but source may have fewer.
packages/redux/tests/helpers/reducerAssertions.ts(126,42): error TS7006: Parameter 'reducer' implicitly has an 'any' type.
packages/redux/tests/helpers/reducerAssertions.ts(126,51): error TS7006: Parameter 'actionTypes' implicitly has an 'any' type.
packages/redux/tests/helpers/reducerAssertions.ts(127,56): error TS2345: Argument of type '(actionType: any) => void' is not assignable to parameter of type '(...args: any[] | [any]) => any'.
  Types of parameters 'actionType' and 'args' are incompatible.
    Type 'any[] | [any]' is not assignable to type '[actionType: any]'.
      Type 'any[]' is not assignable to type '[actionType: any]'.
        Target requires 1 element(s) but source may have fewer.
packages/redux/tests/helpers/reducerAssertions.ts(143,23): error TS7006: Parameter 'reducer' implicitly has an 'any' type.
packages/redux/tests/helpers/reducerAssertions.ts(143,32): error TS7006: Parameter 'prop' implicitly has an 'any' type.
packages/redux/tests/helpers/reducerAssertions.ts(146,5): error TS7053: Element implicitly has an 'any' type because expression of type 'any' can't be used to index type '{}'.
packages/redux/tests/helpers/reducerAssertions.ts(150,47): error TS7053: Element implicitly has an 'any' type because expression of type 'any' can't be used to index type '{}'.
packages/redux/tests/helpers/reducerAssertions.ts(153,48): error TS7053: Element implicitly has an 'any' type because expression of type 'any' can't be used to index type '{}'.
packages/redux/tests/helpers/reducerAssertions.ts(156,51): error TS7053: Element implicitly has an 'any' type because expression of type 'any' can't be used to index type '{}'.
packages/redux/tests/helpers/reducerAssertions.ts(164,36): error TS7006: Parameter 'reducer' implicitly has an 'any' type.
packages/redux/tests/helpers/reducerAssertions.ts(164,45): error TS7006: Parameter 'actionTypes' implicitly has an 'any' type.
packages/redux/tests/helpers/reducerAssertions.ts(178,3): error TS7006: Parameter 'reducer' implicitly has an 'any' type.
packages/redux/tests/helpers/reducerAssertions.ts(179,3): error TS7006: Parameter 'actionTypes' implicitly has an 'any' type.
packages/redux/tests/helpers/reducerAssertions.ts(198,38): error TS7006: Parameter 'reducer' implicitly has an 'any' type.
packages/redux/tests/helpers/reducerAssertions.ts(198,47): error TS7006: Parameter 'actionTypes' implicitly has an 'any' type.
packages/redux/tests/helpers/reducerAssertions.ts(212,31): error TS7006: Parameter 'reducer' implicitly has an 'any' type.
packages/redux/tests/helpers/reducerAssertions.ts(230,3): error TS7006: Parameter 'fromReducer' implicitly has an 'any' type.
packages/redux/tests/helpers/reducerAssertions.ts(231,3): error TS7006: Parameter 'subAreaNames' implicitly has an 'any' type.
packages/redux/tests/helpers/reducerAssertions.ts(232,3): error TS7006: Parameter 'subAreasExpectedStates' implicitly has an 'any' type.
packages/redux/tests/helpers/reducerAssertions.ts(233,3): error TS7006: Parameter 'subAreaCurrentState' implicitly has an 'any' type.
packages/redux/tests/helpers/reducerAssertions.ts(235,67): error TS2345: Argument of type '(subArea: any) => void' is not assignable to parameter of type '(...args: any[] | [any]) => any'.
  Types of parameters 'subArea' and 'args' are incompatible.
    Type 'any[] | [any]' is not assignable to type '[subArea: any]'.
      Type 'any[]' is not assignable to type '[subArea: any]'.
        Target requires 1 element(s) but source may have fewer.
packages/redux/tests/helpers/selectorAssertions.ts(6,32): error TS7006: Parameter 'subArea' implicitly has an 'any' type.
packages/redux/tests/helpers/selectorAssertions.ts(20,3): error TS7006: Parameter 'subAreaNames' implicitly has an 'any' type.
packages/redux/tests/helpers/selectorAssertions.ts(21,3): error TS7006: Parameter 'subAreaState' implicitly has an 'any' type.
packages/redux/tests/helpers/selectorAssertions.ts(22,3): error TS7006: Parameter 'selectors' implicitly has an 'any' type.
packages/redux/tests/helpers/selectorAssertions.ts(24,67): error TS2345: Argument of type '(subArea: any) => void' is not assignable to parameter of type '(...args: any[] | [any]) => any'.
  Types of parameters 'subArea' and 'args' are incompatible.
    Type 'any[] | [any]' is not assignable to type '[subArea: any]'.
      Type 'any[]' is not assignable to type '[subArea: any]'.
        Target requires 1 element(s) but source may have fewer.
packages/redux/tests/helpers/selectorAssertions.ts(46,3): error TS7006: Parameter 'subAreaNames' implicitly has an 'any' type.
packages/redux/tests/helpers/selectorAssertions.ts(47,3): error TS7006: Parameter 'subAreaState' implicitly has an 'any' type.
packages/redux/tests/helpers/selectorAssertions.ts(48,3): error TS7006: Parameter 'subAreaStateWrapper' implicitly has an 'any' type.
packages/redux/tests/helpers/selectorAssertions.ts(49,3): error TS7006: Parameter 'selectors' implicitly has an 'any' type.
packages/redux/tests/helpers/selectorAssertions.ts(51,62): error TS2345: Argument of type '(subArea: any) => void' is not assignable to parameter of type '(...args: any[] | [any]) => any'.
  Types of parameters 'subArea' and 'args' are incompatible.
    Type 'any[] | [any]' is not assignable to type '[subArea: any]'.
      Type 'any[]' is not assignable to type '[subArea: any]'.
        Target requires 1 element(s) but source may have fewer.
packages/redux/tests/helpers/selectorAssertions.ts(73,3): error TS7006: Parameter 'subAreaNames' implicitly has an 'any' type.
packages/redux/tests/helpers/selectorAssertions.ts(74,3): error TS7006: Parameter 'subAreaState' implicitly has an 'any' type.
packages/redux/tests/helpers/selectorAssertions.ts(75,3): error TS7006: Parameter 'subAreaStateWrapper' implicitly has an 'any' type.
packages/redux/tests/helpers/selectorAssertions.ts(76,3): error TS7006: Parameter 'selectors' implicitly has an 'any' type.
packages/redux/tests/helpers/selectorAssertions.ts(78,63): error TS2345: Argument of type '(subArea: any) => void' is not assignable to parameter of type '(...args: any[] | [any]) => any'.
  Types of parameters 'subArea' and 'args' are incompatible.
    Type 'any[] | [any]' is not assignable to type '[subArea: any]'.
      Type 'any[]' is not assignable to type '[subArea: any]'.
        Target requires 1 element(s) but source may have fewer.
packages/redux/tests/mockStore.ts(13,33): error TS7006: Parameter 'reducer' implicitly has an 'any' type.
packages/redux/tests/mockStore.ts(17,3): error TS7006: Parameter 'reducer' implicitly has an 'any' type.
packages/redux/tests/mockStore.ts(18,3): error TS7006: Parameter 'state' implicitly has an 'any' type.
tests/__fixtures__/categories/categories.fixtures.ts(74,7): error TS7053: Element implicitly has an 'any' type because expression of type 'number' can't be used to index type '{}'.
  No index signature with a parameter of type 'number' was found on type '{}'.
tests/__fixtures__/categories/categories.fixtures.ts(120,7): error TS7053: Element implicitly has an 'any' type because expression of type 'number' can't be used to index type '{}'.
  No index signature with a parameter of type 'number' was found on type '{}'.
tests/__fixtures__/contents/commercePages.ts(168,9): error TS2532: Object is possibly 'undefined'.
tests/__fixtures__/contents/commercePages.ts(168,9): error TS2769: No overload matches this call.
  Overload 1 of 2, '(...items: ConcatArray<never>[]): never[]', gave the following error.
    Argument of type '{ type: string; fields: { title: { type: string; value: string; name: string; displayOptions: {}; }; content: { type: string; name: string; displayOptions: {}; content: string; }; }; customType: string; name: string; displayOptions: {}; }[]' is not assignable to parameter of type 'ConcatArray<never>'.
      The types returned by 'slice(...)' are incompatible between these types.
        Type '{ type: string; fields: { title: { type: string; value: string; name: string; displayOptions: {}; }; content: { type: string; name: string; displayOptions: {}; content: string; }; }; customType: string; name: string; displayOptions: {}; }[]' is not assignable to type 'never[]'.
          Type '{ type: string; fields: { title: { type: string; value: string; name: string; displayOptions: {}; }; content: { type: string; name: string; displayOptions: {}; content: string; }; }; customType: string; name: string; displayOptions: {}; }' is not assignable to type 'never'.
  Overload 2 of 2, '(...items: ConcatArray<never>[]): never[]', gave the following error.
    Argument of type '{ type: string; fields: { title: { type: string; value: string; name: string; displayOptions: {}; }; content: { type: string; name: string; displayOptions: {}; content: string; }; }; customType: string; name: string; displayOptions: {}; }[]' is not assignable to parameter of type 'ConcatArray<never>'.
tests/__fixtures__/contents/commercePages.ts(169,9): error TS2532: Object is possibly 'undefined'.
tests/__fixtures__/contents/commercePages.ts(182,19): error TS2532: Object is possibly 'undefined'.
tests/__fixtures__/locale/locale.fixtures.ts(69,35): error TS2532: Object is possibly 'undefined'.
tests/__fixtures__/locale/locale.fixtures.ts(70,35): error TS2532: Object is possibly 'undefined'.
tests/__fixtures__/payments/payments.fixtures.ts(102,8): error TS2532: Object is possibly 'undefined'.
tests/__fixtures__/payments/payments.fixtures.ts(105,12): error TS2532: Object is possibly 'undefined'.
tests/__fixtures__/payments/payments.fixtures.ts(111,8): error TS2532: Object is possibly 'undefined'.
tests/__fixtures__/payments/payments.fixtures.ts(114,11): error TS2532: Object is possibly 'undefined'.
tests/__fixtures__/sizeGuides/sizeGuides.fixtures.ts(110,7): error TS2464: A computed property name must be of type 'string', 'number', 'symbol', or 'any'.
tests/__fixtures__/sizeGuides/sizeGuides.fixtures.ts(111,7): error TS2464: A computed property name must be of type 'string', 'number', 'symbol', or 'any'.
tests/__fixtures__/sizeGuides/sizeGuides.fixtures.ts(112,7): error TS2464: A computed property name must be of type 'string', 'number', 'symbol', or 'any'.
tests/__fixtures__/wishlists/wishlists.fixtures.ts(42,9): error TS2339: Property 'productId' does not exist on type '{ id: number; productId: number; productName: string; quantity: number; createdByStaffMemberId: null; dateCreated: string; brandId: number; brandName: string; } | undefined'.
tests/__fixtures__/wishlists/wishlists.fixtures.ts(42,20): error TS2339: Property 'productName' does not exist on type '{ id: number; productId: number; productName: string; quantity: number; createdByStaffMemberId: null; dateCreated: string; brandId: number; brandName: string; } | undefined'.
tests/__fixtures__/wishlists/wishlists.fixtures.ts(42,33): error TS2339: Property 'brandId' does not exist on type '{ id: number; productId: number; productName: string; quantity: number; createdByStaffMemberId: null; dateCreated: string; brandId: number; brandName: string; } | undefined'.
tests/__fixtures__/wishlists/wishlists.fixtures.ts(42,42): error TS2339: Property 'brandName' does not exist on type '{ id: number; productId: number; productName: string; quantity: number; createdByStaffMemberId: null; dateCreated: string; brandId: number; brandName: string; } | undefined'.
